Archive member included to satisfy reference by file (symbol)

c:/st/stm32cubeide_1.9.0/stm32cubeide/plugins/com.st.stm32cube.ide.mcu.externaltools.gnu-tools-for-stm32.10.3-2021.10.win32_1.0.100.202210260954/tools/bin/../lib/gcc/arm-none-eabi/10.3.1/../../../../arm-none-eabi/lib/thumb/v7e-m+fp/hard\libc_nano.a(lib_a-errno.o)
                              ./Core/Src/syscalls.o (__errno)
c:/st/stm32cubeide_1.9.0/stm32cubeide/plugins/com.st.stm32cube.ide.mcu.externaltools.gnu-tools-for-stm32.10.3-2021.10.win32_1.0.100.202210260954/tools/bin/../lib/gcc/arm-none-eabi/10.3.1/../../../../arm-none-eabi/lib/thumb/v7e-m+fp/hard\libc_nano.a(lib_a-exit.o)
                              c:/st/stm32cubeide_1.9.0/stm32cubeide/plugins/com.st.stm32cube.ide.mcu.externaltools.gnu-tools-for-stm32.10.3-2021.10.win32_1.0.100.202210260954/tools/bin/../lib/gcc/arm-none-eabi/10.3.1/../../../../arm-none-eabi/lib/thumb/v7e-m+fp/hard/crt0.o (exit)
c:/st/stm32cubeide_1.9.0/stm32cubeide/plugins/com.st.stm32cube.ide.mcu.externaltools.gnu-tools-for-stm32.10.3-2021.10.win32_1.0.100.202210260954/tools/bin/../lib/gcc/arm-none-eabi/10.3.1/../../../../arm-none-eabi/lib/thumb/v7e-m+fp/hard\libc_nano.a(lib_a-impure.o)
                              c:/st/stm32cubeide_1.9.0/stm32cubeide/plugins/com.st.stm32cube.ide.mcu.externaltools.gnu-tools-for-stm32.10.3-2021.10.win32_1.0.100.202210260954/tools/bin/../lib/gcc/arm-none-eabi/10.3.1/../../../../arm-none-eabi/lib/thumb/v7e-m+fp/hard\libc_nano.a(lib_a-exit.o) (_global_impure_ptr)
c:/st/stm32cubeide_1.9.0/stm32cubeide/plugins/com.st.stm32cube.ide.mcu.externaltools.gnu-tools-for-stm32.10.3-2021.10.win32_1.0.100.202210260954/tools/bin/../lib/gcc/arm-none-eabi/10.3.1/../../../../arm-none-eabi/lib/thumb/v7e-m+fp/hard\libc_nano.a(lib_a-init.o)
                              c:/st/stm32cubeide_1.9.0/stm32cubeide/plugins/com.st.stm32cube.ide.mcu.externaltools.gnu-tools-for-stm32.10.3-2021.10.win32_1.0.100.202210260954/tools/bin/../lib/gcc/arm-none-eabi/10.3.1/../../../../arm-none-eabi/lib/thumb/v7e-m+fp/hard/crt0.o (__libc_init_array)
c:/st/stm32cubeide_1.9.0/stm32cubeide/plugins/com.st.stm32cube.ide.mcu.externaltools.gnu-tools-for-stm32.10.3-2021.10.win32_1.0.100.202210260954/tools/bin/../lib/gcc/arm-none-eabi/10.3.1/../../../../arm-none-eabi/lib/thumb/v7e-m+fp/hard\libc_nano.a(lib_a-memcpy-stub.o)
                              ./Middlewares/Third_Party/FreeRTOS/Source/CMSIS_RTOS_V2/cmsis_os2.o (memcpy)
c:/st/stm32cubeide_1.9.0/stm32cubeide/plugins/com.st.stm32cube.ide.mcu.externaltools.gnu-tools-for-stm32.10.3-2021.10.win32_1.0.100.202210260954/tools/bin/../lib/gcc/arm-none-eabi/10.3.1/../../../../arm-none-eabi/lib/thumb/v7e-m+fp/hard\libc_nano.a(lib_a-memset.o)
                              c:/st/stm32cubeide_1.9.0/stm32cubeide/plugins/com.st.stm32cube.ide.mcu.externaltools.gnu-tools-for-stm32.10.3-2021.10.win32_1.0.100.202210260954/tools/bin/../lib/gcc/arm-none-eabi/10.3.1/../../../../arm-none-eabi/lib/thumb/v7e-m+fp/hard/crt0.o (memset)
c:/st/stm32cubeide_1.9.0/stm32cubeide/plugins/com.st.stm32cube.ide.mcu.externaltools.gnu-tools-for-stm32.10.3-2021.10.win32_1.0.100.202210260954/tools/bin/../lib/gcc/arm-none-eabi/10.3.1/thumb/v7e-m+fp/hard\libgcc.a(_aeabi_uldivmod.o)
                              ./Drivers/STM32F4xx_HAL_Driver/Src/stm32f4xx_hal_rcc.o (__aeabi_uldivmod)
c:/st/stm32cubeide_1.9.0/stm32cubeide/plugins/com.st.stm32cube.ide.mcu.externaltools.gnu-tools-for-stm32.10.3-2021.10.win32_1.0.100.202210260954/tools/bin/../lib/gcc/arm-none-eabi/10.3.1/thumb/v7e-m+fp/hard\libgcc.a(_udivmoddi4.o)
                              c:/st/stm32cubeide_1.9.0/stm32cubeide/plugins/com.st.stm32cube.ide.mcu.externaltools.gnu-tools-for-stm32.10.3-2021.10.win32_1.0.100.202210260954/tools/bin/../lib/gcc/arm-none-eabi/10.3.1/thumb/v7e-m+fp/hard\libgcc.a(_aeabi_uldivmod.o) (__udivmoddi4)
c:/st/stm32cubeide_1.9.0/stm32cubeide/plugins/com.st.stm32cube.ide.mcu.externaltools.gnu-tools-for-stm32.10.3-2021.10.win32_1.0.100.202210260954/tools/bin/../lib/gcc/arm-none-eabi/10.3.1/thumb/v7e-m+fp/hard\libgcc.a(_dvmd_tls.o)
                              c:/st/stm32cubeide_1.9.0/stm32cubeide/plugins/com.st.stm32cube.ide.mcu.externaltools.gnu-tools-for-stm32.10.3-2021.10.win32_1.0.100.202210260954/tools/bin/../lib/gcc/arm-none-eabi/10.3.1/thumb/v7e-m+fp/hard\libgcc.a(_aeabi_uldivmod.o) (__aeabi_ldiv0)

Discarded input sections

 .text          0x0000000000000000        0x0 c:/st/stm32cubeide_1.9.0/stm32cubeide/plugins/com.st.stm32cube.ide.mcu.externaltools.gnu-tools-for-stm32.10.3-2021.10.win32_1.0.100.202210260954/tools/bin/../lib/gcc/arm-none-eabi/10.3.1/thumb/v7e-m+fp/hard/crti.o
 .data          0x0000000000000000        0x0 c:/st/stm32cubeide_1.9.0/stm32cubeide/plugins/com.st.stm32cube.ide.mcu.externaltools.gnu-tools-for-stm32.10.3-2021.10.win32_1.0.100.202210260954/tools/bin/../lib/gcc/arm-none-eabi/10.3.1/thumb/v7e-m+fp/hard/crti.o
[...]
Memory Configuration

Name             Origin             Length             Attributes
CCMRAM           0x0000000010000000 0x0000000000010000 xrw
RAM              0x0000000020000000 0x0000000000020000 xrw
FLASH            0x0000000008000000 0x0000000000080000 xr
*default*        0x0000000000000000 0xffffffffffffffff

Linker script and memory map

LOAD c:/st/stm32cubeide_1.9.0/stm32cubeide/plugins/com.st.stm32cube.ide.mcu.externaltools.gnu-tools-for-stm32.10.3-2021.10.win32_1.0.100.202210260954/tools/bin/../lib/gcc/arm-none-eabi/10.3.1/thumb/v7e-m+fp/hard/crti.o
LOAD c:/st/stm32cubeide_1.9.0/stm32cubeide/plugins/com.st.stm32cube.ide.mcu.externaltools.gnu-tools-for-stm32.10.3-2021.10.win32_1.0.100.202210260954/tools/bin/../lib/gcc/arm-none-eabi/10.3.1/thumb/v7e-m+fp/hard/crtbegin.o
LOAD c:/st/stm32cubeide_1.9.0/stm32cubeide/plugins/com.st.stm32cube.ide.mcu.externaltools.gnu-tools-for-stm32.10.3-2021.10.win32_1.0.100.202210260954/tools/bin/../lib/gcc/arm-none-eabi/10.3.1/../../../../arm-none-eabi/lib/thumb/v7e-m+fp/hard/crt0.o
LOAD ./Core/Src/can.o
LOAD ./Core/Src/dma.o
LOAD ./Core/Src/freertos.o
LOAD ./Core/Src/gpio.o
LOAD ./Core/Src/iwdg.o
LOAD ./Core/Src/main.o
LOAD ./Core/Src/stm32f4xx_hal_msp.o
LOAD ./Core/Src/stm32f4xx_hal_timebase_tim.o
LOAD ./Core/Src/stm32f4xx_it.o
LOAD ./Core/Src/syscalls.o
LOAD ./Core/Src/sysmem.o
LOAD ./Core/Src/system_stm32f4xx.o
LOAD ./Core/Src/tim.o
LOAD ./Core/Src/usart.o
LOAD ./Core/Startup/startup_stm32f407vetx.o
LOAD ./Core/cpp/Src/InitCanDrivers.o
LOAD ./Core/cpp/Src/KeyaLKTechDriver.o
LOAD ./Core/cpp/Src/Servo.o
LOAD ./Core/cpp/Src/canbus.o
LOAD ./Core/cpp/Src/drivers_control.o
LOAD ./Core/cpp/Src/flash_data.o
LOAD ./Core/cpp/Src/inputs.o
LOAD ./Core/cpp/Src/mission.o
LOAD ./Core/cpp/Src/outputs.o
LOAD ./Core/cpp/Src/servo_control.o
LOAD ./Core/cpp/Src/uart_wifi.o
LOAD ./Drivers/STM32F4xx_HAL_Driver/Src/stm32f4xx_hal.o
LOAD ./Drivers/STM32F4xx_HAL_Driver/Src/stm32f4xx_hal_can.o
LOAD ./Drivers/STM32F4xx_HAL_Driver/Src/stm32f4xx_hal_cortex.o
LOAD ./Drivers/STM32F4xx_HAL_Driver/Src/stm32f4xx_hal_dma.o
LOAD ./Drivers/STM32F4xx_HAL_Driver/Src/stm32f4xx_hal_dma_ex.o
LOAD ./Drivers/STM32F4xx_HAL_Driver/Src/stm32f4xx_hal_exti.o
LOAD ./Drivers/STM32F4xx_HAL_Driver/Src/stm32f4xx_hal_flash.o
LOAD ./Drivers/STM32F4xx_HAL_Driver/Src/stm32f4xx_hal_flash_ex.o
LOAD ./Drivers/STM32F4xx_HAL_Driver/Src/stm32f4xx_hal_flash_ramfunc.o
LOAD ./Drivers/STM32F4xx_HAL_Driver/Src/stm32f4xx_hal_gpio.o
LOAD ./Drivers/STM32F4xx_HAL_Driver/Src/stm32f4xx_hal_iwdg.o
LOAD ./Drivers/STM32F4xx_HAL_Driver/Src/stm32f4xx_hal_pwr.o
LOAD ./Drivers/STM32F4xx_HAL_Driver/Src/stm32f4xx_hal_pwr_ex.o
LOAD ./Drivers/STM32F4xx_HAL_Driver/Src/stm32f4xx_hal_rcc.o
LOAD ./Drivers/STM32F4xx_HAL_Driver/Src/stm32f4xx_hal_rcc_ex.o
LOAD ./Drivers/STM32F4xx_HAL_Driver/Src/stm32f4xx_hal_tim.o
LOAD ./Drivers/STM32F4xx_HAL_Driver/Src/stm32f4xx_hal_tim_ex.o
LOAD ./Drivers/STM32F4xx_HAL_Driver/Src/stm32f4xx_hal_uart.o
LOAD ./Middlewares/Third_Party/FreeRTOS/Source/CMSIS_RTOS_V2/cmsis_os2.o
LOAD ./Middlewares/Third_Party/FreeRTOS/Source/croutine.o
LOAD ./Middlewares/Third_Party/FreeRTOS/Source/event_groups.o
LOAD ./Middlewares/Third_Party/FreeRTOS/Source/list.o
LOAD ./Middlewares/Third_Party/FreeRTOS/Source/queue.o
LOAD ./Middlewares/Third_Party/FreeRTOS/Source/stream_buffer.o
LOAD ./Middlewares/Third_Party/FreeRTOS/Source/tasks.o
LOAD ./Middlewares/Third_Party/FreeRTOS/Source/timers.o
LOAD ./Middlewares/Third_Party/FreeRTOS/Source/portable/GCC/ARM_CM4F/port.o
LOAD ./Middlewares/Third_Party/FreeRTOS/Source/portable/MemMang/heap_4.o
START GROUP
LOAD c:/st/stm32cubeide_1.9.0/stm32cubeide/plugins/com.st.stm32cube.ide.mcu.externaltools.gnu-tools-for-stm32.10.3-2021.10.win32_1.0.100.202210260954/tools/bin/../lib/gcc/arm-none-eabi/10.3.1/../../../../arm-none-eabi/lib/thumb/v7e-m+fp/hard\libstdc++_nano.a
LOAD c:/st/stm32cubeide_1.9.0/stm32cubeide/plugins/com.st.stm32cube.ide.mcu.externaltools.gnu-tools-for-stm32.10.3-2021.10.win32_1.0.100.202210260954/tools/bin/../lib/gcc/arm-none-eabi/10.3.1/../../../../arm-none-eabi/lib/thumb/v7e-m+fp/hard\libsupc++_nano.a
END GROUP
LOAD c:/st/stm32cubeide_1.9.0/stm32cubeide/plugins/com.st.stm32cube.ide.mcu.externaltools.gnu-tools-for-stm32.10.3-2021.10.win32_1.0.100.202210260954/tools/bin/../lib/gcc/arm-none-eabi/10.3.1/../../../../arm-none-eabi/lib/thumb/v7e-m+fp/hard\libstdc++_nano.a
LOAD c:/st/stm32cubeide_1.9.0/stm32cubeide/plugins/com.st.stm32cube.ide.mcu.externaltools.gnu-tools-for-stm32.10.3-2021.10.win32_1.0.100.202210260954/tools/bin/../lib/gcc/arm-none-eabi/10.3.1/../../../../arm-none-eabi/lib/thumb/v7e-m+fp/hard\libm.a
LOAD c:/st/stm32cubeide_1.9.0/stm32cubeide/plugins/com.st.stm32cube.ide.mcu.externaltools.gnu-tools-for-stm32.10.3-2021.10.win32_1.0.100.202210260954/tools/bin/../lib/gcc/arm-none-eabi/10.3.1/../../../../arm-none-eabi/lib/thumb/v7e-m+fp/hard\libc_nano.a
START GROUP
LOAD c:/st/stm32cubeide_1.9.0/stm32cubeide/plugins/com.st.stm32cube.ide.mcu.externaltools.gnu-tools-for-stm32.10.3-2021.10.win32_1.0.100.202210260954/tools/bin/../lib/gcc/arm-none-eabi/10.3.1/thumb/v7e-m+fp/hard\libgcc.a
LOAD c:/st/stm32cubeide_1.9.0/stm32cubeide/plugins/com.st.stm32cube.ide.mcu.externaltools.gnu-tools-for-stm32.10.3-2021.10.win32_1.0.100.202210260954/tools/bin/../lib/gcc/arm-none-eabi/10.3.1/../../../../arm-none-eabi/lib/thumb/v7e-m+fp/hard\libc_nano.a
END GROUP
START GROUP
LOAD c:/st/stm32cubeide_1.9.0/stm32cubeide/plugins/com.st.stm32cube.ide.mcu.externaltools.gnu-tools-for-stm32.10.3-2021.10.win32_1.0.100.202210260954/tools/bin/../lib/gcc/arm-none-eabi/10.3.1/thumb/v7e-m+fp/hard\libgcc.a
LOAD c:/st/stm32cubeide_1.9.0/stm32cubeide/plugins/com.st.stm32cube.ide.mcu.externaltools.gnu-tools-for-stm32.10.3-2021.10.win32_1.0.100.202210260954/tools/bin/../lib/gcc/arm-none-eabi/10.3.1/../../../../arm-none-eabi/lib/thumb/v7e-m+fp/hard\libc_nano.a
LOAD c:/st/stm32cubeide_1.9.0/stm32cubeide/plugins/com.st.stm32cube.ide.mcu.externaltools.gnu-tools-for-stm32.10.3-2021.10.win32_1.0.100.202210260954/tools/bin/../lib/gcc/arm-none-eabi/10.3.1/../../../../arm-none-eabi/lib/thumb/v7e-m+fp/hard\libnosys.a
END GROUP
START GROUP
LOAD c:/st/stm32cubeide_1.9.0/stm32cubeide/plugins/com.st.stm32cube.ide.mcu.externaltools.gnu-tools-for-stm32.10.3-2021.10.win32_1.0.100.202210260954/tools/bin/../lib/gcc/arm-none-eabi/10.3.1/thumb/v7e-m+fp/hard\libgcc.a
LOAD c:/st/stm32cubeide_1.9.0/stm32cubeide/plugins/com.st.stm32cube.ide.mcu.externaltools.gnu-tools-for-stm32.10.3-2021.10.win32_1.0.100.202210260954/tools/bin/../lib/gcc/arm-none-eabi/10.3.1/../../../../arm-none-eabi/lib/thumb/v7e-m+fp/hard\libc_nano.a
LOAD c:/st/stm32cubeide_1.9.0/stm32cubeide/plugins/com.st.stm32cube.ide.mcu.externaltools.gnu-tools-for-stm32.10.3-2021.10.win32_1.0.100.202210260954/tools/bin/../lib/gcc/arm-none-eabi/10.3.1/../../../../arm-none-eabi/lib/thumb/v7e-m+fp/hard\libnosys.a
END GROUP
LOAD c:/st/stm32cubeide_1.9.0/stm32cubeide/plugins/com.st.stm32cube.ide.mcu.externaltools.gnu-tools-for-stm32.10.3-2021.10.win32_1.0.100.202210260954/tools/bin/../lib/gcc/arm-none-eabi/10.3.1/thumb/v7e-m+fp/hard/crtend.o
LOAD c:/st/stm32cubeide_1.9.0/stm32cubeide/plugins/com.st.stm32cube.ide.mcu.externaltools.gnu-tools-for-stm32.10.3-2021.10.win32_1.0.100.202210260954/tools/bin/../lib/gcc/arm-none-eabi/10.3.1/thumb/v7e-m+fp/hard/crtn.o
                0x0000000020020000                _estack = (ORIGIN (RAM) + LENGTH (RAM))
                0x0000000000000200                _Min_Heap_Size = 0x200
                0x0000000000000400                _Min_Stack_Size = 0x400

.isr_vector     0x0000000008000000      0x188
                0x0000000008000000                . = ALIGN (0x4)
 *(.isr_vector)
 .isr_vector    0x0000000008000000      0x188 ./Core/Startup/startup_stm32f407vetx.o
                0x0000000008000000                g_pfnVectors
                0x0000000008000188                . = ALIGN (0x4)

.text           0x0000000008000190     0x93b8
                0x0000000008000190                . = ALIGN (0x4)
 *(.text)
 .text          0x0000000008000190       0x40 c:/st/stm32cubeide_1.9.0/stm32cubeide/plugins/com.st.stm32cube.ide.mcu.externaltools.gnu-tools-for-stm32.10.3-2021.10.win32_1.0.100.202210260954/tools/bin/../lib/gcc/arm-none-eabi/10.3.1/thumb/v7e-m+fp/hard/crtbegin.o
 .text          0x00000000080001d0       0x30 c:/st/stm32cubeide_1.9.0/stm32cubeide/plugins/com.st.stm32cube.ide.mcu.externaltools.gnu-tools-for-stm32.10.3-2021.10.win32_1.0.100.202210260954/tools/bin/../lib/gcc/arm-none-eabi/10.3.1/thumb/v7e-m+fp/hard\libgcc.a(_aeabi_uldivmod.o)
                0x00000000080001d0                __aeabi_uldivmod
 .text          0x0000000008000200      0x2d0 c:/st/stm32cubeide_1.9.0/stm32cubeide/plugins/com.st.stm32cube.ide.mcu.externaltools.gnu-tools-for-stm32.10.3-2021.10.win32_1.0.100.202210260954/tools/bin/../lib/gcc/arm-none-eabi/10.3.1/thumb/v7e-m+fp/hard\libgcc.a(_udivmoddi4.o)
                0x0000000008000200                __udivmoddi4
 .text          0x00000000080004d0        0x4 c:/st/stm32cubeide_1.9.0/stm32cubeide/plugins/com.st.stm32cube.ide.mcu.externaltools.gnu-tools-for-stm32.10.3-2021.10.win32_1.0.100.202210260954/tools/bin/../lib/gcc/arm-none-eabi/10.3.1/thumb/v7e-m+fp/hard\libgcc.a(_dvmd_tls.o)
                0x00000000080004d0                __aeabi_idiv0
                0x00000000080004d0                __aeabi_ldiv0
 *(.text*)
 .text.MX_CAN1_Init
                0x00000000080004d4       0xd0 ./Core/Src/can.o
                0x00000000080004d4                MX_CAN1_Init
 .text.HAL_CAN_MspInit
                0x00000000080005a4       0xb0 ./Core/Src/can.o
                0x00000000080005a4                HAL_CAN_MspInit
 .text.MX_DMA_Init
                0x0000000008000654       0x7c ./Core/Src/dma.o
                0x0000000008000654                MX_DMA_Init
 .text.MX_FREERTOS_Init
                0x00000000080006d0       0xe8 ./Core/Src/freertos.o
                0x00000000080006d0                MX_FREERTOS_Init
 .text.StartDefaultTask
                0x00000000080007b8       0x12 ./Core/Src/freertos.o
                0x00000000080007b8                StartDefaultTask
 *fill*         0x00000000080007ca        0x2 
 .text.MX_GPIO_Init
                0x00000000080007cc      0x228 ./Core/Src/gpio.o
                0x00000000080007cc                MX_GPIO_Init
 .text.MX_IWDG_Init
                0x00000000080009f4       0x34 ./Core/Src/iwdg.o
                0x00000000080009f4                MX_IWDG_Init
 .text.main     0x0000000008000a28       0xd0 ./Core/Src/main.o
                0x0000000008000a28                main
 .text.SystemClock_Config
                0x0000000008000af8       0xd8 ./Core/Src/main.o
                0x0000000008000af8                SystemClock_Config
 .text.HAL_TIM_PeriodElapsedCallback
                0x0000000008000bd0       0x24 ./Core/Src/main.o
                0x0000000008000bd0                HAL_TIM_PeriodElapsedCallback
 .text.Error_Handler
                0x0000000008000bf4        0xa ./Core/Src/main.o
                0x0000000008000bf4                Error_Handler
 *fill*         0x0000000008000bfe        0x2 
 .text.HAL_MspInit
                0x0000000008000c00       0x58 ./Core/Src/stm32f4xx_hal_msp.o
                0x0000000008000c00                HAL_MspInit
 .text.HAL_InitTick
                0x0000000008000c58       0xf8 ./Core/Src/stm32f4xx_hal_timebase_tim.o
                0x0000000008000c58                HAL_InitTick
 .text.NMI_Handler
                0x0000000008000d50        0x6 ./Core/Src/stm32f4xx_it.o
                0x0000000008000d50                NMI_Handler
 .text.HardFault_Handler
                0x0000000008000d56        0x6 ./Core/Src/stm32f4xx_it.o
                0x0000000008000d56                HardFault_Handler
 .text.MemManage_Handler
                0x0000000008000d5c        0x6 ./Core/Src/stm32f4xx_it.o
                0x0000000008000d5c                MemManage_Handler
 .text.BusFault_Handler
                0x0000000008000d62        0x6 ./Core/Src/stm32f4xx_it.o
                0x0000000008000d62                BusFault_Handler
 .text.UsageFault_Handler
                0x0000000008000d68        0x6 ./Core/Src/stm32f4xx_it.o
                0x0000000008000d68                UsageFault_Handler
 .text.DebugMon_Handler
                0x0000000008000d6e        0xe ./Core/Src/stm32f4xx_it.o
                0x0000000008000d6e                DebugMon_Handler
 .text.DMA1_Stream1_IRQHandler
                0x0000000008000d7c       0x14 ./Core/Src/stm32f4xx_it.o
                0x0000000008000d7c                DMA1_Stream1_IRQHandler
 .text.DMA1_Stream5_IRQHandler
                0x0000000008000d90       0x14 ./Core/Src/stm32f4xx_it.o
                0x0000000008000d90                DMA1_Stream5_IRQHandler
 .text.CAN1_RX0_IRQHandler
                0x0000000008000da4       0x14 ./Core/Src/stm32f4xx_it.o
                0x0000000008000da4                CAN1_RX0_IRQHandler
 .text.CAN1_SCE_IRQHandler
                0x0000000008000db8       0x14 ./Core/Src/stm32f4xx_it.o
                0x0000000008000db8                CAN1_SCE_IRQHandler
 .text.USART1_IRQHandler
                0x0000000008000dcc       0x14 ./Core/Src/stm32f4xx_it.o
                0x0000000008000dcc                USART1_IRQHandler
 .text.USART2_IRQHandler
                0x0000000008000de0       0x14 ./Core/Src/stm32f4xx_it.o
                0x0000000008000de0                USART2_IRQHandler
 .text.USART3_IRQHandler
                0x0000000008000df4       0x14 ./Core/Src/stm32f4xx_it.o
                0x0000000008000df4                USART3_IRQHandler
 .text.TIM6_DAC_IRQHandler
                0x0000000008000e08       0x14 ./Core/Src/stm32f4xx_it.o
                0x0000000008000e08                TIM6_DAC_IRQHandler
 .text.DMA2_Stream2_IRQHandler
                0x0000000008000e1c       0x14 ./Core/Src/stm32f4xx_it.o
                0x0000000008000e1c                DMA2_Stream2_IRQHandler
 .text.SystemInit
                0x0000000008000e30       0x24 ./Core/Src/system_stm32f4xx.o
                0x0000000008000e30                SystemInit
 .text.MX_TIM3_Init
                0x0000000008000e54      0x130 ./Core/Src/tim.o
                0x0000000008000e54                MX_TIM3_Init
 .text.MX_TIM4_Init
                0x0000000008000f84       0xa8 ./Core/Src/tim.o
                0x0000000008000f84                MX_TIM4_Init
 .text.HAL_TIM_Base_MspInit
                0x000000000800102c       0x44 ./Core/Src/tim.o
                0x000000000800102c                HAL_TIM_Base_MspInit
 .text.HAL_TIM_Encoder_MspInit
                0x0000000008001070       0x90 ./Core/Src/tim.o
                0x0000000008001070                HAL_TIM_Encoder_MspInit
 .text.HAL_TIM_MspPostInit
                0x0000000008001100       0x74 ./Core/Src/tim.o
                0x0000000008001100                HAL_TIM_MspPostInit
 .text.MX_USART1_UART_Init
                0x0000000008001174       0x54 ./Core/Src/usart.o
                0x0000000008001174                MX_USART1_UART_Init
 .text.MX_USART2_UART_Init
                0x00000000080011c8       0x54 ./Core/Src/usart.o
                0x00000000080011c8                MX_USART2_UART_Init
 .text.MX_USART3_UART_Init
                0x000000000800121c       0x54 ./Core/Src/usart.o
                0x000000000800121c                MX_USART3_UART_Init
 .text.HAL_UART_MspInit
                0x0000000008001270      0x2c4 ./Core/Src/usart.o
                0x0000000008001270                HAL_UART_MspInit
 .text.Reset_Handler
                0x0000000008001534       0x50 ./Core/Startup/startup_stm32f407vetx.o
                0x0000000008001534                Reset_Handler
 .text.Default_Handler
                0x0000000008001584        0x2 ./Core/Startup/startup_stm32f407vetx.o
                0x0000000008001584                RTC_Alarm_IRQHandler
                0x0000000008001584                HASH_RNG_IRQHandler
                0x0000000008001584                EXTI2_IRQHandler
                0x0000000008001584                TIM8_CC_IRQHandler
                0x0000000008001584                TIM1_CC_IRQHandler
                0x0000000008001584                DMA2_Stream5_IRQHandler
                0x0000000008001584                PVD_IRQHandler
                0x0000000008001584                SDIO_IRQHandler
                0x0000000008001584                TAMP_STAMP_IRQHandler
                0x0000000008001584                CAN2_RX1_IRQHandler
                0x0000000008001584                EXTI3_IRQHandler
                0x0000000008001584                TIM8_TRG_COM_TIM14_IRQHandler
                0x0000000008001584                TIM1_UP_TIM10_IRQHandler
                0x0000000008001584                TIM8_UP_TIM13_IRQHandler
                0x0000000008001584                I2C3_ER_IRQHandler
                0x0000000008001584                EXTI0_IRQHandler
                0x0000000008001584                I2C2_EV_IRQHandler
                0x0000000008001584                DMA1_Stream2_IRQHandler
                0x0000000008001584                FPU_IRQHandler
                0x0000000008001584                OTG_HS_WKUP_IRQHandler
                0x0000000008001584                CAN2_SCE_IRQHandler
                0x0000000008001584                SPI1_IRQHandler
                0x0000000008001584                TIM1_BRK_TIM9_IRQHandler
                0x0000000008001584                DCMI_IRQHandler
                0x0000000008001584                CAN2_RX0_IRQHandler
                0x0000000008001584                DMA2_Stream3_IRQHandler
                0x0000000008001584                USART6_IRQHandler
                0x0000000008001584                CAN1_RX1_IRQHandler
                0x0000000008001584                UART5_IRQHandler
                0x0000000008001584                DMA2_Stream0_IRQHandler
                0x0000000008001584                TIM4_IRQHandler
                0x0000000008001584                I2C1_EV_IRQHandler
                0x0000000008001584                DMA1_Stream6_IRQHandler
                0x0000000008001584                UART4_IRQHandler
                0x0000000008001584                TIM3_IRQHandler
                0x0000000008001584                RCC_IRQHandler
                0x0000000008001584                TIM8_BRK_TIM12_IRQHandler
                0x0000000008001584                Default_Handler
                0x0000000008001584                EXTI15_10_IRQHandler
                0x0000000008001584                ADC_IRQHandler
                0x0000000008001584                DMA1_Stream7_IRQHandler
                0x0000000008001584                TIM7_IRQHandler
                0x0000000008001584                CAN2_TX_IRQHandler
                0x0000000008001584                TIM5_IRQHandler
                0x0000000008001584                DMA2_Stream7_IRQHandler
                0x0000000008001584                I2C3_EV_IRQHandler
                0x0000000008001584                EXTI9_5_IRQHandler
                0x0000000008001584                RTC_WKUP_IRQHandler
                0x0000000008001584                ETH_WKUP_IRQHandler
                0x0000000008001584                SPI2_IRQHandler
                0x0000000008001584                OTG_HS_EP1_IN_IRQHandler
                0x0000000008001584                DMA1_Stream0_IRQHandler
                0x0000000008001584                CAN1_TX_IRQHandler
                0x0000000008001584                EXTI4_IRQHandler
                0x0000000008001584                FSMC_IRQHandler
                0x0000000008001584                ETH_IRQHandler
                0x0000000008001584                OTG_HS_EP1_OUT_IRQHandler
                0x0000000008001584                WWDG_IRQHandler
                0x0000000008001584                TIM2_IRQHandler
                0x0000000008001584                OTG_FS_WKUP_IRQHandler
                0x0000000008001584                TIM1_TRG_COM_TIM11_IRQHandler
                0x0000000008001584                OTG_HS_IRQHandler
                0x0000000008001584                EXTI1_IRQHandler
                0x0000000008001584                I2C2_ER_IRQHandler
                0x0000000008001584                DMA2_Stream1_IRQHandler
                0x0000000008001584                FLASH_IRQHandler
                0x0000000008001584                DMA2_Stream4_IRQHandler
                0x0000000008001584                OTG_FS_IRQHandler
                0x0000000008001584                SPI3_IRQHandler
                0x0000000008001584                DMA1_Stream4_IRQHandler
                0x0000000008001584                I2C1_ER_IRQHandler
                0x0000000008001584                DMA2_Stream6_IRQHandler
                0x0000000008001584                DMA1_Stream3_IRQHandler
 .text._Z17DriversObjectInitPP16KeyaLKTechDriverm
                0x0000000008001586       0x16 ./Core/cpp/Src/InitCanDrivers.o
                0x0000000008001586                DriversObjectInit(KeyaLKTechDriver**, unsigned long)
 .text._ZN16KeyaLKTechDriverC2Emmm
                0x000000000800159c       0x54 ./Core/cpp/Src/KeyaLKTechDriver.o
                0x000000000800159c                KeyaLKTechDriver::KeyaLKTechDriver(unsigned long, unsigned long, unsigned long)
                0x000000000800159c                KeyaLKTechDriver::KeyaLKTechDriver(unsigned long, unsigned long, unsigned long)
 .text._ZN16KeyaLKTechDriverC2Em
                0x00000000080015f0       0x20 ./Core/cpp/Src/KeyaLKTechDriver.o
                0x00000000080015f0                KeyaLKTechDriver::KeyaLKTechDriver(unsigned long)
                0x00000000080015f0                KeyaLKTechDriver::KeyaLKTechDriver(unsigned long)
 .text._ZN16KeyaLKTechDriver5getIdEv
                0x0000000008001610       0x26 ./Core/cpp/Src/KeyaLKTechDriver.o
                0x0000000008001610                KeyaLKTechDriver::getId()
 .text._ZN16KeyaLKTechDriver7setTempEa
                0x0000000008001636       0x20 ./Core/cpp/Src/KeyaLKTechDriver.o
                0x0000000008001636                KeyaLKTechDriver::setTemp(signed char)
 .text._ZN16KeyaLKTechDriver6setEncEl
                0x0000000008001656       0x28 ./Core/cpp/Src/KeyaLKTechDriver.o
                0x0000000008001656                KeyaLKTechDriver::setEnc(long)
 .text._ZN16KeyaLKTechDriver13UnwrapEncoderEtPl
                0x000000000800167e       0x68 ./Core/cpp/Src/KeyaLKTechDriver.o
                0x000000000800167e                KeyaLKTechDriver::UnwrapEncoder(unsigned short, long*)
 .text._ZN5ServoC2EP17TIM_HandleTypeDefm
                0x00000000080016e6       0x26 ./Core/cpp/Src/Servo.o
                0x00000000080016e6                Servo::Servo(TIM_HandleTypeDef*, unsigned long)
                0x00000000080016e6                Servo::Servo(TIM_HandleTypeDef*, unsigned long)
 .text._ZN5Servo8setAngleEl
                0x000000000800170c       0x68 ./Core/cpp/Src/Servo.o
                0x000000000800170c                Servo::setAngle(long)
 .text._ZN5Servo3mapEiiiii
                0x0000000008001774       0x38 ./Core/cpp/Src/Servo.o
                0x0000000008001774                Servo::map(int, int, int, int, int)
 .text.__NVIC_EnableIRQ
                0x00000000080017ac       0x3c ./Core/cpp/Src/canbus.o
 .text.__NVIC_DisableIRQ
                0x00000000080017e8       0x48 ./Core/cpp/Src/canbus.o
 .text.StartCanTask
                0x0000000008001830       0x68 ./Core/cpp/Src/canbus.o
                0x0000000008001830                StartCanTask
 .text.CanMsgRead
                0x0000000008001898       0x9c ./Core/cpp/Src/canbus.o
                0x0000000008001898                CanMsgRead
 .text.HAL_CAN_RxFifo0MsgPendingCallback
                0x0000000008001934       0x44 ./Core/cpp/Src/canbus.o
                0x0000000008001934                HAL_CAN_RxFifo0MsgPendingCallback
 .text.HAL_CAN_ErrorCallback
                0x0000000008001978       0x20 ./Core/cpp/Src/canbus.o
                0x0000000008001978                HAL_CAN_ErrorCallback
 .text.StartCanDriversTask
                0x0000000008001998       0xa4 ./Core/cpp/Src/drivers_control.o
                0x0000000008001998                StartCanDriversTask
 .text._Z41__static_initialization_and_destruction_0ii
                0x0000000008001a3c       0x40 ./Core/cpp/Src/drivers_control.o
 .text._GLOBAL__sub_I_DriverFB
                0x0000000008001a7c       0x10 ./Core/cpp/Src/drivers_control.o
 .text.StartInputsTask
                0x0000000008001a8c      0x19c ./Core/cpp/Src/inputs.o
                0x0000000008001a8c                StartInputsTask
 .text.StartMissionsTask
                0x0000000008001c28        0xa ./Core/cpp/Src/mission.o
                0x0000000008001c28                StartMissionsTask
 *fill*         0x0000000008001c32        0x2 
 .text.StartOutputsTask
                0x0000000008001c34       0x30 ./Core/cpp/Src/outputs.o
                0x0000000008001c34                StartOutputsTask
 .text.SetOutputs
                0x0000000008001c64       0x64 ./Core/cpp/Src/outputs.o
                0x0000000008001c64                SetOutputs
 .text.LedBlink
                0x0000000008001cc8       0x88 ./Core/cpp/Src/outputs.o
                0x0000000008001cc8                LedBlink
 .text.StartServoTask
                0x0000000008001d50       0x12 ./Core/cpp/Src/servo_control.o
                0x0000000008001d50                StartServoTask
 *fill*         0x0000000008001d62        0x2 
 .text.StartUartWiFiTask
                0x0000000008001d64       0x94 ./Core/cpp/Src/uart_wifi.o
                0x0000000008001d64                StartUartWiFiTask
 .text.calculateCS
                0x0000000008001df8       0x3e ./Core/cpp/Src/uart_wifi.o
                0x0000000008001df8                calculateCS
 *fill*         0x0000000008001e36        0x2 
 .text.HAL_UART_ErrorCallback
                0x0000000008001e38      0x128 ./Core/cpp/Src/uart_wifi.o
                0x0000000008001e38                HAL_UART_ErrorCallback
 .text.HAL_UARTEx_RxEventCallback
                0x0000000008001f60       0xd4 ./Core/cpp/Src/uart_wifi.o
                0x0000000008001f60                HAL_UARTEx_RxEventCallback
 .text.HAL_Init
                0x0000000008002034       0x44 ./Drivers/STM32F4xx_HAL_Driver/Src/stm32f4xx_hal.o
                0x0000000008002034                HAL_Init
 .text.HAL_IncTick
                0x0000000008002078       0x28 ./Drivers/STM32F4xx_HAL_Driver/Src/stm32f4xx_hal.o
                0x0000000008002078                HAL_IncTick
 .text.HAL_GetTick
                0x00000000080020a0       0x18 ./Drivers/STM32F4xx_HAL_Driver/Src/stm32f4xx_hal.o
                0x00000000080020a0                HAL_GetTick
 .text.HAL_Delay
                0x00000000080020b8       0x48 ./Drivers/STM32F4xx_HAL_Driver/Src/stm32f4xx_hal.o
                0x00000000080020b8                HAL_Delay
 .text.HAL_CAN_Init
                0x0000000008002100      0x1f6 ./Drivers/STM32F4xx_HAL_Driver/Src/stm32f4xx_hal_can.o
                0x0000000008002100                HAL_CAN_Init
 *fill*         0x00000000080022f6        0x2 
 .text.HAL_CAN_ConfigFilter
                0x00000000080022f8      0x1c0 ./Drivers/STM32F4xx_HAL_Driver/Src/stm32f4xx_hal_can.o
                0x00000000080022f8                HAL_CAN_ConfigFilter
 .text.HAL_CAN_Start
                0x00000000080024b8       0x88 ./Drivers/STM32F4xx_HAL_Driver/Src/stm32f4xx_hal_can.o
                0x00000000080024b8                HAL_CAN_Start
 .text.HAL_CAN_GetRxMessage
                0x0000000008002540      0x224 ./Drivers/STM32F4xx_HAL_Driver/Src/stm32f4xx_hal_can.o
                0x0000000008002540                HAL_CAN_GetRxMessage
 .text.HAL_CAN_ActivateNotification
                0x0000000008002764       0x4c ./Drivers/STM32F4xx_HAL_Driver/Src/stm32f4xx_hal_can.o
                0x0000000008002764                HAL_CAN_ActivateNotification
 .text.HAL_CAN_IRQHandler
                0x00000000080027b0      0x36e ./Drivers/STM32F4xx_HAL_Driver/Src/stm32f4xx_hal_can.o
                0x00000000080027b0                HAL_CAN_IRQHandler
 .text.HAL_CAN_TxMailbox0CompleteCallback
                0x0000000008002b1e       0x14 ./Drivers/STM32F4xx_HAL_Driver/Src/stm32f4xx_hal_can.o
                0x0000000008002b1e                HAL_CAN_TxMailbox0CompleteCallback
 .text.HAL_CAN_TxMailbox1CompleteCallback
                0x0000000008002b32       0x14 ./Drivers/STM32F4xx_HAL_Driver/Src/stm32f4xx_hal_can.o
                0x0000000008002b32                HAL_CAN_TxMailbox1CompleteCallback
 .text.HAL_CAN_TxMailbox2CompleteCallback
                0x0000000008002b46       0x14 ./Drivers/STM32F4xx_HAL_Driver/Src/stm32f4xx_hal_can.o
                0x0000000008002b46                HAL_CAN_TxMailbox2CompleteCallback
 .text.HAL_CAN_TxMailbox0AbortCallback
                0x0000000008002b5a       0x14 ./Drivers/STM32F4xx_HAL_Driver/Src/stm32f4xx_hal_can.o
                0x0000000008002b5a                HAL_CAN_TxMailbox0AbortCallback
 .text.HAL_CAN_TxMailbox1AbortCallback
                0x0000000008002b6e       0x14 ./Drivers/STM32F4xx_HAL_Driver/Src/stm32f4xx_hal_can.o
                0x0000000008002b6e                HAL_CAN_TxMailbox1AbortCallback
 .text.HAL_CAN_TxMailbox2AbortCallback
                0x0000000008002b82       0x14 ./Drivers/STM32F4xx_HAL_Driver/Src/stm32f4xx_hal_can.o
                0x0000000008002b82                HAL_CAN_TxMailbox2AbortCallback
 .text.HAL_CAN_RxFifo0FullCallback
                0x0000000008002b96       0x14 ./Drivers/STM32F4xx_HAL_Driver/Src/stm32f4xx_hal_can.o
                0x0000000008002b96                HAL_CAN_RxFifo0FullCallback
 .text.HAL_CAN_RxFifo1MsgPendingCallback
                0x0000000008002baa       0x14 ./Drivers/STM32F4xx_HAL_Driver/Src/stm32f4xx_hal_can.o
                0x0000000008002baa                HAL_CAN_RxFifo1MsgPendingCallback
 .text.HAL_CAN_RxFifo1FullCallback
                0x0000000008002bbe       0x14 ./Drivers/STM32F4xx_HAL_Driver/Src/stm32f4xx_hal_can.o
                0x0000000008002bbe                HAL_CAN_RxFifo1FullCallback
 .text.HAL_CAN_SleepCallback
                0x0000000008002bd2       0x14 ./Drivers/STM32F4xx_HAL_Driver/Src/stm32f4xx_hal_can.o
                0x0000000008002bd2                HAL_CAN_SleepCallback
 .text.HAL_CAN_WakeUpFromRxMsgCallback
                0x0000000008002be6       0x14 ./Drivers/STM32F4xx_HAL_Driver/Src/stm32f4xx_hal_can.o
                0x0000000008002be6                HAL_CAN_WakeUpFromRxMsgCallback
 *fill*         0x0000000008002bfa        0x2 
 .text.__NVIC_SetPriorityGrouping
                0x0000000008002bfc       0x48 ./Drivers/STM32F4xx_HAL_Driver/Src/stm32f4xx_hal_cortex.o
 .text.__NVIC_GetPriorityGrouping
                0x0000000008002c44       0x1c ./Drivers/STM32F4xx_HAL_Driver/Src/stm32f4xx_hal_cortex.o
 .text.__NVIC_EnableIRQ
                0x0000000008002c60       0x3c ./Drivers/STM32F4xx_HAL_Driver/Src/stm32f4xx_hal_cortex.o
 .text.__NVIC_SetPriority
                0x0000000008002c9c       0x54 ./Drivers/STM32F4xx_HAL_Driver/Src/stm32f4xx_hal_cortex.o
 .text.NVIC_EncodePriority
                0x0000000008002cf0       0x66 ./Drivers/STM32F4xx_HAL_Driver/Src/stm32f4xx_hal_cortex.o
 .text.HAL_NVIC_SetPriorityGrouping
                0x0000000008002d56       0x16 ./Drivers/STM32F4xx_HAL_Driver/Src/stm32f4xx_hal_cortex.o
                0x0000000008002d56                HAL_NVIC_SetPriorityGrouping
 .text.HAL_NVIC_SetPriority
                0x0000000008002d6c       0x38 ./Drivers/STM32F4xx_HAL_Driver/Src/stm32f4xx_hal_cortex.o
                0x0000000008002d6c                HAL_NVIC_SetPriority
 .text.HAL_NVIC_EnableIRQ
                0x0000000008002da4       0x1c ./Drivers/STM32F4xx_HAL_Driver/Src/stm32f4xx_hal_cortex.o
                0x0000000008002da4                HAL_NVIC_EnableIRQ
 .text.HAL_DMA_Init
                0x0000000008002dc0      0x15c ./Drivers/STM32F4xx_HAL_Driver/Src/stm32f4xx_hal_dma.o
                0x0000000008002dc0                HAL_DMA_Init
 .text.HAL_DMA_Start_IT
                0x0000000008002f1c       0xb0 ./Drivers/STM32F4xx_HAL_Driver/Src/stm32f4xx_hal_dma.o
                0x0000000008002f1c                HAL_DMA_Start_IT
 .text.HAL_DMA_Abort
                0x0000000008002fcc       0xe0 ./Drivers/STM32F4xx_HAL_Driver/Src/stm32f4xx_hal_dma.o
                0x0000000008002fcc                HAL_DMA_Abort
 .text.HAL_DMA_Abort_IT
                0x00000000080030ac       0x44 ./Drivers/STM32F4xx_HAL_Driver/Src/stm32f4xx_hal_dma.o
                0x00000000080030ac                HAL_DMA_Abort_IT
 .text.HAL_DMA_IRQHandler
                0x00000000080030f0      0x314 ./Drivers/STM32F4xx_HAL_Driver/Src/stm32f4xx_hal_dma.o
                0x00000000080030f0                HAL_DMA_IRQHandler
 .text.DMA_SetConfig
                0x0000000008003404       0x5c ./Drivers/STM32F4xx_HAL_Driver/Src/stm32f4xx_hal_dma.o
 .text.DMA_CalcBaseAndBitshift
                0x0000000008003460       0x6c ./Drivers/STM32F4xx_HAL_Driver/Src/stm32f4xx_hal_dma.o
 .text.DMA_CheckFifoParam
                0x00000000080034cc       0xf8 ./Drivers/STM32F4xx_HAL_Driver/Src/stm32f4xx_hal_dma.o
 .text.HAL_GPIO_Init
                0x00000000080035c4      0x338 ./Drivers/STM32F4xx_HAL_Driver/Src/stm32f4xx_hal_gpio.o
                0x00000000080035c4                HAL_GPIO_Init
 .text.HAL_GPIO_WritePin
                0x00000000080038fc       0x32 ./Drivers/STM32F4xx_HAL_Driver/Src/stm32f4xx_hal_gpio.o
                0x00000000080038fc                HAL_GPIO_WritePin
 .text.HAL_IWDG_Init
                0x000000000800392e       0x84 ./Drivers/STM32F4xx_HAL_Driver/Src/stm32f4xx_hal_iwdg.o
                0x000000000800392e                HAL_IWDG_Init
 .text.HAL_IWDG_Refresh
                0x00000000080039b2       0x20 ./Drivers/STM32F4xx_HAL_Driver/Src/stm32f4xx_hal_iwdg.o
                0x00000000080039b2                HAL_IWDG_Refresh
 *fill*         0x00000000080039d2        0x2 
 .text.HAL_RCC_OscConfig
                0x00000000080039d4      0x4f0 ./Drivers/STM32F4xx_HAL_Driver/Src/stm32f4xx_hal_rcc.o
                0x00000000080039d4                HAL_RCC_OscConfig
 .text.HAL_RCC_ClockConfig
                0x0000000008003ec4      0x1cc ./Drivers/STM32F4xx_HAL_Driver/Src/stm32f4xx_hal_rcc.o
                0x0000000008003ec4                HAL_RCC_ClockConfig
 .text.HAL_RCC_GetSysClockFreq
                0x0000000008004090      0x20c ./Drivers/STM32F4xx_HAL_Driver/Src/stm32f4xx_hal_rcc.o
                0x0000000008004090                HAL_RCC_GetSysClockFreq
 .text.HAL_RCC_GetHCLKFreq
                0x000000000800429c       0x18 ./Drivers/STM32F4xx_HAL_Driver/Src/stm32f4xx_hal_rcc.o
                0x000000000800429c                HAL_RCC_GetHCLKFreq
 .text.HAL_RCC_GetPCLK1Freq
                0x00000000080042b4       0x28 ./Drivers/STM32F4xx_HAL_Driver/Src/stm32f4xx_hal_rcc.o
                0x00000000080042b4                HAL_RCC_GetPCLK1Freq
 .text.HAL_RCC_GetPCLK2Freq
                0x00000000080042dc       0x28 ./Drivers/STM32F4xx_HAL_Driver/Src/stm32f4xx_hal_rcc.o
                0x00000000080042dc                HAL_RCC_GetPCLK2Freq
 .text.HAL_RCC_GetClockConfig
                0x0000000008004304       0x64 ./Drivers/STM32F4xx_HAL_Driver/Src/stm32f4xx_hal_rcc.o
                0x0000000008004304                HAL_RCC_GetClockConfig
 .text.HAL_TIM_Base_Init
                0x0000000008004368       0x9e ./Drivers/STM32F4xx_HAL_Driver/Src/stm32f4xx_hal_tim.o
                0x0000000008004368                HAL_TIM_Base_Init
 *fill*         0x0000000008004406        0x2 
 .text.HAL_TIM_Base_Start_IT
                0x0000000008004408       0xe0 ./Drivers/STM32F4xx_HAL_Driver/Src/stm32f4xx_hal_tim.o
                0x0000000008004408                HAL_TIM_Base_Start_IT
 .text.HAL_TIM_PWM_Init
                0x00000000080044e8       0x9e ./Drivers/STM32F4xx_HAL_Driver/Src/stm32f4xx_hal_tim.o
                0x00000000080044e8                HAL_TIM_PWM_Init
 .text.HAL_TIM_PWM_MspInit
                0x0000000008004586       0x14 ./Drivers/STM32F4xx_HAL_Driver/Src/stm32f4xx_hal_tim.o
                0x0000000008004586                HAL_TIM_PWM_MspInit
 *fill*         0x000000000800459a        0x2 
 .text.HAL_TIM_PWM_Start
                0x000000000800459c      0x190 ./Drivers/STM32F4xx_HAL_Driver/Src/stm32f4xx_hal_tim.o
                0x000000000800459c                HAL_TIM_PWM_Start
 .text.HAL_TIM_PWM_Stop
                0x000000000800472c       0xe0 ./Drivers/STM32F4xx_HAL_Driver/Src/stm32f4xx_hal_tim.o
                0x000000000800472c                HAL_TIM_PWM_Stop
 .text.HAL_TIM_Encoder_Init
                0x000000000800480c      0x14c ./Drivers/STM32F4xx_HAL_Driver/Src/stm32f4xx_hal_tim.o
                0x000000000800480c                HAL_TIM_Encoder_Init
 .text.HAL_TIM_Encoder_Start
                0x0000000008004958      0x11c ./Drivers/STM32F4xx_HAL_Driver/Src/stm32f4xx_hal_tim.o
                0x0000000008004958                HAL_TIM_Encoder_Start
 .text.HAL_TIM_IRQHandler
                0x0000000008004a74      0x210 ./Drivers/STM32F4xx_HAL_Driver/Src/stm32f4xx_hal_tim.o
                0x0000000008004a74                HAL_TIM_IRQHandler
 .text.HAL_TIM_PWM_ConfigChannel
                0x0000000008004c84      0x184 ./Drivers/STM32F4xx_HAL_Driver/Src/stm32f4xx_hal_tim.o
                0x0000000008004c84                HAL_TIM_PWM_ConfigChannel
 .text.HAL_TIM_ConfigClockSource
                0x0000000008004e08      0x18e ./Drivers/STM32F4xx_HAL_Driver/Src/stm32f4xx_hal_tim.o
                0x0000000008004e08                HAL_TIM_ConfigClockSource
 .text.HAL_TIM_OC_DelayElapsedCallback
                0x0000000008004f96       0x14 ./Drivers/STM32F4xx_HAL_Driver/Src/stm32f4xx_hal_tim.o
                0x0000000008004f96                HAL_TIM_OC_DelayElapsedCallback
 .text.HAL_TIM_IC_CaptureCallback
                0x0000000008004faa       0x14 ./Drivers/STM32F4xx_HAL_Driver/Src/stm32f4xx_hal_tim.o
                0x0000000008004faa                HAL_TIM_IC_CaptureCallback
 .text.HAL_TIM_PWM_PulseFinishedCallback
                0x0000000008004fbe       0x14 ./Drivers/STM32F4xx_HAL_Driver/Src/stm32f4xx_hal_tim.o
                0x0000000008004fbe                HAL_TIM_PWM_PulseFinishedCallback
 .text.HAL_TIM_TriggerCallback
                0x0000000008004fd2       0x14 ./Drivers/STM32F4xx_HAL_Driver/Src/stm32f4xx_hal_tim.o
                0x0000000008004fd2                HAL_TIM_TriggerCallback
 *fill*         0x0000000008004fe6        0x2 
 .text.TIM_Base_SetConfig
                0x0000000008004fe8      0x140 ./Drivers/STM32F4xx_HAL_Driver/Src/stm32f4xx_hal_tim.o
                0x0000000008004fe8                TIM_Base_SetConfig
 .text.TIM_OC1_SetConfig
                0x0000000008005128       0xe0 ./Drivers/STM32F4xx_HAL_Driver/Src/stm32f4xx_hal_tim.o
 .text.TIM_OC2_SetConfig
                0x0000000008005208       0xec ./Drivers/STM32F4xx_HAL_Driver/Src/stm32f4xx_hal_tim.o
                0x0000000008005208                TIM_OC2_SetConfig
 .text.TIM_OC3_SetConfig
                0x00000000080052f4       0xe8 ./Drivers/STM32F4xx_HAL_Driver/Src/stm32f4xx_hal_tim.o
 .text.TIM_OC4_SetConfig
                0x00000000080053dc       0xac ./Drivers/STM32F4xx_HAL_Driver/Src/stm32f4xx_hal_tim.o
 .text.TIM_TI1_ConfigInputStage
                0x0000000008005488       0x5e ./Drivers/STM32F4xx_HAL_Driver/Src/stm32f4xx_hal_tim.o
 .text.TIM_TI2_ConfigInputStage
                0x00000000080054e6       0x60 ./Drivers/STM32F4xx_HAL_Driver/Src/stm32f4xx_hal_tim.o
 .text.TIM_ITRx_SetConfig
                0x0000000008005546       0x36 ./Drivers/STM32F4xx_HAL_Driver/Src/stm32f4xx_hal_tim.o
 .text.TIM_ETR_SetConfig
                0x000000000800557c       0x40 ./Drivers/STM32F4xx_HAL_Driver/Src/stm32f4xx_hal_tim.o
                0x000000000800557c                TIM_ETR_SetConfig
 .text.TIM_CCxChannelCmd
                0x00000000080055bc       0x4a ./Drivers/STM32F4xx_HAL_Driver/Src/stm32f4xx_hal_tim.o
                0x00000000080055bc                TIM_CCxChannelCmd
 *fill*         0x0000000008005606        0x2 
 .text.HAL_TIMEx_MasterConfigSynchronization
                0x0000000008005608       0xf8 ./Drivers/STM32F4xx_HAL_Driver/Src/stm32f4xx_hal_tim_ex.o
                0x0000000008005608                HAL_TIMEx_MasterConfigSynchronization
 .text.HAL_TIMEx_CommutCallback
                0x0000000008005700       0x14 ./Drivers/STM32F4xx_HAL_Driver/Src/stm32f4xx_hal_tim_ex.o
                0x0000000008005700                HAL_TIMEx_CommutCallback
 .text.HAL_TIMEx_BreakCallback
                0x0000000008005714       0x14 ./Drivers/STM32F4xx_HAL_Driver/Src/stm32f4xx_hal_tim_ex.o
                0x0000000008005714                HAL_TIMEx_BreakCallback
 .text.HAL_UART_Init
                0x0000000008005728       0x9a ./Drivers/STM32F4xx_HAL_Driver/Src/stm32f4xx_hal_uart.o
                0x0000000008005728                HAL_UART_Init
 .text.HAL_UARTEx_ReceiveToIdle_DMA
                0x00000000080057c2       0xca ./Drivers/STM32F4xx_HAL_Driver/Src/stm32f4xx_hal_uart.o
                0x00000000080057c2                HAL_UARTEx_ReceiveToIdle_DMA
 .text.HAL_UART_IRQHandler
                0x000000000800588c      0x51c ./Drivers/STM32F4xx_HAL_Driver/Src/stm32f4xx_hal_uart.o
                0x000000000800588c                HAL_UART_IRQHandler
 .text.HAL_UART_TxCpltCallback
                0x0000000008005da8       0x14 ./Drivers/STM32F4xx_HAL_Driver/Src/stm32f4xx_hal_uart.o
                0x0000000008005da8                HAL_UART_TxCpltCallback
 .text.HAL_UART_RxCpltCallback
                0x0000000008005dbc       0x14 ./Drivers/STM32F4xx_HAL_Driver/Src/stm32f4xx_hal_uart.o
                0x0000000008005dbc                HAL_UART_RxCpltCallback
 .text.HAL_UART_RxHalfCpltCallback
                0x0000000008005dd0       0x14 ./Drivers/STM32F4xx_HAL_Driver/Src/stm32f4xx_hal_uart.o
                0x0000000008005dd0                HAL_UART_RxHalfCpltCallback
 .text.HAL_UART_GetError
                0x0000000008005de4       0x18 ./Drivers/STM32F4xx_HAL_Driver/Src/stm32f4xx_hal_uart.o
                0x0000000008005de4                HAL_UART_GetError
 .text.UART_DMAReceiveCplt
                0x0000000008005dfc      0x126 ./Drivers/STM32F4xx_HAL_Driver/Src/stm32f4xx_hal_uart.o
 .text.UART_DMARxHalfCplt
                0x0000000008005f22       0x36 ./Drivers/STM32F4xx_HAL_Driver/Src/stm32f4xx_hal_uart.o
 .text.UART_DMAError
                0x0000000008005f58       0x94 ./Drivers/STM32F4xx_HAL_Driver/Src/stm32f4xx_hal_uart.o
 .text.UART_Start_Receive_DMA
                0x0000000008005fec      0x13c ./Drivers/STM32F4xx_HAL_Driver/Src/stm32f4xx_hal_uart.o
                0x0000000008005fec                UART_Start_Receive_DMA
 .text.UART_EndTxTransfer
                0x0000000008006128       0x50 ./Drivers/STM32F4xx_HAL_Driver/Src/stm32f4xx_hal_uart.o
 .text.UART_EndRxTransfer
                0x0000000008006178       0xc6 ./Drivers/STM32F4xx_HAL_Driver/Src/stm32f4xx_hal_uart.o
 .text.UART_DMAAbortOnError
                0x000000000800623e       0x28 ./Drivers/STM32F4xx_HAL_Driver/Src/stm32f4xx_hal_uart.o
 .text.UART_Transmit_IT
                0x0000000008006266       0xa0 ./Drivers/STM32F4xx_HAL_Driver/Src/stm32f4xx_hal_uart.o
 .text.UART_EndTransmit_IT
                0x0000000008006306       0x30 ./Drivers/STM32F4xx_HAL_Driver/Src/stm32f4xx_hal_uart.o
 .text.UART_Receive_IT
                0x0000000008006336      0x176 ./Drivers/STM32F4xx_HAL_Driver/Src/stm32f4xx_hal_uart.o
 .text.UART_SetConfig
                0x00000000080064ac      0x4e8 ./Drivers/STM32F4xx_HAL_Driver/Src/stm32f4xx_hal_uart.o
 .text.__NVIC_SetPriority
                0x0000000008006994       0x54 ./Middlewares/Third_Party/FreeRTOS/Source/CMSIS_RTOS_V2/cmsis_os2.o
 .text.SysTick_Handler
                0x00000000080069e8       0x20 ./Middlewares/Third_Party/FreeRTOS/Source/CMSIS_RTOS_V2/cmsis_os2.o
                0x00000000080069e8                SysTick_Handler
 .text.SVC_Setup
                0x0000000008006a08       0x12 ./Middlewares/Third_Party/FreeRTOS/Source/CMSIS_RTOS_V2/cmsis_os2.o
 *fill*         0x0000000008006a1a        0x2 
 .text.osKernelInitialize
                0x0000000008006a1c       0x48 ./Middlewares/Third_Party/FreeRTOS/Source/CMSIS_RTOS_V2/cmsis_os2.o
                0x0000000008006a1c                osKernelInitialize
 .text.osKernelStart
                0x0000000008006a64       0x4c ./Middlewares/Third_Party/FreeRTOS/Source/CMSIS_RTOS_V2/cmsis_os2.o
                0x0000000008006a64                osKernelStart
 .text.osThreadNew
                0x0000000008006ab0      0x124 ./Middlewares/Third_Party/FreeRTOS/Source/CMSIS_RTOS_V2/cmsis_os2.o
                0x0000000008006ab0                osThreadNew
 .text.osDelay  0x0000000008006bd4       0x36 ./Middlewares/Third_Party/FreeRTOS/Source/CMSIS_RTOS_V2/cmsis_os2.o
                0x0000000008006bd4                osDelay
 *fill*         0x0000000008006c0a        0x2 
 .text.vApplicationGetIdleTaskMemory
                0x0000000008006c0c       0x34 ./Middlewares/Third_Party/FreeRTOS/Source/CMSIS_RTOS_V2/cmsis_os2.o
                0x0000000008006c0c                vApplicationGetIdleTaskMemory
 .text.vApplicationGetTimerTaskMemory
                0x0000000008006c40       0x34 ./Middlewares/Third_Party/FreeRTOS/Source/CMSIS_RTOS_V2/cmsis_os2.o
                0x0000000008006c40                vApplicationGetTimerTaskMemory
 .text.vListInitialise
                0x0000000008006c74       0x40 ./Middlewares/Third_Party/FreeRTOS/Source/list.o
                0x0000000008006c74                vListInitialise
 .text.vListInitialiseItem
                0x0000000008006cb4       0x1a ./Middlewares/Third_Party/FreeRTOS/Source/list.o
                0x0000000008006cb4                vListInitialiseItem
 .text.vListInsertEnd
                0x0000000008006cce       0x48 ./Middlewares/Third_Party/FreeRTOS/Source/list.o
                0x0000000008006cce                vListInsertEnd
 .text.vListInsert
                0x0000000008006d16       0x72 ./Middlewares/Third_Party/FreeRTOS/Source/list.o
                0x0000000008006d16                vListInsert
 .text.uxListRemove
                0x0000000008006d88       0x54 ./Middlewares/Third_Party/FreeRTOS/Source/list.o
                0x0000000008006d88                uxListRemove
 .text.xQueueGenericReset
                0x0000000008006ddc       0xd0 ./Middlewares/Third_Party/FreeRTOS/Source/queue.o
                0x0000000008006ddc                xQueueGenericReset
 .text.xQueueGenericCreateStatic
                0x0000000008006eac       0xf0 ./Middlewares/Third_Party/FreeRTOS/Source/queue.o
                0x0000000008006eac                xQueueGenericCreateStatic
 .text.prvInitialiseNewQueue
                0x0000000008006f9c       0x46 ./Middlewares/Third_Party/FreeRTOS/Source/queue.o
 *fill*         0x0000000008006fe2        0x2 
 .text.xQueueGenericSend
                0x0000000008006fe4      0x1fc ./Middlewares/Third_Party/FreeRTOS/Source/queue.o
                0x0000000008006fe4                xQueueGenericSend
 .text.xQueueGenericSendFromISR
                0x00000000080071e0      0x136 ./Middlewares/Third_Party/FreeRTOS/Source/queue.o
                0x00000000080071e0                xQueueGenericSendFromISR
 *fill*         0x0000000008007316        0x2 
 .text.xQueueReceive
                0x0000000008007318      0x1c0 ./Middlewares/Third_Party/FreeRTOS/Source/queue.o
                0x0000000008007318                xQueueReceive
 .text.prvCopyDataToQueue
                0x00000000080074d8       0xd4 ./Middlewares/Third_Party/FreeRTOS/Source/queue.o
 .text.prvCopyDataFromQueue
                0x00000000080075ac       0x4c ./Middlewares/Third_Party/FreeRTOS/Source/queue.o
 .text.prvUnlockQueue
                0x00000000080075f8       0xa4 ./Middlewares/Third_Party/FreeRTOS/Source/queue.o
 .text.prvIsQueueEmpty
                0x000000000800769c       0x2c ./Middlewares/Third_Party/FreeRTOS/Source/queue.o
 .text.prvIsQueueFull
                0x00000000080076c8       0x30 ./Middlewares/Third_Party/FreeRTOS/Source/queue.o
 .text.vQueueAddToRegistry
                0x00000000080076f8       0x54 ./Middlewares/Third_Party/FreeRTOS/Source/queue.o
                0x00000000080076f8                vQueueAddToRegistry
 .text.vQueueWaitForMessageRestricted
                0x000000000800774c       0x68 ./Middlewares/Third_Party/FreeRTOS/Source/queue.o
                0x000000000800774c                vQueueWaitForMessageRestricted
 .text.xTaskCreateStatic
                0x00000000080077b4       0xba ./Middlewares/Third_Party/FreeRTOS/Source/tasks.o
                0x00000000080077b4                xTaskCreateStatic
 .text.xTaskCreate
                0x000000000800786e       0x8a ./Middlewares/Third_Party/FreeRTOS/Source/tasks.o
                0x000000000800786e                xTaskCreate
 .text.prvInitialiseNewTask
                0x00000000080078f8      0x11e ./Middlewares/Third_Party/FreeRTOS/Source/tasks.o
 *fill*         0x0000000008007a16        0x2 
 .text.prvAddNewTaskToReadyList
                0x0000000008007a18       0xe0 ./Middlewares/Third_Party/FreeRTOS/Source/tasks.o
 .text.vTaskDelay
                0x0000000008007af8       0x68 ./Middlewares/Third_Party/FreeRTOS/Source/tasks.o
                0x0000000008007af8                vTaskDelay
 .text.vTaskStartScheduler
                0x0000000008007b60       0xcc ./Middlewares/Third_Party/FreeRTOS/Source/tasks.o
                0x0000000008007b60                vTaskStartScheduler
 .text.vTaskSuspendAll
                0x0000000008007c2c       0x1c ./Middlewares/Third_Party/FreeRTOS/Source/tasks.o
                0x0000000008007c2c                vTaskSuspendAll
 .text.xTaskResumeAll
                0x0000000008007c48      0x13c ./Middlewares/Third_Party/FreeRTOS/Source/tasks.o
                0x0000000008007c48                xTaskResumeAll
 .text.xTaskGetTickCount
                0x0000000008007d84       0x20 ./Middlewares/Third_Party/FreeRTOS/Source/tasks.o
                0x0000000008007d84                xTaskGetTickCount
 .text.xTaskIncrementTick
                0x0000000008007da4      0x174 ./Middlewares/Third_Party/FreeRTOS/Source/tasks.o
                0x0000000008007da4                xTaskIncrementTick
 .text.vTaskSwitchContext
                0x0000000008007f18       0xbc ./Middlewares/Third_Party/FreeRTOS/Source/tasks.o
                0x0000000008007f18                vTaskSwitchContext
 .text.vTaskPlaceOnEventList
                0x0000000008007fd4       0x48 ./Middlewares/Third_Party/FreeRTOS/Source/tasks.o
                0x0000000008007fd4                vTaskPlaceOnEventList
 .text.vTaskPlaceOnEventListRestricted
                0x000000000800801c       0x58 ./Middlewares/Third_Party/FreeRTOS/Source/tasks.o
                0x000000000800801c                vTaskPlaceOnEventListRestricted
 .text.xTaskRemoveFromEventList
                0x0000000008008074       0xc8 ./Middlewares/Third_Party/FreeRTOS/Source/tasks.o
                0x0000000008008074                xTaskRemoveFromEventList
 .text.vTaskInternalSetTimeOutState
                0x000000000800813c       0x2c ./Middlewares/Third_Party/FreeRTOS/Source/tasks.o
                0x000000000800813c                vTaskInternalSetTimeOutState
 .text.xTaskCheckForTimeOut
                0x0000000008008168       0xc4 ./Middlewares/Third_Party/FreeRTOS/Source/tasks.o
                0x0000000008008168                xTaskCheckForTimeOut
 .text.vTaskMissedYield
                0x000000000800822c       0x18 ./Middlewares/Third_Party/FreeRTOS/Source/tasks.o
                0x000000000800822c                vTaskMissedYield
 .text.prvIdleTask
                0x0000000008008244       0x30 ./Middlewares/Third_Party/FreeRTOS/Source/tasks.o
 .text.prvInitialiseTaskLists
                0x0000000008008274       0x80 ./Middlewares/Third_Party/FreeRTOS/Source/tasks.o
 .text.prvCheckTasksWaitingTermination
                0x00000000080082f4       0x5c ./Middlewares/Third_Party/FreeRTOS/Source/tasks.o
 .text.prvDeleteTCB
                0x0000000008008350       0x5e ./Middlewares/Third_Party/FreeRTOS/Source/tasks.o
 *fill*         0x00000000080083ae        0x2 
 .text.prvResetNextTaskUnblockTime
                0x00000000080083b0       0x40 ./Middlewares/Third_Party/FreeRTOS/Source/tasks.o
 .text.xTaskGetSchedulerState
                0x00000000080083f0       0x3c ./Middlewares/Third_Party/FreeRTOS/Source/tasks.o
                0x00000000080083f0                xTaskGetSchedulerState
 .text.xTaskPriorityDisinherit
                0x000000000800842c       0xdc ./Middlewares/Third_Party/FreeRTOS/Source/tasks.o
                0x000000000800842c                xTaskPriorityDisinherit
 .text.prvAddCurrentTaskToDelayedList
                0x0000000008008508       0xa8 ./Middlewares/Third_Party/FreeRTOS/Source/tasks.o
 .text.xTimerCreateTimerTask
                0x00000000080085b0       0x90 ./Middlewares/Third_Party/FreeRTOS/Source/timers.o
                0x00000000080085b0                xTimerCreateTimerTask
 .text.xTimerGenericCommand
                0x0000000008008640       0x9c ./Middlewares/Third_Party/FreeRTOS/Source/timers.o
                0x0000000008008640                xTimerGenericCommand
 .text.prvProcessExpiredTimer
                0x00000000080086dc       0x98 ./Middlewares/Third_Party/FreeRTOS/Source/timers.o
 .text.prvTimerTask
                0x0000000008008774       0x24 ./Middlewares/Third_Party/FreeRTOS/Source/timers.o
 .text.prvProcessTimerOrBlockTask
                0x0000000008008798       0x9c ./Middlewares/Third_Party/FreeRTOS/Source/timers.o
 .text.prvGetNextExpireTime
                0x0000000008008834       0x48 ./Middlewares/Third_Party/FreeRTOS/Source/timers.o
 .text.prvSampleTimeNow
                0x000000000800887c       0x40 ./Middlewares/Third_Party/FreeRTOS/Source/timers.o
 .text.prvInsertTimerInActiveList
                0x00000000080088bc       0x84 ./Middlewares/Third_Party/FreeRTOS/Source/timers.o
 .text.prvProcessReceivedCommands
                0x0000000008008940      0x1c4 ./Middlewares/Third_Party/FreeRTOS/Source/timers.o
 .text.prvSwitchTimerLists
                0x0000000008008b04       0xc8 ./Middlewares/Third_Party/FreeRTOS/Source/timers.o
 .text.prvCheckForValidListAndQueue
                0x0000000008008bcc       0x80 ./Middlewares/Third_Party/FreeRTOS/Source/timers.o
 .text.pxPortInitialiseStack
                0x0000000008008c4c       0x68 ./Middlewares/Third_Party/FreeRTOS/Source/portable/GCC/ARM_CM4F/port.o
                0x0000000008008c4c                pxPortInitialiseStack
 .text.prvTaskExitError
                0x0000000008008cb4       0x58 ./Middlewares/Third_Party/FreeRTOS/Source/portable/GCC/ARM_CM4F/port.o
 *fill*         0x0000000008008d0c        0x4 
 .text.SVC_Handler
                0x0000000008008d10       0x28 ./Middlewares/Third_Party/FreeRTOS/Source/portable/GCC/ARM_CM4F/port.o
                0x0000000008008d10                SVC_Handler
 .text.prvPortStartFirstTask
                0x0000000008008d38       0x28 ./Middlewares/Third_Party/FreeRTOS/Source/portable/GCC/ARM_CM4F/port.o
 .text.xPortStartScheduler
                0x0000000008008d60      0x144 ./Middlewares/Third_Party/FreeRTOS/Source/portable/GCC/ARM_CM4F/port.o
                0x0000000008008d60                xPortStartScheduler
 .text.vPortEnterCritical
                0x0000000008008ea4       0x60 ./Middlewares/Third_Party/FreeRTOS/Source/portable/GCC/ARM_CM4F/port.o
                0x0000000008008ea4                vPortEnterCritical
 .text.vPortExitCritical
                0x0000000008008f04       0x54 ./Middlewares/Third_Party/FreeRTOS/Source/portable/GCC/ARM_CM4F/port.o
                0x0000000008008f04                vPortExitCritical
 *fill*         0x0000000008008f58        0x8 
 .text.PendSV_Handler
                0x0000000008008f60       0x68 ./Middlewares/Third_Party/FreeRTOS/Source/portable/GCC/ARM_CM4F/port.o
                0x0000000008008f60                PendSV_Handler
 .text.xPortSysTickHandler
                0x0000000008008fc8       0x44 ./Middlewares/Third_Party/FreeRTOS/Source/portable/GCC/ARM_CM4F/port.o
                0x0000000008008fc8                xPortSysTickHandler
 .text.vPortSetupTimerInterrupt
                0x000000000800900c       0x48 ./Middlewares/Third_Party/FreeRTOS/Source/portable/GCC/ARM_CM4F/port.o
                0x000000000800900c                vPortSetupTimerInterrupt
 .text.vPortEnableVFP
                0x0000000008009054       0x14 ./Middlewares/Third_Party/FreeRTOS/Source/portable/GCC/ARM_CM4F/port.o
 .text.vPortValidateInterruptPriority
                0x0000000008009068       0x80 ./Middlewares/Third_Party/FreeRTOS/Source/portable/GCC/ARM_CM4F/port.o
                0x0000000008009068                vPortValidateInterruptPriority
 .text.pvPortMalloc
                0x00000000080090e8      0x198 ./Middlewares/Third_Party/FreeRTOS/Source/portable/MemMang/heap_4.o
                0x00000000080090e8                pvPortMalloc
 .text.vPortFree
                0x0000000008009280       0xc4 ./Middlewares/Third_Party/FreeRTOS/Source/portable/MemMang/heap_4.o
                0x0000000008009280                vPortFree
 .text.prvHeapInit
                0x0000000008009344       0xc4 ./Middlewares/Third_Party/FreeRTOS/Source/portable/MemMang/heap_4.o
 .text.prvInsertBlockIntoFreeList
                0x0000000008009408       0xb4 ./Middlewares/Third_Party/FreeRTOS/Source/portable/MemMang/heap_4.o
 .text.__libc_init_array
                0x00000000080094bc       0x48 c:/st/stm32cubeide_1.9.0/stm32cubeide/plugins/com.st.stm32cube.ide.mcu.externaltools.gnu-tools-for-stm32.10.3-2021.10.win32_1.0.100.202210260954/tools/bin/../lib/gcc/arm-none-eabi/10.3.1/../../../../arm-none-eabi/lib/thumb/v7e-m+fp/hard\libc_nano.a(lib_a-init.o)
                0x00000000080094bc                __libc_init_array
 .text.memcpy   0x0000000008009504       0x1c c:/st/stm32cubeide_1.9.0/stm32cubeide/plugins/com.st.stm32cube.ide.mcu.externaltools.gnu-tools-for-stm32.10.3-2021.10.win32_1.0.100.202210260954/tools/bin/../lib/gcc/arm-none-eabi/10.3.1/../../../../arm-none-eabi/lib/thumb/v7e-m+fp/hard\libc_nano.a(lib_a-memcpy-stub.o)
                0x0000000008009504                memcpy
 .text.memset   0x0000000008009520       0x10 c:/st/stm32cubeide_1.9.0/stm32cubeide/plugins/com.st.stm32cube.ide.mcu.externaltools.gnu-tools-for-stm32.10.3-2021.10.win32_1.0.100.202210260954/tools/bin/../lib/gcc/arm-none-eabi/10.3.1/../../../../arm-none-eabi/lib/thumb/v7e-m+fp/hard\libc_nano.a(lib_a-memset.o)
                0x0000000008009520                memset
 *(.glue_7)
 .glue_7        0x0000000008009530        0x0 linker stubs
 *(.glue_7t)
 .glue_7t       0x0000000008009530        0x0 linker stubs
 *(.eh_frame)
 .eh_frame      0x0000000008009530        0x0 c:/st/stm32cubeide_1.9.0/stm32cubeide/plugins/com.st.stm32cube.ide.mcu.externaltools.gnu-tools-for-stm32.10.3-2021.10.win32_1.0.100.202210260954/tools/bin/../lib/gcc/arm-none-eabi/10.3.1/thumb/v7e-m+fp/hard/crtbegin.o
 *(.init)
 .init          0x0000000008009530        0x4 c:/st/stm32cubeide_1.9.0/stm32cubeide/plugins/com.st.stm32cube.ide.mcu.externaltools.gnu-tools-for-stm32.10.3-2021.10.win32_1.0.100.202210260954/tools/bin/../lib/gcc/arm-none-eabi/10.3.1/thumb/v7e-m+fp/hard/crti.o
                0x0000000008009530                _init
 .init          0x0000000008009534        0x8 c:/st/stm32cubeide_1.9.0/stm32cubeide/plugins/com.st.stm32cube.ide.mcu.externaltools.gnu-tools-for-stm32.10.3-2021.10.win32_1.0.100.202210260954/tools/bin/../lib/gcc/arm-none-eabi/10.3.1/thumb/v7e-m+fp/hard/crtn.o
 *(.fini)
 .fini          0x000000000800953c        0x4 c:/st/stm32cubeide_1.9.0/stm32cubeide/plugins/com.st.stm32cube.ide.mcu.externaltools.gnu-tools-for-stm32.10.3-2021.10.win32_1.0.100.202210260954/tools/bin/../lib/gcc/arm-none-eabi/10.3.1/thumb/v7e-m+fp/hard/crti.o
                0x000000000800953c                _fini
 .fini          0x0000000008009540        0x8 c:/st/stm32cubeide_1.9.0/stm32cubeide/plugins/com.st.stm32cube.ide.mcu.externaltools.gnu-tools-for-stm32.10.3-2021.10.win32_1.0.100.202210260954/tools/bin/../lib/gcc/arm-none-eabi/10.3.1/thumb/v7e-m+fp/hard/crtn.o
                0x0000000008009548                . = ALIGN (0x4)
                0x0000000008009548                _etext = .

.vfp11_veneer   0x0000000008009548        0x0
 .vfp11_veneer  0x0000000008009548        0x0 linker stubs

.v4_bx          0x0000000008009548        0x0
 .v4_bx         0x0000000008009548        0x0 linker stubs

.iplt           0x0000000008009548        0x0
 .iplt          0x0000000008009548        0x0 c:/st/stm32cubeide_1.9.0/stm32cubeide/plugins/com.st.stm32cube.ide.mcu.externaltools.gnu-tools-for-stm32.10.3-2021.10.win32_1.0.100.202210260954/tools/bin/../lib/gcc/arm-none-eabi/10.3.1/thumb/v7e-m+fp/hard/crtbegin.o

.rodata         0x0000000008009548      0x1f0
                0x0000000008009548                . = ALIGN (0x4)
 *(.rodata)
 .rodata        0x0000000008009548       0x65 ./Core/Src/freertos.o
 *fill*         0x00000000080095ad        0x3 
 .rodata        0x00000000080095b0        0x5 ./Middlewares/Third_Party/FreeRTOS/Source/tasks.o
 *fill*         0x00000000080095b5        0x3 
 .rodata        0x00000000080095b8        0xd ./Middlewares/Third_Party/FreeRTOS/Source/timers.o
 *(.rodata*)
 *fill*         0x00000000080095c5        0x3 
 .rodata.defaultTask_attributes
                0x00000000080095c8       0x24 ./Core/Src/freertos.o
                0x00000000080095c8                defaultTask_attributes
 .rodata.OutputsTask_attributes
                0x00000000080095ec       0x24 ./Core/Src/freertos.o
                0x00000000080095ec                OutputsTask_attributes
 .rodata.InputsTask_attributes
                0x0000000008009610       0x24 ./Core/Src/freertos.o
                0x0000000008009610                InputsTask_attributes
 .rodata.ServoTask_attributes
                0x0000000008009634       0x24 ./Core/Src/freertos.o
                0x0000000008009634                ServoTask_attributes
 .rodata.UartWiFiTask_attributes
                0x0000000008009658       0x24 ./Core/Src/freertos.o
                0x0000000008009658                UartWiFiTask_attributes
 .rodata.CanDriversTask_attributes
                0x000000000800967c       0x24 ./Core/Src/freertos.o
                0x000000000800967c                CanDriversTask_attributes
 .rodata.CanTask_attributes
                0x00000000080096a0       0x24 ./Core/Src/freertos.o
                0x00000000080096a0                CanTask_attributes
 .rodata.MissionsTask_attributes
                0x00000000080096c4       0x24 ./Core/Src/freertos.o
                0x00000000080096c4                MissionsTask_attributes
 .rodata.AHBPrescTable
                0x00000000080096e8       0x10 ./Core/Src/system_stm32f4xx.o
                0x00000000080096e8                AHBPrescTable
 .rodata.APBPrescTable
                0x00000000080096f8        0x8 ./Core/Src/system_stm32f4xx.o
                0x00000000080096f8                APBPrescTable
 .rodata._ZZ8LedBlinkE9ledb_time
                0x0000000008009700       0x18 ./Core/cpp/Src/outputs.o
 .rodata._ZZ8LedBlinkE8ledb_rep
                0x0000000008009718       0x18 ./Core/cpp/Src/outputs.o
 .rodata.flagBitshiftOffset.0
                0x0000000008009730        0x8 ./Drivers/STM32F4xx_HAL_Driver/Src/stm32f4xx_hal_dma.o
                0x0000000008009738                . = ALIGN (0x4)

.ARM.extab      0x0000000008009738        0x0
                0x0000000008009738                . = ALIGN (0x4)
 *(.ARM.extab* .gnu.linkonce.armextab.*)
                0x0000000008009738                . = ALIGN (0x4)

.ARM            0x0000000008009738        0x8
                0x0000000008009738                . = ALIGN (0x4)
                0x0000000008009738                __exidx_start = .
 *(.ARM.exidx*)
 .ARM.exidx     0x0000000008009738        0x8 c:/st/stm32cubeide_1.9.0/stm32cubeide/plugins/com.st.stm32cube.ide.mcu.externaltools.gnu-tools-for-stm32.10.3-2021.10.win32_1.0.100.202210260954/tools/bin/../lib/gcc/arm-none-eabi/10.3.1/thumb/v7e-m+fp/hard\libgcc.a(_udivmoddi4.o)
                0x0000000008009740                __exidx_end = .
                0x0000000008009740                . = ALIGN (0x4)

.rel.dyn        0x0000000008009740        0x0
 .rel.iplt      0x0000000008009740        0x0 c:/st/stm32cubeide_1.9.0/stm32cubeide/plugins/com.st.stm32cube.ide.mcu.externaltools.gnu-tools-for-stm32.10.3-2021.10.win32_1.0.100.202210260954/tools/bin/../lib/gcc/arm-none-eabi/10.3.1/thumb/v7e-m+fp/hard/crtbegin.o

.preinit_array  0x0000000008009740        0x0
                0x0000000008009740                . = ALIGN (0x4)
                0x0000000008009740                PROVIDE (__preinit_array_start = .)
 *(.preinit_array*)
                0x0000000008009740                PROVIDE (__preinit_array_end = .)
                0x0000000008009740                . = ALIGN (0x4)

.init_array     0x0000000008009740        0x8
                0x0000000008009740                . = ALIGN (0x4)
                0x0000000008009740                PROVIDE (__init_array_start = .)
 *(SORT_BY_NAME(.init_array.*))
 *(.init_array*)
 .init_array    0x0000000008009740        0x4 c:/st/stm32cubeide_1.9.0/stm32cubeide/plugins/com.st.stm32cube.ide.mcu.externaltools.gnu-tools-for-stm32.10.3-2021.10.win32_1.0.100.202210260954/tools/bin/../lib/gcc/arm-none-eabi/10.3.1/thumb/v7e-m+fp/hard/crtbegin.o
 .init_array    0x0000000008009744        0x4 ./Core/cpp/Src/drivers_control.o
                0x0000000008009748                PROVIDE (__init_array_end = .)
                0x0000000008009748                . = ALIGN (0x4)

.fini_array     0x0000000008009748        0x4
                0x0000000008009748                . = ALIGN (0x4)
                [!provide]                        PROVIDE (__fini_array_start = .)
 *(SORT_BY_NAME(.fini_array.*))
 *(.fini_array*)
 .fini_array    0x0000000008009748        0x4 c:/st/stm32cubeide_1.9.0/stm32cubeide/plugins/com.st.stm32cube.ide.mcu.externaltools.gnu-tools-for-stm32.10.3-2021.10.win32_1.0.100.202210260954/tools/bin/../lib/gcc/arm-none-eabi/10.3.1/thumb/v7e-m+fp/hard/crtbegin.o
                [!provide]                        PROVIDE (__fini_array_end = .)
                0x000000000800974c                . = ALIGN (0x4)
                0x000000000800974c                _sidata = LOADADDR (.data)

.data           0x0000000020000000       0x10 load address 0x000000000800974c
                0x0000000020000000                . = ALIGN (0x4)
                0x0000000020000000                _sdata = .
 *(.data)
 *(.data*)
 .data.SystemCoreClock
                0x0000000020000000        0x4 ./Core/Src/system_stm32f4xx.o
                0x0000000020000000                SystemCoreClock
 .data.uwTickPrio
                0x0000000020000004        0x4 ./Drivers/STM32F4xx_HAL_Driver/Src/stm32f4xx_hal.o
                0x0000000020000004                uwTickPrio
 .data.uwTickFreq
                0x0000000020000008        0x1 ./Drivers/STM32F4xx_HAL_Driver/Src/stm32f4xx_hal.o
                0x0000000020000008                uwTickFreq
 *fill*         0x0000000020000009        0x3 
 .data.uxCriticalNesting
                0x000000002000000c        0x4 ./Middlewares/Third_Party/FreeRTOS/Source/portable/GCC/ARM_CM4F/port.o
 *(.RamFunc)
 *(.RamFunc*)
                0x0000000020000010                . = ALIGN (0x4)
                0x0000000020000010                _edata = .
                0x000000000800975c                _siccmram = LOADADDR (.ccmram)

.igot.plt       0x0000000020000010        0x0 load address 0x000000000800975c
 .igot.plt      0x0000000020000010        0x0 c:/st/stm32cubeide_1.9.0/stm32cubeide/plugins/com.st.stm32cube.ide.mcu.externaltools.gnu-tools-for-stm32.10.3-2021.10.win32_1.0.100.202210260954/tools/bin/../lib/gcc/arm-none-eabi/10.3.1/thumb/v7e-m+fp/hard/crtbegin.o

.ccmram         0x0000000010000000        0x0 load address 0x000000000800975c
                0x0000000010000000                . = ALIGN (0x4)
                0x0000000010000000                _sccmram = .
 *(.ccmram)
 *(.ccmram*)
                0x0000000010000000                . = ALIGN (0x4)
                0x0000000010000000                _eccmram = .
                0x0000000010000000                . = ALIGN (0x4)

.bss            0x0000000020000010     0x679c
                0x0000000020000010                _sbss = .
                0x0000000020000010                __bss_start__ = _sbss
 *(.bss)
 .bss           0x0000000020000010       0x1c c:/st/stm32cubeide_1.9.0/stm32cubeide/plugins/com.st.stm32cube.ide.mcu.externaltools.gnu-tools-for-stm32.10.3-2021.10.win32_1.0.100.202210260954/tools/bin/../lib/gcc/arm-none-eabi/10.3.1/thumb/v7e-m+fp/hard/crtbegin.o
 *(.bss*)
 .bss.hcan1     0x000000002000002c       0x28 ./Core/Src/can.o
                0x000000002000002c                hcan1
 .bss.globData  0x0000000020000054       0x38 ./Core/Src/freertos.o
                0x0000000020000054                globData
 .bss.contrlMsg
                0x000000002000008c       0x18 ./Core/Src/freertos.o
                0x000000002000008c                contrlMsg
 .bss.defaultTaskHandle
                0x00000000200000a4        0x4 ./Core/Src/freertos.o
                0x00000000200000a4                defaultTaskHandle
 .bss.defaultTaskBuffer
                0x00000000200000a8      0x200 ./Core/Src/freertos.o
                0x00000000200000a8                defaultTaskBuffer
 .bss.defaultTaskControlBlock
                0x00000000200002a8       0x5c ./Core/Src/freertos.o
                0x00000000200002a8                defaultTaskControlBlock
 .bss.OutputsTaskHandle
                0x0000000020000304        0x4 ./Core/Src/freertos.o
                0x0000000020000304                OutputsTaskHandle
 .bss.OutputsTaskBuffer
                0x0000000020000308      0x200 ./Core/Src/freertos.o
                0x0000000020000308                OutputsTaskBuffer
 .bss.OutputsTaskControlBlock
                0x0000000020000508       0x5c ./Core/Src/freertos.o
                0x0000000020000508                OutputsTaskControlBlock
 .bss.InputsTaskHandle
                0x0000000020000564        0x4 ./Core/Src/freertos.o
                0x0000000020000564                InputsTaskHandle
 .bss.InputsTaskBuffer
                0x0000000020000568      0x200 ./Core/Src/freertos.o
                0x0000000020000568                InputsTaskBuffer
 .bss.InputsTaskControlBlock
                0x0000000020000768       0x5c ./Core/Src/freertos.o
                0x0000000020000768                InputsTaskControlBlock
 .bss.ServoTaskHandle
                0x00000000200007c4        0x4 ./Core/Src/freertos.o
                0x00000000200007c4                ServoTaskHandle
 .bss.ServoTaskBuffer
                0x00000000200007c8      0x200 ./Core/Src/freertos.o
                0x00000000200007c8                ServoTaskBuffer
 .bss.ServoTaskControlBlock
                0x00000000200009c8       0x5c ./Core/Src/freertos.o
                0x00000000200009c8                ServoTaskControlBlock
 .bss.UartWiFiTaskHandle
                0x0000000020000a24        0x4 ./Core/Src/freertos.o
                0x0000000020000a24                UartWiFiTaskHandle
 .bss.UartWiFiTaskBuffer
                0x0000000020000a28      0x400 ./Core/Src/freertos.o
                0x0000000020000a28                UartWiFiTaskBuffer
 .bss.UartWiFiTaskControlBlock
                0x0000000020000e28       0x5c ./Core/Src/freertos.o
                0x0000000020000e28                UartWiFiTaskControlBlock
 .bss.CanDriversTaskHandle
                0x0000000020000e84        0x4 ./Core/Src/freertos.o
                0x0000000020000e84                CanDriversTaskHandle
 .bss.CanDriversTaskBuffer
                0x0000000020000e88      0x200 ./Core/Src/freertos.o
                0x0000000020000e88                CanDriversTaskBuffer
 .bss.CanDriversTaskControlBlock
                0x0000000020001088       0x5c ./Core/Src/freertos.o
                0x0000000020001088                CanDriversTaskControlBlock
 .bss.CanTaskHandle
                0x00000000200010e4        0x4 ./Core/Src/freertos.o
                0x00000000200010e4                CanTaskHandle
 .bss.CanTaskBuffer
                0x00000000200010e8      0x400 ./Core/Src/freertos.o
                0x00000000200010e8                CanTaskBuffer
 .bss.CanTaskControlBlock
                0x00000000200014e8       0x5c ./Core/Src/freertos.o
                0x00000000200014e8                CanTaskControlBlock
 .bss.MissionsTaskHandle
                0x0000000020001544        0x4 ./Core/Src/freertos.o
                0x0000000020001544                MissionsTaskHandle
 .bss.MissionsTaskBuffer
                0x0000000020001548      0x400 ./Core/Src/freertos.o
                0x0000000020001548                MissionsTaskBuffer
 .bss.MissionsTaskControlBlock
                0x0000000020001948       0x5c ./Core/Src/freertos.o
                0x0000000020001948                MissionsTaskControlBlock
 .bss.hiwdg     0x00000000200019a4        0xc ./Core/Src/iwdg.o
                0x00000000200019a4                hiwdg
 .bss.htim6     0x00000000200019b0       0x48 ./Core/Src/stm32f4xx_hal_timebase_tim.o
                0x00000000200019b0                htim6
 .bss.htim3     0x00000000200019f8       0x48 ./Core/Src/tim.o
                0x00000000200019f8                htim3
 .bss.htim4     0x0000000020001a40       0x48 ./Core/Src/tim.o
                0x0000000020001a40                htim4
 .bss.huart1    0x0000000020001a88       0x44 ./Core/Src/usart.o
                0x0000000020001a88                huart1
 .bss.huart2    0x0000000020001acc       0x44 ./Core/Src/usart.o
                0x0000000020001acc                huart2
 .bss.huart3    0x0000000020001b10       0x44 ./Core/Src/usart.o
                0x0000000020001b10                huart3
 .bss.hdma_usart1_rx
                0x0000000020001b54       0x60 ./Core/Src/usart.o
                0x0000000020001b54                hdma_usart1_rx
 .bss.hdma_usart2_rx
                0x0000000020001bb4       0x60 ./Core/Src/usart.o
                0x0000000020001bb4                hdma_usart2_rx
 .bss.hdma_usart3_rx
                0x0000000020001c14       0x60 ./Core/Src/usart.o
                0x0000000020001c14                hdma_usart3_rx
 .bss.NewCanMsg
                0x0000000020001c74        0x1 ./Core/cpp/Src/canbus.o
                0x0000000020001c74                NewCanMsg
 *fill*         0x0000000020001c75        0x3 
 .bss.RxHeader  0x0000000020001c78       0x1c ./Core/cpp/Src/canbus.o
                0x0000000020001c78                RxHeader
 .bss.RxData    0x0000000020001c94        0x8 ./Core/cpp/Src/canbus.o
                0x0000000020001c94                RxData
 .bss.canDataRecv
                0x0000000020001c9c        0x8 ./Core/cpp/Src/canbus.o
                0x0000000020001c9c                canDataRecv
 .bss._ZZ12StartCanTaskE9err_count
                0x0000000020001ca4        0x4 ./Core/cpp/Src/canbus.o
 .bss.DriverFB  0x0000000020001ca8       0x34 ./Core/cpp/Src/drivers_control.o
                0x0000000020001ca8                DriverFB
 .bss.DriverLR  0x0000000020001cdc       0x34 ./Core/cpp/Src/drivers_control.o
                0x0000000020001cdc                DriverLR
 .bss.mdrivers  0x0000000020001d10       0x10 ./Core/cpp/Src/drivers_control.o
                0x0000000020001d10                mdrivers
 .bss._ZZ8LedBlinkE16ledb_active_time
                0x0000000020001d20        0x4 ./Core/cpp/Src/outputs.o
 .bss._ZZ8LedBlinkE12ledb_repeats
                0x0000000020001d24        0x4 ./Core/cpp/Src/outputs.o
 .bss.new_wifi_data
                0x0000000020001d28        0x1 ./Core/cpp/Src/uart_wifi.o
                0x0000000020001d28                new_wifi_data
 .bss.new_remote_data
                0x0000000020001d29        0x1 ./Core/cpp/Src/uart_wifi.o
                0x0000000020001d29                new_remote_data
 .bss.new_bms_data
                0x0000000020001d2a        0x1 ./Core/cpp/Src/uart_wifi.o
                0x0000000020001d2a                new_bms_data
 *fill*         0x0000000020001d2b        0x1 
 .bss.rc_uart_buff
                0x0000000020001d2c       0x64 ./Core/cpp/Src/uart_wifi.o
                0x0000000020001d2c                rc_uart_buff
 .bss.bms_uart_buff
                0x0000000020001d90       0x64 ./Core/cpp/Src/uart_wifi.o
                0x0000000020001d90                bms_uart_buff
 .bss.wifi_uart_buff
                0x0000000020001df4       0x64 ./Core/cpp/Src/uart_wifi.o
                0x0000000020001df4                wifi_uart_buff
 .bss.uwTick    0x0000000020001e58        0x4 ./Drivers/STM32F4xx_HAL_Driver/Src/stm32f4xx_hal.o
                0x0000000020001e58                uwTick
 .bss.KernelState
                0x0000000020001e5c        0x4 ./Middlewares/Third_Party/FreeRTOS/Source/CMSIS_RTOS_V2/cmsis_os2.o
 .bss.Idle_TCB.3
                0x0000000020001e60       0x5c ./Middlewares/Third_Party/FreeRTOS/Source/CMSIS_RTOS_V2/cmsis_os2.o
 .bss.Idle_Stack.2
                0x0000000020001ebc      0x200 ./Middlewares/Third_Party/FreeRTOS/Source/CMSIS_RTOS_V2/cmsis_os2.o
 .bss.Timer_TCB.1
                0x00000000200020bc       0x5c ./Middlewares/Third_Party/FreeRTOS/Source/CMSIS_RTOS_V2/cmsis_os2.o
 .bss.Timer_Stack.0
                0x0000000020002118      0x400 ./Middlewares/Third_Party/FreeRTOS/Source/CMSIS_RTOS_V2/cmsis_os2.o
 .bss.xQueueRegistry
                0x0000000020002518       0x40 ./Middlewares/Third_Party/FreeRTOS/Source/queue.o
                0x0000000020002518                xQueueRegistry
 .bss.pxCurrentTCB
                0x0000000020002558        0x4 ./Middlewares/Third_Party/FreeRTOS/Source/tasks.o
                0x0000000020002558                pxCurrentTCB
 .bss.pxReadyTasksLists
                0x000000002000255c      0x460 ./Middlewares/Third_Party/FreeRTOS/Source/tasks.o
 .bss.xDelayedTaskList1
                0x00000000200029bc       0x14 ./Middlewares/Third_Party/FreeRTOS/Source/tasks.o
 .bss.xDelayedTaskList2
                0x00000000200029d0       0x14 ./Middlewares/Third_Party/FreeRTOS/Source/tasks.o
 .bss.pxDelayedTaskList
                0x00000000200029e4        0x4 ./Middlewares/Third_Party/FreeRTOS/Source/tasks.o
 .bss.pxOverflowDelayedTaskList
                0x00000000200029e8        0x4 ./Middlewares/Third_Party/FreeRTOS/Source/tasks.o
 .bss.xPendingReadyList
                0x00000000200029ec       0x14 ./Middlewares/Third_Party/FreeRTOS/Source/tasks.o
 .bss.xTasksWaitingTermination
                0x0000000020002a00       0x14 ./Middlewares/Third_Party/FreeRTOS/Source/tasks.o
 .bss.uxDeletedTasksWaitingCleanUp
                0x0000000020002a14        0x4 ./Middlewares/Third_Party/FreeRTOS/Source/tasks.o
 .bss.xSuspendedTaskList
                0x0000000020002a18       0x14 ./Middlewares/Third_Party/FreeRTOS/Source/tasks.o
 .bss.uxCurrentNumberOfTasks
                0x0000000020002a2c        0x4 ./Middlewares/Third_Party/FreeRTOS/Source/tasks.o
 .bss.xTickCount
                0x0000000020002a30        0x4 ./Middlewares/Third_Party/FreeRTOS/Source/tasks.o
 .bss.uxTopReadyPriority
                0x0000000020002a34        0x4 ./Middlewares/Third_Party/FreeRTOS/Source/tasks.o
 .bss.xSchedulerRunning
                0x0000000020002a38        0x4 ./Middlewares/Third_Party/FreeRTOS/Source/tasks.o
 .bss.xPendedTicks
                0x0000000020002a3c        0x4 ./Middlewares/Third_Party/FreeRTOS/Source/tasks.o
 .bss.xYieldPending
                0x0000000020002a40        0x4 ./Middlewares/Third_Party/FreeRTOS/Source/tasks.o
 .bss.xNumOfOverflows
                0x0000000020002a44        0x4 ./Middlewares/Third_Party/FreeRTOS/Source/tasks.o
 .bss.uxTaskNumber
                0x0000000020002a48        0x4 ./Middlewares/Third_Party/FreeRTOS/Source/tasks.o
 .bss.xNextTaskUnblockTime
                0x0000000020002a4c        0x4 ./Middlewares/Third_Party/FreeRTOS/Source/tasks.o
 .bss.xIdleTaskHandle
                0x0000000020002a50        0x4 ./Middlewares/Third_Party/FreeRTOS/Source/tasks.o
 .bss.uxSchedulerSuspended
                0x0000000020002a54        0x4 ./Middlewares/Third_Party/FreeRTOS/Source/tasks.o
 .bss.xActiveTimerList1
                0x0000000020002a58       0x14 ./Middlewares/Third_Party/FreeRTOS/Source/timers.o
 .bss.xActiveTimerList2
                0x0000000020002a6c       0x14 ./Middlewares/Third_Party/FreeRTOS/Source/timers.o
 .bss.pxCurrentTimerList
                0x0000000020002a80        0x4 ./Middlewares/Third_Party/FreeRTOS/Source/timers.o
 .bss.pxOverflowTimerList
                0x0000000020002a84        0x4 ./Middlewares/Third_Party/FreeRTOS/Source/timers.o
 .bss.xTimerQueue
                0x0000000020002a88        0x4 ./Middlewares/Third_Party/FreeRTOS/Source/timers.o
 .bss.xTimerTaskHandle
                0x0000000020002a8c        0x4 ./Middlewares/Third_Party/FreeRTOS/Source/timers.o
 .bss.xLastTime.2
                0x0000000020002a90        0x4 ./Middlewares/Third_Party/FreeRTOS/Source/timers.o
 .bss.ucStaticTimerQueueStorage.1
                0x0000000020002a94       0xa0 ./Middlewares/Third_Party/FreeRTOS/Source/timers.o
 .bss.xStaticTimerQueue.0
                0x0000000020002b34       0x50 ./Middlewares/Third_Party/FreeRTOS/Source/timers.o
 .bss.ucMaxSysCallPriority
                0x0000000020002b84        0x1 ./Middlewares/Third_Party/FreeRTOS/Source/portable/GCC/ARM_CM4F/port.o
 *fill*         0x0000000020002b85        0x3 
 .bss.ulMaxPRIGROUPValue
                0x0000000020002b88        0x4 ./Middlewares/Third_Party/FreeRTOS/Source/portable/GCC/ARM_CM4F/port.o
 .bss.ucHeap    0x0000000020002b8c     0x3c00 ./Middlewares/Third_Party/FreeRTOS/Source/portable/MemMang/heap_4.o
 .bss.xStart    0x000000002000678c        0x8 ./Middlewares/Third_Party/FreeRTOS/Source/portable/MemMang/heap_4.o
 .bss.pxEnd     0x0000000020006794        0x4 ./Middlewares/Third_Party/FreeRTOS/Source/portable/MemMang/heap_4.o
 .bss.xFreeBytesRemaining
                0x0000000020006798        0x4 ./Middlewares/Third_Party/FreeRTOS/Source/portable/MemMang/heap_4.o
 .bss.xMinimumEverFreeBytesRemaining
                0x000000002000679c        0x4 ./Middlewares/Third_Party/FreeRTOS/Source/portable/MemMang/heap_4.o
 .bss.xNumberOfSuccessfulAllocations
                0x00000000200067a0        0x4 ./Middlewares/Third_Party/FreeRTOS/Source/portable/MemMang/heap_4.o
 .bss.xNumberOfSuccessfulFrees
                0x00000000200067a4        0x4 ./Middlewares/Third_Party/FreeRTOS/Source/portable/MemMang/heap_4.o
 .bss.xBlockAllocatedBit
                0x00000000200067a8        0x4 ./Middlewares/Third_Party/FreeRTOS/Source/portable/MemMang/heap_4.o
 *(COMMON)
                0x00000000200067ac                . = ALIGN (0x4)
                0x00000000200067ac                _ebss = .
                0x00000000200067ac                __bss_end__ = _ebss

._user_heap_stack
                0x00000000200067ac      0x604
                0x00000000200067b0                . = ALIGN (0x8)
 *fill*         0x00000000200067ac        0x4 
                [!provide]                        PROVIDE (end = .)
                0x00000000200067b0                PROVIDE (_end = .)
                0x00000000200069b0                . = (. + _Min_Heap_Size)
 *fill*         0x00000000200067b0      0x200 
                0x0000000020006db0                . = (. + _Min_Stack_Size)
 *fill*         0x00000000200069b0      0x400 
                0x0000000020006db0                . = ALIGN (0x8)

/DISCARD/
 libc.a(*)
 libm.a(*)
 libgcc.a(*)

.ARM.attributes
                0x0000000000000000       0x30
 *(.ARM.attributes)
 .ARM.attributes
                0x0000000000000000       0x1e c:/st/stm32cubeide_1.9.0/stm32cubeide/plugins/com.st.stm32cube.ide.mcu.externaltools.gnu-tools-for-stm32.10.3-2021.10.win32_1.0.100.202210260954/tools/bin/../lib/gcc/arm-none-eabi/10.3.1/thumb/v7e-m+fp/hard/crti.o
 .ARM.attributes
                0x000000000000001e       0x34 c:/st/stm32cubeide_1.9.0/stm32cubeide/plugins/com.st.stm32cube.ide.mcu.externaltools.gnu-tools-for-stm32.10.3-2021.10.win32_1.0.100.202210260954/tools/bin/../lib/gcc/arm-none-eabi/10.3.1/thumb/v7e-m+fp/hard/crtbegin.o
 .ARM.attributes
                0x0000000000000052       0x34 ./Core/Src/can.o
 .ARM.attributes
                0x0000000000000086       0x34 ./Core/Src/dma.o
 .ARM.attributes
                0x00000000000000ba       0x34 ./Core/Src/freertos.o
 .ARM.attributes
                0x00000000000000ee       0x34 ./Core/Src/gpio.o
 .ARM.attributes
                0x0000000000000122       0x34 ./Core/Src/iwdg.o
 .ARM.attributes
                0x0000000000000156       0x34 ./Core/Src/main.o
 .ARM.attributes
                0x000000000000018a       0x34 ./Core/Src/stm32f4xx_hal_msp.o
 .ARM.attributes
                0x00000000000001be       0x34 ./Core/Src/stm32f4xx_hal_timebase_tim.o
 .ARM.attributes
                0x00000000000001f2       0x34 ./Core/Src/stm32f4xx_it.o
 .ARM.attributes
                0x0000000000000226       0x34 ./Core/Src/system_stm32f4xx.o
 .ARM.attributes
                0x000000000000025a       0x34 ./Core/Src/tim.o
 .ARM.attributes
                0x000000000000028e       0x34 ./Core/Src/usart.o
 .ARM.attributes
                0x00000000000002c2       0x21 ./Core/Startup/startup_stm32f407vetx.o
 .ARM.attributes
                0x00000000000002e3       0x34 ./Core/cpp/Src/InitCanDrivers.o
 .ARM.attributes
                0x0000000000000317       0x34 ./Core/cpp/Src/KeyaLKTechDriver.o
 .ARM.attributes
                0x000000000000034b       0x34 ./Core/cpp/Src/Servo.o
 .ARM.attributes
                0x000000000000037f       0x34 ./Core/cpp/Src/canbus.o
 .ARM.attributes
                0x00000000000003b3       0x34 ./Core/cpp/Src/drivers_control.o
 .ARM.attributes
                0x00000000000003e7       0x34 ./Core/cpp/Src/inputs.o
 .ARM.attributes
                0x000000000000041b       0x34 ./Core/cpp/Src/mission.o
 .ARM.attributes
                0x000000000000044f       0x34 ./Core/cpp/Src/outputs.o
 .ARM.attributes
                0x0000000000000483       0x34 ./Core/cpp/Src/servo_control.o
 .ARM.attributes
                0x00000000000004b7       0x34 ./Core/cpp/Src/uart_wifi.o
 .ARM.attributes
                0x00000000000004eb       0x34 ./Drivers/STM32F4xx_HAL_Driver/Src/stm32f4xx_hal.o
 .ARM.attributes
                0x000000000000051f       0x34 ./Drivers/STM32F4xx_HAL_Driver/Src/stm32f4xx_hal_can.o
 .ARM.attributes
                0x0000000000000553       0x34 ./Drivers/STM32F4xx_HAL_Driver/Src/stm32f4xx_hal_cortex.o
 .ARM.attributes
                0x0000000000000587       0x34 ./Drivers/STM32F4xx_HAL_Driver/Src/stm32f4xx_hal_dma.o
 .ARM.attributes
                0x00000000000005bb       0x34 ./Drivers/STM32F4xx_HAL_Driver/Src/stm32f4xx_hal_gpio.o
 .ARM.attributes
                0x00000000000005ef       0x34 ./Drivers/STM32F4xx_HAL_Driver/Src/stm32f4xx_hal_iwdg.o
 .ARM.attributes
                0x0000000000000623       0x34 ./Drivers/STM32F4xx_HAL_Driver/Src/stm32f4xx_hal_rcc.o
 .ARM.attributes
                0x0000000000000657       0x34 ./Drivers/STM32F4xx_HAL_Driver/Src/stm32f4xx_hal_tim.o
 .ARM.attributes
                0x000000000000068b       0x34 ./Drivers/STM32F4xx_HAL_Driver/Src/stm32f4xx_hal_tim_ex.o
 .ARM.attributes
                0x00000000000006bf       0x34 ./Drivers/STM32F4xx_HAL_Driver/Src/stm32f4xx_hal_uart.o
 .ARM.attributes
                0x00000000000006f3       0x34 ./Middlewares/Third_Party/FreeRTOS/Source/CMSIS_RTOS_V2/cmsis_os2.o
 .ARM.attributes
                0x0000000000000727       0x34 ./Middlewares/Third_Party/FreeRTOS/Source/list.o
 .ARM.attributes
                0x000000000000075b       0x34 ./Middlewares/Third_Party/FreeRTOS/Source/queue.o
 .ARM.attributes
                0x000000000000078f       0x34 ./Middlewares/Third_Party/FreeRTOS/Source/tasks.o
 .ARM.attributes
                0x00000000000007c3       0x34 ./Middlewares/Third_Party/FreeRTOS/Source/timers.o
 .ARM.attributes
                0x00000000000007f7       0x34 ./Middlewares/Third_Party/FreeRTOS/Source/portable/GCC/ARM_CM4F/port.o
 .ARM.attributes
                0x000000000000082b       0x34 ./Middlewares/Third_Party/FreeRTOS/Source/portable/MemMang/heap_4.o
 .ARM.attributes
                0x000000000000085f       0x34 c:/st/stm32cubeide_1.9.0/stm32cubeide/plugins/com.st.stm32cube.ide.mcu.externaltools.gnu-tools-for-stm32.10.3-2021.10.win32_1.0.100.202210260954/tools/bin/../lib/gcc/arm-none-eabi/10.3.1/../../../../arm-none-eabi/lib/thumb/v7e-m+fp/hard\libc_nano.a(lib_a-init.o)
 .ARM.attributes
                0x0000000000000893       0x34 c:/st/stm32cubeide_1.9.0/stm32cubeide/plugins/com.st.stm32cube.ide.mcu.externaltools.gnu-tools-for-stm32.10.3-2021.10.win32_1.0.100.202210260954/tools/bin/../lib/gcc/arm-none-eabi/10.3.1/../../../../arm-none-eabi/lib/thumb/v7e-m+fp/hard\libc_nano.a(lib_a-memcpy-stub.o)
 .ARM.attributes
                0x00000000000008c7       0x34 c:/st/stm32cubeide_1.9.0/stm32cubeide/plugins/com.st.stm32cube.ide.mcu.externaltools.gnu-tools-for-stm32.10.3-2021.10.win32_1.0.100.202210260954/tools/bin/../lib/gcc/arm-none-eabi/10.3.1/../../../../arm-none-eabi/lib/thumb/v7e-m+fp/hard\libc_nano.a(lib_a-memset.o)
 .ARM.attributes
                0x00000000000008fb       0x1e c:/st/stm32cubeide_1.9.0/stm32cubeide/plugins/com.st.stm32cube.ide.mcu.externaltools.gnu-tools-for-stm32.10.3-2021.10.win32_1.0.100.202210260954/tools/bin/../lib/gcc/arm-none-eabi/10.3.1/thumb/v7e-m+fp/hard\libgcc.a(_aeabi_uldivmod.o)
 .ARM.attributes
                0x0000000000000919       0x34 c:/st/stm32cubeide_1.9.0/stm32cubeide/plugins/com.st.stm32cube.ide.mcu.externaltools.gnu-tools-for-stm32.10.3-2021.10.win32_1.0.100.202210260954/tools/bin/../lib/gcc/arm-none-eabi/10.3.1/thumb/v7e-m+fp/hard\libgcc.a(_udivmoddi4.o)
 .ARM.attributes
                0x000000000000094d       0x1e c:/st/stm32cubeide_1.9.0/stm32cubeide/plugins/com.st.stm32cube.ide.mcu.externaltools.gnu-tools-for-stm32.10.3-2021.10.win32_1.0.100.202210260954/tools/bin/../lib/gcc/arm-none-eabi/10.3.1/thumb/v7e-m+fp/hard\libgcc.a(_dvmd_tls.o)
 .ARM.attributes
                0x000000000000096b       0x1e c:/st/stm32cubeide_1.9.0/stm32cubeide/plugins/com.st.stm32cube.ide.mcu.externaltools.gnu-tools-for-stm32.10.3-2021.10.win32_1.0.100.202210260954/tools/bin/../lib/gcc/arm-none-eabi/10.3.1/thumb/v7e-m+fp/hard/crtn.o
OUTPUT(minibot32.elf elf32-littlearm)
LOAD linker stubs
LOAD c:/st/stm32cubeide_1.9.0/stm32cubeide/plugins/com.st.stm32cube.ide.mcu.externaltools.gnu-tools-for-stm32.10.3-2021.10.win32_1.0.100.202210260954/tools/bin/../lib/gcc/arm-none-eabi/10.3.1/../../../../arm-none-eabi/lib/thumb/v7e-m+fp/hard\libc.a
LOAD c:/st/stm32cubeide_1.9.0/stm32cubeide/plugins/com.st.stm32cube.ide.mcu.externaltools.gnu-tools-for-stm32.10.3-2021.10.win32_1.0.100.202210260954/tools/bin/../lib/gcc/arm-none-eabi/10.3.1/../../../../arm-none-eabi/lib/thumb/v7e-m+fp/hard\libm.a
LOAD c:/st/stm32cubeide_1.9.0/stm32cubeide/plugins/com.st.stm32cube.ide.mcu.externaltools.gnu-tools-for-stm32.10.3-2021.10.win32_1.0.100.202210260954/tools/bin/../lib/gcc/arm-none-eabi/10.3.1/thumb/v7e-m+fp/hard\libgcc.a

.debug_info     0x0000000000000000    0x2233c
 .debug_info    0x0000000000000000      0xc2d ./Core/Src/can.o
 .debug_info    0x0000000000000c2d      0x509 ./Core/Src/dma.o
 .debug_info    0x0000000000001136      0xd8f ./Core/Src/freertos.o
 .debug_info    0x0000000000001ec5      0x4ab ./Core/Src/gpio.o
 .debug_info    0x0000000000002370      0x1ca ./Core/Src/iwdg.o
 .debug_info    0x000000000000253a      0xfd6 ./Core/Src/main.o
 .debug_info    0x0000000000003510      0x4f6 ./Core/Src/stm32f4xx_hal_msp.o
 .debug_info    0x0000000000003a06      0xc4b ./Core/Src/stm32f4xx_hal_timebase_tim.o
 .debug_info    0x0000000000004651      0xe73 ./Core/Src/stm32f4xx_it.o
 .debug_info    0x00000000000054c4      0x523 ./Core/Src/system_stm32f4xx.o
 .debug_info    0x00000000000059e7      0xdeb ./Core/Src/tim.o
 .debug_info    0x00000000000067d2      0xd46 ./Core/Src/usart.o
 .debug_info    0x0000000000007518       0x22 ./Core/Startup/startup_stm32f407vetx.o
 .debug_info    0x000000000000753a      0x458 ./Core/cpp/Src/InitCanDrivers.o
 .debug_info    0x0000000000007992      0x7d0 ./Core/cpp/Src/KeyaLKTechDriver.o
 .debug_info    0x0000000000008162      0xaa8 ./Core/cpp/Src/Servo.o
 .debug_info    0x0000000000008c0a     0x10da ./Core/cpp/Src/canbus.o
 .debug_info    0x0000000000009ce4      0xea9 ./Core/cpp/Src/drivers_control.o
 .debug_info    0x000000000000ab8d      0x609 ./Core/cpp/Src/inputs.o
 .debug_info    0x000000000000b196       0xae ./Core/cpp/Src/mission.o
 .debug_info    0x000000000000b244      0x737 ./Core/cpp/Src/outputs.o
 .debug_info    0x000000000000b97b      0x12f ./Core/cpp/Src/servo_control.o
 .debug_info    0x000000000000baaa     0x132e ./Core/cpp/Src/uart_wifi.o
 .debug_info    0x000000000000cdd8      0x97c ./Drivers/STM32F4xx_HAL_Driver/Src/stm32f4xx_hal.o
 .debug_info    0x000000000000d754      0xfc3 ./Drivers/STM32F4xx_HAL_Driver/Src/stm32f4xx_hal_can.o
 .debug_info    0x000000000000e717      0xe1b ./Drivers/STM32F4xx_HAL_Driver/Src/stm32f4xx_hal_cortex.o
 .debug_info    0x000000000000f532      0x94f ./Drivers/STM32F4xx_HAL_Driver/Src/stm32f4xx_hal_dma.o
 .debug_info    0x000000000000fe81      0x76a ./Drivers/STM32F4xx_HAL_Driver/Src/stm32f4xx_hal_gpio.o
 .debug_info    0x00000000000105eb      0x1eb ./Drivers/STM32F4xx_HAL_Driver/Src/stm32f4xx_hal_iwdg.o
 .debug_info    0x00000000000107d6      0x966 ./Drivers/STM32F4xx_HAL_Driver/Src/stm32f4xx_hal_rcc.o
 .debug_info    0x000000000001113c     0x2bbe ./Drivers/STM32F4xx_HAL_Driver/Src/stm32f4xx_hal_tim.o
 .debug_info    0x0000000000013cfa     0x15e0 ./Drivers/STM32F4xx_HAL_Driver/Src/stm32f4xx_hal_tim_ex.o
 .debug_info    0x00000000000152da     0x31bc ./Drivers/STM32F4xx_HAL_Driver/Src/stm32f4xx_hal_uart.o
 .debug_info    0x0000000000018496     0x3c30 ./Middlewares/Third_Party/FreeRTOS/Source/CMSIS_RTOS_V2/cmsis_os2.o
 .debug_info    0x000000000001c0c6      0x2d1 ./Middlewares/Third_Party/FreeRTOS/Source/list.o
 .debug_info    0x000000000001c397     0x1cbf ./Middlewares/Third_Party/FreeRTOS/Source/queue.o
 .debug_info    0x000000000001e056     0x2362 ./Middlewares/Third_Party/FreeRTOS/Source/tasks.o