Archive member included to satisfy reference by file (symbol)

c:/st/stm32cubeide_1.9.0/stm32cubeide/plugins/com.st.stm32cube.ide.mcu.externaltools.gnu-tools-for-stm32.10.3-2021.10.win32_1.0.100.202210260954/tools/bin/../lib/gcc/arm-none-eabi/10.3.1/../../../../arm-none-eabi/lib/thumb/v7e-m+fp/hard\libc_nano.a(lib_a-errno.o)
                              ./Core/Src/syscalls.o (__errno)
c:/st/stm32cubeide_1.9.0/stm32cubeide/plugins/com.st.stm32cube.ide.mcu.externaltools.gnu-tools-for-stm32.10.3-2021.10.win32_1.0.100.202210260954/tools/bin/../lib/gcc/arm-none-eabi/10.3.1/../../../../arm-none-eabi/lib/thumb/v7e-m+fp/hard\libc_nano.a(lib_a-exit.o)
                              c:/st/stm32cubeide_1.9.0/stm32cubeide/plugins/com.st.stm32cube.ide.mcu.externaltools.gnu-tools-for-stm32.10.3-2021.10.win32_1.0.100.202210260954/tools/bin/../lib/gcc/arm-none-eabi/10.3.1/../../../../arm-none-eabi/lib/thumb/v7e-m+fp/hard/crt0.o (exit)
c:/st/stm32cubeide_1.9.0/stm32cubeide/plugins/com.st.stm32cube.ide.mcu.externaltools.gnu-tools-for-stm32.10.3-2021.10.win32_1.0.100.202210260954/tools/bin/../lib/gcc/arm-none-eabi/10.3.1/../../../../arm-none-eabi/lib/thumb/v7e-m+fp/hard\libc_nano.a(lib_a-impure.o)
                              c:/st/stm32cubeide_1.9.0/stm32cubeide/plugins/com.st.stm32cube.ide.mcu.externaltools.gnu-tools-for-stm32.10.3-2021.10.win32_1.0.100.202210260954/tools/bin/../lib/gcc/arm-none-eabi/10.3.1/../../../../arm-none-eabi/lib/thumb/v7e-m+fp/hard\libc_nano.a(lib_a-exit.o) (_global_impure_ptr)
c:/st/stm32cubeide_1.9.0/stm32cubeide/plugins/com.st.stm32cube.ide.mcu.externaltools.gnu-tools-for-stm32.10.3-2021.10.win32_1.0.100.202210260954/tools/bin/../lib/gcc/arm-none-eabi/10.3.1/../../../../arm-none-eabi/lib/thumb/v7e-m+fp/hard\libc_nano.a(lib_a-init.o)
                              c:/st/stm32cubeide_1.9.0/stm32cubeide/plugins/com.st.stm32cube.ide.mcu.externaltools.gnu-tools-for-stm32.10.3-2021.10.win32_1.0.100.202210260954/tools/bin/../lib/gcc/arm-none-eabi/10.3.1/../../../../arm-none-eabi/lib/thumb/v7e-m+fp/hard/crt0.o (__libc_init_array)
c:/st/stm32cubeide_1.9.0/stm32cubeide/plugins/com.st.stm32cube.ide.mcu.externaltools.gnu-tools-for-stm32.10.3-2021.10.win32_1.0.100.202210260954/tools/bin/../lib/gcc/arm-none-eabi/10.3.1/../../../../arm-none-eabi/lib/thumb/v7e-m+fp/hard\libc_nano.a(lib_a-memcpy-stub.o)
                              ./Middlewares/Third_Party/FreeRTOS/Source/CMSIS_RTOS_V2/cmsis_os2.o (memcpy)
c:/st/stm32cubeide_1.9.0/stm32cubeide/plugins/com.st.stm32cube.ide.mcu.externaltools.gnu-tools-for-stm32.10.3-2021.10.win32_1.0.100.202210260954/tools/bin/../lib/gcc/arm-none-eabi/10.3.1/../../../../arm-none-eabi/lib/thumb/v7e-m+fp/hard\libc_nano.a(lib_a-memset.o)
                              c:/st/stm32cubeide_1.9.0/stm32cubeide/plugins/com.st.stm32cube.ide.mcu.externaltools.gnu-tools-for-stm32.10.3-2021.10.win32_1.0.100.202210260954/tools/bin/../lib/gcc/arm-none-eabi/10.3.1/../../../../arm-none-eabi/lib/thumb/v7e-m+fp/hard/crt0.o (memset)
c:/st/stm32cubeide_1.9.0/stm32cubeide/plugins/com.st.stm32cube.ide.mcu.externaltools.gnu-tools-for-stm32.10.3-2021.10.win32_1.0.100.202210260954/tools/bin/../lib/gcc/arm-none-eabi/10.3.1/thumb/v7e-m+fp/hard\libgcc.a(_aeabi_uldivmod.o)
                              ./Drivers/STM32F4xx_HAL_Driver/Src/stm32f4xx_hal_rcc.o (__aeabi_uldivmod)
c:/st/stm32cubeide_1.9.0/stm32cubeide/plugins/com.st.stm32cube.ide.mcu.externaltools.gnu-tools-for-stm32.10.3-2021.10.win32_1.0.100.202210260954/tools/bin/../lib/gcc/arm-none-eabi/10.3.1/thumb/v7e-m+fp/hard\libgcc.a(_udivmoddi4.o)
                              c:/st/stm32cubeide_1.9.0/stm32cubeide/plugins/com.st.stm32cube.ide.mcu.externaltools.gnu-tools-for-stm32.10.3-2021.10.win32_1.0.100.202210260954/tools/bin/../lib/gcc/arm-none-eabi/10.3.1/thumb/v7e-m+fp/hard\libgcc.a(_aeabi_uldivmod.o) (__udivmoddi4)
c:/st/stm32cubeide_1.9.0/stm32cubeide/plugins/com.st.stm32cube.ide.mcu.externaltools.gnu-tools-for-stm32.10.3-2021.10.win32_1.0.100.202210260954/tools/bin/../lib/gcc/arm-none-eabi/10.3.1/thumb/v7e-m+fp/hard\libgcc.a(_dvmd_tls.o)
                              c:/st/stm32cubeide_1.9.0/stm32cubeide/plugins/com.st.stm32cube.ide.mcu.externaltools.gnu-tools-for-stm32.10.3-2021.10.win32_1.0.100.202210260954/tools/bin/../lib/gcc/arm-none-eabi/10.3.1/thumb/v7e-m+fp/hard\libgcc.a(_aeabi_uldivmod.o) (__aeabi_ldiv0)

Discarded input sections

 .text          0x0000000000000000        0x0 c:/st/stm32cubeide_1.9.0/stm32cubeide/plugins/com.st.stm32cube.ide.mcu.externaltools.gnu-tools-for-stm32.10.3-2021.10.win32_1.0.100.202210260954/tools/bin/../lib/gcc/arm-none-eabi/10.3.1/thumb/v7e-m+fp/hard/crti.o
 .data          0x0000000000000000        0x0 c:/st/stm32cubeide_1.9.0/stm32cubeide/plugins/com.st.stm32cube.ide.mcu.externaltools.gnu-tools-for-stm32.10.3-2021.10.win32_1.0.100.202210260954/tools/bin/../lib/gcc/arm-none-eabi/10.3.1/thumb/v7e-m+fp/hard/crti.o
[...]
Memory Configuration

Name             Origin             Length             Attributes
CCMRAM           0x0000000010000000 0x0000000000010000 xrw
RAM              0x0000000020000000 0x0000000000020000 xrw
FLASH            0x0000000008000000 0x0000000000080000 xr
*default*        0x0000000000000000 0xffffffffffffffff

Linker script and memory map

LOAD c:/st/stm32cubeide_1.9.0/stm32cubeide/plugins/com.st.stm32cube.ide.mcu.externaltools.gnu-tools-for-stm32.10.3-2021.10.win32_1.0.100.202210260954/tools/bin/../lib/gcc/arm-none-eabi/10.3.1/thumb/v7e-m+fp/hard/crti.o
LOAD c:/st/stm32cubeide_1.9.0/stm32cubeide/plugins/com.st.stm32cube.ide.mcu.externaltools.gnu-tools-for-stm32.10.3-2021.10.win32_1.0.100.202210260954/tools/bin/../lib/gcc/arm-none-eabi/10.3.1/thumb/v7e-m+fp/hard/crtbegin.o
LOAD c:/st/stm32cubeide_1.9.0/stm32cubeide/plugins/com.st.stm32cube.ide.mcu.externaltools.gnu-tools-for-stm32.10.3-2021.10.win32_1.0.100.202210260954/tools/bin/../lib/gcc/arm-none-eabi/10.3.1/../../../../arm-none-eabi/lib/thumb/v7e-m+fp/hard/crt0.o
LOAD ./Core/Src/can.o
LOAD ./Core/Src/dma.o
LOAD ./Core/Src/freertos.o
LOAD ./Core/Src/gpio.o
LOAD ./Core/Src/iwdg.o
LOAD ./Core/Src/main.o
LOAD ./Core/Src/stm32f4xx_hal_msp.o
LOAD ./Core/Src/stm32f4xx_hal_timebase_tim.o
LOAD ./Core/Src/stm32f4xx_it.o
LOAD ./Core/Src/syscalls.o
LOAD ./Core/Src/sysmem.o
LOAD ./Core/Src/system_stm32f4xx.o
LOAD ./Core/Src/tim.o
LOAD ./Core/Src/usart.o
LOAD ./Core/Startup/startup_stm32f407vetx.o
LOAD ./Core/cpp/Src/InitCanDrivers.o
LOAD ./Core/cpp/Src/KeyaLKTechDriver.o
LOAD ./Core/cpp/Src/Servo.o
LOAD ./Core/cpp/Src/canbus.o
LOAD ./Core/cpp/Src/drivers_control.o
LOAD ./Core/cpp/Src/flash_data.o
LOAD ./Core/cpp/Src/inputs.o
LOAD ./Core/cpp/Src/mission.o
LOAD ./Core/cpp/Src/outputs.o
LOAD ./Core/cpp/Src/servo_control.o
LOAD ./Core/cpp/Src/uart_wifi.o
LOAD ./Drivers/STM32F4xx_HAL_Driver/Src/stm32f4xx_hal.o
LOAD ./Drivers/STM32F4xx_HAL_Driver/Src/stm32f4xx_hal_can.o
LOAD ./Drivers/STM32F4xx_HAL_Driver/Src/stm32f4xx_hal_cortex.o
LOAD ./Drivers/STM32F4xx_HAL_Driver/Src/stm32f4xx_hal_dma.o
LOAD ./Drivers/STM32F4xx_HAL_Driver/Src/stm32f4xx_hal_dma_ex.o
LOAD ./Drivers/STM32F4xx_HAL_Driver/Src/stm32f4xx_hal_exti.o
LOAD ./Drivers/STM32F4xx_HAL_Driver/Src/stm32f4xx_hal_flash.o
LOAD ./Drivers/STM32F4xx_HAL_Driver/Src/stm32f4xx_hal_flash_ex.o
LOAD ./Drivers/STM32F4xx_HAL_Driver/Src/stm32f4xx_hal_flash_ramfunc.o
LOAD ./Drivers/STM32F4xx_HAL_Driver/Src/stm32f4xx_hal_gpio.o
LOAD ./Drivers/STM32F4xx_HAL_Driver/Src/stm32f4xx_hal_iwdg.o
LOAD ./Drivers/STM32F4xx_HAL_Driver/Src/stm32f4xx_hal_pwr.o
LOAD ./Drivers/STM32F4xx_HAL_Driver/Src/stm32f4xx_hal_pwr_ex.o
LOAD ./Drivers/STM32F4xx_HAL_Driver/Src/stm32f4xx_hal_rcc.o
LOAD ./Drivers/STM32F4xx_HAL_Driver/Src/stm32f4xx_hal_rcc_ex.o
LOAD ./Drivers/STM32F4xx_HAL_Driver/Src/stm32f4xx_hal_tim.o
LOAD ./Drivers/STM32F4xx_HAL_Driver/Src/stm32f4xx_hal_tim_ex.o
LOAD ./Drivers/STM32F4xx_HAL_Driver/Src/stm32f4xx_hal_uart.o
LOAD ./Middlewares/Third_Party/FreeRTOS/Source/CMSIS_RTOS_V2/cmsis_os2.o
LOAD ./Middlewares/Third_Party/FreeRTOS/Source/croutine.o
LOAD ./Middlewares/Third_Party/FreeRTOS/Source/event_groups.o
LOAD ./Middlewares/Third_Party/FreeRTOS/Source/list.o
LOAD ./Middlewares/Third_Party/FreeRTOS/Source/queue.o
LOAD ./Middlewares/Third_Party/FreeRTOS/Source/stream_buffer.o
LOAD ./Middlewares/Third_Party/FreeRTOS/Source/tasks.o
LOAD ./Middlewares/Third_Party/FreeRTOS/Source/timers.o
LOAD ./Middlewares/Third_Party/FreeRTOS/Source/portable/GCC/ARM_CM4F/port.o
LOAD ./Middlewares/Third_Party/FreeRTOS/Source/portable/MemMang/heap_4.o
START GROUP
LOAD c:/st/stm32cubeide_1.9.0/stm32cubeide/plugins/com.st.stm32cube.ide.mcu.externaltools.gnu-tools-for-stm32.10.3-2021.10.win32_1.0.100.202210260954/tools/bin/../lib/gcc/arm-none-eabi/10.3.1/../../../../arm-none-eabi/lib/thumb/v7e-m+fp/hard\libstdc++_nano.a
LOAD c:/st/stm32cubeide_1.9.0/stm32cubeide/plugins/com.st.stm32cube.ide.mcu.externaltools.gnu-tools-for-stm32.10.3-2021.10.win32_1.0.100.202210260954/tools/bin/../lib/gcc/arm-none-eabi/10.3.1/../../../../arm-none-eabi/lib/thumb/v7e-m+fp/hard\libsupc++_nano.a
END GROUP
LOAD c:/st/stm32cubeide_1.9.0/stm32cubeide/plugins/com.st.stm32cube.ide.mcu.externaltools.gnu-tools-for-stm32.10.3-2021.10.win32_1.0.100.202210260954/tools/bin/../lib/gcc/arm-none-eabi/10.3.1/../../../../arm-none-eabi/lib/thumb/v7e-m+fp/hard\libstdc++_nano.a
LOAD c:/st/stm32cubeide_1.9.0/stm32cubeide/plugins/com.st.stm32cube.ide.mcu.externaltools.gnu-tools-for-stm32.10.3-2021.10.win32_1.0.100.202210260954/tools/bin/../lib/gcc/arm-none-eabi/10.3.1/../../../../arm-none-eabi/lib/thumb/v7e-m+fp/hard\libm.a
LOAD c:/st/stm32cubeide_1.9.0/stm32cubeide/plugins/com.st.stm32cube.ide.mcu.externaltools.gnu-tools-for-stm32.10.3-2021.10.win32_1.0.100.202210260954/tools/bin/../lib/gcc/arm-none-eabi/10.3.1/../../../../arm-none-eabi/lib/thumb/v7e-m+fp/hard\libc_nano.a
START GROUP
LOAD c:/st/stm32cubeide_1.9.0/stm32cubeide/plugins/com.st.stm32cube.ide.mcu.externaltools.gnu-tools-for-stm32.10.3-2021.10.win32_1.0.100.202210260954/tools/bin/../lib/gcc/arm-none-eabi/10.3.1/thumb/v7e-m+fp/hard\libgcc.a
LOAD c:/st/stm32cubeide_1.9.0/stm32cubeide/plugins/com.st.stm32cube.ide.mcu.externaltools.gnu-tools-for-stm32.10.3-2021.10.win32_1.0.100.202210260954/tools/bin/../lib/gcc/arm-none-eabi/10.3.1/../../../../arm-none-eabi/lib/thumb/v7e-m+fp/hard\libc_nano.a
END GROUP
START GROUP
LOAD c:/st/stm32cubeide_1.9.0/stm32cubeide/plugins/com.st.stm32cube.ide.mcu.externaltools.gnu-tools-for-stm32.10.3-2021.10.win32_1.0.100.202210260954/tools/bin/../lib/gcc/arm-none-eabi/10.3.1/thumb/v7e-m+fp/hard\libgcc.a
LOAD c:/st/stm32cubeide_1.9.0/stm32cubeide/plugins/com.st.stm32cube.ide.mcu.externaltools.gnu-tools-for-stm32.10.3-2021.10.win32_1.0.100.202210260954/tools/bin/../lib/gcc/arm-none-eabi/10.3.1/../../../../arm-none-eabi/lib/thumb/v7e-m+fp/hard\libc_nano.a
LOAD c:/st/stm32cubeide_1.9.0/stm32cubeide/plugins/com.st.stm32cube.ide.mcu.externaltools.gnu-tools-for-stm32.10.3-2021.10.win32_1.0.100.202210260954/tools/bin/../lib/gcc/arm-none-eabi/10.3.1/../../../../arm-none-eabi/lib/thumb/v7e-m+fp/hard\libnosys.a
END GROUP
START GROUP
LOAD c:/st/stm32cubeide_1.9.0/stm32cubeide/plugins/com.st.stm32cube.ide.mcu.externaltools.gnu-tools-for-stm32.10.3-2021.10.win32_1.0.100.202210260954/tools/bin/../lib/gcc/arm-none-eabi/10.3.1/thumb/v7e-m+fp/hard\libgcc.a
LOAD c:/st/stm32cubeide_1.9.0/stm32cubeide/plugins/com.st.stm32cube.ide.mcu.externaltools.gnu-tools-for-stm32.10.3-2021.10.win32_1.0.100.202210260954/tools/bin/../lib/gcc/arm-none-eabi/10.3.1/../../../../arm-none-eabi/lib/thumb/v7e-m+fp/hard\libc_nano.a
LOAD c:/st/stm32cubeide_1.9.0/stm32cubeide/plugins/com.st.stm32cube.ide.mcu.externaltools.gnu-tools-for-stm32.10.3-2021.10.win32_1.0.100.202210260954/tools/bin/../lib/gcc/arm-none-eabi/10.3.1/../../../../arm-none-eabi/lib/thumb/v7e-m+fp/hard\libnosys.a
END GROUP
LOAD c:/st/stm32cubeide_1.9.0/stm32cubeide/plugins/com.st.stm32cube.ide.mcu.externaltools.gnu-tools-for-stm32.10.3-2021.10.win32_1.0.100.202210260954/tools/bin/../lib/gcc/arm-none-eabi/10.3.1/thumb/v7e-m+fp/hard/crtend.o
LOAD c:/st/stm32cubeide_1.9.0/stm32cubeide/plugins/com.st.stm32cube.ide.mcu.externaltools.gnu-tools-for-stm32.10.3-2021.10.win32_1.0.100.202210260954/tools/bin/../lib/gcc/arm-none-eabi/10.3.1/thumb/v7e-m+fp/hard/crtn.o
                0x0000000020020000                _estack = (ORIGIN (RAM) + LENGTH (RAM))
                0x0000000000000200                _Min_Heap_Size = 0x200
                0x0000000000000400                _Min_Stack_Size = 0x400

.isr_vector     0x0000000008000000      0x188
                0x0000000008000000                . = ALIGN (0x4)
 *(.isr_vector)
 .isr_vector    0x0000000008000000      0x188 ./Core/Startup/startup_stm32f407vetx.o
                0x0000000008000000                g_pfnVectors
                0x0000000008000188                . = ALIGN (0x4)

.text           0x0000000008000190     0xaef8
                0x0000000008000190                . = ALIGN (0x4)
 *(.text)
 .text          0x0000000008000190       0x40 c:/st/stm32cubeide_1.9.0/stm32cubeide/plugins/com.st.stm32cube.ide.mcu.externaltools.gnu-tools-for-stm32.10.3-2021.10.win32_1.0.100.202210260954/tools/bin/../lib/gcc/arm-none-eabi/10.3.1/thumb/v7e-m+fp/hard/crtbegin.o
 .text          0x00000000080001d0       0x30 c:/st/stm32cubeide_1.9.0/stm32cubeide/plugins/com.st.stm32cube.ide.mcu.externaltools.gnu-tools-for-stm32.10.3-2021.10.win32_1.0.100.202210260954/tools/bin/../lib/gcc/arm-none-eabi/10.3.1/thumb/v7e-m+fp/hard\libgcc.a(_aeabi_uldivmod.o)
                0x00000000080001d0                __aeabi_uldivmod
 .text          0x0000000008000200      0x2d0 c:/st/stm32cubeide_1.9.0/stm32cubeide/plugins/com.st.stm32cube.ide.mcu.externaltools.gnu-tools-for-stm32.10.3-2021.10.win32_1.0.100.202210260954/tools/bin/../lib/gcc/arm-none-eabi/10.3.1/thumb/v7e-m+fp/hard\libgcc.a(_udivmoddi4.o)
                0x0000000008000200                __udivmoddi4
 .text          0x00000000080004d0        0x4 c:/st/stm32cubeide_1.9.0/stm32cubeide/plugins/com.st.stm32cube.ide.mcu.externaltools.gnu-tools-for-stm32.10.3-2021.10.win32_1.0.100.202210260954/tools/bin/../lib/gcc/arm-none-eabi/10.3.1/thumb/v7e-m+fp/hard\libgcc.a(_dvmd_tls.o)
                0x00000000080004d0                __aeabi_idiv0
                0x00000000080004d0                __aeabi_ldiv0
 *(.text*)
 .text.MX_CAN1_Init
                0x00000000080004d4       0xd0 ./Core/Src/can.o
                0x00000000080004d4                MX_CAN1_Init
 .text.HAL_CAN_MspInit
                0x00000000080005a4       0xb0 ./Core/Src/can.o
                0x00000000080005a4                HAL_CAN_MspInit
 .text.MX_DMA_Init
                0x0000000008000654       0x7c ./Core/Src/dma.o
                0x0000000008000654                MX_DMA_Init
 .text.MX_FREERTOS_Init
                0x00000000080006d0       0xe8 ./Core/Src/freertos.o
                0x00000000080006d0                MX_FREERTOS_Init
 .text.StartDefaultTask
                0x00000000080007b8       0x12 ./Core/Src/freertos.o
                0x00000000080007b8                StartDefaultTask
 *fill*         0x00000000080007ca        0x2 
 .text.MX_GPIO_Init
                0x00000000080007cc      0x228 ./Core/Src/gpio.o
                0x00000000080007cc                MX_GPIO_Init
 .text.MX_IWDG_Init
                0x00000000080009f4       0x34 ./Core/Src/iwdg.o
                0x00000000080009f4                MX_IWDG_Init
 .text.main     0x0000000008000a28       0xd0 ./Core/Src/main.o
                0x0000000008000a28                main
 .text.SystemClock_Config
                0x0000000008000af8       0xd8 ./Core/Src/main.o
                0x0000000008000af8                SystemClock_Config
 .text.HAL_TIM_PeriodElapsedCallback
                0x0000000008000bd0       0x24 ./Core/Src/main.o
                0x0000000008000bd0                HAL_TIM_PeriodElapsedCallback
 .text.Error_Handler
                0x0000000008000bf4        0xa ./Core/Src/main.o
                0x0000000008000bf4                Error_Handler
 *fill*         0x0000000008000bfe        0x2 
 .text.HAL_MspInit
                0x0000000008000c00       0x58 ./Core/Src/stm32f4xx_hal_msp.o
                0x0000000008000c00                HAL_MspInit
 .text.HAL_InitTick
                0x0000000008000c58       0xf8 ./Core/Src/stm32f4xx_hal_timebase_tim.o
                0x0000000008000c58                HAL_InitTick
 .text.NMI_Handler
                0x0000000008000d50        0x6 ./Core/Src/stm32f4xx_it.o
                0x0000000008000d50                NMI_Handler
 .text.HardFault_Handler
                0x0000000008000d56        0x6 ./Core/Src/stm32f4xx_it.o
                0x0000000008000d56                HardFault_Handler
 .text.MemManage_Handler
                0x0000000008000d5c        0x6 ./Core/Src/stm32f4xx_it.o
                0x0000000008000d5c                MemManage_Handler
 .text.BusFault_Handler
                0x0000000008000d62        0x6 ./Core/Src/stm32f4xx_it.o
                0x0000000008000d62                BusFault_Handler
 .text.UsageFault_Handler
                0x0000000008000d68        0x6 ./Core/Src/stm32f4xx_it.o
                0x0000000008000d68                UsageFault_Handler
 .text.DebugMon_Handler
                0x0000000008000d6e        0xe ./Core/Src/stm32f4xx_it.o
                0x0000000008000d6e                DebugMon_Handler
 .text.DMA1_Stream1_IRQHandler
                0x0000000008000d7c       0x14 ./Core/Src/stm32f4xx_it.o
                0x0000000008000d7c                DMA1_Stream1_IRQHandler
 .text.DMA1_Stream5_IRQHandler
                0x0000000008000d90       0x14 ./Core/Src/stm32f4xx_it.o
                0x0000000008000d90                DMA1_Stream5_IRQHandler
 .text.CAN1_RX0_IRQHandler
                0x0000000008000da4       0x14 ./Core/Src/stm32f4xx_it.o
                0x0000000008000da4                CAN1_RX0_IRQHandler
 .text.CAN1_SCE_IRQHandler
                0x0000000008000db8       0x14 ./Core/Src/stm32f4xx_it.o
                0x0000000008000db8                CAN1_SCE_IRQHandler
 .text.USART1_IRQHandler
                0x0000000008000dcc       0x14 ./Core/Src/stm32f4xx_it.o
                0x0000000008000dcc                USART1_IRQHandler
 .text.USART2_IRQHandler
                0x0000000008000de0       0x14 ./Core/Src/stm32f4xx_it.o
                0x0000000008000de0                USART2_IRQHandler
 .text.USART3_IRQHandler
                0x0000000008000df4       0x14 ./Core/Src/stm32f4xx_it.o
                0x0000000008000df4                USART3_IRQHandler
 .text.TIM6_DAC_IRQHandler
                0x0000000008000e08       0x14 ./Core/Src/stm32f4xx_it.o
                0x0000000008000e08                TIM6_DAC_IRQHandler
 .text.DMA2_Stream2_IRQHandler
                0x0000000008000e1c       0x14 ./Core/Src/stm32f4xx_it.o
                0x0000000008000e1c                DMA2_Stream2_IRQHandler
 .text.SystemInit
                0x0000000008000e30       0x24 ./Core/Src/system_stm32f4xx.o
                0x0000000008000e30                SystemInit
 .text.MX_TIM3_Init
                0x0000000008000e54      0x130 ./Core/Src/tim.o
                0x0000000008000e54                MX_TIM3_Init
 .text.MX_TIM4_Init
                0x0000000008000f84       0xa8 ./Core/Src/tim.o
                0x0000000008000f84                MX_TIM4_Init
 .text.HAL_TIM_Base_MspInit
                0x000000000800102c       0x44 ./Core/Src/tim.o
                0x000000000800102c                HAL_TIM_Base_MspInit
 .text.HAL_TIM_Encoder_MspInit
                0x0000000008001070       0x90 ./Core/Src/tim.o
                0x0000000008001070                HAL_TIM_Encoder_MspInit
 .text.HAL_TIM_MspPostInit
                0x0000000008001100       0x74 ./Core/Src/tim.o
                0x0000000008001100                HAL_TIM_MspPostInit
 .text.MX_USART1_UART_Init
                0x0000000008001174       0x54 ./Core/Src/usart.o
                0x0000000008001174                MX_USART1_UART_Init
 .text.MX_USART2_UART_Init
                0x00000000080011c8       0x54 ./Core/Src/usart.o
                0x00000000080011c8                MX_USART2_UART_Init
 .text.MX_USART3_UART_Init
                0x000000000800121c       0x54 ./Core/Src/usart.o
                0x000000000800121c                MX_USART3_UART_Init
 .text.HAL_UART_MspInit
                0x0000000008001270      0x2c4 ./Core/Src/usart.o
                0x0000000008001270                HAL_UART_MspInit
 .text.Reset_Handler
                0x0000000008001534       0x50 ./Core/Startup/startup_stm32f407vetx.o
                0x0000000008001534                Reset_Handler
 .text.Default_Handler
                0x0000000008001584        0x2 ./Core/Startup/startup_stm32f407vetx.o
                0x0000000008001584                RTC_Alarm_IRQHandler
                0x0000000008001584                HASH_RNG_IRQHandler
                0x0000000008001584                EXTI2_IRQHandler
                0x0000000008001584                TIM8_CC_IRQHandler
                0x0000000008001584                TIM1_CC_IRQHandler
                0x0000000008001584                DMA2_Stream5_IRQHandler
                0x0000000008001584                PVD_IRQHandler
                0x0000000008001584                SDIO_IRQHandler
                0x0000000008001584                TAMP_STAMP_IRQHandler
                0x0000000008001584                CAN2_RX1_IRQHandler
                0x0000000008001584                EXTI3_IRQHandler
                0x0000000008001584                TIM8_TRG_COM_TIM14_IRQHandler
                0x0000000008001584                TIM1_UP_TIM10_IRQHandler
                0x0000000008001584                TIM8_UP_TIM13_IRQHandler
                0x0000000008001584                I2C3_ER_IRQHandler
                0x0000000008001584                EXTI0_IRQHandler
                0x0000000008001584                I2C2_EV_IRQHandler
                0x0000000008001584                DMA1_Stream2_IRQHandler
                0x0000000008001584                FPU_IRQHandler
                0x0000000008001584                OTG_HS_WKUP_IRQHandler
                0x0000000008001584                CAN2_SCE_IRQHandler
                0x0000000008001584                SPI1_IRQHandler
                0x0000000008001584                TIM1_BRK_TIM9_IRQHandler
                0x0000000008001584                DCMI_IRQHandler
                0x0000000008001584                CAN2_RX0_IRQHandler
                0x0000000008001584                DMA2_Stream3_IRQHandler
                0x0000000008001584                USART6_IRQHandler
                0x0000000008001584                CAN1_RX1_IRQHandler
                0x0000000008001584                UART5_IRQHandler
                0x0000000008001584                DMA2_Stream0_IRQHandler
                0x0000000008001584                TIM4_IRQHandler
                0x0000000008001584                I2C1_EV_IRQHandler
                0x0000000008001584                DMA1_Stream6_IRQHandler
                0x0000000008001584                UART4_IRQHandler
                0x0000000008001584                TIM3_IRQHandler
                0x0000000008001584                RCC_IRQHandler
                0x0000000008001584                TIM8_BRK_TIM12_IRQHandler
                0x0000000008001584                Default_Handler
                0x0000000008001584                EXTI15_10_IRQHandler
                0x0000000008001584                ADC_IRQHandler
                0x0000000008001584                DMA1_Stream7_IRQHandler
                0x0000000008001584                TIM7_IRQHandler
                0x0000000008001584                CAN2_TX_IRQHandler
                0x0000000008001584                TIM5_IRQHandler
                0x0000000008001584                DMA2_Stream7_IRQHandler
                0x0000000008001584                I2C3_EV_IRQHandler
                0x0000000008001584                EXTI9_5_IRQHandler
                0x0000000008001584                RTC_WKUP_IRQHandler
                0x0000000008001584                ETH_WKUP_IRQHandler
                0x0000000008001584                SPI2_IRQHandler
                0x0000000008001584                OTG_HS_EP1_IN_IRQHandler
                0x0000000008001584                DMA1_Stream0_IRQHandler
                0x0000000008001584                CAN1_TX_IRQHandler
                0x0000000008001584                EXTI4_IRQHandler
                0x0000000008001584                FSMC_IRQHandler
                0x0000000008001584                ETH_IRQHandler
                0x0000000008001584                OTG_HS_EP1_OUT_IRQHandler
                0x0000000008001584                WWDG_IRQHandler
                0x0000000008001584                TIM2_IRQHandler
                0x0000000008001584                OTG_FS_WKUP_IRQHandler
                0x0000000008001584                TIM1_TRG_COM_TIM11_IRQHandler
                0x0000000008001584                OTG_HS_IRQHandler
                0x0000000008001584                EXTI1_IRQHandler
                0x0000000008001584                I2C2_ER_IRQHandler
                0x0000000008001584                DMA2_Stream1_IRQHandler
                0x0000000008001584                FLASH_IRQHandler
                0x0000000008001584                DMA2_Stream4_IRQHandler
                0x0000000008001584                OTG_FS_IRQHandler
                0x0000000008001584                SPI3_IRQHandler
                0x0000000008001584                DMA1_Stream4_IRQHandler
                0x0000000008001584                I2C1_ER_IRQHandler
                0x0000000008001584                DMA2_Stream6_IRQHandler
                0x0000000008001584                DMA1_Stream3_IRQHandler
 .text._ZN16KeyaLKTechDriverC2EmmmR15GlobDataTypeDef
                0x0000000008001586       0xb2 ./Core/cpp/Src/KeyaLKTechDriver.o
                0x0000000008001586                KeyaLKTechDriver::KeyaLKTechDriver(unsigned long, unsigned long, unsigned long, GlobDataTypeDef&)
                0x0000000008001586                KeyaLKTechDriver::KeyaLKTechDriver(unsigned long, unsigned long, unsigned long, GlobDataTypeDef&)
 .text._ZN16KeyaLKTechDriverC2EmmR15GlobDataTypeDef
                0x0000000008001638       0x28 ./Core/cpp/Src/KeyaLKTechDriver.o
                0x0000000008001638                KeyaLKTechDriver::KeyaLKTechDriver(unsigned long, unsigned long, GlobDataTypeDef&)
                0x0000000008001638                KeyaLKTechDriver::KeyaLKTechDriver(unsigned long, unsigned long, GlobDataTypeDef&)
 .text._ZN16KeyaLKTechDriverC2EmR15GlobDataTypeDef
                0x0000000008001660       0x26 ./Core/cpp/Src/KeyaLKTechDriver.o
                0x0000000008001660                KeyaLKTechDriver::KeyaLKTechDriver(unsigned long, GlobDataTypeDef&)
                0x0000000008001660                KeyaLKTechDriver::KeyaLKTechDriver(unsigned long, GlobDataTypeDef&)
 .text._ZN16KeyaLKTechDriver8setSpeedEl
                0x0000000008001686       0xd0 ./Core/cpp/Src/KeyaLKTechDriver.o
                0x0000000008001686                KeyaLKTechDriver::setSpeed(long)
 .text._ZN16KeyaLKTechDriver4stopEv
                0x0000000008001756       0x9c ./Core/cpp/Src/KeyaLKTechDriver.o
                0x0000000008001756                KeyaLKTechDriver::stop()
 .text._ZN16KeyaLKTechDriver6enableEv
                0x00000000080017f2       0x9e ./Core/cpp/Src/KeyaLKTechDriver.o
                0x00000000080017f2                KeyaLKTechDriver::enable()
 .text._ZN16KeyaLKTechDriver7disableEv
                0x0000000008001890       0x9e ./Core/cpp/Src/KeyaLKTechDriver.o
                0x0000000008001890                KeyaLKTechDriver::disable()
 .text._ZN16KeyaLKTechDriver5getIdEv
                0x000000000800192e       0x26 ./Core/cpp/Src/KeyaLKTechDriver.o
                0x000000000800192e                KeyaLKTechDriver::getId()
 .text._ZN16KeyaLKTechDriver7readEncEv
                0x0000000008001954       0xa0 ./Core/cpp/Src/KeyaLKTechDriver.o
                0x0000000008001954                KeyaLKTechDriver::readEnc()
 .text._ZN16KeyaLKTechDriver9readErrorEv
                0x00000000080019f4       0x62 ./Core/cpp/Src/KeyaLKTechDriver.o
                0x00000000080019f4                KeyaLKTechDriver::readError()
 .text._ZN16KeyaLKTechDriver10resetErrorEv
                0x0000000008001a56       0x62 ./Core/cpp/Src/KeyaLKTechDriver.o
                0x0000000008001a56                KeyaLKTechDriver::resetError()
 .text._ZN16KeyaLKTechDriver6getPosEv
                0x0000000008001ab8       0x18 ./Core/cpp/Src/KeyaLKTechDriver.o
                0x0000000008001ab8                KeyaLKTechDriver::getPos()
 .text._ZN16KeyaLKTechDriver8getSpeedEv
                0x0000000008001ad0       0x18 ./Core/cpp/Src/KeyaLKTechDriver.o
                0x0000000008001ad0                KeyaLKTechDriver::getSpeed()
 .text._ZN16KeyaLKTechDriver8getErrorEv
                0x0000000008001ae8       0x1a ./Core/cpp/Src/KeyaLKTechDriver.o
                0x0000000008001ae8                KeyaLKTechDriver::getError()
 .text._ZN16KeyaLKTechDriver7setTempEa
                0x0000000008001b02       0x20 ./Core/cpp/Src/KeyaLKTechDriver.o
                0x0000000008001b02                KeyaLKTechDriver::setTemp(signed char)
 .text._ZN16KeyaLKTechDriver8setErrorEa
                0x0000000008001b22       0x20 ./Core/cpp/Src/KeyaLKTechDriver.o
                0x0000000008001b22                KeyaLKTechDriver::setError(signed char)
 *fill*         0x0000000008001b42        0x2 
 .text._ZN16KeyaLKTechDriver6setPosEl
                0x0000000008001b44      0x184 ./Core/cpp/Src/KeyaLKTechDriver.o
                0x0000000008001b44                KeyaLKTechDriver::setPos(long)
 .text._ZN16KeyaLKTechDriver6setEncEl
                0x0000000008001cc8       0x3e ./Core/cpp/Src/KeyaLKTechDriver.o
                0x0000000008001cc8                KeyaLKTechDriver::setEnc(long)
 .text._ZN16KeyaLKTechDriver13UnwrapEncoderEtPl
                0x0000000008001d06       0x68 ./Core/cpp/Src/KeyaLKTechDriver.o
                0x0000000008001d06                KeyaLKTechDriver::UnwrapEncoder(unsigned short, long*)
 .text._ZN16KeyaLKTechDriver8sendDataEv
                0x0000000008001d6e       0x22 ./Core/cpp/Src/KeyaLKTechDriver.o
                0x0000000008001d6e                KeyaLKTechDriver::sendData()
 .text._ZN5ServoC2EP17TIM_HandleTypeDefm
                0x0000000008001d90       0x26 ./Core/cpp/Src/Servo.o
                0x0000000008001d90                Servo::Servo(TIM_HandleTypeDef*, unsigned long)
                0x0000000008001d90                Servo::Servo(TIM_HandleTypeDef*, unsigned long)
 .text._ZN5Servo8setAngleEl
                0x0000000008001db6       0x8e ./Core/cpp/Src/Servo.o
                0x0000000008001db6                Servo::setAngle(long)
 .text._ZN5Servo8getAngleEv
                0x0000000008001e44       0x18 ./Core/cpp/Src/Servo.o
                0x0000000008001e44                Servo::getAngle()
 .text._ZN5Servo7disableEv
                0x0000000008001e5c       0x28 ./Core/cpp/Src/Servo.o
                0x0000000008001e5c                Servo::disable()
 .text._ZN5Servo3mapEiiiii
                0x0000000008001e84       0x38 ./Core/cpp/Src/Servo.o
                0x0000000008001e84                Servo::map(int, int, int, int, int)
 .text.__NVIC_EnableIRQ
                0x0000000008001ebc       0x3c ./Core/cpp/Src/canbus.o
 .text.__NVIC_DisableIRQ
                0x0000000008001ef8       0x48 ./Core/cpp/Src/canbus.o
 .text.StartCanTask
                0x0000000008001f40       0x54 ./Core/cpp/Src/canbus.o
                0x0000000008001f40                StartCanTask
 .text.CanMsgRead
                0x0000000008001f94      0x114 ./Core/cpp/Src/canbus.o
                0x0000000008001f94                CanMsgRead
 .text.CanMsgSend
                0x00000000080020a8       0x64 ./Core/cpp/Src/canbus.o
                0x00000000080020a8                CanMsgSend
 .text.HAL_CAN_RxFifo0MsgPendingCallback
                0x000000000800210c       0x44 ./Core/cpp/Src/canbus.o
                0x000000000800210c                HAL_CAN_RxFifo0MsgPendingCallback
 .text.HAL_CAN_ErrorCallback
                0x0000000008002150       0x20 ./Core/cpp/Src/canbus.o
                0x0000000008002150                HAL_CAN_ErrorCallback
 .text.StartCanDriversTask
                0x0000000008002170      0x23c ./Core/cpp/Src/drivers_control.o
                0x0000000008002170                StartCanDriversTask
 .text.driversInit
                0x00000000080023ac       0x58 ./Core/cpp/Src/drivers_control.o
                0x00000000080023ac                driversInit
 .text.driversStop
                0x0000000008002404       0x40 ./Core/cpp/Src/drivers_control.o
                0x0000000008002404                driversStop
 .text._Z41__static_initialization_and_destruction_0ii
                0x0000000008002444       0x6c ./Core/cpp/Src/drivers_control.o
 .text._GLOBAL__sub_I_driverX1
                0x00000000080024b0       0x10 ./Core/cpp/Src/drivers_control.o
 .text.StartInputsTask
                0x00000000080024c0      0x1d4 ./Core/cpp/Src/inputs.o
                0x00000000080024c0                StartInputsTask
 .text.unwrap_encoder
                0x0000000008002694       0x66 ./Core/cpp/Src/inputs.o
                0x0000000008002694                unwrap_encoder
 .text.StartMissionsTask
                0x00000000080026fa       0x12 ./Core/cpp/Src/mission.o
                0x00000000080026fa                StartMissionsTask
 .text.StartOutputsTask
                0x000000000800270c       0x30 ./Core/cpp/Src/outputs.o
                0x000000000800270c                StartOutputsTask
 .text.SetOutputs
                0x000000000800273c      0x278 ./Core/cpp/Src/outputs.o
                0x000000000800273c                SetOutputs
 .text.LedBlink
                0x00000000080029b4       0x88 ./Core/cpp/Src/outputs.o
                0x00000000080029b4                LedBlink
 .text.StartServoTask
                0x0000000008002a3c       0x84 ./Core/cpp/Src/servo_control.o
                0x0000000008002a3c                StartServoTask
 .text._Z41__static_initialization_and_destruction_0ii
                0x0000000008002ac0       0x44 ./Core/cpp/Src/servo_control.o
 .text._GLOBAL__sub_I_servo1
                0x0000000008002b04       0x10 ./Core/cpp/Src/servo_control.o
 .text.StartUartWiFiTask
                0x0000000008002b14      0x1f8 ./Core/cpp/Src/uart_wifi.o
                0x0000000008002b14                StartUartWiFiTask
 .text.sendStatus
                0x0000000008002d0c       0xe0 ./Core/cpp/Src/uart_wifi.o
                0x0000000008002d0c                sendStatus
 .text.checkData
                0x0000000008002dec       0x30 ./Core/cpp/Src/uart_wifi.o
                0x0000000008002dec                checkData
 .text.rcGetBattery
                0x0000000008002e1c      0x680 ./Core/cpp/Src/uart_wifi.o
                0x0000000008002e1c                rcGetBattery
 .text.calculateCS
                0x000000000800349c       0x3e ./Core/cpp/Src/uart_wifi.o
                0x000000000800349c                calculateCS
 *fill*         0x00000000080034da        0x2 
 .text.HAL_UART_ErrorCallback
                0x00000000080034dc      0x1a8 ./Core/cpp/Src/uart_wifi.o
                0x00000000080034dc                HAL_UART_ErrorCallback
 .text.HAL_UARTEx_RxEventCallback
                0x0000000008003684       0xd4 ./Core/cpp/Src/uart_wifi.o
                0x0000000008003684                HAL_UARTEx_RxEventCallback
 .text.HAL_Init
                0x0000000008003758       0x44 ./Drivers/STM32F4xx_HAL_Driver/Src/stm32f4xx_hal.o
                0x0000000008003758                HAL_Init
 .text.HAL_IncTick
                0x000000000800379c       0x28 ./Drivers/STM32F4xx_HAL_Driver/Src/stm32f4xx_hal.o
                0x000000000800379c                HAL_IncTick
 .text.HAL_GetTick
                0x00000000080037c4       0x18 ./Drivers/STM32F4xx_HAL_Driver/Src/stm32f4xx_hal.o
                0x00000000080037c4                HAL_GetTick
 .text.HAL_Delay
                0x00000000080037dc       0x48 ./Drivers/STM32F4xx_HAL_Driver/Src/stm32f4xx_hal.o
                0x00000000080037dc                HAL_Delay
 .text.HAL_CAN_Init
                0x0000000008003824      0x1f6 ./Drivers/STM32F4xx_HAL_Driver/Src/stm32f4xx_hal_can.o
                0x0000000008003824                HAL_CAN_Init
 *fill*         0x0000000008003a1a        0x2 
 .text.HAL_CAN_ConfigFilter
                0x0000000008003a1c      0x1c0 ./Drivers/STM32F4xx_HAL_Driver/Src/stm32f4xx_hal_can.o
                0x0000000008003a1c                HAL_CAN_ConfigFilter
 .text.HAL_CAN_Start
                0x0000000008003bdc       0x88 ./Drivers/STM32F4xx_HAL_Driver/Src/stm32f4xx_hal_can.o
                0x0000000008003bdc                HAL_CAN_Start
 .text.HAL_CAN_AddTxMessage
                0x0000000008003c64      0x1b6 ./Drivers/STM32F4xx_HAL_Driver/Src/stm32f4xx_hal_can.o
                0x0000000008003c64                HAL_CAN_AddTxMessage
 .text.HAL_CAN_GetTxMailboxesFreeLevel
                0x0000000008003e1a       0x6a ./Drivers/STM32F4xx_HAL_Driver/Src/stm32f4xx_hal_can.o
                0x0000000008003e1a                HAL_CAN_GetTxMailboxesFreeLevel
 .text.HAL_CAN_GetRxMessage
                0x0000000008003e84      0x224 ./Drivers/STM32F4xx_HAL_Driver/Src/stm32f4xx_hal_can.o
                0x0000000008003e84                HAL_CAN_GetRxMessage
 .text.HAL_CAN_ActivateNotification
                0x00000000080040a8       0x4c ./Drivers/STM32F4xx_HAL_Driver/Src/stm32f4xx_hal_can.o
                0x00000000080040a8                HAL_CAN_ActivateNotification
 .text.HAL_CAN_IRQHandler
                0x00000000080040f4      0x36e ./Drivers/STM32F4xx_HAL_Driver/Src/stm32f4xx_hal_can.o
                0x00000000080040f4                HAL_CAN_IRQHandler
 .text.HAL_CAN_TxMailbox0CompleteCallback
                0x0000000008004462       0x14 ./Drivers/STM32F4xx_HAL_Driver/Src/stm32f4xx_hal_can.o
                0x0000000008004462                HAL_CAN_TxMailbox0CompleteCallback
 .text.HAL_CAN_TxMailbox1CompleteCallback
                0x0000000008004476       0x14 ./Drivers/STM32F4xx_HAL_Driver/Src/stm32f4xx_hal_can.o
                0x0000000008004476                HAL_CAN_TxMailbox1CompleteCallback
 .text.HAL_CAN_TxMailbox2CompleteCallback
                0x000000000800448a       0x14 ./Drivers/STM32F4xx_HAL_Driver/Src/stm32f4xx_hal_can.o
                0x000000000800448a                HAL_CAN_TxMailbox2CompleteCallback
 .text.HAL_CAN_TxMailbox0AbortCallback
                0x000000000800449e       0x14 ./Drivers/STM32F4xx_HAL_Driver/Src/stm32f4xx_hal_can.o
                0x000000000800449e                HAL_CAN_TxMailbox0AbortCallback
 .text.HAL_CAN_TxMailbox1AbortCallback
                0x00000000080044b2       0x14 ./Drivers/STM32F4xx_HAL_Driver/Src/stm32f4xx_hal_can.o
                0x00000000080044b2                HAL_CAN_TxMailbox1AbortCallback
 .text.HAL_CAN_TxMailbox2AbortCallback
                0x00000000080044c6       0x14 ./Drivers/STM32F4xx_HAL_Driver/Src/stm32f4xx_hal_can.o
                0x00000000080044c6                HAL_CAN_TxMailbox2AbortCallback
 .text.HAL_CAN_RxFifo0FullCallback
                0x00000000080044da       0x14 ./Drivers/STM32F4xx_HAL_Driver/Src/stm32f4xx_hal_can.o
                0x00000000080044da                HAL_CAN_RxFifo0FullCallback
 .text.HAL_CAN_RxFifo1MsgPendingCallback
                0x00000000080044ee       0x14 ./Drivers/STM32F4xx_HAL_Driver/Src/stm32f4xx_hal_can.o
                0x00000000080044ee                HAL_CAN_RxFifo1MsgPendingCallback
 .text.HAL_CAN_RxFifo1FullCallback
                0x0000000008004502       0x14 ./Drivers/STM32F4xx_HAL_Driver/Src/stm32f4xx_hal_can.o
                0x0000000008004502                HAL_CAN_RxFifo1FullCallback
 .text.HAL_CAN_SleepCallback
                0x0000000008004516       0x14 ./Drivers/STM32F4xx_HAL_Driver/Src/stm32f4xx_hal_can.o
                0x0000000008004516                HAL_CAN_SleepCallback
 .text.HAL_CAN_WakeUpFromRxMsgCallback
                0x000000000800452a       0x14 ./Drivers/STM32F4xx_HAL_Driver/Src/stm32f4xx_hal_can.o
                0x000000000800452a                HAL_CAN_WakeUpFromRxMsgCallback
 *fill*         0x000000000800453e        0x2 
 .text.__NVIC_SetPriorityGrouping
                0x0000000008004540       0x48 ./Drivers/STM32F4xx_HAL_Driver/Src/stm32f4xx_hal_cortex.o
 .text.__NVIC_GetPriorityGrouping
                0x0000000008004588       0x1c ./Drivers/STM32F4xx_HAL_Driver/Src/stm32f4xx_hal_cortex.o
 .text.__NVIC_EnableIRQ
                0x00000000080045a4       0x3c ./Drivers/STM32F4xx_HAL_Driver/Src/stm32f4xx_hal_cortex.o
 .text.__NVIC_SetPriority
                0x00000000080045e0       0x54 ./Drivers/STM32F4xx_HAL_Driver/Src/stm32f4xx_hal_cortex.o
 .text.NVIC_EncodePriority
                0x0000000008004634       0x66 ./Drivers/STM32F4xx_HAL_Driver/Src/stm32f4xx_hal_cortex.o
 .text.HAL_NVIC_SetPriorityGrouping
                0x000000000800469a       0x16 ./Drivers/STM32F4xx_HAL_Driver/Src/stm32f4xx_hal_cortex.o
                0x000000000800469a                HAL_NVIC_SetPriorityGrouping
 .text.HAL_NVIC_SetPriority
                0x00000000080046b0       0x38 ./Drivers/STM32F4xx_HAL_Driver/Src/stm32f4xx_hal_cortex.o
                0x00000000080046b0                HAL_NVIC_SetPriority
 .text.HAL_NVIC_EnableIRQ
                0x00000000080046e8       0x1c ./Drivers/STM32F4xx_HAL_Driver/Src/stm32f4xx_hal_cortex.o
                0x00000000080046e8                HAL_NVIC_EnableIRQ
 .text.HAL_DMA_Init
                0x0000000008004704      0x15c ./Drivers/STM32F4xx_HAL_Driver/Src/stm32f4xx_hal_dma.o
                0x0000000008004704                HAL_DMA_Init
 .text.HAL_DMA_Start_IT
                0x0000000008004860       0xb0 ./Drivers/STM32F4xx_HAL_Driver/Src/stm32f4xx_hal_dma.o
                0x0000000008004860                HAL_DMA_Start_IT
 .text.HAL_DMA_Abort
                0x0000000008004910       0xe0 ./Drivers/STM32F4xx_HAL_Driver/Src/stm32f4xx_hal_dma.o
                0x0000000008004910                HAL_DMA_Abort
 .text.HAL_DMA_Abort_IT
                0x00000000080049f0       0x44 ./Drivers/STM32F4xx_HAL_Driver/Src/stm32f4xx_hal_dma.o
                0x00000000080049f0                HAL_DMA_Abort_IT
 .text.HAL_DMA_IRQHandler
                0x0000000008004a34      0x314 ./Drivers/STM32F4xx_HAL_Driver/Src/stm32f4xx_hal_dma.o
                0x0000000008004a34                HAL_DMA_IRQHandler
 .text.DMA_SetConfig
                0x0000000008004d48       0x5c ./Drivers/STM32F4xx_HAL_Driver/Src/stm32f4xx_hal_dma.o
 .text.DMA_CalcBaseAndBitshift
                0x0000000008004da4       0x6c ./Drivers/STM32F4xx_HAL_Driver/Src/stm32f4xx_hal_dma.o
 .text.DMA_CheckFifoParam
                0x0000000008004e10       0xf8 ./Drivers/STM32F4xx_HAL_Driver/Src/stm32f4xx_hal_dma.o
 .text.HAL_GPIO_Init
                0x0000000008004f08      0x338 ./Drivers/STM32F4xx_HAL_Driver/Src/stm32f4xx_hal_gpio.o
                0x0000000008004f08                HAL_GPIO_Init
 .text.HAL_GPIO_WritePin
                0x0000000008005240       0x32 ./Drivers/STM32F4xx_HAL_Driver/Src/stm32f4xx_hal_gpio.o
                0x0000000008005240                HAL_GPIO_WritePin
 .text.HAL_IWDG_Init
                0x0000000008005272       0x84 ./Drivers/STM32F4xx_HAL_Driver/Src/stm32f4xx_hal_iwdg.o
                0x0000000008005272                HAL_IWDG_Init
 .text.HAL_IWDG_Refresh
                0x00000000080052f6       0x20 ./Drivers/STM32F4xx_HAL_Driver/Src/stm32f4xx_hal_iwdg.o
                0x00000000080052f6                HAL_IWDG_Refresh
 *fill*         0x0000000008005316        0x2 
 .text.HAL_RCC_OscConfig
                0x0000000008005318      0x4f0 ./Drivers/STM32F4xx_HAL_Driver/Src/stm32f4xx_hal_rcc.o
                0x0000000008005318                HAL_RCC_OscConfig
 .text.HAL_RCC_ClockConfig
                0x0000000008005808      0x1cc ./Drivers/STM32F4xx_HAL_Driver/Src/stm32f4xx_hal_rcc.o
                0x0000000008005808                HAL_RCC_ClockConfig
 .text.HAL_RCC_GetSysClockFreq
                0x00000000080059d4      0x20c ./Drivers/STM32F4xx_HAL_Driver/Src/stm32f4xx_hal_rcc.o
                0x00000000080059d4                HAL_RCC_GetSysClockFreq
 .text.HAL_RCC_GetHCLKFreq
                0x0000000008005be0       0x18 ./Drivers/STM32F4xx_HAL_Driver/Src/stm32f4xx_hal_rcc.o
                0x0000000008005be0                HAL_RCC_GetHCLKFreq
 .text.HAL_RCC_GetPCLK1Freq
                0x0000000008005bf8       0x28 ./Drivers/STM32F4xx_HAL_Driver/Src/stm32f4xx_hal_rcc.o
                0x0000000008005bf8                HAL_RCC_GetPCLK1Freq
 .text.HAL_RCC_GetPCLK2Freq
                0x0000000008005c20       0x28 ./Drivers/STM32F4xx_HAL_Driver/Src/stm32f4xx_hal_rcc.o
                0x0000000008005c20                HAL_RCC_GetPCLK2Freq
 .text.HAL_RCC_GetClockConfig
                0x0000000008005c48       0x64 ./Drivers/STM32F4xx_HAL_Driver/Src/stm32f4xx_hal_rcc.o
                0x0000000008005c48                HAL_RCC_GetClockConfig
 .text.HAL_TIM_Base_Init
                0x0000000008005cac       0x9e ./Drivers/STM32F4xx_HAL_Driver/Src/stm32f4xx_hal_tim.o
                0x0000000008005cac                HAL_TIM_Base_Init
 *fill*         0x0000000008005d4a        0x2 
 .text.HAL_TIM_Base_Start_IT
                0x0000000008005d4c       0xe0 ./Drivers/STM32F4xx_HAL_Driver/Src/stm32f4xx_hal_tim.o
                0x0000000008005d4c                HAL_TIM_Base_Start_IT
 .text.HAL_TIM_PWM_Init
                0x0000000008005e2c       0x9e ./Drivers/STM32F4xx_HAL_Driver/Src/stm32f4xx_hal_tim.o
                0x0000000008005e2c                HAL_TIM_PWM_Init
 .text.HAL_TIM_PWM_MspInit
                0x0000000008005eca       0x14 ./Drivers/STM32F4xx_HAL_Driver/Src/stm32f4xx_hal_tim.o
                0x0000000008005eca                HAL_TIM_PWM_MspInit
 *fill*         0x0000000008005ede        0x2 
 .text.HAL_TIM_PWM_Start
                0x0000000008005ee0      0x190 ./Drivers/STM32F4xx_HAL_Driver/Src/stm32f4xx_hal_tim.o
                0x0000000008005ee0                HAL_TIM_PWM_Start
 .text.HAL_TIM_PWM_Stop
                0x0000000008006070       0xe0 ./Drivers/STM32F4xx_HAL_Driver/Src/stm32f4xx_hal_tim.o
                0x0000000008006070                HAL_TIM_PWM_Stop
 .text.HAL_TIM_Encoder_Init
                0x0000000008006150      0x14c ./Drivers/STM32F4xx_HAL_Driver/Src/stm32f4xx_hal_tim.o
                0x0000000008006150                HAL_TIM_Encoder_Init
 .text.HAL_TIM_Encoder_Start
                0x000000000800629c      0x11c ./Drivers/STM32F4xx_HAL_Driver/Src/stm32f4xx_hal_tim.o
                0x000000000800629c                HAL_TIM_Encoder_Start
 .text.HAL_TIM_IRQHandler
                0x00000000080063b8      0x210 ./Drivers/STM32F4xx_HAL_Driver/Src/stm32f4xx_hal_tim.o
                0x00000000080063b8                HAL_TIM_IRQHandler
 .text.HAL_TIM_PWM_ConfigChannel
                0x00000000080065c8      0x184 ./Drivers/STM32F4xx_HAL_Driver/Src/stm32f4xx_hal_tim.o
                0x00000000080065c8                HAL_TIM_PWM_ConfigChannel
 .text.HAL_TIM_ConfigClockSource
                0x000000000800674c      0x18e ./Drivers/STM32F4xx_HAL_Driver/Src/stm32f4xx_hal_tim.o
                0x000000000800674c                HAL_TIM_ConfigClockSource
 .text.HAL_TIM_OC_DelayElapsedCallback
                0x00000000080068da       0x14 ./Drivers/STM32F4xx_HAL_Driver/Src/stm32f4xx_hal_tim.o
                0x00000000080068da                HAL_TIM_OC_DelayElapsedCallback
 .text.HAL_TIM_IC_CaptureCallback
                0x00000000080068ee       0x14 ./Drivers/STM32F4xx_HAL_Driver/Src/stm32f4xx_hal_tim.o
                0x00000000080068ee                HAL_TIM_IC_CaptureCallback
 .text.HAL_TIM_PWM_PulseFinishedCallback
                0x0000000008006902       0x14 ./Drivers/STM32F4xx_HAL_Driver/Src/stm32f4xx_hal_tim.o
                0x0000000008006902                HAL_TIM_PWM_PulseFinishedCallback
 .text.HAL_TIM_TriggerCallback
                0x0000000008006916       0x14 ./Drivers/STM32F4xx_HAL_Driver/Src/stm32f4xx_hal_tim.o
                0x0000000008006916                HAL_TIM_TriggerCallback
 *fill*         0x000000000800692a        0x2 
 .text.TIM_Base_SetConfig
                0x000000000800692c      0x140 ./Drivers/STM32F4xx_HAL_Driver/Src/stm32f4xx_hal_tim.o
                0x000000000800692c                TIM_Base_SetConfig
 .text.TIM_OC1_SetConfig
                0x0000000008006a6c       0xe0 ./Drivers/STM32F4xx_HAL_Driver/Src/stm32f4xx_hal_tim.o
 .text.TIM_OC2_SetConfig
                0x0000000008006b4c       0xec ./Drivers/STM32F4xx_HAL_Driver/Src/stm32f4xx_hal_tim.o
                0x0000000008006b4c                TIM_OC2_SetConfig
 .text.TIM_OC3_SetConfig
                0x0000000008006c38       0xe8 ./Drivers/STM32F4xx_HAL_Driver/Src/stm32f4xx_hal_tim.o
 .text.TIM_OC4_SetConfig
                0x0000000008006d20       0xac ./Drivers/STM32F4xx_HAL_Driver/Src/stm32f4xx_hal_tim.o
 .text.TIM_TI1_ConfigInputStage
                0x0000000008006dcc       0x5e ./Drivers/STM32F4xx_HAL_Driver/Src/stm32f4xx_hal_tim.o
 .text.TIM_TI2_ConfigInputStage
                0x0000000008006e2a       0x60 ./Drivers/STM32F4xx_HAL_Driver/Src/stm32f4xx_hal_tim.o
 .text.TIM_ITRx_SetConfig
                0x0000000008006e8a       0x36 ./Drivers/STM32F4xx_HAL_Driver/Src/stm32f4xx_hal_tim.o
 .text.TIM_ETR_SetConfig
                0x0000000008006ec0       0x40 ./Drivers/STM32F4xx_HAL_Driver/Src/stm32f4xx_hal_tim.o
                0x0000000008006ec0                TIM_ETR_SetConfig
 .text.TIM_CCxChannelCmd
                0x0000000008006f00       0x4a ./Drivers/STM32F4xx_HAL_Driver/Src/stm32f4xx_hal_tim.o
                0x0000000008006f00                TIM_CCxChannelCmd
 *fill*         0x0000000008006f4a        0x2 
 .text.HAL_TIMEx_MasterConfigSynchronization
                0x0000000008006f4c       0xf8 ./Drivers/STM32F4xx_HAL_Driver/Src/stm32f4xx_hal_tim_ex.o
                0x0000000008006f4c                HAL_TIMEx_MasterConfigSynchronization
 .text.HAL_TIMEx_CommutCallback
                0x0000000008007044       0x14 ./Drivers/STM32F4xx_HAL_Driver/Src/stm32f4xx_hal_tim_ex.o
                0x0000000008007044                HAL_TIMEx_CommutCallback
 .text.HAL_TIMEx_BreakCallback
                0x0000000008007058       0x14 ./Drivers/STM32F4xx_HAL_Driver/Src/stm32f4xx_hal_tim_ex.o
                0x0000000008007058                HAL_TIMEx_BreakCallback
 .text.HAL_UART_Init
                0x000000000800706c       0x9a ./Drivers/STM32F4xx_HAL_Driver/Src/stm32f4xx_hal_uart.o
                0x000000000800706c                HAL_UART_Init
 .text.HAL_UART_Transmit
                0x0000000008007106      0x124 ./Drivers/STM32F4xx_HAL_Driver/Src/stm32f4xx_hal_uart.o
                0x0000000008007106                HAL_UART_Transmit
 .text.HAL_UARTEx_ReceiveToIdle_DMA
                0x000000000800722a       0xca ./Drivers/STM32F4xx_HAL_Driver/Src/stm32f4xx_hal_uart.o
                0x000000000800722a                HAL_UARTEx_ReceiveToIdle_DMA
 .text.HAL_UART_IRQHandler
                0x00000000080072f4      0x51c ./Drivers/STM32F4xx_HAL_Driver/Src/stm32f4xx_hal_uart.o
                0x00000000080072f4                HAL_UART_IRQHandler
 .text.HAL_UART_TxCpltCallback
                0x0000000008007810       0x14 ./Drivers/STM32F4xx_HAL_Driver/Src/stm32f4xx_hal_uart.o
                0x0000000008007810                HAL_UART_TxCpltCallback
 .text.HAL_UART_RxCpltCallback
                0x0000000008007824       0x14 ./Drivers/STM32F4xx_HAL_Driver/Src/stm32f4xx_hal_uart.o
                0x0000000008007824                HAL_UART_RxCpltCallback
 .text.HAL_UART_RxHalfCpltCallback
                0x0000000008007838       0x14 ./Drivers/STM32F4xx_HAL_Driver/Src/stm32f4xx_hal_uart.o
                0x0000000008007838                HAL_UART_RxHalfCpltCallback
 .text.HAL_UART_GetError
                0x000000000800784c       0x18 ./Drivers/STM32F4xx_HAL_Driver/Src/stm32f4xx_hal_uart.o
                0x000000000800784c                HAL_UART_GetError
 .text.UART_DMAReceiveCplt
                0x0000000008007864      0x126 ./Drivers/STM32F4xx_HAL_Driver/Src/stm32f4xx_hal_uart.o
 .text.UART_DMARxHalfCplt
                0x000000000800798a       0x36 ./Drivers/STM32F4xx_HAL_Driver/Src/stm32f4xx_hal_uart.o
 .text.UART_DMAError
                0x00000000080079c0       0x94 ./Drivers/STM32F4xx_HAL_Driver/Src/stm32f4xx_hal_uart.o
 .text.UART_WaitOnFlagUntilTimeout
                0x0000000008007a54       0xdc ./Drivers/STM32F4xx_HAL_Driver/Src/stm32f4xx_hal_uart.o
 .text.UART_Start_Receive_DMA
                0x0000000008007b30      0x13c ./Drivers/STM32F4xx_HAL_Driver/Src/stm32f4xx_hal_uart.o
                0x0000000008007b30                UART_Start_Receive_DMA
 .text.UART_EndTxTransfer
                0x0000000008007c6c       0x50 ./Drivers/STM32F4xx_HAL_Driver/Src/stm32f4xx_hal_uart.o
 .text.UART_EndRxTransfer
                0x0000000008007cbc       0xc6 ./Drivers/STM32F4xx_HAL_Driver/Src/stm32f4xx_hal_uart.o
 .text.UART_DMAAbortOnError
                0x0000000008007d82       0x28 ./Drivers/STM32F4xx_HAL_Driver/Src/stm32f4xx_hal_uart.o
 .text.UART_Transmit_IT
                0x0000000008007daa       0xa0 ./Drivers/STM32F4xx_HAL_Driver/Src/stm32f4xx_hal_uart.o
 .text.UART_EndTransmit_IT
                0x0000000008007e4a       0x30 ./Drivers/STM32F4xx_HAL_Driver/Src/stm32f4xx_hal_uart.o
 .text.UART_Receive_IT
                0x0000000008007e7a      0x176 ./Drivers/STM32F4xx_HAL_Driver/Src/stm32f4xx_hal_uart.o
 .text.UART_SetConfig
                0x0000000008007ff0      0x4e8 ./Drivers/STM32F4xx_HAL_Driver/Src/stm32f4xx_hal_uart.o
 .text.__NVIC_SetPriority
                0x00000000080084d8       0x54 ./Middlewares/Third_Party/FreeRTOS/Source/CMSIS_RTOS_V2/cmsis_os2.o
 .text.SysTick_Handler
                0x000000000800852c       0x20 ./Middlewares/Third_Party/FreeRTOS/Source/CMSIS_RTOS_V2/cmsis_os2.o
                0x000000000800852c                SysTick_Handler
 .text.SVC_Setup
                0x000000000800854c       0x12 ./Middlewares/Third_Party/FreeRTOS/Source/CMSIS_RTOS_V2/cmsis_os2.o
 *fill*         0x000000000800855e        0x2 
 .text.osKernelInitialize
                0x0000000008008560       0x48 ./Middlewares/Third_Party/FreeRTOS/Source/CMSIS_RTOS_V2/cmsis_os2.o
                0x0000000008008560                osKernelInitialize
 .text.osKernelStart
                0x00000000080085a8       0x4c ./Middlewares/Third_Party/FreeRTOS/Source/CMSIS_RTOS_V2/cmsis_os2.o
                0x00000000080085a8                osKernelStart
 .text.osThreadNew
                0x00000000080085f4      0x124 ./Middlewares/Third_Party/FreeRTOS/Source/CMSIS_RTOS_V2/cmsis_os2.o
                0x00000000080085f4                osThreadNew
 .text.osDelay  0x0000000008008718       0x36 ./Middlewares/Third_Party/FreeRTOS/Source/CMSIS_RTOS_V2/cmsis_os2.o
                0x0000000008008718                osDelay
 *fill*         0x000000000800874e        0x2 
 .text.vApplicationGetIdleTaskMemory
                0x0000000008008750       0x34 ./Middlewares/Third_Party/FreeRTOS/Source/CMSIS_RTOS_V2/cmsis_os2.o
                0x0000000008008750                vApplicationGetIdleTaskMemory
 .text.vApplicationGetTimerTaskMemory
                0x0000000008008784       0x34 ./Middlewares/Third_Party/FreeRTOS/Source/CMSIS_RTOS_V2/cmsis_os2.o
                0x0000000008008784                vApplicationGetTimerTaskMemory
 .text.vListInitialise
                0x00000000080087b8       0x40 ./Middlewares/Third_Party/FreeRTOS/Source/list.o
                0x00000000080087b8                vListInitialise
 .text.vListInitialiseItem
                0x00000000080087f8       0x1a ./Middlewares/Third_Party/FreeRTOS/Source/list.o
                0x00000000080087f8                vListInitialiseItem
 .text.vListInsertEnd
                0x0000000008008812       0x48 ./Middlewares/Third_Party/FreeRTOS/Source/list.o
                0x0000000008008812                vListInsertEnd
 .text.vListInsert
                0x000000000800885a       0x72 ./Middlewares/Third_Party/FreeRTOS/Source/list.o
                0x000000000800885a                vListInsert
 .text.uxListRemove
                0x00000000080088cc       0x54 ./Middlewares/Third_Party/FreeRTOS/Source/list.o
                0x00000000080088cc                uxListRemove
 .text.xQueueGenericReset
                0x0000000008008920       0xd0 ./Middlewares/Third_Party/FreeRTOS/Source/queue.o
                0x0000000008008920                xQueueGenericReset
 .text.xQueueGenericCreateStatic
                0x00000000080089f0       0xf0 ./Middlewares/Third_Party/FreeRTOS/Source/queue.o
                0x00000000080089f0                xQueueGenericCreateStatic
 .text.prvInitialiseNewQueue
                0x0000000008008ae0       0x46 ./Middlewares/Third_Party/FreeRTOS/Source/queue.o
 *fill*         0x0000000008008b26        0x2 
 .text.xQueueGenericSend
                0x0000000008008b28      0x1fc ./Middlewares/Third_Party/FreeRTOS/Source/queue.o
                0x0000000008008b28                xQueueGenericSend
 .text.xQueueGenericSendFromISR
                0x0000000008008d24      0x136 ./Middlewares/Third_Party/FreeRTOS/Source/queue.o
                0x0000000008008d24                xQueueGenericSendFromISR
 *fill*         0x0000000008008e5a        0x2 
 .text.xQueueReceive
                0x0000000008008e5c      0x1c0 ./Middlewares/Third_Party/FreeRTOS/Source/queue.o
                0x0000000008008e5c                xQueueReceive
 .text.prvCopyDataToQueue
                0x000000000800901c       0xd4 ./Middlewares/Third_Party/FreeRTOS/Source/queue.o
 .text.prvCopyDataFromQueue
                0x00000000080090f0       0x4c ./Middlewares/Third_Party/FreeRTOS/Source/queue.o
 .text.prvUnlockQueue
                0x000000000800913c       0xa4 ./Middlewares/Third_Party/FreeRTOS/Source/queue.o
 .text.prvIsQueueEmpty
                0x00000000080091e0       0x2c ./Middlewares/Third_Party/FreeRTOS/Source/queue.o
 .text.prvIsQueueFull
                0x000000000800920c       0x30 ./Middlewares/Third_Party/FreeRTOS/Source/queue.o
 .text.vQueueAddToRegistry
                0x000000000800923c       0x54 ./Middlewares/Third_Party/FreeRTOS/Source/queue.o
                0x000000000800923c                vQueueAddToRegistry
 .text.vQueueWaitForMessageRestricted
                0x0000000008009290       0x68 ./Middlewares/Third_Party/FreeRTOS/Source/queue.o
                0x0000000008009290                vQueueWaitForMessageRestricted
 .text.xTaskCreateStatic
                0x00000000080092f8       0xba ./Middlewares/Third_Party/FreeRTOS/Source/tasks.o
                0x00000000080092f8                xTaskCreateStatic
 .text.xTaskCreate
                0x00000000080093b2       0x8a ./Middlewares/Third_Party/FreeRTOS/Source/tasks.o
                0x00000000080093b2                xTaskCreate
 .text.prvInitialiseNewTask
                0x000000000800943c      0x11e ./Middlewares/Third_Party/FreeRTOS/Source/tasks.o
 *fill*         0x000000000800955a        0x2 
 .text.prvAddNewTaskToReadyList
                0x000000000800955c       0xe0 ./Middlewares/Third_Party/FreeRTOS/Source/tasks.o
 .text.vTaskDelay
                0x000000000800963c       0x68 ./Middlewares/Third_Party/FreeRTOS/Source/tasks.o
                0x000000000800963c                vTaskDelay
 .text.vTaskStartScheduler
                0x00000000080096a4       0xcc ./Middlewares/Third_Party/FreeRTOS/Source/tasks.o
                0x00000000080096a4                vTaskStartScheduler
 .text.vTaskSuspendAll
                0x0000000008009770       0x1c ./Middlewares/Third_Party/FreeRTOS/Source/tasks.o
                0x0000000008009770                vTaskSuspendAll
 .text.xTaskResumeAll
                0x000000000800978c      0x13c ./Middlewares/Third_Party/FreeRTOS/Source/tasks.o
                0x000000000800978c                xTaskResumeAll
 .text.xTaskGetTickCount
                0x00000000080098c8       0x20 ./Middlewares/Third_Party/FreeRTOS/Source/tasks.o
                0x00000000080098c8                xTaskGetTickCount
 .text.xTaskIncrementTick
                0x00000000080098e8      0x174 ./Middlewares/Third_Party/FreeRTOS/Source/tasks.o
                0x00000000080098e8                xTaskIncrementTick
 .text.vTaskSwitchContext
                0x0000000008009a5c       0xbc ./Middlewares/Third_Party/FreeRTOS/Source/tasks.o
                0x0000000008009a5c                vTaskSwitchContext
 .text.vTaskPlaceOnEventList
                0x0000000008009b18       0x48 ./Middlewares/Third_Party/FreeRTOS/Source/tasks.o
                0x0000000008009b18                vTaskPlaceOnEventList
 .text.vTaskPlaceOnEventListRestricted
                0x0000000008009b60       0x58 ./Middlewares/Third_Party/FreeRTOS/Source/tasks.o
                0x0000000008009b60                vTaskPlaceOnEventListRestricted
 .text.xTaskRemoveFromEventList
                0x0000000008009bb8       0xc8 ./Middlewares/Third_Party/FreeRTOS/Source/tasks.o
                0x0000000008009bb8                xTaskRemoveFromEventList
 .text.vTaskInternalSetTimeOutState
                0x0000000008009c80       0x2c ./Middlewares/Third_Party/FreeRTOS/Source/tasks.o
                0x0000000008009c80                vTaskInternalSetTimeOutState
 .text.xTaskCheckForTimeOut
                0x0000000008009cac       0xc4 ./Middlewares/Third_Party/FreeRTOS/Source/tasks.o
                0x0000000008009cac                xTaskCheckForTimeOut
 .text.vTaskMissedYield
                0x0000000008009d70       0x18 ./Middlewares/Third_Party/FreeRTOS/Source/tasks.o
                0x0000000008009d70                vTaskMissedYield
 .text.prvIdleTask
                0x0000000008009d88       0x30 ./Middlewares/Third_Party/FreeRTOS/Source/tasks.o
 .text.prvInitialiseTaskLists
                0x0000000008009db8       0x80 ./Middlewares/Third_Party/FreeRTOS/Source/tasks.o
 .text.prvCheckTasksWaitingTermination
                0x0000000008009e38       0x5c ./Middlewares/Third_Party/FreeRTOS/Source/tasks.o
 .text.prvDeleteTCB
                0x0000000008009e94       0x5e ./Middlewares/Third_Party/FreeRTOS/Source/tasks.o
 *fill*         0x0000000008009ef2        0x2 
 .text.prvResetNextTaskUnblockTime
                0x0000000008009ef4       0x40 ./Middlewares/Third_Party/FreeRTOS/Source/tasks.o
 .text.xTaskGetSchedulerState
                0x0000000008009f34       0x3c ./Middlewares/Third_Party/FreeRTOS/Source/tasks.o
                0x0000000008009f34                xTaskGetSchedulerState
 .text.xTaskPriorityDisinherit
                0x0000000008009f70       0xdc ./Middlewares/Third_Party/FreeRTOS/Source/tasks.o
                0x0000000008009f70                xTaskPriorityDisinherit
 .text.prvAddCurrentTaskToDelayedList
                0x000000000800a04c       0xa8 ./Middlewares/Third_Party/FreeRTOS/Source/tasks.o
 .text.xTimerCreateTimerTask
                0x000000000800a0f4       0x90 ./Middlewares/Third_Party/FreeRTOS/Source/timers.o
                0x000000000800a0f4                xTimerCreateTimerTask
 .text.xTimerGenericCommand
                0x000000000800a184       0x9c ./Middlewares/Third_Party/FreeRTOS/Source/timers.o
                0x000000000800a184                xTimerGenericCommand
 .text.prvProcessExpiredTimer
                0x000000000800a220       0x98 ./Middlewares/Third_Party/FreeRTOS/Source/timers.o
 .text.prvTimerTask
                0x000000000800a2b8       0x24 ./Middlewares/Third_Party/FreeRTOS/Source/timers.o
 .text.prvProcessTimerOrBlockTask
                0x000000000800a2dc       0x9c ./Middlewares/Third_Party/FreeRTOS/Source/timers.o
 .text.prvGetNextExpireTime
                0x000000000800a378       0x48 ./Middlewares/Third_Party/FreeRTOS/Source/timers.o
 .text.prvSampleTimeNow
                0x000000000800a3c0       0x40 ./Middlewares/Third_Party/FreeRTOS/Source/timers.o
 .text.prvInsertTimerInActiveList
                0x000000000800a400       0x84 ./Middlewares/Third_Party/FreeRTOS/Source/timers.o
 .text.prvProcessReceivedCommands
                0x000000000800a484      0x1c4 ./Middlewares/Third_Party/FreeRTOS/Source/timers.o
 .text.prvSwitchTimerLists
                0x000000000800a648       0xc8 ./Middlewares/Third_Party/FreeRTOS/Source/timers.o
 .text.prvCheckForValidListAndQueue
                0x000000000800a710       0x80 ./Middlewares/Third_Party/FreeRTOS/Source/timers.o
 .text.pxPortInitialiseStack
                0x000000000800a790       0x68 ./Middlewares/Third_Party/FreeRTOS/Source/portable/GCC/ARM_CM4F/port.o
                0x000000000800a790                pxPortInitialiseStack
 .text.prvTaskExitError
                0x000000000800a7f8       0x58 ./Middlewares/Third_Party/FreeRTOS/Source/portable/GCC/ARM_CM4F/port.o
 .text.SVC_Handler
                0x000000000800a850       0x28 ./Middlewares/Third_Party/FreeRTOS/Source/portable/GCC/ARM_CM4F/port.o
                0x000000000800a850                SVC_Handler
 .text.prvPortStartFirstTask
                0x000000000800a878       0x28 ./Middlewares/Third_Party/FreeRTOS/Source/portable/GCC/ARM_CM4F/port.o
 .text.xPortStartScheduler
                0x000000000800a8a0      0x144 ./Middlewares/Third_Party/FreeRTOS/Source/portable/GCC/ARM_CM4F/port.o
                0x000000000800a8a0                xPortStartScheduler
 .text.vPortEnterCritical
                0x000000000800a9e4       0x60 ./Middlewares/Third_Party/FreeRTOS/Source/portable/GCC/ARM_CM4F/port.o
                0x000000000800a9e4                vPortEnterCritical
 .text.vPortExitCritical
                0x000000000800aa44       0x54 ./Middlewares/Third_Party/FreeRTOS/Source/portable/GCC/ARM_CM4F/port.o
                0x000000000800aa44                vPortExitCritical
 *fill*         0x000000000800aa98        0x8 
 .text.PendSV_Handler
                0x000000000800aaa0       0x68 ./Middlewares/Third_Party/FreeRTOS/Source/portable/GCC/ARM_CM4F/port.o
                0x000000000800aaa0                PendSV_Handler
 .text.xPortSysTickHandler
                0x000000000800ab08       0x44 ./Middlewares/Third_Party/FreeRTOS/Source/portable/GCC/ARM_CM4F/port.o
                0x000000000800ab08                xPortSysTickHandler
 .text.vPortSetupTimerInterrupt
                0x000000000800ab4c       0x48 ./Middlewares/Third_Party/FreeRTOS/Source/portable/GCC/ARM_CM4F/port.o
                0x000000000800ab4c                vPortSetupTimerInterrupt
 .text.vPortEnableVFP
                0x000000000800ab94       0x14 ./Middlewares/Third_Party/FreeRTOS/Source/portable/GCC/ARM_CM4F/port.o
 .text.vPortValidateInterruptPriority
                0x000000000800aba8       0x80 ./Middlewares/Third_Party/FreeRTOS/Source/portable/GCC/ARM_CM4F/port.o
                0x000000000800aba8                vPortValidateInterruptPriority
 .text.pvPortMalloc
                0x000000000800ac28      0x198 ./Middlewares/Third_Party/FreeRTOS/Source/portable/MemMang/heap_4.o
                0x000000000800ac28                pvPortMalloc
 .text.vPortFree
                0x000000000800adc0       0xc4 ./Middlewares/Third_Party/FreeRTOS/Source/portable/MemMang/heap_4.o
                0x000000000800adc0                vPortFree
 .text.prvHeapInit
                0x000000000800ae84       0xc4 ./Middlewares/Third_Party/FreeRTOS/Source/portable/MemMang/heap_4.o
 .text.prvInsertBlockIntoFreeList
                0x000000000800af48       0xb4 ./Middlewares/Third_Party/FreeRTOS/Source/portable/MemMang/heap_4.o
 .text.__libc_init_array
                0x000000000800affc       0x48 c:/st/stm32cubeide_1.9.0/stm32cubeide/plugins/com.st.stm32cube.ide.mcu.externaltools.gnu-tools-for-stm32.10.3-2021.10.win32_1.0.100.202210260954/tools/bin/../lib/gcc/arm-none-eabi/10.3.1/../../../../arm-none-eabi/lib/thumb/v7e-m+fp/hard\libc_nano.a(lib_a-init.o)
                0x000000000800affc                __libc_init_array
 .text.memcpy   0x000000000800b044       0x1c c:/st/stm32cubeide_1.9.0/stm32cubeide/plugins/com.st.stm32cube.ide.mcu.externaltools.gnu-tools-for-stm32.10.3-2021.10.win32_1.0.100.202210260954/tools/bin/../lib/gcc/arm-none-eabi/10.3.1/../../../../arm-none-eabi/lib/thumb/v7e-m+fp/hard\libc_nano.a(lib_a-memcpy-stub.o)
                0x000000000800b044                memcpy
 .text.memset   0x000000000800b060       0x10 c:/st/stm32cubeide_1.9.0/stm32cubeide/plugins/com.st.stm32cube.ide.mcu.externaltools.gnu-tools-for-stm32.10.3-2021.10.win32_1.0.100.202210260954/tools/bin/../lib/gcc/arm-none-eabi/10.3.1/../../../../arm-none-eabi/lib/thumb/v7e-m+fp/hard\libc_nano.a(lib_a-memset.o)
                0x000000000800b060                memset
 *(.glue_7)
 .glue_7        0x000000000800b070        0x0 linker stubs
 *(.glue_7t)
 .glue_7t       0x000000000800b070        0x0 linker stubs
 *(.eh_frame)
 .eh_frame      0x000000000800b070        0x0 c:/st/stm32cubeide_1.9.0/stm32cubeide/plugins/com.st.stm32cube.ide.mcu.externaltools.gnu-tools-for-stm32.10.3-2021.10.win32_1.0.100.202210260954/tools/bin/../lib/gcc/arm-none-eabi/10.3.1/thumb/v7e-m+fp/hard/crtbegin.o
 *(.init)
 .init          0x000000000800b070        0x4 c:/st/stm32cubeide_1.9.0/stm32cubeide/plugins/com.st.stm32cube.ide.mcu.externaltools.gnu-tools-for-stm32.10.3-2021.10.win32_1.0.100.202210260954/tools/bin/../lib/gcc/arm-none-eabi/10.3.1/thumb/v7e-m+fp/hard/crti.o
                0x000000000800b070                _init
 .init          0x000000000800b074        0x8 c:/st/stm32cubeide_1.9.0/stm32cubeide/plugins/com.st.stm32cube.ide.mcu.externaltools.gnu-tools-for-stm32.10.3-2021.10.win32_1.0.100.202210260954/tools/bin/../lib/gcc/arm-none-eabi/10.3.1/thumb/v7e-m+fp/hard/crtn.o
 *(.fini)
 .fini          0x000000000800b07c        0x4 c:/st/stm32cubeide_1.9.0/stm32cubeide/plugins/com.st.stm32cube.ide.mcu.externaltools.gnu-tools-for-stm32.10.3-2021.10.win32_1.0.100.202210260954/tools/bin/../lib/gcc/arm-none-eabi/10.3.1/thumb/v7e-m+fp/hard/crti.o
                0x000000000800b07c                _fini
 .fini          0x000000000800b080        0x8 c:/st/stm32cubeide_1.9.0/stm32cubeide/plugins/com.st.stm32cube.ide.mcu.externaltools.gnu-tools-for-stm32.10.3-2021.10.win32_1.0.100.202210260954/tools/bin/../lib/gcc/arm-none-eabi/10.3.1/thumb/v7e-m+fp/hard/crtn.o
                0x000000000800b088                . = ALIGN (0x4)
                0x000000000800b088                _etext = .

.vfp11_veneer   0x000000000800b088        0x0
 .vfp11_veneer  0x000000000800b088        0x0 linker stubs

.v4_bx          0x000000000800b088        0x0
 .v4_bx         0x000000000800b088        0x0 linker stubs

.iplt           0x000000000800b088        0x0
 .iplt          0x000000000800b088        0x0 c:/st/stm32cubeide_1.9.0/stm32cubeide/plugins/com.st.stm32cube.ide.mcu.externaltools.gnu-tools-for-stm32.10.3-2021.10.win32_1.0.100.202210260954/tools/bin/../lib/gcc/arm-none-eabi/10.3.1/thumb/v7e-m+fp/hard/crtbegin.o

.rodata         0x000000000800b088      0x1f8
                0x000000000800b088                . = ALIGN (0x4)
 *(.rodata)
 .rodata        0x000000000800b088       0x65 ./Core/Src/freertos.o
 *fill*         0x000000000800b0ed        0x3 
 .rodata        0x000000000800b0f0        0x6 ./Core/cpp/Src/uart_wifi.o
 *fill*         0x000000000800b0f6        0x2 
 .rodata        0x000000000800b0f8        0x5 ./Middlewares/Third_Party/FreeRTOS/Source/tasks.o
 *fill*         0x000000000800b0fd        0x3 
 .rodata        0x000000000800b100        0xd ./Middlewares/Third_Party/FreeRTOS/Source/timers.o
 *(.rodata*)
 *fill*         0x000000000800b10d        0x3 
 .rodata.defaultTask_attributes
                0x000000000800b110       0x24 ./Core/Src/freertos.o
                0x000000000800b110                defaultTask_attributes
 .rodata.OutputsTask_attributes
                0x000000000800b134       0x24 ./Core/Src/freertos.o
                0x000000000800b134                OutputsTask_attributes
 .rodata.InputsTask_attributes
                0x000000000800b158       0x24 ./Core/Src/freertos.o
                0x000000000800b158                InputsTask_attributes
 .rodata.ServoTask_attributes
                0x000000000800b17c       0x24 ./Core/Src/freertos.o
                0x000000000800b17c                ServoTask_attributes
 .rodata.UartWiFiTask_attributes
                0x000000000800b1a0       0x24 ./Core/Src/freertos.o
                0x000000000800b1a0                UartWiFiTask_attributes
 .rodata.CanDriversTask_attributes
                0x000000000800b1c4       0x24 ./Core/Src/freertos.o
                0x000000000800b1c4                CanDriversTask_attributes
 .rodata.CanTask_attributes
                0x000000000800b1e8       0x24 ./Core/Src/freertos.o
                0x000000000800b1e8                CanTask_attributes
 .rodata.MissionsTask_attributes
                0x000000000800b20c       0x24 ./Core/Src/freertos.o
                0x000000000800b20c                MissionsTask_attributes
 .rodata.AHBPrescTable
                0x000000000800b230       0x10 ./Core/Src/system_stm32f4xx.o
                0x000000000800b230                AHBPrescTable
 .rodata.APBPrescTable
                0x000000000800b240        0x8 ./Core/Src/system_stm32f4xx.o
                0x000000000800b240                APBPrescTable
 .rodata._ZZ8LedBlinkE9ledb_time
                0x000000000800b248       0x18 ./Core/cpp/Src/outputs.o
 .rodata._ZZ8LedBlinkE8ledb_rep
                0x000000000800b260       0x18 ./Core/cpp/Src/outputs.o
 .rodata.flagBitshiftOffset.0
                0x000000000800b278        0x8 ./Drivers/STM32F4xx_HAL_Driver/Src/stm32f4xx_hal_dma.o
                0x000000000800b280                . = ALIGN (0x4)

.ARM.extab      0x000000000800b280        0x0
                0x000000000800b280                . = ALIGN (0x4)
 *(.ARM.extab* .gnu.linkonce.armextab.*)
                0x000000000800b280                . = ALIGN (0x4)

.ARM            0x000000000800b280        0x8
                0x000000000800b280                . = ALIGN (0x4)
                0x000000000800b280                __exidx_start = .
 *(.ARM.exidx*)
 .ARM.exidx     0x000000000800b280        0x8 c:/st/stm32cubeide_1.9.0/stm32cubeide/plugins/com.st.stm32cube.ide.mcu.externaltools.gnu-tools-for-stm32.10.3-2021.10.win32_1.0.100.202210260954/tools/bin/../lib/gcc/arm-none-eabi/10.3.1/thumb/v7e-m+fp/hard\libgcc.a(_udivmoddi4.o)
                0x000000000800b288                __exidx_end = .
                0x000000000800b288                . = ALIGN (0x4)

.rel.dyn        0x000000000800b288        0x0
 .rel.iplt      0x000000000800b288        0x0 c:/st/stm32cubeide_1.9.0/stm32cubeide/plugins/com.st.stm32cube.ide.mcu.externaltools.gnu-tools-for-stm32.10.3-2021.10.win32_1.0.100.202210260954/tools/bin/../lib/gcc/arm-none-eabi/10.3.1/thumb/v7e-m+fp/hard/crtbegin.o

.preinit_array  0x000000000800b288        0x0
                0x000000000800b288                . = ALIGN (0x4)
                0x000000000800b288                PROVIDE (__preinit_array_start = .)
 *(.preinit_array*)
                0x000000000800b288                PROVIDE (__preinit_array_end = .)
                0x000000000800b288                . = ALIGN (0x4)

.init_array     0x000000000800b288        0xc
                0x000000000800b288                . = ALIGN (0x4)
                0x000000000800b288                PROVIDE (__init_array_start = .)
 *(SORT_BY_NAME(.init_array.*))
 *(.init_array*)
 .init_array    0x000000000800b288        0x4 c:/st/stm32cubeide_1.9.0/stm32cubeide/plugins/com.st.stm32cube.ide.mcu.externaltools.gnu-tools-for-stm32.10.3-2021.10.win32_1.0.100.202210260954/tools/bin/../lib/gcc/arm-none-eabi/10.3.1/thumb/v7e-m+fp/hard/crtbegin.o
 .init_array    0x000000000800b28c        0x4 ./Core/cpp/Src/drivers_control.o
 .init_array    0x000000000800b290        0x4 ./Core/cpp/Src/servo_control.o
                0x000000000800b294                PROVIDE (__init_array_end = .)
                0x000000000800b294                . = ALIGN (0x4)

.fini_array     0x000000000800b294        0x4
                0x000000000800b294                . = ALIGN (0x4)
                [!provide]                        PROVIDE (__fini_array_start = .)
 *(SORT_BY_NAME(.fini_array.*))
 *(.fini_array*)
 .fini_array    0x000000000800b294        0x4 c:/st/stm32cubeide_1.9.0/stm32cubeide/plugins/com.st.stm32cube.ide.mcu.externaltools.gnu-tools-for-stm32.10.3-2021.10.win32_1.0.100.202210260954/tools/bin/../lib/gcc/arm-none-eabi/10.3.1/thumb/v7e-m+fp/hard/crtbegin.o
                [!provide]                        PROVIDE (__fini_array_end = .)
                0x000000000800b298                . = ALIGN (0x4)
                0x000000000800b298                _sidata = LOADADDR (.data)

.data           0x0000000020000000       0x30 load address 0x000000000800b298
                0x0000000020000000                . = ALIGN (0x4)
                0x0000000020000000                _sdata = .
 *(.data)
 *(.data*)
 .data.SystemCoreClock
                0x0000000020000000        0x4 ./Core/Src/system_stm32f4xx.o
                0x0000000020000000                SystemCoreClock
 .data.bms_jbd_request_msg0
                0x0000000020000004        0x7 ./Core/cpp/Src/uart_wifi.o
                0x0000000020000004                bms_jbd_request_msg0
 *fill*         0x000000002000000b        0x1 
 .data.bms_jbd_request_msg1
                0x000000002000000c        0x7 ./Core/cpp/Src/uart_wifi.o
                0x000000002000000c                bms_jbd_request_msg1
 *fill*         0x0000000020000013        0x1 
 .data.bms_smart_request_msg
                0x0000000020000014        0xd ./Core/cpp/Src/uart_wifi.o
                0x0000000020000014                bms_smart_request_msg
 *fill*         0x0000000020000021        0x3 
 .data.uwTickPrio
                0x0000000020000024        0x4 ./Drivers/STM32F4xx_HAL_Driver/Src/stm32f4xx_hal.o
                0x0000000020000024                uwTickPrio
 .data.uwTickFreq
                0x0000000020000028        0x1 ./Drivers/STM32F4xx_HAL_Driver/Src/stm32f4xx_hal.o
                0x0000000020000028                uwTickFreq
 *fill*         0x0000000020000029        0x3 
 .data.uxCriticalNesting
                0x000000002000002c        0x4 ./Middlewares/Third_Party/FreeRTOS/Source/portable/GCC/ARM_CM4F/port.o
 *(.RamFunc)
 *(.RamFunc*)
                0x0000000020000030                . = ALIGN (0x4)
                0x0000000020000030                _edata = .
                0x000000000800b2c8                _siccmram = LOADADDR (.ccmram)

.igot.plt       0x0000000020000030        0x0 load address 0x000000000800b2c8
 .igot.plt      0x0000000020000030        0x0 c:/st/stm32cubeide_1.9.0/stm32cubeide/plugins/com.st.stm32cube.ide.mcu.externaltools.gnu-tools-for-stm32.10.3-2021.10.win32_1.0.100.202210260954/tools/bin/../lib/gcc/arm-none-eabi/10.3.1/thumb/v7e-m+fp/hard/crtbegin.o

.ccmram         0x0000000010000000        0x0 load address 0x000000000800b2c8
                0x0000000010000000                . = ALIGN (0x4)
                0x0000000010000000                _sccmram = .
 *(.ccmram)
 *(.ccmram*)
                0x0000000010000000                . = ALIGN (0x4)
                0x0000000010000000                _eccmram = .
                0x0000000010000000                . = ALIGN (0x4)

.bss            0x0000000020000030     0x68ec
                0x0000000020000030                _sbss = .
                0x0000000020000030                __bss_start__ = _sbss
 *(.bss)
 .bss           0x0000000020000030       0x1c c:/st/stm32cubeide_1.9.0/stm32cubeide/plugins/com.st.stm32cube.ide.mcu.externaltools.gnu-tools-for-stm32.10.3-2021.10.win32_1.0.100.202210260954/tools/bin/../lib/gcc/arm-none-eabi/10.3.1/thumb/v7e-m+fp/hard/crtbegin.o
 *(.bss*)
 .bss.hcan1     0x000000002000004c       0x28 ./Core/Src/can.o
                0x000000002000004c                hcan1
 .bss.globData  0x0000000020000074       0x1c ./Core/Src/freertos.o
                0x0000000020000074                globData
 .bss.contrlMsg
                0x0000000020000090       0x20 ./Core/Src/freertos.o
                0x0000000020000090                contrlMsg
 .bss.statusMsg
                0x00000000200000b0       0x38 ./Core/Src/freertos.o
                0x00000000200000b0                statusMsg
 .bss.defaultTaskHandle
                0x00000000200000e8        0x4 ./Core/Src/freertos.o
                0x00000000200000e8                defaultTaskHandle
 .bss.defaultTaskBuffer
                0x00000000200000ec      0x200 ./Core/Src/freertos.o
                0x00000000200000ec                defaultTaskBuffer
 .bss.defaultTaskControlBlock
                0x00000000200002ec       0x5c ./Core/Src/freertos.o
                0x00000000200002ec                defaultTaskControlBlock
 .bss.OutputsTaskHandle
                0x0000000020000348        0x4 ./Core/Src/freertos.o
                0x0000000020000348                OutputsTaskHandle
 .bss.OutputsTaskBuffer
                0x000000002000034c      0x200 ./Core/Src/freertos.o
                0x000000002000034c                OutputsTaskBuffer
 .bss.OutputsTaskControlBlock
                0x000000002000054c       0x5c ./Core/Src/freertos.o
                0x000000002000054c                OutputsTaskControlBlock
 .bss.InputsTaskHandle
                0x00000000200005a8        0x4 ./Core/Src/freertos.o
                0x00000000200005a8                InputsTaskHandle
 .bss.InputsTaskBuffer
                0x00000000200005ac      0x200 ./Core/Src/freertos.o
                0x00000000200005ac                InputsTaskBuffer
 .bss.InputsTaskControlBlock
                0x00000000200007ac       0x5c ./Core/Src/freertos.o
                0x00000000200007ac                InputsTaskControlBlock
 .bss.ServoTaskHandle
                0x0000000020000808        0x4 ./Core/Src/freertos.o
                0x0000000020000808                ServoTaskHandle
 .bss.ServoTaskBuffer
                0x000000002000080c      0x200 ./Core/Src/freertos.o
                0x000000002000080c                ServoTaskBuffer
 .bss.ServoTaskControlBlock
                0x0000000020000a0c       0x5c ./Core/Src/freertos.o
                0x0000000020000a0c                ServoTaskControlBlock
 .bss.UartWiFiTaskHandle
                0x0000000020000a68        0x4 ./Core/Src/freertos.o
                0x0000000020000a68                UartWiFiTaskHandle
 .bss.UartWiFiTaskBuffer
                0x0000000020000a6c      0x400 ./Core/Src/freertos.o
                0x0000000020000a6c                UartWiFiTaskBuffer
 .bss.UartWiFiTaskControlBlock
                0x0000000020000e6c       0x5c ./Core/Src/freertos.o
                0x0000000020000e6c                UartWiFiTaskControlBlock
 .bss.CanDriversTaskHandle
                0x0000000020000ec8        0x4 ./Core/Src/freertos.o
                0x0000000020000ec8                CanDriversTaskHandle
 .bss.CanDriversTaskBuffer
                0x0000000020000ecc      0x200 ./Core/Src/freertos.o
                0x0000000020000ecc                CanDriversTaskBuffer
 .bss.CanDriversTaskControlBlock
                0x00000000200010cc       0x5c ./Core/Src/freertos.o
                0x00000000200010cc                CanDriversTaskControlBlock
 .bss.CanTaskHandle
                0x0000000020001128        0x4 ./Core/Src/freertos.o
                0x0000000020001128                CanTaskHandle
 .bss.CanTaskBuffer
                0x000000002000112c      0x400 ./Core/Src/freertos.o
                0x000000002000112c                CanTaskBuffer
 .bss.CanTaskControlBlock
                0x000000002000152c       0x5c ./Core/Src/freertos.o
                0x000000002000152c                CanTaskControlBlock
 .bss.MissionsTaskHandle
                0x0000000020001588        0x4 ./Core/Src/freertos.o
                0x0000000020001588                MissionsTaskHandle
 .bss.MissionsTaskBuffer
                0x000000002000158c      0x400 ./Core/Src/freertos.o
                0x000000002000158c                MissionsTaskBuffer
 .bss.MissionsTaskControlBlock
                0x000000002000198c       0x5c ./Core/Src/freertos.o
                0x000000002000198c                MissionsTaskControlBlock
 .bss.hiwdg     0x00000000200019e8        0xc ./Core/Src/iwdg.o
                0x00000000200019e8                hiwdg
 .bss.htim6     0x00000000200019f4       0x48 ./Core/Src/stm32f4xx_hal_timebase_tim.o
                0x00000000200019f4                htim6
 .bss.htim3     0x0000000020001a3c       0x48 ./Core/Src/tim.o
                0x0000000020001a3c                htim3
 .bss.htim4     0x0000000020001a84       0x48 ./Core/Src/tim.o
                0x0000000020001a84                htim4
 .bss.huart1    0x0000000020001acc       0x44 ./Core/Src/usart.o
                0x0000000020001acc                huart1
 .bss.huart2    0x0000000020001b10       0x44 ./Core/Src/usart.o
                0x0000000020001b10                huart2
 .bss.huart3    0x0000000020001b54       0x44 ./Core/Src/usart.o
                0x0000000020001b54                huart3
 .bss.hdma_usart1_rx
                0x0000000020001b98       0x60 ./Core/Src/usart.o
                0x0000000020001b98                hdma_usart1_rx
 .bss.hdma_usart2_rx
                0x0000000020001bf8       0x60 ./Core/Src/usart.o
                0x0000000020001bf8                hdma_usart2_rx
 .bss.hdma_usart3_rx
                0x0000000020001c58       0x60 ./Core/Src/usart.o
                0x0000000020001c58                hdma_usart3_rx
 .bss.NewCanMsg
                0x0000000020001cb8        0x1 ./Core/cpp/Src/canbus.o
                0x0000000020001cb8                NewCanMsg
 *fill*         0x0000000020001cb9        0x3 
 .bss.RxHeader  0x0000000020001cbc       0x1c ./Core/cpp/Src/canbus.o
                0x0000000020001cbc                RxHeader
 .bss.RxData    0x0000000020001cd8        0x8 ./Core/cpp/Src/canbus.o
                0x0000000020001cd8                RxData
 .bss.TxMailbox
                0x0000000020001ce0        0x4 ./Core/cpp/Src/canbus.o
                0x0000000020001ce0                TxMailbox
 .bss.canDataRecv
                0x0000000020001ce4        0x8 ./Core/cpp/Src/canbus.o
                0x0000000020001ce4                canDataRecv
 .bss.driverX1  0x0000000020001cec       0x40 ./Core/cpp/Src/drivers_control.o
                0x0000000020001cec                driverX1
 .bss.driverX2  0x0000000020001d2c       0x40 ./Core/cpp/Src/drivers_control.o
                0x0000000020001d2c                driverX2
 .bss.driverY1  0x0000000020001d6c       0x40 ./Core/cpp/Src/drivers_control.o
                0x0000000020001d6c                driverY1
 .bss.driverY2  0x0000000020001dac       0x40 ./Core/cpp/Src/drivers_control.o
                0x0000000020001dac                driverY2
 .bss.mdrivers  0x0000000020001dec       0x10 ./Core/cpp/Src/drivers_control.o
                0x0000000020001dec                mdrivers
 .bss.enc_prev  0x0000000020001dfc        0x4 ./Core/cpp/Src/inputs.o
                0x0000000020001dfc                enc_prev
 .bss._ZZ15StartInputsTaskE11currCounter
                0x0000000020001e00        0x4 ./Core/cpp/Src/inputs.o
 .bss._ZZ15StartInputsTaskE13enc_idle_tick
                0x0000000020001e04        0x4 ./Core/cpp/Src/inputs.o
 .bss.lift_check_timer
                0x0000000020001e08        0x4 ./Core/cpp/Src/outputs.o
                0x0000000020001e08                lift_check_timer
 .bss._ZZ10SetOutputsE14check_timer_en
                0x0000000020001e0c        0x1 ./Core/cpp/Src/outputs.o
 *fill*         0x0000000020001e0d        0x3 
 .bss._ZZ8LedBlinkE16ledb_active_time
                0x0000000020001e10        0x4 ./Core/cpp/Src/outputs.o
 .bss._ZZ8LedBlinkE12ledb_repeats
                0x0000000020001e14        0x4 ./Core/cpp/Src/outputs.o
 .bss.servo1    0x0000000020001e18       0x10 ./Core/cpp/Src/servo_control.o
                0x0000000020001e18                servo1
 .bss.servo2    0x0000000020001e28       0x10 ./Core/cpp/Src/servo_control.o
                0x0000000020001e28                servo2
 .bss.servo     0x0000000020001e38        0x8 ./Core/cpp/Src/servo_control.o
                0x0000000020001e38                servo
 .bss.batteryMsg
                0x0000000020001e40       0x50 ./Core/cpp/Src/uart_wifi.o
                0x0000000020001e40                batteryMsg
 .bss.new_wifi_data
                0x0000000020001e90        0x1 ./Core/cpp/Src/uart_wifi.o
                0x0000000020001e90                new_wifi_data
 .bss.new_remote_data
                0x0000000020001e91        0x1 ./Core/cpp/Src/uart_wifi.o
                0x0000000020001e91                new_remote_data
 .bss.new_bms_data
                0x0000000020001e92        0x1 ./Core/cpp/Src/uart_wifi.o
                0x0000000020001e92                new_bms_data
 *fill*         0x0000000020001e93        0x1 
 .bss.rc_uart_buff
                0x0000000020001e94       0x64 ./Core/cpp/Src/uart_wifi.o
                0x0000000020001e94                rc_uart_buff
 .bss.bms_uart_buff
                0x0000000020001ef8       0x64 ./Core/cpp/Src/uart_wifi.o
                0x0000000020001ef8                bms_uart_buff
 .bss.wifi_uart_buff
                0x0000000020001f5c       0x64 ./Core/cpp/Src/uart_wifi.o
                0x0000000020001f5c                wifi_uart_buff
 .bss.bms_req_time
                0x0000000020001fc0        0x4 ./Core/cpp/Src/uart_wifi.o
                0x0000000020001fc0                bms_req_time
 .bss.bms_err   0x0000000020001fc4        0x1 ./Core/cpp/Src/uart_wifi.o
                0x0000000020001fc4                bms_err
 .bss.bms_detected
                0x0000000020001fc5        0x1 ./Core/cpp/Src/uart_wifi.o
                0x0000000020001fc5                bms_detected
 .bss.smart_bms
                0x0000000020001fc6        0x1 ./Core/cpp/Src/uart_wifi.o
                0x0000000020001fc6                smart_bms
 *fill*         0x0000000020001fc7        0x1 
 .bss.uwTick    0x0000000020001fc8        0x4 ./Drivers/STM32F4xx_HAL_Driver/Src/stm32f4xx_hal.o
                0x0000000020001fc8                uwTick
 .bss.KernelState
                0x0000000020001fcc        0x4 ./Middlewares/Third_Party/FreeRTOS/Source/CMSIS_RTOS_V2/cmsis_os2.o
 .bss.Idle_TCB.3
                0x0000000020001fd0       0x5c ./Middlewares/Third_Party/FreeRTOS/Source/CMSIS_RTOS_V2/cmsis_os2.o
 .bss.Idle_Stack.2
                0x000000002000202c      0x200 ./Middlewares/Third_Party/FreeRTOS/Source/CMSIS_RTOS_V2/cmsis_os2.o
 .bss.Timer_TCB.1
                0x000000002000222c       0x5c ./Middlewares/Third_Party/FreeRTOS/Source/CMSIS_RTOS_V2/cmsis_os2.o
 .bss.Timer_Stack.0
                0x0000000020002288      0x400 ./Middlewares/Third_Party/FreeRTOS/Source/CMSIS_RTOS_V2/cmsis_os2.o
 .bss.xQueueRegistry
                0x0000000020002688       0x40 ./Middlewares/Third_Party/FreeRTOS/Source/queue.o
                0x0000000020002688                xQueueRegistry
 .bss.pxCurrentTCB
                0x00000000200026c8        0x4 ./Middlewares/Third_Party/FreeRTOS/Source/tasks.o
                0x00000000200026c8                pxCurrentTCB
 .bss.pxReadyTasksLists
                0x00000000200026cc      0x460 ./Middlewares/Third_Party/FreeRTOS/Source/tasks.o
 .bss.xDelayedTaskList1
                0x0000000020002b2c       0x14 ./Middlewares/Third_Party/FreeRTOS/Source/tasks.o
 .bss.xDelayedTaskList2
                0x0000000020002b40       0x14 ./Middlewares/Third_Party/FreeRTOS/Source/tasks.o
 .bss.pxDelayedTaskList
                0x0000000020002b54        0x4 ./Middlewares/Third_Party/FreeRTOS/Source/tasks.o
 .bss.pxOverflowDelayedTaskList
                0x0000000020002b58        0x4 ./Middlewares/Third_Party/FreeRTOS/Source/tasks.o
 .bss.xPendingReadyList
                0x0000000020002b5c       0x14 ./Middlewares/Third_Party/FreeRTOS/Source/tasks.o
 .bss.xTasksWaitingTermination
                0x0000000020002b70       0x14 ./Middlewares/Third_Party/FreeRTOS/Source/tasks.o
 .bss.uxDeletedTasksWaitingCleanUp
                0x0000000020002b84        0x4 ./Middlewares/Third_Party/FreeRTOS/Source/tasks.o
 .bss.xSuspendedTaskList
                0x0000000020002b88       0x14 ./Middlewares/Third_Party/FreeRTOS/Source/tasks.o
 .bss.uxCurrentNumberOfTasks
                0x0000000020002b9c        0x4 ./Middlewares/Third_Party/FreeRTOS/Source/tasks.o
 .bss.xTickCount
                0x0000000020002ba0        0x4 ./Middlewares/Third_Party/FreeRTOS/Source/tasks.o
 .bss.uxTopReadyPriority
                0x0000000020002ba4        0x4 ./Middlewares/Third_Party/FreeRTOS/Source/tasks.o
 .bss.xSchedulerRunning
                0x0000000020002ba8        0x4 ./Middlewares/Third_Party/FreeRTOS/Source/tasks.o
 .bss.xPendedTicks
                0x0000000020002bac        0x4 ./Middlewares/Third_Party/FreeRTOS/Source/tasks.o
 .bss.xYieldPending
                0x0000000020002bb0        0x4 ./Middlewares/Third_Party/FreeRTOS/Source/tasks.o
 .bss.xNumOfOverflows
                0x0000000020002bb4        0x4 ./Middlewares/Third_Party/FreeRTOS/Source/tasks.o
 .bss.uxTaskNumber
                0x0000000020002bb8        0x4 ./Middlewares/Third_Party/FreeRTOS/Source/tasks.o
 .bss.xNextTaskUnblockTime
                0x0000000020002bbc        0x4 ./Middlewares/Third_Party/FreeRTOS/Source/tasks.o
 .bss.xIdleTaskHandle
                0x0000000020002bc0        0x4 ./Middlewares/Third_Party/FreeRTOS/Source/tasks.o
 .bss.uxSchedulerSuspended
                0x0000000020002bc4        0x4 ./Middlewares/Third_Party/FreeRTOS/Source/tasks.o
 .bss.xActiveTimerList1
                0x0000000020002bc8       0x14 ./Middlewares/Third_Party/FreeRTOS/Source/timers.o
 .bss.xActiveTimerList2
                0x0000000020002bdc       0x14 ./Middlewares/Third_Party/FreeRTOS/Source/timers.o
 .bss.pxCurrentTimerList
                0x0000000020002bf0        0x4 ./Middlewares/Third_Party/FreeRTOS/Source/timers.o
 .bss.pxOverflowTimerList
                0x0000000020002bf4        0x4 ./Middlewares/Third_Party/FreeRTOS/Source/timers.o
 .bss.xTimerQueue
                0x0000000020002bf8        0x4 ./Middlewares/Third_Party/FreeRTOS/Source/timers.o
 .bss.xTimerTaskHandle
                0x0000000020002bfc        0x4 ./Middlewares/Third_Party/FreeRTOS/Source/timers.o
 .bss.xLastTime.2
                0x0000000020002c00        0x4 ./Middlewares/Third_Party/FreeRTOS/Source/timers.o
 .bss.ucStaticTimerQueueStorage.1
                0x0000000020002c04       0xa0 ./Middlewares/Third_Party/FreeRTOS/Source/timers.o
 .bss.xStaticTimerQueue.0
                0x0000000020002ca4       0x50 ./Middlewares/Third_Party/FreeRTOS/Source/timers.o
 .bss.ucMaxSysCallPriority
                0x0000000020002cf4        0x1 ./Middlewares/Third_Party/FreeRTOS/Source/portable/GCC/ARM_CM4F/port.o
 *fill*         0x0000000020002cf5        0x3 
 .bss.ulMaxPRIGROUPValue
                0x0000000020002cf8        0x4 ./Middlewares/Third_Party/FreeRTOS/Source/portable/GCC/ARM_CM4F/port.o
 .bss.ucHeap    0x0000000020002cfc     0x3c00 ./Middlewares/Third_Party/FreeRTOS/Source/portable/MemMang/heap_4.o
 .bss.xStart    0x00000000200068fc        0x8 ./Middlewares/Third_Party/FreeRTOS/Source/portable/MemMang/heap_4.o
 .bss.pxEnd     0x0000000020006904        0x4 ./Middlewares/Third_Party/FreeRTOS/Source/portable/MemMang/heap_4.o
 .bss.xFreeBytesRemaining
                0x0000000020006908        0x4 ./Middlewares/Third_Party/FreeRTOS/Source/portable/MemMang/heap_4.o
 .bss.xMinimumEverFreeBytesRemaining
                0x000000002000690c        0x4 ./Middlewares/Third_Party/FreeRTOS/Source/portable/MemMang/heap_4.o
 .bss.xNumberOfSuccessfulAllocations
                0x0000000020006910        0x4 ./Middlewares/Third_Party/FreeRTOS/Source/portable/MemMang/heap_4.o
 .bss.xNumberOfSuccessfulFrees
                0x0000000020006914        0x4 ./Middlewares/Third_Party/FreeRTOS/Source/portable/MemMang/heap_4.o
 .bss.xBlockAllocatedBit
                0x0000000020006918        0x4 ./Middlewares/Third_Party/FreeRTOS/Source/portable/MemMang/heap_4.o
 *(COMMON)
                0x000000002000691c                . = ALIGN (0x4)
                0x000000002000691c                _ebss = .
                0x000000002000691c                __bss_end__ = _ebss

._user_heap_stack
                0x000000002000691c      0x604
                0x0000000020006920                . = ALIGN (0x8)
 *fill*         0x000000002000691c        0x4 
                [!provide]                        PROVIDE (end = .)
                0x0000000020006920                PROVIDE (_end = .)
                0x0000000020006b20                . = (. + _Min_Heap_Size)
 *fill*         0x0000000020006920      0x200 
                0x0000000020006f20                . = (. + _Min_Stack_Size)
 *fill*         0x0000000020006b20      0x400 
                0x0000000020006f20                . = ALIGN (0x8)

/DISCARD/
 libc.a(*)
 libm.a(*)
 libgcc.a(*)

.ARM.attributes
                0x0000000000000000       0x30
 *(.ARM.attributes)
 .ARM.attributes
                0x0000000000000000       0x1e c:/st/stm32cubeide_1.9.0/stm32cubeide/plugins/com.st.stm32cube.ide.mcu.externaltools.gnu-tools-for-stm32.10.3-2021.10.win32_1.0.100.202210260954/tools/bin/../lib/gcc/arm-none-eabi/10.3.1/thumb/v7e-m+fp/hard/crti.o
 .ARM.attributes
                0x000000000000001e       0x34 c:/st/stm32cubeide_1.9.0/stm32cubeide/plugins/com.st.stm32cube.ide.mcu.externaltools.gnu-tools-for-stm32.10.3-2021.10.win32_1.0.100.202210260954/tools/bin/../lib/gcc/arm-none-eabi/10.3.1/thumb/v7e-m+fp/hard/crtbegin.o
 .ARM.attributes
                0x0000000000000052       0x34 ./Core/Src/can.o
 .ARM.attributes
                0x0000000000000086       0x34 ./Core/Src/dma.o
 .ARM.attributes
                0x00000000000000ba       0x34 ./Core/Src/freertos.o
 .ARM.attributes
                0x00000000000000ee       0x34 ./Core/Src/gpio.o
 .ARM.attributes
                0x0000000000000122       0x34 ./Core/Src/iwdg.o
 .ARM.attributes
                0x0000000000000156       0x34 ./Core/Src/main.o
 .ARM.attributes
                0x000000000000018a       0x34 ./Core/Src/stm32f4xx_hal_msp.o
 .ARM.attributes
                0x00000000000001be       0x34 ./Core/Src/stm32f4xx_hal_timebase_tim.o
 .ARM.attributes
                0x00000000000001f2       0x34 ./Core/Src/stm32f4xx_it.o
 .ARM.attributes
                0x0000000000000226       0x34 ./Core/Src/system_stm32f4xx.o
 .ARM.attributes
                0x000000000000025a       0x34 ./Core/Src/tim.o
 .ARM.attributes
                0x000000000000028e       0x34 ./Core/Src/usart.o
 .ARM.attributes
                0x00000000000002c2       0x21 ./Core/Startup/startup_stm32f407vetx.o
 .ARM.attributes
                0x00000000000002e3       0x34 ./Core/cpp/Src/KeyaLKTechDriver.o
 .ARM.attributes
                0x0000000000000317       0x34 ./Core/cpp/Src/Servo.o
 .ARM.attributes
                0x000000000000034b       0x34 ./Core/cpp/Src/canbus.o
 .ARM.attributes
                0x000000000000037f       0x34 ./Core/cpp/Src/drivers_control.o
 .ARM.attributes
                0x00000000000003b3       0x34 ./Core/cpp/Src/inputs.o
 .ARM.attributes
                0x00000000000003e7       0x34 ./Core/cpp/Src/mission.o
 .ARM.attributes