../Core/cpp/Src/KeyaLKTechDriver.cpp:10:1:KeyaLKTechDriver::KeyaLKTechDriver(uint32_t, uint32_t, uint32_t, GlobDataTypeDef&)	32	static
../Core/cpp/Src/KeyaLKTechDriver.cpp:28:1:KeyaLKTechDriver::KeyaLKTechDriver(uint32_t, uint32_t, GlobDataTypeDef&)	32	static
../Core/cpp/Src/KeyaLKTechDriver.cpp:29:1:KeyaLKTechDriver::KeyaLKTechDriver(uint32_t, GlobDataTypeDef&)	32	static
../Core/cpp/Src/KeyaLKTechDriver.cpp:31:9:uint8_t KeyaLKTechDriver::setSpeed(int32_t)	16	static
../Core/cpp/Src/KeyaLKTechDriver.cpp:65:9:uint8_t KeyaLKTechDriver::stop()	16	static
../Core/cpp/Src/KeyaLKTechDriver.cpp:89:9:uint8_t KeyaLKTechDriver::stopHold()	16	static
../Core/cpp/Src/KeyaLKTechDriver.cpp:96:9:uint8_t KeyaLKTechDriver::enable()	16	static
../Core/cpp/Src/KeyaLKTechDriver.cpp:121:9:uint8_t KeyaLKTechDriver::disable()	16	static
../Core/cpp/Src/KeyaLKTechDriver.cpp:146:10:uint32_t KeyaLKTechDriver::getId()	16	static
../Core/cpp/Src/KeyaLKTechDriver.cpp:156:9:uint8_t KeyaLKTechDriver::readEnc()	16	static
../Core/cpp/Src/KeyaLKTechDriver.cpp:180:9:uint8_t KeyaLKTechDriver::resetError()	16	static
../Core/cpp/Src/KeyaLKTechDriver.cpp:204:9:int32_t KeyaLKTechDriver::getPos()	16	static
../Core/cpp/Src/KeyaLKTechDriver.cpp:209:9:int32_t KeyaLKTechDriver::getSpeed()	16	static
../Core/cpp/Src/KeyaLKTechDriver.cpp:214:8:int8_t KeyaLKTechDriver::getTemp()	16	static
../Core/cpp/Src/KeyaLKTechDriver.cpp:219:8:int8_t KeyaLKTechDriver::getHolding()	16	static
../Core/cpp/Src/KeyaLKTechDriver.cpp:224:6:void KeyaLKTechDriver::setTemp(int8_t)	16	static
../Core/cpp/Src/KeyaLKTechDriver.cpp:229:6:void KeyaLKTechDriver::setHolding(int8_t)	16	static
../Core/cpp/Src/KeyaLKTechDriver.cpp:234:6:void KeyaLKTechDriver::setOffset()	16	static
../Core/cpp/Src/KeyaLKTechDriver.cpp:239:9:uint8_t KeyaLKTechDriver::setPos(int32_t)	24	static
../Core/cpp/Src/KeyaLKTechDriver.cpp:301:6:void KeyaLKTechDriver::setEnc(int32_t)	16	static
../Core/cpp/Src/KeyaLKTechDriver.cpp:310:9:int32_t KeyaLKTechDriver::UnwrapEncoder(uint16_t, int32_t*)	40	static
../Core/cpp/Src/KeyaLKTechDriver.cpp:325:9:uint8_t KeyaLKTechDriver::sendData()	16	static
