../Core/cpp/Src/KeyaLKTechDriver.cpp:10:1:KeyaLKTechDriver::KeyaLKTechDriver(uint32_t, uint32_t, uint32_t)	24	static
../Core/cpp/Src/KeyaLKTechDriver.cpp:27:1:KeyaLKTechDriver::KeyaLKTechDriver(uint32_t, uint32_t)	24	static
../Core/cpp/Src/KeyaLKTechDriver.cpp:28:1:KeyaLKTechDriver::KeyaLKTechDriver(uint32_t)	16	static
../Core/cpp/Src/KeyaLKTechDriver.cpp:30:9:uint8_t KeyaLKTechDriver::setSpeed(int32_t)	16	static
../Core/cpp/Src/KeyaLKTechDriver.cpp:62:9:uint8_t KeyaLKTechDriver::stop()	16	static
../Core/cpp/Src/KeyaLKTechDriver.cpp:87:9:uint8_t KeyaLKTechDriver::enable()	16	static
../Core/cpp/Src/KeyaLKTechDriver.cpp:112:9:uint8_t KeyaLKTechDriver::disable()	16	static
../Core/cpp/Src/KeyaLKTechDriver.cpp:137:10:uint32_t KeyaLKTechDriver::getId()	16	static
../Core/cpp/Src/KeyaLKTechDriver.cpp:147:9:uint8_t KeyaLKTechDriver::readEnc()	16	static
../Core/cpp/Src/KeyaLKTechDriver.cpp:171:9:int32_t KeyaLKTechDriver::getPos()	16	static
../Core/cpp/Src/KeyaLKTechDriver.cpp:176:8:int8_t KeyaLKTechDriver::getTemp()	16	static
../Core/cpp/Src/KeyaLKTechDriver.cpp:181:6:void KeyaLKTechDriver::setTemp(int8_t)	16	static
../Core/cpp/Src/KeyaLKTechDriver.cpp:186:6:void KeyaLKTechDriver::setEnc(int32_t)	16	static
../Core/cpp/Src/KeyaLKTechDriver.cpp:191:9:int32_t KeyaLKTechDriver::UnwrapEncoder(uint16_t, int32_t*)	40	static
../Core/cpp/Src/KeyaLKTechDriver.cpp:206:9:uint8_t KeyaLKTechDriver::sendData()	16	static
