Archive member included to satisfy reference by file (symbol)

c:/st/stm32cubeide_1.9.0/stm32cubeide/plugins/com.st.stm32cube.ide.mcu.externaltools.gnu-tools-for-stm32.10.3-2021.10.win32_1.0.100.202210260954/tools/bin/../lib/gcc/arm-none-eabi/10.3.1/../../../../arm-none-eabi/lib/thumb/v7e-m+fp/hard\libc_nano.a(lib_a-errno.o)
                              ./Core/Src/syscalls.o (__errno)
c:/st/stm32cubeide_1.9.0/stm32cubeide/plugins/com.st.stm32cube.ide.mcu.externaltools.gnu-tools-for-stm32.10.3-2021.10.win32_1.0.100.202210260954/tools/bin/../lib/gcc/arm-none-eabi/10.3.1/../../../../arm-none-eabi/lib/thumb/v7e-m+fp/hard\libc_nano.a(lib_a-exit.o)
                              c:/st/stm32cubeide_1.9.0/stm32cubeide/plugins/com.st.stm32cube.ide.mcu.externaltools.gnu-tools-for-stm32.10.3-2021.10.win32_1.0.100.202210260954/tools/bin/../lib/gcc/arm-none-eabi/10.3.1/../../../../arm-none-eabi/lib/thumb/v7e-m+fp/hard/crt0.o (exit)
c:/st/stm32cubeide_1.9.0/stm32cubeide/plugins/com.st.stm32cube.ide.mcu.externaltools.gnu-tools-for-stm32.10.3-2021.10.win32_1.0.100.202210260954/tools/bin/../lib/gcc/arm-none-eabi/10.3.1/../../../../arm-none-eabi/lib/thumb/v7e-m+fp/hard\libc_nano.a(lib_a-impure.o)
                              c:/st/stm32cubeide_1.9.0/stm32cubeide/plugins/com.st.stm32cube.ide.mcu.externaltools.gnu-tools-for-stm32.10.3-2021.10.win32_1.0.100.202210260954/tools/bin/../lib/gcc/arm-none-eabi/10.3.1/../../../../arm-none-eabi/lib/thumb/v7e-m+fp/hard\libc_nano.a(lib_a-exit.o) (_global_impure_ptr)
c:/st/stm32cubeide_1.9.0/stm32cubeide/plugins/com.st.stm32cube.ide.mcu.externaltools.gnu-tools-for-stm32.10.3-2021.10.win32_1.0.100.202210260954/tools/bin/../lib/gcc/arm-none-eabi/10.3.1/../../../../arm-none-eabi/lib/thumb/v7e-m+fp/hard\libc_nano.a(lib_a-init.o)
                              c:/st/stm32cubeide_1.9.0/stm32cubeide/plugins/com.st.stm32cube.ide.mcu.externaltools.gnu-tools-for-stm32.10.3-2021.10.win32_1.0.100.202210260954/tools/bin/../lib/gcc/arm-none-eabi/10.3.1/../../../../arm-none-eabi/lib/thumb/v7e-m+fp/hard/crt0.o (__libc_init_array)
c:/st/stm32cubeide_1.9.0/stm32cubeide/plugins/com.st.stm32cube.ide.mcu.externaltools.gnu-tools-for-stm32.10.3-2021.10.win32_1.0.100.202210260954/tools/bin/../lib/gcc/arm-none-eabi/10.3.1/../../../../arm-none-eabi/lib/thumb/v7e-m+fp/hard\libc_nano.a(lib_a-memcpy-stub.o)
                              ./Middlewares/Third_Party/FreeRTOS/Source/CMSIS_RTOS_V2/cmsis_os2.o (memcpy)
c:/st/stm32cubeide_1.9.0/stm32cubeide/plugins/com.st.stm32cube.ide.mcu.externaltools.gnu-tools-for-stm32.10.3-2021.10.win32_1.0.100.202210260954/tools/bin/../lib/gcc/arm-none-eabi/10.3.1/../../../../arm-none-eabi/lib/thumb/v7e-m+fp/hard\libc_nano.a(lib_a-memmove.o)
                              ./Core/cpp/Src/canbus.o (memmove)
c:/st/stm32cubeide_1.9.0/stm32cubeide/plugins/com.st.stm32cube.ide.mcu.externaltools.gnu-tools-for-stm32.10.3-2021.10.win32_1.0.100.202210260954/tools/bin/../lib/gcc/arm-none-eabi/10.3.1/../../../../arm-none-eabi/lib/thumb/v7e-m+fp/hard\libc_nano.a(lib_a-memset.o)
                              c:/st/stm32cubeide_1.9.0/stm32cubeide/plugins/com.st.stm32cube.ide.mcu.externaltools.gnu-tools-for-stm32.10.3-2021.10.win32_1.0.100.202210260954/tools/bin/../lib/gcc/arm-none-eabi/10.3.1/../../../../arm-none-eabi/lib/thumb/v7e-m+fp/hard/crt0.o (memset)
c:/st/stm32cubeide_1.9.0/stm32cubeide/plugins/com.st.stm32cube.ide.mcu.externaltools.gnu-tools-for-stm32.10.3-2021.10.win32_1.0.100.202210260954/tools/bin/../lib/gcc/arm-none-eabi/10.3.1/thumb/v7e-m+fp/hard\libgcc.a(_aeabi_ldivmod.o)
                              ./Drivers/STM32F4xx_HAL_Driver/Src/stm32f4xx_hal_rcc.o (__aeabi_ldivmod)
c:/st/stm32cubeide_1.9.0/stm32cubeide/plugins/com.st.stm32cube.ide.mcu.externaltools.gnu-tools-for-stm32.10.3-2021.10.win32_1.0.100.202210260954/tools/bin/../lib/gcc/arm-none-eabi/10.3.1/thumb/v7e-m+fp/hard\libgcc.a(_aeabi_uldivmod.o)
                              ./Drivers/STM32F4xx_HAL_Driver/Src/stm32f4xx_hal_rcc.o (__aeabi_uldivmod)
c:/st/stm32cubeide_1.9.0/stm32cubeide/plugins/com.st.stm32cube.ide.mcu.externaltools.gnu-tools-for-stm32.10.3-2021.10.win32_1.0.100.202210260954/tools/bin/../lib/gcc/arm-none-eabi/10.3.1/thumb/v7e-m+fp/hard\libgcc.a(_udivmoddi4.o)
                              c:/st/stm32cubeide_1.9.0/stm32cubeide/plugins/com.st.stm32cube.ide.mcu.externaltools.gnu-tools-for-stm32.10.3-2021.10.win32_1.0.100.202210260954/tools/bin/../lib/gcc/arm-none-eabi/10.3.1/thumb/v7e-m+fp/hard\libgcc.a(_aeabi_ldivmod.o) (__udivmoddi4)
c:/st/stm32cubeide_1.9.0/stm32cubeide/plugins/com.st.stm32cube.ide.mcu.externaltools.gnu-tools-for-stm32.10.3-2021.10.win32_1.0.100.202210260954/tools/bin/../lib/gcc/arm-none-eabi/10.3.1/thumb/v7e-m+fp/hard\libgcc.a(_dvmd_tls.o)
[...]
Memory Configuration

Name             Origin             Length             Attributes
CCMRAM           0x0000000010000000 0x0000000000010000 xrw
RAM              0x0000000020000000 0x0000000000020000 xrw
FLASH            0x0000000008000000 0x0000000000080000 xr
*default*        0x0000000000000000 0xffffffffffffffff

Linker script and memory map

LOAD c:/st/stm32cubeide_1.9.0/stm32cubeide/plugins/com.st.stm32cube.ide.mcu.externaltools.gnu-tools-for-stm32.10.3-2021.10.win32_1.0.100.202210260954/tools/bin/../lib/gcc/arm-none-eabi/10.3.1/thumb/v7e-m+fp/hard/crti.o
LOAD c:/st/stm32cubeide_1.9.0/stm32cubeide/plugins/com.st.stm32cube.ide.mcu.externaltools.gnu-tools-for-stm32.10.3-2021.10.win32_1.0.100.202210260954/tools/bin/../lib/gcc/arm-none-eabi/10.3.1/thumb/v7e-m+fp/hard/crtbegin.o
LOAD c:/st/stm32cubeide_1.9.0/stm32cubeide/plugins/com.st.stm32cube.ide.mcu.externaltools.gnu-tools-for-stm32.10.3-2021.10.win32_1.0.100.202210260954/tools/bin/../lib/gcc/arm-none-eabi/10.3.1/../../../../arm-none-eabi/lib/thumb/v7e-m+fp/hard/crt0.o
LOAD ./Core/Src/can.o
LOAD ./Core/Src/dma.o
LOAD ./Core/Src/freertos.o
LOAD ./Core/Src/gpio.o
LOAD ./Core/Src/iwdg.o
LOAD ./Core/Src/main.o
LOAD ./Core/Src/stm32f4xx_hal_msp.o
LOAD ./Core/Src/stm32f4xx_hal_timebase_tim.o
LOAD ./Core/Src/stm32f4xx_it.o
LOAD ./Core/Src/syscalls.o
LOAD ./Core/Src/sysmem.o
LOAD ./Core/Src/system_stm32f4xx.o
LOAD ./Core/Src/tim.o
LOAD ./Core/Src/usart.o
LOAD ./Core/Startup/startup_stm32f407vetx.o
LOAD ./Core/cpp/Src/canbus.o
LOAD ./Core/cpp/Src/drivers_control.o
LOAD ./Core/cpp/Src/flash_data.o
LOAD ./Core/cpp/Src/inputs.o
LOAD ./Core/cpp/Src/mission.o
LOAD ./Core/cpp/Src/outputs.o
LOAD ./Core/cpp/Src/servo_control.o
LOAD ./Core/cpp/Src/uart_wifi.o
LOAD ./Drivers/STM32F4xx_HAL_Driver/Src/stm32f4xx_hal.o
LOAD ./Drivers/STM32F4xx_HAL_Driver/Src/stm32f4xx_hal_can.o
LOAD ./Drivers/STM32F4xx_HAL_Driver/Src/stm32f4xx_hal_cortex.o
LOAD ./Drivers/STM32F4xx_HAL_Driver/Src/stm32f4xx_hal_dma.o
LOAD ./Drivers/STM32F4xx_HAL_Driver/Src/stm32f4xx_hal_dma_ex.o
LOAD ./Drivers/STM32F4xx_HAL_Driver/Src/stm32f4xx_hal_exti.o
LOAD ./Drivers/STM32F4xx_HAL_Driver/Src/stm32f4xx_hal_flash.o
LOAD ./Drivers/STM32F4xx_HAL_Driver/Src/stm32f4xx_hal_flash_ex.o
LOAD ./Drivers/STM32F4xx_HAL_Driver/Src/stm32f4xx_hal_flash_ramfunc.o
LOAD ./Drivers/STM32F4xx_HAL_Driver/Src/stm32f4xx_hal_gpio.o
LOAD ./Drivers/STM32F4xx_HAL_Driver/Src/stm32f4xx_hal_iwdg.o
LOAD ./Drivers/STM32F4xx_HAL_Driver/Src/stm32f4xx_hal_pwr.o
LOAD ./Drivers/STM32F4xx_HAL_Driver/Src/stm32f4xx_hal_pwr_ex.o
LOAD ./Drivers/STM32F4xx_HAL_Driver/Src/stm32f4xx_hal_rcc.o
LOAD ./Drivers/STM32F4xx_HAL_Driver/Src/stm32f4xx_hal_rcc_ex.o
LOAD ./Drivers/STM32F4xx_HAL_Driver/Src/stm32f4xx_hal_tim.o
LOAD ./Drivers/STM32F4xx_HAL_Driver/Src/stm32f4xx_hal_tim_ex.o
LOAD ./Drivers/STM32F4xx_HAL_Driver/Src/stm32f4xx_hal_uart.o
LOAD ./Middlewares/Third_Party/FreeRTOS/Source/CMSIS_RTOS_V2/cmsis_os2.o
LOAD ./Middlewares/Third_Party/FreeRTOS/Source/croutine.o
LOAD ./Middlewares/Third_Party/FreeRTOS/Source/event_groups.o
LOAD ./Middlewares/Third_Party/FreeRTOS/Source/list.o
LOAD ./Middlewares/Third_Party/FreeRTOS/Source/queue.o
LOAD ./Middlewares/Third_Party/FreeRTOS/Source/stream_buffer.o
LOAD ./Middlewares/Third_Party/FreeRTOS/Source/tasks.o
LOAD ./Middlewares/Third_Party/FreeRTOS/Source/timers.o
LOAD ./Middlewares/Third_Party/FreeRTOS/Source/portable/GCC/ARM_CM4F/port.o
LOAD ./Middlewares/Third_Party/FreeRTOS/Source/portable/MemMang/heap_4.o
START GROUP
LOAD c:/st/stm32cubeide_1.9.0/stm32cubeide/plugins/com.st.stm32cube.ide.mcu.externaltools.gnu-tools-for-stm32.10.3-2021.10.win32_1.0.100.202210260954/tools/bin/../lib/gcc/arm-none-eabi/10.3.1/../../../../arm-none-eabi/lib/thumb/v7e-m+fp/hard\libstdc++_nano.a
LOAD c:/st/stm32cubeide_1.9.0/stm32cubeide/plugins/com.st.stm32cube.ide.mcu.externaltools.gnu-tools-for-stm32.10.3-2021.10.win32_1.0.100.202210260954/tools/bin/../lib/gcc/arm-none-eabi/10.3.1/../../../../arm-none-eabi/lib/thumb/v7e-m+fp/hard\libsupc++_nano.a
END GROUP
LOAD c:/st/stm32cubeide_1.9.0/stm32cubeide/plugins/com.st.stm32cube.ide.mcu.externaltools.gnu-tools-for-stm32.10.3-2021.10.win32_1.0.100.202210260954/tools/bin/../lib/gcc/arm-none-eabi/10.3.1/../../../../arm-none-eabi/lib/thumb/v7e-m+fp/hard\libstdc++_nano.a
LOAD c:/st/stm32cubeide_1.9.0/stm32cubeide/plugins/com.st.stm32cube.ide.mcu.externaltools.gnu-tools-for-stm32.10.3-2021.10.win32_1.0.100.202210260954/tools/bin/../lib/gcc/arm-none-eabi/10.3.1/../../../../arm-none-eabi/lib/thumb/v7e-m+fp/hard\libm.a
LOAD c:/st/stm32cubeide_1.9.0/stm32cubeide/plugins/com.st.stm32cube.ide.mcu.externaltools.gnu-tools-for-stm32.10.3-2021.10.win32_1.0.100.202210260954/tools/bin/../lib/gcc/arm-none-eabi/10.3.1/../../../../arm-none-eabi/lib/thumb/v7e-m+fp/hard\libc_nano.a
START GROUP
LOAD c:/st/stm32cubeide_1.9.0/stm32cubeide/plugins/com.st.stm32cube.ide.mcu.externaltools.gnu-tools-for-stm32.10.3-2021.10.win32_1.0.100.202210260954/tools/bin/../lib/gcc/arm-none-eabi/10.3.1/thumb/v7e-m+fp/hard\libgcc.a
LOAD c:/st/stm32cubeide_1.9.0/stm32cubeide/plugins/com.st.stm32cube.ide.mcu.externaltools.gnu-tools-for-stm32.10.3-2021.10.win32_1.0.100.202210260954/tools/bin/../lib/gcc/arm-none-eabi/10.3.1/../../../../arm-none-eabi/lib/thumb/v7e-m+fp/hard\libc_nano.a
END GROUP
START GROUP
LOAD c:/st/stm32cubeide_1.9.0/stm32cubeide/plugins/com.st.stm32cube.ide.mcu.externaltools.gnu-tools-for-stm32.10.3-2021.10.win32_1.0.100.202210260954/tools/bin/../lib/gcc/arm-none-eabi/10.3.1/thumb/v7e-m+fp/hard\libgcc.a
LOAD c:/st/stm32cubeide_1.9.0/stm32cubeide/plugins/com.st.stm32cube.ide.mcu.externaltools.gnu-tools-for-stm32.10.3-2021.10.win32_1.0.100.202210260954/tools/bin/../lib/gcc/arm-none-eabi/10.3.1/../../../../arm-none-eabi/lib/thumb/v7e-m+fp/hard\libc_nano.a
LOAD c:/st/stm32cubeide_1.9.0/stm32cubeide/plugins/com.st.stm32cube.ide.mcu.externaltools.gnu-tools-for-stm32.10.3-2021.10.win32_1.0.100.202210260954/tools/bin/../lib/gcc/arm-none-eabi/10.3.1/../../../../arm-none-eabi/lib/thumb/v7e-m+fp/hard\libnosys.a
END GROUP
START GROUP
LOAD c:/st/stm32cubeide_1.9.0/stm32cubeide/plugins/com.st.stm32cube.ide.mcu.externaltools.gnu-tools-for-stm32.10.3-2021.10.win32_1.0.100.202210260954/tools/bin/../lib/gcc/arm-none-eabi/10.3.1/thumb/v7e-m+fp/hard\libgcc.a
LOAD c:/st/stm32cubeide_1.9.0/stm32cubeide/plugins/com.st.stm32cube.ide.mcu.externaltools.gnu-tools-for-stm32.10.3-2021.10.win32_1.0.100.202210260954/tools/bin/../lib/gcc/arm-none-eabi/10.3.1/../../../../arm-none-eabi/lib/thumb/v7e-m+fp/hard\libc_nano.a
LOAD c:/st/stm32cubeide_1.9.0/stm32cubeide/plugins/com.st.stm32cube.ide.mcu.externaltools.gnu-tools-for-stm32.10.3-2021.10.win32_1.0.100.202210260954/tools/bin/../lib/gcc/arm-none-eabi/10.3.1/../../../../arm-none-eabi/lib/thumb/v7e-m+fp/hard\libnosys.a
END GROUP
LOAD c:/st/stm32cubeide_1.9.0/stm32cubeide/plugins/com.st.stm32cube.ide.mcu.externaltools.gnu-tools-for-stm32.10.3-2021.10.win32_1.0.100.202210260954/tools/bin/../lib/gcc/arm-none-eabi/10.3.1/thumb/v7e-m+fp/hard/crtend.o
LOAD c:/st/stm32cubeide_1.9.0/stm32cubeide/plugins/com.st.stm32cube.ide.mcu.externaltools.gnu-tools-for-stm32.10.3-2021.10.win32_1.0.100.202210260954/tools/bin/../lib/gcc/arm-none-eabi/10.3.1/thumb/v7e-m+fp/hard/crtn.o
                0x0000000020020000                _estack = (ORIGIN (RAM) + LENGTH (RAM))
                0x0000000000000200                _Min_Heap_Size = 0x200
                0x0000000000000400                _Min_Stack_Size = 0x400

.isr_vector     0x0000000008000000      0x188
                0x0000000008000000                . = ALIGN (0x4)
 *(.isr_vector)
 .isr_vector    0x0000000008000000      0x188 ./Core/Startup/startup_stm32f407vetx.o
                0x0000000008000000                g_pfnVectors
                0x0000000008000188                . = ALIGN (0x4)

.text           0x0000000008000190     0x4efc
                0x0000000008000190                . = ALIGN (0x4)
 *(.text)
 .text          0x0000000008000190       0x40 c:/st/stm32cubeide_1.9.0/stm32cubeide/plugins/com.st.stm32cube.ide.mcu.externaltools.gnu-tools-for-stm32.10.3-2021.10.win32_1.0.100.202210260954/tools/bin/../lib/gcc/arm-none-eabi/10.3.1/thumb/v7e-m+fp/hard/crtbegin.o
 .text          0x00000000080001d0       0x30 c:/st/stm32cubeide_1.9.0/stm32cubeide/plugins/com.st.stm32cube.ide.mcu.externaltools.gnu-tools-for-stm32.10.3-2021.10.win32_1.0.100.202210260954/tools/bin/../lib/gcc/arm-none-eabi/10.3.1/thumb/v7e-m+fp/hard\libgcc.a(_aeabi_uldivmod.o)
                0x00000000080001d0                __aeabi_uldivmod
 .text          0x0000000008000200      0x2d0 c:/st/stm32cubeide_1.9.0/stm32cubeide/plugins/com.st.stm32cube.ide.mcu.externaltools.gnu-tools-for-stm32.10.3-2021.10.win32_1.0.100.202210260954/tools/bin/../lib/gcc/arm-none-eabi/10.3.1/thumb/v7e-m+fp/hard\libgcc.a(_udivmoddi4.o)
                0x0000000008000200                __udivmoddi4
 .text          0x00000000080004d0        0x4 c:/st/stm32cubeide_1.9.0/stm32cubeide/plugins/com.st.stm32cube.ide.mcu.externaltools.gnu-tools-for-stm32.10.3-2021.10.win32_1.0.100.202210260954/tools/bin/../lib/gcc/arm-none-eabi/10.3.1/thumb/v7e-m+fp/hard\libgcc.a(_dvmd_tls.o)
                0x00000000080004d0                __aeabi_idiv0
                0x00000000080004d0                __aeabi_ldiv0
 *(.text*)
 .text.MX_CAN1_Init
                0x00000000080004d4       0x7c ./Core/Src/can.o
                0x00000000080004d4                MX_CAN1_Init
 .text.HAL_CAN_MspInit
                0x0000000008000550       0x6c ./Core/Src/can.o
                0x0000000008000550                HAL_CAN_MspInit
 .text.MX_DMA_Init
                0x00000000080005bc       0x68 ./Core/Src/dma.o
                0x00000000080005bc                MX_DMA_Init
 .text.StartDefaultTask
                0x0000000008000624        0xc ./Core/Src/freertos.o
                0x0000000008000624                StartDefaultTask
 .text.MX_FREERTOS_Init
                0x0000000008000630       0xd4 ./Core/Src/freertos.o
                0x0000000008000630                MX_FREERTOS_Init
 .text.MX_GPIO_Init
                0x0000000008000704      0x1b0 ./Core/Src/gpio.o
                0x0000000008000704                MX_GPIO_Init
 .text.MX_IWDG_Init
                0x00000000080008b4       0x2c ./Core/Src/iwdg.o
                0x00000000080008b4                MX_IWDG_Init
 .text.SystemClock_Config
                0x00000000080008e0       0xa0 ./Core/Src/main.o
                0x00000000080008e0                SystemClock_Config
 .text.startup.main
                0x0000000008000980       0x38 ./Core/Src/main.o
                0x0000000008000980                main
 .text.HAL_TIM_PeriodElapsedCallback
                0x00000000080009b8       0x14 ./Core/Src/main.o
                0x00000000080009b8                HAL_TIM_PeriodElapsedCallback
 .text.Error_Handler
                0x00000000080009cc        0x4 ./Core/Src/main.o
                0x00000000080009cc                Error_Handler
 .text.HAL_MspInit
                0x00000000080009d0       0x40 ./Core/Src/stm32f4xx_hal_msp.o
                0x00000000080009d0                HAL_MspInit
 .text.HAL_InitTick
                0x0000000008000a10       0xa0 ./Core/Src/stm32f4xx_hal_timebase_tim.o
                0x0000000008000a10                HAL_InitTick
 .text.NMI_Handler
                0x0000000008000ab0        0x2 ./Core/Src/stm32f4xx_it.o
                0x0000000008000ab0                NMI_Handler
 .text.HardFault_Handler
                0x0000000008000ab2        0x2 ./Core/Src/stm32f4xx_it.o
                0x0000000008000ab2                HardFault_Handler
 .text.MemManage_Handler
                0x0000000008000ab4        0x2 ./Core/Src/stm32f4xx_it.o
                0x0000000008000ab4                MemManage_Handler
 .text.BusFault_Handler
                0x0000000008000ab6        0x2 ./Core/Src/stm32f4xx_it.o
                0x0000000008000ab6                BusFault_Handler
 .text.UsageFault_Handler
                0x0000000008000ab8        0x2 ./Core/Src/stm32f4xx_it.o
                0x0000000008000ab8                UsageFault_Handler
 .text.DebugMon_Handler
                0x0000000008000aba        0x2 ./Core/Src/stm32f4xx_it.o
                0x0000000008000aba                DebugMon_Handler
 .text.DMA1_Stream1_IRQHandler
                0x0000000008000abc        0xc ./Core/Src/stm32f4xx_it.o
                0x0000000008000abc                DMA1_Stream1_IRQHandler
 .text.DMA1_Stream5_IRQHandler
                0x0000000008000ac8        0xc ./Core/Src/stm32f4xx_it.o
                0x0000000008000ac8                DMA1_Stream5_IRQHandler
 .text.USART1_IRQHandler
                0x0000000008000ad4        0xc ./Core/Src/stm32f4xx_it.o
                0x0000000008000ad4                USART1_IRQHandler
 .text.USART2_IRQHandler
                0x0000000008000ae0        0xc ./Core/Src/stm32f4xx_it.o
                0x0000000008000ae0                USART2_IRQHandler
 .text.USART3_IRQHandler
                0x0000000008000aec        0xc ./Core/Src/stm32f4xx_it.o
                0x0000000008000aec                USART3_IRQHandler
 .text.TIM6_DAC_IRQHandler
                0x0000000008000af8        0xc ./Core/Src/stm32f4xx_it.o
                0x0000000008000af8                TIM6_DAC_IRQHandler
 .text.DMA2_Stream2_IRQHandler
                0x0000000008000b04        0xc ./Core/Src/stm32f4xx_it.o
                0x0000000008000b04                DMA2_Stream2_IRQHandler
 .text.SystemInit
                0x0000000008000b10       0x14 ./Core/Src/system_stm32f4xx.o
                0x0000000008000b10                SystemInit
 .text.MX_TIM4_Init
                0x0000000008000b24       0x5c ./Core/Src/tim.o
                0x0000000008000b24                MX_TIM4_Init
 .text.HAL_TIM_Encoder_MspInit
                0x0000000008000b80       0x64 ./Core/Src/tim.o
                0x0000000008000b80                HAL_TIM_Encoder_MspInit
 .text.MX_USART1_UART_Init
                0x0000000008000be4       0x38 ./Core/Src/usart.o
                0x0000000008000be4                MX_USART1_UART_Init
 .text.MX_USART2_UART_Init
                0x0000000008000c1c       0x38 ./Core/Src/usart.o
                0x0000000008000c1c                MX_USART2_UART_Init
 .text.MX_USART3_UART_Init
                0x0000000008000c54       0x38 ./Core/Src/usart.o
                0x0000000008000c54                MX_USART3_UART_Init
 .text.HAL_UART_MspInit
                0x0000000008000c8c      0x1e8 ./Core/Src/usart.o
                0x0000000008000c8c                HAL_UART_MspInit
 .text.Reset_Handler
                0x0000000008000e74       0x50 ./Core/Startup/startup_stm32f407vetx.o
                0x0000000008000e74                Reset_Handler
 .text.Default_Handler
                0x0000000008000ec4        0x2 ./Core/Startup/startup_stm32f407vetx.o
                0x0000000008000ec4                RTC_Alarm_IRQHandler
                0x0000000008000ec4                HASH_RNG_IRQHandler
                0x0000000008000ec4                EXTI2_IRQHandler
                0x0000000008000ec4                TIM8_CC_IRQHandler
                0x0000000008000ec4                TIM1_CC_IRQHandler
                0x0000000008000ec4                DMA2_Stream5_IRQHandler
                0x0000000008000ec4                PVD_IRQHandler
                0x0000000008000ec4                SDIO_IRQHandler
                0x0000000008000ec4                TAMP_STAMP_IRQHandler
                0x0000000008000ec4                CAN2_RX1_IRQHandler
                0x0000000008000ec4                EXTI3_IRQHandler
                0x0000000008000ec4                TIM8_TRG_COM_TIM14_IRQHandler
                0x0000000008000ec4                TIM1_UP_TIM10_IRQHandler
                0x0000000008000ec4                TIM8_UP_TIM13_IRQHandler
                0x0000000008000ec4                I2C3_ER_IRQHandler
                0x0000000008000ec4                EXTI0_IRQHandler
                0x0000000008000ec4                I2C2_EV_IRQHandler
                0x0000000008000ec4                DMA1_Stream2_IRQHandler
                0x0000000008000ec4                CAN1_RX0_IRQHandler
                0x0000000008000ec4                FPU_IRQHandler
                0x0000000008000ec4                OTG_HS_WKUP_IRQHandler
                0x0000000008000ec4                CAN2_SCE_IRQHandler
                0x0000000008000ec4                SPI1_IRQHandler
                0x0000000008000ec4                TIM1_BRK_TIM9_IRQHandler
                0x0000000008000ec4                DCMI_IRQHandler
                0x0000000008000ec4                CAN2_RX0_IRQHandler
                0x0000000008000ec4                DMA2_Stream3_IRQHandler
                0x0000000008000ec4                USART6_IRQHandler
                0x0000000008000ec4                CAN1_RX1_IRQHandler
                0x0000000008000ec4                UART5_IRQHandler
                0x0000000008000ec4                DMA2_Stream0_IRQHandler
                0x0000000008000ec4                TIM4_IRQHandler
                0x0000000008000ec4                I2C1_EV_IRQHandler
                0x0000000008000ec4                DMA1_Stream6_IRQHandler
                0x0000000008000ec4                UART4_IRQHandler
                0x0000000008000ec4                TIM3_IRQHandler
                0x0000000008000ec4                RCC_IRQHandler
                0x0000000008000ec4                TIM8_BRK_TIM12_IRQHandler
                0x0000000008000ec4                Default_Handler
                0x0000000008000ec4                EXTI15_10_IRQHandler
                0x0000000008000ec4                ADC_IRQHandler
                0x0000000008000ec4                DMA1_Stream7_IRQHandler
                0x0000000008000ec4                TIM7_IRQHandler
                0x0000000008000ec4                CAN2_TX_IRQHandler
                0x0000000008000ec4                TIM5_IRQHandler
                0x0000000008000ec4                DMA2_Stream7_IRQHandler
                0x0000000008000ec4                I2C3_EV_IRQHandler
                0x0000000008000ec4                EXTI9_5_IRQHandler
                0x0000000008000ec4                RTC_WKUP_IRQHandler
                0x0000000008000ec4                ETH_WKUP_IRQHandler
                0x0000000008000ec4                SPI2_IRQHandler
                0x0000000008000ec4                OTG_HS_EP1_IN_IRQHandler
                0x0000000008000ec4                DMA1_Stream0_IRQHandler
                0x0000000008000ec4                CAN1_TX_IRQHandler
                0x0000000008000ec4                EXTI4_IRQHandler
                0x0000000008000ec4                FSMC_IRQHandler
                0x0000000008000ec4                ETH_IRQHandler
                0x0000000008000ec4                OTG_HS_EP1_OUT_IRQHandler
                0x0000000008000ec4                WWDG_IRQHandler
                0x0000000008000ec4                TIM2_IRQHandler
                0x0000000008000ec4                OTG_FS_WKUP_IRQHandler
                0x0000000008000ec4                TIM1_TRG_COM_TIM11_IRQHandler
                0x0000000008000ec4                OTG_HS_IRQHandler
                0x0000000008000ec4                EXTI1_IRQHandler
                0x0000000008000ec4                I2C2_ER_IRQHandler
                0x0000000008000ec4                DMA2_Stream1_IRQHandler
                0x0000000008000ec4                CAN1_SCE_IRQHandler
                0x0000000008000ec4                FLASH_IRQHandler
                0x0000000008000ec4                DMA2_Stream4_IRQHandler
                0x0000000008000ec4                OTG_FS_IRQHandler
                0x0000000008000ec4                SPI3_IRQHandler
                0x0000000008000ec4                DMA1_Stream4_IRQHandler
                0x0000000008000ec4                I2C1_ER_IRQHandler
                0x0000000008000ec4                DMA2_Stream6_IRQHandler
                0x0000000008000ec4                DMA1_Stream3_IRQHandler
 *fill*         0x0000000008000ec6        0x2 
 .text.CanMsgRead
                0x0000000008000ec8       0x1c ./Core/cpp/Src/canbus.o
                0x0000000008000ec8                CanMsgRead
 .text.StartCanTask
                0x0000000008000ee4       0x40 ./Core/cpp/Src/canbus.o
                0x0000000008000ee4                StartCanTask
 .text.StartCanDriversTask
                0x0000000008000f24        0x2 ./Core/cpp/Src/drivers_control.o
                0x0000000008000f24                StartCanDriversTask
 *fill*         0x0000000008000f26        0x2 
 .text.flashWriteData
                0x0000000008000f28       0x84 ./Core/cpp/Src/flash_data.o
                0x0000000008000f28                flashWriteData
 .text.flashReadData
                0x0000000008000fac       0x28 ./Core/cpp/Src/flash_data.o
                0x0000000008000fac                flashReadData
 .text.InputsRead
                0x0000000008000fd4      0x18c ./Core/cpp/Src/inputs.o
                0x0000000008000fd4                InputsRead
 .text.StartInputsTask
                0x0000000008001160        0xe ./Core/cpp/Src/inputs.o
                0x0000000008001160                StartInputsTask
 .text.StartMissionsTask
                0x000000000800116e        0x2 ./Core/cpp/Src/mission.o
                0x000000000800116e                StartMissionsTask
 .text.SetOutputs
                0x0000000008001170       0x9c ./Core/cpp/Src/outputs.o
                0x0000000008001170                SetOutputs
 .text.LedBlink
                0x000000000800120c       0x6c ./Core/cpp/Src/outputs.o
                0x000000000800120c                LedBlink
 .text.StartOutputsTask
                0x0000000008001278       0x28 ./Core/cpp/Src/outputs.o
                0x0000000008001278                StartOutputsTask
 .text.StartServoTask
                0x00000000080012a0        0x2 ./Core/cpp/Src/servo_control.o
                0x00000000080012a0                StartServoTask
 *fill*         0x00000000080012a2        0x2 
 .text.SetJob   0x00000000080012a4       0x2c ./Core/cpp/Src/uart_wifi.o
                0x00000000080012a4                SetJob
 .text.calculateCS
                0x00000000080012d0       0x18 ./Core/cpp/Src/uart_wifi.o
                0x00000000080012d0                calculateCS
 .text.SendStatus
                0x00000000080012e8       0x50 ./Core/cpp/Src/uart_wifi.o
                0x00000000080012e8                SendStatus
 .text.GetSTMConfig
                0x0000000008001338       0x50 ./Core/cpp/Src/uart_wifi.o
                0x0000000008001338                GetSTMConfig
 .text.ConfigInit
                0x0000000008001388       0x60 ./Core/cpp/Src/uart_wifi.o
                0x0000000008001388                ConfigInit
 .text.ConfigUpdate
                0x00000000080013e8      0x180 ./Core/cpp/Src/uart_wifi.o
                0x00000000080013e8                ConfigUpdate
 .text.StartUartWiFiTask
                0x0000000008001568      0x114 ./Core/cpp/Src/uart_wifi.o
                0x0000000008001568                StartUartWiFiTask
 .text.HAL_UART_ErrorCallback
                0x000000000800167c       0xb4 ./Core/cpp/Src/uart_wifi.o
                0x000000000800167c                HAL_UART_ErrorCallback
 .text.HAL_UARTEx_RxEventCallback
                0x0000000008001730       0x3c ./Core/cpp/Src/uart_wifi.o
                0x0000000008001730                HAL_UARTEx_RxEventCallback
 .text.HAL_Init
                0x000000000800176c       0x34 ./Drivers/STM32F4xx_HAL_Driver/Src/stm32f4xx_hal.o
                0x000000000800176c                HAL_Init
 .text.HAL_IncTick
                0x00000000080017a0       0x18 ./Drivers/STM32F4xx_HAL_Driver/Src/stm32f4xx_hal.o
                0x00000000080017a0                HAL_IncTick
 .text.HAL_GetTick
                0x00000000080017b8        0xc ./Drivers/STM32F4xx_HAL_Driver/Src/stm32f4xx_hal.o
                0x00000000080017b8                HAL_GetTick
 .text.HAL_CAN_Init
                0x00000000080017c4       0xf6 ./Drivers/STM32F4xx_HAL_Driver/Src/stm32f4xx_hal_can.o
                0x00000000080017c4                HAL_CAN_Init
 *fill*         0x00000000080018ba        0x2 
 .text.HAL_CAN_ConfigFilter
                0x00000000080018bc      0x110 ./Drivers/STM32F4xx_HAL_Driver/Src/stm32f4xx_hal_can.o
                0x00000000080018bc                HAL_CAN_ConfigFilter
 .text.HAL_CAN_Start
                0x00000000080019cc       0x5c ./Drivers/STM32F4xx_HAL_Driver/Src/stm32f4xx_hal_can.o
                0x00000000080019cc                HAL_CAN_Start
 .text.HAL_CAN_ActivateNotification
                0x0000000008001a28       0x22 ./Drivers/STM32F4xx_HAL_Driver/Src/stm32f4xx_hal_can.o
                0x0000000008001a28                HAL_CAN_ActivateNotification
 *fill*         0x0000000008001a4a        0x2 
 .text.HAL_NVIC_SetPriorityGrouping
                0x0000000008001a4c       0x24 ./Drivers/STM32F4xx_HAL_Driver/Src/stm32f4xx_hal_cortex.o
                0x0000000008001a4c                HAL_NVIC_SetPriorityGrouping
 .text.HAL_NVIC_SetPriority
                0x0000000008001a70       0x64 ./Drivers/STM32F4xx_HAL_Driver/Src/stm32f4xx_hal_cortex.o
                0x0000000008001a70                HAL_NVIC_SetPriority
 .text.HAL_NVIC_EnableIRQ
                0x0000000008001ad4       0x1c ./Drivers/STM32F4xx_HAL_Driver/Src/stm32f4xx_hal_cortex.o
                0x0000000008001ad4                HAL_NVIC_EnableIRQ
 .text.DMA_CalcBaseAndBitshift
                0x0000000008001af0       0x2c ./Drivers/STM32F4xx_HAL_Driver/Src/stm32f4xx_hal_dma.o
 .text.HAL_DMA_Init
                0x0000000008001b1c      0x100 ./Drivers/STM32F4xx_HAL_Driver/Src/stm32f4xx_hal_dma.o
                0x0000000008001b1c                HAL_DMA_Init
 .text.HAL_DMA_Start_IT
                0x0000000008001c1c       0x74 ./Drivers/STM32F4xx_HAL_Driver/Src/stm32f4xx_hal_dma.o
                0x0000000008001c1c                HAL_DMA_Start_IT
 .text.HAL_DMA_Abort
                0x0000000008001c90       0x88 ./Drivers/STM32F4xx_HAL_Driver/Src/stm32f4xx_hal_dma.o
                0x0000000008001c90                HAL_DMA_Abort
 .text.HAL_DMA_Abort_IT
                0x0000000008001d18       0x24 ./Drivers/STM32F4xx_HAL_Driver/Src/stm32f4xx_hal_dma.o
                0x0000000008001d18                HAL_DMA_Abort_IT
 .text.HAL_DMA_IRQHandler
                0x0000000008001d3c      0x17c ./Drivers/STM32F4xx_HAL_Driver/Src/stm32f4xx_hal_dma.o
                0x0000000008001d3c                HAL_DMA_IRQHandler
 .text.FLASH_Program_DoubleWord
                0x0000000008001eb8       0x2c ./Drivers/STM32F4xx_HAL_Driver/Src/stm32f4xx_hal_flash.o
 .text.FLASH_Program_Word
                0x0000000008001ee4       0x24 ./Drivers/STM32F4xx_HAL_Driver/Src/stm32f4xx_hal_flash.o
 .text.FLASH_Program_HalfWord
                0x0000000008001f08       0x24 ./Drivers/STM32F4xx_HAL_Driver/Src/stm32f4xx_hal_flash.o
 .text.FLASH_SetErrorCode
                0x0000000008001f2c       0x74 ./Drivers/STM32F4xx_HAL_Driver/Src/stm32f4xx_hal_flash.o
 .text.HAL_FLASH_Unlock
                0x0000000008001fa0       0x24 ./Drivers/STM32F4xx_HAL_Driver/Src/stm32f4xx_hal_flash.o
                0x0000000008001fa0                HAL_FLASH_Unlock
 .text.HAL_FLASH_Lock
                0x0000000008001fc4       0x14 ./Drivers/STM32F4xx_HAL_Driver/Src/stm32f4xx_hal_flash.o
                0x0000000008001fc4                HAL_FLASH_Lock
 .text.HAL_FLASH_GetError
                0x0000000008001fd8        0xc ./Drivers/STM32F4xx_HAL_Driver/Src/stm32f4xx_hal_flash.o
                0x0000000008001fd8                HAL_FLASH_GetError
 .text.FLASH_WaitForLastOperation
                0x0000000008001fe4       0x50 ./Drivers/STM32F4xx_HAL_Driver/Src/stm32f4xx_hal_flash.o
                0x0000000008001fe4                FLASH_WaitForLastOperation
 .text.HAL_FLASH_Program
                0x0000000008002034       0x8c ./Drivers/STM32F4xx_HAL_Driver/Src/stm32f4xx_hal_flash.o
                0x0000000008002034                HAL_FLASH_Program
 .text.FLASH_MassErase.constprop.0
                0x00000000080020c0       0x24 ./Drivers/STM32F4xx_HAL_Driver/Src/stm32f4xx_hal_flash_ex.o
 .text.FLASH_Erase_Sector
                0x00000000080020e4       0x4c ./Drivers/STM32F4xx_HAL_Driver/Src/stm32f4xx_hal_flash_ex.o
                0x00000000080020e4                FLASH_Erase_Sector
 .text.FLASH_FlushCaches
                0x0000000008002130       0x58 ./Drivers/STM32F4xx_HAL_Driver/Src/stm32f4xx_hal_flash_ex.o
                0x0000000008002130                FLASH_FlushCaches
 .text.HAL_FLASHEx_Erase
                0x0000000008002188       0xa0 ./Drivers/STM32F4xx_HAL_Driver/Src/stm32f4xx_hal_flash_ex.o
                0x0000000008002188                HAL_FLASHEx_Erase
 .text.HAL_GPIO_Init
                0x0000000008002228      0x1b4 ./Drivers/STM32F4xx_HAL_Driver/Src/stm32f4xx_hal_gpio.o
                0x0000000008002228                HAL_GPIO_Init
 .text.HAL_GPIO_WritePin
                0x00000000080023dc        0xa ./Drivers/STM32F4xx_HAL_Driver/Src/stm32f4xx_hal_gpio.o
                0x00000000080023dc                HAL_GPIO_WritePin
 .text.HAL_IWDG_Init
                0x00000000080023e6       0x50 ./Drivers/STM32F4xx_HAL_Driver/Src/stm32f4xx_hal_iwdg.o
                0x00000000080023e6                HAL_IWDG_Init
 .text.HAL_IWDG_Refresh
                0x0000000008002436        0xc ./Drivers/STM32F4xx_HAL_Driver/Src/stm32f4xx_hal_iwdg.o
                0x0000000008002436                HAL_IWDG_Refresh
 *fill*         0x0000000008002442        0x2 
 .text.HAL_RCC_OscConfig
                0x0000000008002444      0x360 ./Drivers/STM32F4xx_HAL_Driver/Src/stm32f4xx_hal_rcc.o
                0x0000000008002444                HAL_RCC_OscConfig
 .text.HAL_RCC_GetSysClockFreq
                0x00000000080027a4       0x5c ./Drivers/STM32F4xx_HAL_Driver/Src/stm32f4xx_hal_rcc.o
                0x00000000080027a4                HAL_RCC_GetSysClockFreq
 .text.HAL_RCC_ClockConfig
                0x0000000008002800      0x138 ./Drivers/STM32F4xx_HAL_Driver/Src/stm32f4xx_hal_rcc.o
                0x0000000008002800                HAL_RCC_ClockConfig
 .text.HAL_RCC_GetPCLK1Freq
                0x0000000008002938       0x20 ./Drivers/STM32F4xx_HAL_Driver/Src/stm32f4xx_hal_rcc.o
                0x0000000008002938                HAL_RCC_GetPCLK1Freq
 .text.HAL_RCC_GetPCLK2Freq
                0x0000000008002958       0x20 ./Drivers/STM32F4xx_HAL_Driver/Src/stm32f4xx_hal_rcc.o
                0x0000000008002958                HAL_RCC_GetPCLK2Freq
 .text.HAL_RCC_GetClockConfig
                0x0000000008002978       0x3c ./Drivers/STM32F4xx_HAL_Driver/Src/stm32f4xx_hal_rcc.o
                0x0000000008002978                HAL_RCC_GetClockConfig
 .text.HAL_TIM_Base_MspInit
                0x00000000080029b4        0x2 ./Drivers/STM32F4xx_HAL_Driver/Src/stm32f4xx_hal_tim.o
                0x00000000080029b4                HAL_TIM_Base_MspInit
 *fill*         0x00000000080029b6        0x2 
 .text.HAL_TIM_Base_Start_IT
                0x00000000080029b8       0x74 ./Drivers/STM32F4xx_HAL_Driver/Src/stm32f4xx_hal_tim.o
                0x00000000080029b8                HAL_TIM_Base_Start_IT
 .text.HAL_TIM_OC_DelayElapsedCallback
                0x0000000008002a2c        0x2 ./Drivers/STM32F4xx_HAL_Driver/Src/stm32f4xx_hal_tim.o
                0x0000000008002a2c                HAL_TIM_OC_DelayElapsedCallback
 .text.HAL_TIM_IC_CaptureCallback
                0x0000000008002a2e        0x2 ./Drivers/STM32F4xx_HAL_Driver/Src/stm32f4xx_hal_tim.o
                0x0000000008002a2e                HAL_TIM_IC_CaptureCallback
 .text.HAL_TIM_PWM_PulseFinishedCallback
                0x0000000008002a30        0x2 ./Drivers/STM32F4xx_HAL_Driver/Src/stm32f4xx_hal_tim.o
                0x0000000008002a30                HAL_TIM_PWM_PulseFinishedCallback
 .text.HAL_TIM_TriggerCallback
                0x0000000008002a32        0x2 ./Drivers/STM32F4xx_HAL_Driver/Src/stm32f4xx_hal_tim.o
                0x0000000008002a32                HAL_TIM_TriggerCallback
 .text.HAL_TIM_IRQHandler
                0x0000000008002a34      0x144 ./Drivers/STM32F4xx_HAL_Driver/Src/stm32f4xx_hal_tim.o
                0x0000000008002a34                HAL_TIM_IRQHandler
 .text.TIM_Base_SetConfig
                0x0000000008002b78       0xcc ./Drivers/STM32F4xx_HAL_Driver/Src/stm32f4xx_hal_tim.o
                0x0000000008002b78                TIM_Base_SetConfig
 .text.HAL_TIM_Base_Init
                0x0000000008002c44       0x58 ./Drivers/STM32F4xx_HAL_Driver/Src/stm32f4xx_hal_tim.o
                0x0000000008002c44                HAL_TIM_Base_Init
 .text.HAL_TIM_Encoder_Init
                0x0000000008002c9c       0xaa ./Drivers/STM32F4xx_HAL_Driver/Src/stm32f4xx_hal_tim.o
                0x0000000008002c9c                HAL_TIM_Encoder_Init
 *fill*         0x0000000008002d46        0x2 
 .text.HAL_TIMEx_MasterConfigSynchronization
                0x0000000008002d48       0x7c ./Drivers/STM32F4xx_HAL_Driver/Src/stm32f4xx_hal_tim_ex.o
                0x0000000008002d48                HAL_TIMEx_MasterConfigSynchronization
 .text.HAL_TIMEx_CommutCallback
                0x0000000008002dc4        0x2 ./Drivers/STM32F4xx_HAL_Driver/Src/stm32f4xx_hal_tim_ex.o
                0x0000000008002dc4                HAL_TIMEx_CommutCallback
 .text.HAL_TIMEx_BreakCallback
                0x0000000008002dc6        0x2 ./Drivers/STM32F4xx_HAL_Driver/Src/stm32f4xx_hal_tim_ex.o
                0x0000000008002dc6                HAL_TIMEx_BreakCallback
 .text.UART_EndRxTransfer
                0x0000000008002dc8       0x5c ./Drivers/STM32F4xx_HAL_Driver/Src/stm32f4xx_hal_uart.o
 .text.UART_SetConfig
                0x0000000008002e24       0xbc ./Drivers/STM32F4xx_HAL_Driver/Src/stm32f4xx_hal_uart.o
 .text.UART_WaitOnFlagUntilTimeout.constprop.0
                0x0000000008002ee0       0x6c ./Drivers/STM32F4xx_HAL_Driver/Src/stm32f4xx_hal_uart.o
 .text.HAL_UART_Init
                0x0000000008002f4c       0x5c ./Drivers/STM32F4xx_HAL_Driver/Src/stm32f4xx_hal_uart.o
                0x0000000008002f4c                HAL_UART_Init
 .text.HAL_UART_Transmit
                0x0000000008002fa8       0xaa ./Drivers/STM32F4xx_HAL_Driver/Src/stm32f4xx_hal_uart.o
                0x0000000008002fa8                HAL_UART_Transmit
 .text.HAL_UART_TxCpltCallback
                0x0000000008003052        0x2 ./Drivers/STM32F4xx_HAL_Driver/Src/stm32f4xx_hal_uart.o
                0x0000000008003052                HAL_UART_TxCpltCallback
 .text.HAL_UART_RxCpltCallback
                0x0000000008003054        0x2 ./Drivers/STM32F4xx_HAL_Driver/Src/stm32f4xx_hal_uart.o
                0x0000000008003054                HAL_UART_RxCpltCallback
 .text.HAL_UART_RxHalfCpltCallback
                0x0000000008003056        0x2 ./Drivers/STM32F4xx_HAL_Driver/Src/stm32f4xx_hal_uart.o
                0x0000000008003056                HAL_UART_RxHalfCpltCallback
 .text.UART_DMAError
                0x0000000008003058       0x5a ./Drivers/STM32F4xx_HAL_Driver/Src/stm32f4xx_hal_uart.o
 .text.UART_DMAAbortOnError
                0x00000000080030b2       0x10 ./Drivers/STM32F4xx_HAL_Driver/Src/stm32f4xx_hal_uart.o
 .text.UART_DMARxHalfCplt
                0x00000000080030c2       0x1a ./Drivers/STM32F4xx_HAL_Driver/Src/stm32f4xx_hal_uart.o
 .text.UART_DMAReceiveCplt
                0x00000000080030dc       0x94 ./Drivers/STM32F4xx_HAL_Driver/Src/stm32f4xx_hal_uart.o
 .text.UART_Receive_IT.part.0.isra.0
                0x0000000008003170       0xac ./Drivers/STM32F4xx_HAL_Driver/Src/stm32f4xx_hal_uart.o
 .text.HAL_UART_IRQHandler
                0x000000000800321c      0x2a0 ./Drivers/STM32F4xx_HAL_Driver/Src/stm32f4xx_hal_uart.o
                0x000000000800321c                HAL_UART_IRQHandler
 .text.HAL_UART_GetError
                0x00000000080034bc        0x4 ./Drivers/STM32F4xx_HAL_Driver/Src/stm32f4xx_hal_uart.o
                0x00000000080034bc                HAL_UART_GetError
 .text.UART_Start_Receive_DMA
                0x00000000080034c0       0x9c ./Drivers/STM32F4xx_HAL_Driver/Src/stm32f4xx_hal_uart.o
                0x00000000080034c0                UART_Start_Receive_DMA
 .text.HAL_UARTEx_ReceiveToIdle_DMA
                0x000000000800355c       0x62 ./Drivers/STM32F4xx_HAL_Driver/Src/stm32f4xx_hal_uart.o
                0x000000000800355c                HAL_UARTEx_ReceiveToIdle_DMA
 .text.SysTick_Handler
                0x00000000080035be       0x1a ./Middlewares/Third_Party/FreeRTOS/Source/CMSIS_RTOS_V2/cmsis_os2.o
                0x00000000080035be                SysTick_Handler
 .text.osKernelInitialize
                0x00000000080035d8       0x24 ./Middlewares/Third_Party/FreeRTOS/Source/CMSIS_RTOS_V2/cmsis_os2.o
                0x00000000080035d8                osKernelInitialize
 .text.osKernelStart
                0x00000000080035fc       0x34 ./Middlewares/Third_Party/FreeRTOS/Source/CMSIS_RTOS_V2/cmsis_os2.o
                0x00000000080035fc                osKernelStart
 .text.osThreadNew
                0x0000000008003630       0x92 ./Middlewares/Third_Party/FreeRTOS/Source/CMSIS_RTOS_V2/cmsis_os2.o
                0x0000000008003630                osThreadNew
 .text.osDelay  0x00000000080036c2       0x18 ./Middlewares/Third_Party/FreeRTOS/Source/CMSIS_RTOS_V2/cmsis_os2.o
                0x00000000080036c2                osDelay
 *fill*         0x00000000080036da        0x2 
 .text.vApplicationGetIdleTaskMemory
                0x00000000080036dc       0x18 ./Middlewares/Third_Party/FreeRTOS/Source/CMSIS_RTOS_V2/cmsis_os2.o
                0x00000000080036dc                vApplicationGetIdleTaskMemory
 .text.vApplicationGetTimerTaskMemory
                0x00000000080036f4       0x18 ./Middlewares/Third_Party/FreeRTOS/Source/CMSIS_RTOS_V2/cmsis_os2.o
                0x00000000080036f4                vApplicationGetTimerTaskMemory
 .text.vListInitialise
                0x000000000800370c       0x16 ./Middlewares/Third_Party/FreeRTOS/Source/list.o
                0x000000000800370c                vListInitialise
 .text.vListInitialiseItem
                0x0000000008003722        0x6 ./Middlewares/Third_Party/FreeRTOS/Source/list.o
                0x0000000008003722                vListInitialiseItem
 .text.vListInsertEnd
                0x0000000008003728       0x18 ./Middlewares/Third_Party/FreeRTOS/Source/list.o
                0x0000000008003728                vListInsertEnd
 .text.vListInsert
                0x0000000008003740       0x2e ./Middlewares/Third_Party/FreeRTOS/Source/list.o
                0x0000000008003740                vListInsert
 .text.uxListRemove
                0x000000000800376e       0x20 ./Middlewares/Third_Party/FreeRTOS/Source/list.o
                0x000000000800376e                uxListRemove
 .text.prvIsQueueEmpty
                0x000000000800378e       0x16 ./Middlewares/Third_Party/FreeRTOS/Source/queue.o
 .text.prvCopyDataToQueue
                0x00000000080037a4       0x6a ./Middlewares/Third_Party/FreeRTOS/Source/queue.o
 .text.prvCopyDataFromQueue
                0x000000000800380e       0x2c ./Middlewares/Third_Party/FreeRTOS/Source/queue.o
 .text.prvUnlockQueue
                0x000000000800383a       0x70 ./Middlewares/Third_Party/FreeRTOS/Source/queue.o
 .text.xQueueGenericReset
                0x00000000080038aa       0x7e ./Middlewares/Third_Party/FreeRTOS/Source/queue.o
                0x00000000080038aa                xQueueGenericReset
 .text.xQueueGenericCreateStatic
                0x0000000008003928       0x9c ./Middlewares/Third_Party/FreeRTOS/Source/queue.o
                0x0000000008003928                xQueueGenericCreateStatic
 .text.xQueueGenericSend
                0x00000000080039c4      0x166 ./Middlewares/Third_Party/FreeRTOS/Source/queue.o
                0x00000000080039c4                xQueueGenericSend
 .text.xQueueGenericSendFromISR
                0x0000000008003b2a       0xc4 ./Middlewares/Third_Party/FreeRTOS/Source/queue.o
                0x0000000008003b2a                xQueueGenericSendFromISR
 .text.xQueueReceive
                0x0000000008003bee      0x13e ./Middlewares/Third_Party/FreeRTOS/Source/queue.o
                0x0000000008003bee                xQueueReceive
 .text.vQueueAddToRegistry
                0x0000000008003d2c       0x24 ./Middlewares/Third_Party/FreeRTOS/Source/queue.o
                0x0000000008003d2c                vQueueAddToRegistry
 .text.vQueueWaitForMessageRestricted
                0x0000000008003d50       0x46 ./Middlewares/Third_Party/FreeRTOS/Source/queue.o
                0x0000000008003d50                vQueueWaitForMessageRestricted
 *fill*         0x0000000008003d96        0x2 
 .text.prvAddNewTaskToReadyList
                0x0000000008003d98      0x100 ./Middlewares/Third_Party/FreeRTOS/Source/tasks.o
 .text.prvAddCurrentTaskToDelayedList
                0x0000000008003e98       0x70 ./Middlewares/Third_Party/FreeRTOS/Source/tasks.o
 .text.prvResetNextTaskUnblockTime
                0x0000000008003f08       0x24 ./Middlewares/Third_Party/FreeRTOS/Source/tasks.o
 .text.prvDeleteTCB
                0x0000000008003f2c       0x36 ./Middlewares/Third_Party/FreeRTOS/Source/tasks.o
 *fill*         0x0000000008003f62        0x2 
 .text.prvIdleTask
                0x0000000008003f64       0x60 ./Middlewares/Third_Party/FreeRTOS/Source/tasks.o
 .text.prvInitialiseNewTask.constprop.0
                0x0000000008003fc4       0x9a ./Middlewares/Third_Party/FreeRTOS/Source/tasks.o
 .text.xTaskCreateStatic
                0x000000000800405e       0x70 ./Middlewares/Third_Party/FreeRTOS/Source/tasks.o
                0x000000000800405e                xTaskCreateStatic
 .text.xTaskCreate
                0x00000000080040ce       0x5a ./Middlewares/Third_Party/FreeRTOS/Source/tasks.o
                0x00000000080040ce                xTaskCreate
 .text.vTaskStartScheduler
                0x0000000008004128       0x8c ./Middlewares/Third_Party/FreeRTOS/Source/tasks.o
                0x0000000008004128                vTaskStartScheduler
 .text.vTaskSuspendAll
                0x00000000080041b4       0x10 ./Middlewares/Third_Party/FreeRTOS/Source/tasks.o
                0x00000000080041b4                vTaskSuspendAll
 .text.xTaskGetTickCount
                0x00000000080041c4        0xc ./Middlewares/Third_Party/FreeRTOS/Source/tasks.o
                0x00000000080041c4                xTaskGetTickCount
 .text.xTaskIncrementTick
                0x00000000080041d0      0x12c ./Middlewares/Third_Party/FreeRTOS/Source/tasks.o
                0x00000000080041d0                xTaskIncrementTick
 .text.xTaskResumeAll
                0x00000000080042fc       0xe8 ./Middlewares/Third_Party/FreeRTOS/Source/tasks.o
                0x00000000080042fc                xTaskResumeAll
 .text.vTaskDelay
                0x00000000080043e4       0x48 ./Middlewares/Third_Party/FreeRTOS/Source/tasks.o
                0x00000000080043e4                vTaskDelay
 .text.vTaskSwitchContext
                0x000000000800442c       0x74 ./Middlewares/Third_Party/FreeRTOS/Source/tasks.o
                0x000000000800442c                vTaskSwitchContext
 .text.vTaskPlaceOnEventList
                0x00000000080044a0       0x34 ./Middlewares/Third_Party/FreeRTOS/Source/tasks.o
                0x00000000080044a0                vTaskPlaceOnEventList
 .text.vTaskPlaceOnEventListRestricted
                0x00000000080044d4       0x3c ./Middlewares/Third_Party/FreeRTOS/Source/tasks.o
                0x00000000080044d4                vTaskPlaceOnEventListRestricted
 .text.xTaskRemoveFromEventList
                0x0000000008004510       0x88 ./Middlewares/Third_Party/FreeRTOS/Source/tasks.o
                0x0000000008004510                xTaskRemoveFromEventList
 .text.vTaskInternalSetTimeOutState
                0x0000000008004598       0x18 ./Middlewares/Third_Party/FreeRTOS/Source/tasks.o
                0x0000000008004598                vTaskInternalSetTimeOutState
 .text.xTaskCheckForTimeOut
                0x00000000080045b0       0x78 ./Middlewares/Third_Party/FreeRTOS/Source/tasks.o
                0x00000000080045b0                xTaskCheckForTimeOut
 .text.vTaskMissedYield
                0x0000000008004628        0xc ./Middlewares/Third_Party/FreeRTOS/Source/tasks.o
                0x0000000008004628                vTaskMissedYield
 .text.xTaskGetSchedulerState
                0x0000000008004634       0x20 ./Middlewares/Third_Party/FreeRTOS/Source/tasks.o
                0x0000000008004634                xTaskGetSchedulerState
 .text.xTaskPriorityDisinherit
                0x0000000008004654       0x88 ./Middlewares/Third_Party/FreeRTOS/Source/tasks.o
                0x0000000008004654                xTaskPriorityDisinherit
 .text.prvCheckForValidListAndQueue
                0x00000000080046dc       0x68 ./Middlewares/Third_Party/FreeRTOS/Source/timers.o
 .text.prvInsertTimerInActiveList
                0x0000000008004744       0x3c ./Middlewares/Third_Party/FreeRTOS/Source/timers.o
 .text.xTimerCreateTimerTask
                0x0000000008004780       0x64 ./Middlewares/Third_Party/FreeRTOS/Source/timers.o
                0x0000000008004780                xTimerCreateTimerTask
 .text.xTimerGenericCommand
                0x00000000080047e4       0x58 ./Middlewares/Third_Party/FreeRTOS/Source/timers.o
                0x00000000080047e4                xTimerGenericCommand
 .text.prvSampleTimeNow
                0x000000000800483c       0xac ./Middlewares/Third_Party/FreeRTOS/Source/timers.o
 .text.prvTimerTask
                0x00000000080048e8      0x1cc ./Middlewares/Third_Party/FreeRTOS/Source/timers.o
 .text.prvPortStartFirstTask
                0x0000000008004ab4       0x28 ./Middlewares/Third_Party/FreeRTOS/Source/portable/GCC/ARM_CM4F/port.o
 .text.vPortEnableVFP
                0x0000000008004adc       0x14 ./Middlewares/Third_Party/FreeRTOS/Source/portable/GCC/ARM_CM4F/port.o
 .text.prvTaskExitError
                0x0000000008004af0       0x40 ./Middlewares/Third_Party/FreeRTOS/Source/portable/GCC/ARM_CM4F/port.o
 .text.pxPortInitialiseStack
                0x0000000008004b30       0x2c ./Middlewares/Third_Party/FreeRTOS/Source/portable/GCC/ARM_CM4F/port.o
                0x0000000008004b30                pxPortInitialiseStack
 *fill*         0x0000000008004b5c        0x4 
 .text.SVC_Handler
                0x0000000008004b60       0x24 ./Middlewares/Third_Party/FreeRTOS/Source/portable/GCC/ARM_CM4F/port.o
                0x0000000008004b60                SVC_Handler
 .text.vPortEnterCritical
                0x0000000008004b84       0x40 ./Middlewares/Third_Party/FreeRTOS/Source/portable/GCC/ARM_CM4F/port.o
                0x0000000008004b84                vPortEnterCritical
 .text.vPortExitCritical
                0x0000000008004bc4       0x28 ./Middlewares/Third_Party/FreeRTOS/Source/portable/GCC/ARM_CM4F/port.o
                0x0000000008004bc4                vPortExitCritical
 *fill*         0x0000000008004bec        0x4 
 .text.PendSV_Handler
                0x0000000008004bf0       0x64 ./Middlewares/Third_Party/FreeRTOS/Source/portable/GCC/ARM_CM4F/port.o
                0x0000000008004bf0                PendSV_Handler
 .text.xPortSysTickHandler
                0x0000000008004c54       0x2c ./Middlewares/Third_Party/FreeRTOS/Source/portable/GCC/ARM_CM4F/port.o
                0x0000000008004c54                xPortSysTickHandler
 .text.vPortSetupTimerInterrupt
                0x0000000008004c80       0x24 ./Middlewares/Third_Party/FreeRTOS/Source/portable/GCC/ARM_CM4F/port.o
                0x0000000008004c80                vPortSetupTimerInterrupt
 .text.xPortStartScheduler
                0x0000000008004ca4      0x10c ./Middlewares/Third_Party/FreeRTOS/Source/portable/GCC/ARM_CM4F/port.o
                0x0000000008004ca4                xPortStartScheduler
 .text.vPortValidateInterruptPriority
                0x0000000008004db0       0x5c ./Middlewares/Third_Party/FreeRTOS/Source/portable/GCC/ARM_CM4F/port.o
                0x0000000008004db0                vPortValidateInterruptPriority
 .text.prvInsertBlockIntoFreeList
                0x0000000008004e0c       0x48 ./Middlewares/Third_Party/FreeRTOS/Source/portable/MemMang/heap_4.o
 .text.pvPortMalloc
                0x0000000008004e54      0x130 ./Middlewares/Third_Party/FreeRTOS/Source/portable/MemMang/heap_4.o
                0x0000000008004e54                pvPortMalloc
 .text.vPortFree
                0x0000000008004f84       0x7c ./Middlewares/Third_Party/FreeRTOS/Source/portable/MemMang/heap_4.o
                0x0000000008004f84                vPortFree
 .text.__libc_init_array
                0x0000000008005000       0x48 c:/st/stm32cubeide_1.9.0/stm32cubeide/plugins/com.st.stm32cube.ide.mcu.externaltools.gnu-tools-for-stm32.10.3-2021.10.win32_1.0.100.202210260954/tools/bin/../lib/gcc/arm-none-eabi/10.3.1/../../../../arm-none-eabi/lib/thumb/v7e-m+fp/hard\libc_nano.a(lib_a-init.o)
                0x0000000008005000                __libc_init_array
 .text.memcpy   0x0000000008005048       0x1c c:/st/stm32cubeide_1.9.0/stm32cubeide/plugins/com.st.stm32cube.ide.mcu.externaltools.gnu-tools-for-stm32.10.3-2021.10.win32_1.0.100.202210260954/tools/bin/../lib/gcc/arm-none-eabi/10.3.1/../../../../arm-none-eabi/lib/thumb/v7e-m+fp/hard\libc_nano.a(lib_a-memcpy-stub.o)
                0x0000000008005048                memcpy
 .text.memset   0x0000000008005064       0x10 c:/st/stm32cubeide_1.9.0/stm32cubeide/plugins/com.st.stm32cube.ide.mcu.externaltools.gnu-tools-for-stm32.10.3-2021.10.win32_1.0.100.202210260954/tools/bin/../lib/gcc/arm-none-eabi/10.3.1/../../../../arm-none-eabi/lib/thumb/v7e-m+fp/hard\libc_nano.a(lib_a-memset.o)
                0x0000000008005064                memset
 *(.glue_7)
 .glue_7        0x0000000008005074        0x0 linker stubs
 *(.glue_7t)
 .glue_7t       0x0000000008005074        0x0 linker stubs
 *(.eh_frame)
 .eh_frame      0x0000000008005074        0x0 c:/st/stm32cubeide_1.9.0/stm32cubeide/plugins/com.st.stm32cube.ide.mcu.externaltools.gnu-tools-for-stm32.10.3-2021.10.win32_1.0.100.202210260954/tools/bin/../lib/gcc/arm-none-eabi/10.3.1/thumb/v7e-m+fp/hard/crtbegin.o
 *(.init)
 .init          0x0000000008005074        0x4 c:/st/stm32cubeide_1.9.0/stm32cubeide/plugins/com.st.stm32cube.ide.mcu.externaltools.gnu-tools-for-stm32.10.3-2021.10.win32_1.0.100.202210260954/tools/bin/../lib/gcc/arm-none-eabi/10.3.1/thumb/v7e-m+fp/hard/crti.o
                0x0000000008005074                _init
 .init          0x0000000008005078        0x8 c:/st/stm32cubeide_1.9.0/stm32cubeide/plugins/com.st.stm32cube.ide.mcu.externaltools.gnu-tools-for-stm32.10.3-2021.10.win32_1.0.100.202210260954/tools/bin/../lib/gcc/arm-none-eabi/10.3.1/thumb/v7e-m+fp/hard/crtn.o
 *(.fini)
 .fini          0x0000000008005080        0x4 c:/st/stm32cubeide_1.9.0/stm32cubeide/plugins/com.st.stm32cube.ide.mcu.externaltools.gnu-tools-for-stm32.10.3-2021.10.win32_1.0.100.202210260954/tools/bin/../lib/gcc/arm-none-eabi/10.3.1/thumb/v7e-m+fp/hard/crti.o
                0x0000000008005080                _fini
 .fini          0x0000000008005084        0x8 c:/st/stm32cubeide_1.9.0/stm32cubeide/plugins/com.st.stm32cube.ide.mcu.externaltools.gnu-tools-for-stm32.10.3-2021.10.win32_1.0.100.202210260954/tools/bin/../lib/gcc/arm-none-eabi/10.3.1/thumb/v7e-m+fp/hard/crtn.o
                0x000000000800508c                . = ALIGN (0x4)
                0x000000000800508c                _etext = .

.vfp11_veneer   0x000000000800508c        0x0
 .vfp11_veneer  0x000000000800508c        0x0 linker stubs

.v4_bx          0x000000000800508c        0x0
 .v4_bx         0x000000000800508c        0x0 linker stubs

.iplt           0x000000000800508c        0x0
 .iplt          0x000000000800508c        0x0 c:/st/stm32cubeide_1.9.0/stm32cubeide/plugins/com.st.stm32cube.ide.mcu.externaltools.gnu-tools-for-stm32.10.3-2021.10.win32_1.0.100.202210260954/tools/bin/../lib/gcc/arm-none-eabi/10.3.1/thumb/v7e-m+fp/hard/crtbegin.o

.rodata         0x000000000800508c      0x1e4
                0x000000000800508c                . = ALIGN (0x4)
 *(.rodata)
 *(.rodata*)
 .rodata.str1.1
                0x000000000800508c       0x5e ./Core/Src/freertos.o
 *fill*         0x00000000080050ea        0x2 
 .rodata.CanDriversTask_attributes
                0x00000000080050ec       0x24 ./Core/Src/freertos.o
                0x00000000080050ec                CanDriversTask_attributes
 .rodata.CanTask_attributes
                0x0000000008005110       0x24 ./Core/Src/freertos.o
                0x0000000008005110                CanTask_attributes
 .rodata.InputsTask_attributes
                0x0000000008005134       0x24 ./Core/Src/freertos.o
                0x0000000008005134                InputsTask_attributes
 .rodata.MissionsTask_attributes
                0x0000000008005158       0x24 ./Core/Src/freertos.o
                0x0000000008005158                MissionsTask_attributes
 .rodata.OutputsTask_attributes
                0x000000000800517c       0x24 ./Core/Src/freertos.o
                0x000000000800517c                OutputsTask_attributes
 .rodata.ServoTask_attributes
                0x00000000080051a0       0x24 ./Core/Src/freertos.o
                0x00000000080051a0                ServoTask_attributes
 .rodata.UartWiFiTask_attributes
                0x00000000080051c4       0x24 ./Core/Src/freertos.o
                0x00000000080051c4                UartWiFiTask_attributes
 .rodata.defaultTask_attributes
                0x00000000080051e8       0x24 ./Core/Src/freertos.o
                0x00000000080051e8                defaultTask_attributes
 .rodata.AHBPrescTable
                0x000000000800520c       0x10 ./Core/Src/system_stm32f4xx.o
                0x000000000800520c                AHBPrescTable
 .rodata.APBPrescTable
                0x000000000800521c        0x8 ./Core/Src/system_stm32f4xx.o
                0x000000000800521c                APBPrescTable
 .rodata._ZZ8LedBlinkE8ledb_rep
                0x0000000008005224       0x18 ./Core/cpp/Src/outputs.o
 .rodata._ZZ8LedBlinkE9ledb_time
                0x000000000800523c       0x18 ./Core/cpp/Src/outputs.o
 .rodata.flagBitshiftOffset.0
                0x0000000008005254        0x8 ./Drivers/STM32F4xx_HAL_Driver/Src/stm32f4xx_hal_dma.o
 .rodata.vTaskStartScheduler.str1.1
                0x000000000800525c        0x5 ./Middlewares/Third_Party/FreeRTOS/Source/tasks.o
 .rodata.prvCheckForValidListAndQueue.str1.1
                0x0000000008005261        0x5 ./Middlewares/Third_Party/FreeRTOS/Source/timers.o
 .rodata.xTimerCreateTimerTask.str1.1
                0x0000000008005266        0x8 ./Middlewares/Third_Party/FreeRTOS/Source/timers.o
                0x0000000008005270                . = ALIGN (0x4)
 *fill*         0x000000000800526e        0x2 

.ARM.extab      0x0000000008005270        0x0
                0x0000000008005270                . = ALIGN (0x4)
 *(.ARM.extab* .gnu.linkonce.armextab.*)
                0x0000000008005270                . = ALIGN (0x4)

.ARM            0x0000000008005270        0x8
                0x0000000008005270                . = ALIGN (0x4)
                0x0000000008005270                __exidx_start = .
 *(.ARM.exidx*)
 .ARM.exidx     0x0000000008005270        0x8 c:/st/stm32cubeide_1.9.0/stm32cubeide/plugins/com.st.stm32cube.ide.mcu.externaltools.gnu-tools-for-stm32.10.3-2021.10.win32_1.0.100.202210260954/tools/bin/../lib/gcc/arm-none-eabi/10.3.1/thumb/v7e-m+fp/hard\libgcc.a(_udivmoddi4.o)
                0x0000000008005278                __exidx_end = .
                0x0000000008005278                . = ALIGN (0x4)

.rel.dyn        0x0000000008005278        0x0
 .rel.iplt      0x0000000008005278        0x0 c:/st/stm32cubeide_1.9.0/stm32cubeide/plugins/com.st.stm32cube.ide.mcu.externaltools.gnu-tools-for-stm32.10.3-2021.10.win32_1.0.100.202210260954/tools/bin/../lib/gcc/arm-none-eabi/10.3.1/thumb/v7e-m+fp/hard/crtbegin.o

.preinit_array  0x0000000008005278        0x0
                0x0000000008005278                . = ALIGN (0x4)
                0x0000000008005278                PROVIDE (__preinit_array_start = .)
 *(.preinit_array*)
                0x0000000008005278                PROVIDE (__preinit_array_end = .)
                0x0000000008005278                . = ALIGN (0x4)

.init_array     0x0000000008005278        0x4
                0x0000000008005278                . = ALIGN (0x4)
                0x0000000008005278                PROVIDE (__init_array_start = .)
 *(SORT_BY_NAME(.init_array.*))
 *(.init_array*)
 .init_array    0x0000000008005278        0x4 c:/st/stm32cubeide_1.9.0/stm32cubeide/plugins/com.st.stm32cube.ide.mcu.externaltools.gnu-tools-for-stm32.10.3-2021.10.win32_1.0.100.202210260954/tools/bin/../lib/gcc/arm-none-eabi/10.3.1/thumb/v7e-m+fp/hard/crtbegin.o
                0x000000000800527c                PROVIDE (__init_array_end = .)
                0x000000000800527c                . = ALIGN (0x4)

.fini_array     0x000000000800527c        0x4
                0x000000000800527c                . = ALIGN (0x4)
                [!provide]                        PROVIDE (__fini_array_start = .)
 *(SORT_BY_NAME(.fini_array.*))
 *(.fini_array*)
 .fini_array    0x000000000800527c        0x4 c:/st/stm32cubeide_1.9.0/stm32cubeide/plugins/com.st.stm32cube.ide.mcu.externaltools.gnu-tools-for-stm32.10.3-2021.10.win32_1.0.100.202210260954/tools/bin/../lib/gcc/arm-none-eabi/10.3.1/thumb/v7e-m+fp/hard/crtbegin.o
                [!provide]                        PROVIDE (__fini_array_end = .)
                0x0000000008005280                . = ALIGN (0x4)
                0x0000000008005280                _sidata = LOADADDR (.data)

.data           0x0000000020000000       0x10 load address 0x0000000008005280
                0x0000000020000000                . = ALIGN (0x4)
                0x0000000020000000                _sdata = .
 *(.data)
 *(.data*)
 .data.SystemCoreClock
                0x0000000020000000        0x4 ./Core/Src/system_stm32f4xx.o
                0x0000000020000000                SystemCoreClock
 .data.uwTickFreq
                0x0000000020000004        0x1 ./Drivers/STM32F4xx_HAL_Driver/Src/stm32f4xx_hal.o
                0x0000000020000004                uwTickFreq
 *fill*         0x0000000020000005        0x3 
 .data.uwTickPrio
                0x0000000020000008        0x4 ./Drivers/STM32F4xx_HAL_Driver/Src/stm32f4xx_hal.o
                0x0000000020000008                uwTickPrio
 .data.uxCriticalNesting
                0x000000002000000c        0x4 ./Middlewares/Third_Party/FreeRTOS/Source/portable/GCC/ARM_CM4F/port.o
 *(.RamFunc)
 *(.RamFunc*)
                0x0000000020000010                . = ALIGN (0x4)
                0x0000000020000010                _edata = .
                0x0000000008005290                _siccmram = LOADADDR (.ccmram)

.igot.plt       0x0000000020000010        0x0 load address 0x0000000008005290
 .igot.plt      0x0000000020000010        0x0 c:/st/stm32cubeide_1.9.0/stm32cubeide/plugins/com.st.stm32cube.ide.mcu.externaltools.gnu-tools-for-stm32.10.3-2021.10.win32_1.0.100.202210260954/tools/bin/../lib/gcc/arm-none-eabi/10.3.1/thumb/v7e-m+fp/hard/crtbegin.o

.ccmram         0x0000000010000000        0x0 load address 0x0000000008005290
                0x0000000010000000                . = ALIGN (0x4)
                0x0000000010000000                _sccmram = .
 *(.ccmram)
 *(.ccmram*)
                0x0000000010000000                . = ALIGN (0x4)
                0x0000000010000000                _eccmram = .
                0x0000000010000000                . = ALIGN (0x4)

.bss            0x0000000020000010     0x66b8
                0x0000000020000010                _sbss = .
                0x0000000020000010                __bss_start__ = _sbss
 *(.bss)
 .bss           0x0000000020000010       0x1c c:/st/stm32cubeide_1.9.0/stm32cubeide/plugins/com.st.stm32cube.ide.mcu.externaltools.gnu-tools-for-stm32.10.3-2021.10.win32_1.0.100.202210260954/tools/bin/../lib/gcc/arm-none-eabi/10.3.1/thumb/v7e-m+fp/hard/crtbegin.o
 *(.bss*)
 .bss.hcan1     0x000000002000002c       0x28 ./Core/Src/can.o
                0x000000002000002c                hcan1
 .bss.CanDriversTaskBuffer
                0x0000000020000054      0x200 ./Core/Src/freertos.o
                0x0000000020000054                CanDriversTaskBuffer
 .bss.CanDriversTaskControlBlock
                0x0000000020000254       0x5c ./Core/Src/freertos.o
                0x0000000020000254                CanDriversTaskControlBlock
 .bss.CanDriversTaskHandle
                0x00000000200002b0        0x4 ./Core/Src/freertos.o
                0x00000000200002b0                CanDriversTaskHandle
 .bss.CanTaskBuffer
                0x00000000200002b4      0x400 ./Core/Src/freertos.o
                0x00000000200002b4                CanTaskBuffer
 .bss.CanTaskControlBlock
                0x00000000200006b4       0x5c ./Core/Src/freertos.o
                0x00000000200006b4                CanTaskControlBlock
 .bss.CanTaskHandle
                0x0000000020000710        0x4 ./Core/Src/freertos.o
                0x0000000020000710                CanTaskHandle
 .bss.InputsTaskBuffer
                0x0000000020000714      0x200 ./Core/Src/freertos.o
                0x0000000020000714                InputsTaskBuffer
 .bss.InputsTaskControlBlock
                0x0000000020000914       0x5c ./Core/Src/freertos.o
                0x0000000020000914                InputsTaskControlBlock
 .bss.InputsTaskHandle
                0x0000000020000970        0x4 ./Core/Src/freertos.o
                0x0000000020000970                InputsTaskHandle
 .bss.MissionsTaskBuffer
                0x0000000020000974      0x400 ./Core/Src/freertos.o
                0x0000000020000974                MissionsTaskBuffer
 .bss.MissionsTaskControlBlock
                0x0000000020000d74       0x5c ./Core/Src/freertos.o
                0x0000000020000d74                MissionsTaskControlBlock
 .bss.MissionsTaskHandle
                0x0000000020000dd0        0x4 ./Core/Src/freertos.o
                0x0000000020000dd0                MissionsTaskHandle
 .bss.OutputsTaskBuffer
                0x0000000020000dd4      0x200 ./Core/Src/freertos.o
                0x0000000020000dd4                OutputsTaskBuffer
 .bss.OutputsTaskControlBlock
                0x0000000020000fd4       0x5c ./Core/Src/freertos.o
                0x0000000020000fd4                OutputsTaskControlBlock
 .bss.OutputsTaskHandle
                0x0000000020001030        0x4 ./Core/Src/freertos.o
                0x0000000020001030                OutputsTaskHandle
 .bss.ServoTaskBuffer
                0x0000000020001034      0x200 ./Core/Src/freertos.o
                0x0000000020001034                ServoTaskBuffer
 .bss.ServoTaskControlBlock
                0x0000000020001234       0x5c ./Core/Src/freertos.o
                0x0000000020001234                ServoTaskControlBlock
 .bss.ServoTaskHandle
                0x0000000020001290        0x4 ./Core/Src/freertos.o
                0x0000000020001290                ServoTaskHandle
 .bss.UartWiFiTaskBuffer
                0x0000000020001294      0x400 ./Core/Src/freertos.o
                0x0000000020001294                UartWiFiTaskBuffer
 .bss.UartWiFiTaskControlBlock
                0x0000000020001694       0x5c ./Core/Src/freertos.o
                0x0000000020001694                UartWiFiTaskControlBlock
 .bss.UartWiFiTaskHandle
                0x00000000200016f0        0x4 ./Core/Src/freertos.o
                0x00000000200016f0                UartWiFiTaskHandle
 .bss.defaultTaskBuffer
                0x00000000200016f4      0x200 ./Core/Src/freertos.o
                0x00000000200016f4                defaultTaskBuffer
 .bss.defaultTaskControlBlock
                0x00000000200018f4       0x5c ./Core/Src/freertos.o
                0x00000000200018f4                defaultTaskControlBlock
 .bss.defaultTaskHandle
                0x0000000020001950        0x4 ./Core/Src/freertos.o
                0x0000000020001950                defaultTaskHandle
 .bss.globData  0x0000000020001954       0x30 ./Core/Src/freertos.o
                0x0000000020001954                globData
 .bss.minibotConfig
                0x0000000020001984       0x38 ./Core/Src/freertos.o
                0x0000000020001984                minibotConfig
 .bss.hiwdg     0x00000000200019bc        0xc ./Core/Src/iwdg.o
                0x00000000200019bc                hiwdg
 .bss.htim6     0x00000000200019c8       0x48 ./Core/Src/stm32f4xx_hal_timebase_tim.o
                0x00000000200019c8                htim6
 .bss.htim4     0x0000000020001a10       0x48 ./Core/Src/tim.o
                0x0000000020001a10                htim4
 .bss.hdma_usart1_rx
                0x0000000020001a58       0x60 ./Core/Src/usart.o
                0x0000000020001a58                hdma_usart1_rx
 .bss.hdma_usart2_rx
                0x0000000020001ab8       0x60 ./Core/Src/usart.o
                0x0000000020001ab8                hdma_usart2_rx
 .bss.hdma_usart3_rx
                0x0000000020001b18       0x60 ./Core/Src/usart.o
                0x0000000020001b18                hdma_usart3_rx
 .bss.huart1    0x0000000020001b78       0x44 ./Core/Src/usart.o
                0x0000000020001b78                huart1
 .bss.huart2    0x0000000020001bbc       0x44 ./Core/Src/usart.o
                0x0000000020001bbc                huart2
 .bss.huart3    0x0000000020001c00       0x44 ./Core/Src/usart.o
                0x0000000020001c00                huart3
 .bss.NewCanMsg
                0x0000000020001c44        0x1 ./Core/cpp/Src/canbus.o
                0x0000000020001c44                NewCanMsg
 *fill*         0x0000000020001c45        0x3 
 .bss._ZZ12StartCanTaskE9err_count
                0x0000000020001c48        0x4 ./Core/cpp/Src/canbus.o
 .bss.canDataRecv
                0x0000000020001c4c        0x8 ./Core/cpp/Src/canbus.o
                0x0000000020001c4c                canDataRecv
 .bss._ZZ14flashWriteDataE15EraseInitStruct
                0x0000000020001c54       0x14 ./Core/cpp/Src/flash_data.o
 .bss._ZZ10InputsReadE11button_trig
                0x0000000020001c68        0x4 ./Core/cpp/Src/inputs.o
 .bss._ZZ10SetOutputsE16manual_mode_trig
                0x0000000020001c6c        0x4 ./Core/cpp/Src/outputs.o
 .bss._ZZ8LedBlinkE12ledb_repeats
                0x0000000020001c70        0x4 ./Core/cpp/Src/outputs.o
 .bss._ZZ8LedBlinkE16ledb_active_time
                0x0000000020001c74        0x4 ./Core/cpp/Src/outputs.o
 .bss.jobMsg    0x0000000020001c78       0x18 ./Core/cpp/Src/uart_wifi.o
                0x0000000020001c78                jobMsg
 .bss.new_wifi_data
                0x0000000020001c90        0x1 ./Core/cpp/Src/uart_wifi.o
                0x0000000020001c90                new_wifi_data
 *fill*         0x0000000020001c91        0x3 
 .bss.statusMsg
                0x0000000020001c94       0x20 ./Core/cpp/Src/uart_wifi.o
                0x0000000020001c94                statusMsg
 .bss.stmConf   0x0000000020001cb4       0x40 ./Core/cpp/Src/uart_wifi.o
                0x0000000020001cb4                stmConf
 .bss.wifi_uart_buff
                0x0000000020001cf4       0x64 ./Core/cpp/Src/uart_wifi.o
                0x0000000020001cf4                wifi_uart_buff
 .bss.uwTick    0x0000000020001d58        0x4 ./Drivers/STM32F4xx_HAL_Driver/Src/stm32f4xx_hal.o
                0x0000000020001d58                uwTick
 .bss.pFlash    0x0000000020001d5c       0x20 ./Drivers/STM32F4xx_HAL_Driver/Src/stm32f4xx_hal_flash.o
                0x0000000020001d5c                pFlash
 .bss.Idle_Stack.2
                0x0000000020001d7c      0x200 ./Middlewares/Third_Party/FreeRTOS/Source/CMSIS_RTOS_V2/cmsis_os2.o
 .bss.Idle_TCB.3
                0x0000000020001f7c       0x5c ./Middlewares/Third_Party/FreeRTOS/Source/CMSIS_RTOS_V2/cmsis_os2.o
 .bss.KernelState
                0x0000000020001fd8        0x4 ./Middlewares/Third_Party/FreeRTOS/Source/CMSIS_RTOS_V2/cmsis_os2.o
 .bss.Timer_Stack.0
                0x0000000020001fdc      0x400 ./Middlewares/Third_Party/FreeRTOS/Source/CMSIS_RTOS_V2/cmsis_os2.o
 .bss.Timer_TCB.1
                0x00000000200023dc       0x5c ./Middlewares/Third_Party/FreeRTOS/Source/CMSIS_RTOS_V2/cmsis_os2.o
 .bss.xQueueRegistry
                0x0000000020002438       0x40 ./Middlewares/Third_Party/FreeRTOS/Source/queue.o
                0x0000000020002438                xQueueRegistry
 .bss.pxCurrentTCB
                0x0000000020002478        0x4 ./Middlewares/Third_Party/FreeRTOS/Source/tasks.o
                0x0000000020002478                pxCurrentTCB
 .bss.pxDelayedTaskList
                0x000000002000247c        0x4 ./Middlewares/Third_Party/FreeRTOS/Source/tasks.o
 .bss.pxOverflowDelayedTaskList
                0x0000000020002480        0x4 ./Middlewares/Third_Party/FreeRTOS/Source/tasks.o
 .bss.pxReadyTasksLists
                0x0000000020002484      0x460 ./Middlewares/Third_Party/FreeRTOS/Source/tasks.o
 .bss.uxCurrentNumberOfTasks
                0x00000000200028e4        0x4 ./Middlewares/Third_Party/FreeRTOS/Source/tasks.o
 .bss.uxDeletedTasksWaitingCleanUp
                0x00000000200028e8        0x4 ./Middlewares/Third_Party/FreeRTOS/Source/tasks.o
 .bss.uxSchedulerSuspended
                0x00000000200028ec        0x4 ./Middlewares/Third_Party/FreeRTOS/Source/tasks.o
 .bss.uxTaskNumber
                0x00000000200028f0        0x4 ./Middlewares/Third_Party/FreeRTOS/Source/tasks.o
 .bss.uxTopReadyPriority
                0x00000000200028f4        0x4 ./Middlewares/Third_Party/FreeRTOS/Source/tasks.o
 .bss.xDelayedTaskList1
                0x00000000200028f8       0x14 ./Middlewares/Third_Party/FreeRTOS/Source/tasks.o
 .bss.xDelayedTaskList2
                0x000000002000290c       0x14 ./Middlewares/Third_Party/FreeRTOS/Source/tasks.o
 .bss.xNextTaskUnblockTime
                0x0000000020002920        0x4 ./Middlewares/Third_Party/FreeRTOS/Source/tasks.o
 .bss.xNumOfOverflows
                0x0000000020002924        0x4 ./Middlewares/Third_Party/FreeRTOS/Source/tasks.o
 .bss.xPendedTicks
                0x0000000020002928        0x4 ./Middlewares/Third_Party/FreeRTOS/Source/tasks.o
 .bss.xPendingReadyList
                0x000000002000292c       0x14 ./Middlewares/Third_Party/FreeRTOS/Source/tasks.o
 .bss.xSchedulerRunning
                0x0000000020002940        0x4 ./Middlewares/Third_Party/FreeRTOS/Source/tasks.o
 .bss.xSuspendedTaskList
                0x0000000020002944       0x14 ./Middlewares/Third_Party/FreeRTOS/Source/tasks.o
 .bss.xTasksWaitingTermination
                0x0000000020002958       0x14 ./Middlewares/Third_Party/FreeRTOS/Source/tasks.o
 .bss.xTickCount
                0x000000002000296c        0x4 ./Middlewares/Third_Party/FreeRTOS/Source/tasks.o
 .bss.xYieldPending
                0x0000000020002970        0x4 ./Middlewares/Third_Party/FreeRTOS/Source/tasks.o
 .bss.pxCurrentTimerList
                0x0000000020002974        0x4 ./Middlewares/Third_Party/FreeRTOS/Source/timers.o
 .bss.pxOverflowTimerList
                0x0000000020002978        0x4 ./Middlewares/Third_Party/FreeRTOS/Source/timers.o
 .bss.ucStaticTimerQueueStorage.1
                0x000000002000297c       0xa0 ./Middlewares/Third_Party/FreeRTOS/Source/timers.o
 .bss.xActiveTimerList1
                0x0000000020002a1c       0x14 ./Middlewares/Third_Party/FreeRTOS/Source/timers.o
 .bss.xActiveTimerList2
                0x0000000020002a30       0x14 ./Middlewares/Third_Party/FreeRTOS/Source/timers.o
 .bss.xLastTime.2
                0x0000000020002a44        0x4 ./Middlewares/Third_Party/FreeRTOS/Source/timers.o
 .bss.xStaticTimerQueue.0
                0x0000000020002a48       0x50 ./Middlewares/Third_Party/FreeRTOS/Source/timers.o
 .bss.xTimerQueue
                0x0000000020002a98        0x4 ./Middlewares/Third_Party/FreeRTOS/Source/timers.o
 .bss.xTimerTaskHandle
                0x0000000020002a9c        0x4 ./Middlewares/Third_Party/FreeRTOS/Source/timers.o
 .bss.ucMaxSysCallPriority
                0x0000000020002aa0        0x1 ./Middlewares/Third_Party/FreeRTOS/Source/portable/GCC/ARM_CM4F/port.o
 *fill*         0x0000000020002aa1        0x3 
 .bss.ulMaxPRIGROUPValue
                0x0000000020002aa4        0x4 ./Middlewares/Third_Party/FreeRTOS/Source/portable/GCC/ARM_CM4F/port.o
 .bss.pxEnd     0x0000000020002aa8        0x4 ./Middlewares/Third_Party/FreeRTOS/Source/portable/MemMang/heap_4.o
 .bss.ucHeap    0x0000000020002aac     0x3c00 ./Middlewares/Third_Party/FreeRTOS/Source/portable/MemMang/heap_4.o
 .bss.xBlockAllocatedBit
                0x00000000200066ac        0x4 ./Middlewares/Third_Party/FreeRTOS/Source/portable/MemMang/heap_4.o
 .bss.xFreeBytesRemaining
                0x00000000200066b0        0x4 ./Middlewares/Third_Party/FreeRTOS/Source/portable/MemMang/heap_4.o
 .bss.xMinimumEverFreeBytesRemaining
                0x00000000200066b4        0x4 ./Middlewares/Third_Party/FreeRTOS/Source/portable/MemMang/heap_4.o
 .bss.xNumberOfSuccessfulAllocations
                0x00000000200066b8        0x4 ./Middlewares/Third_Party/FreeRTOS/Source/portable/MemMang/heap_4.o
 .bss.xNumberOfSuccessfulFrees
                0x00000000200066bc        0x4 ./Middlewares/Third_Party/FreeRTOS/Source/portable/MemMang/heap_4.o
 .bss.xStart    0x00000000200066c0        0x8 ./Middlewares/Third_Party/FreeRTOS/Source/portable/MemMang/heap_4.o
 *(COMMON)
                0x00000000200066c8                . = ALIGN (0x4)
                0x00000000200066c8                _ebss = .
                0x00000000200066c8                __bss_end__ = _ebss

._user_heap_stack
                0x00000000200066c8      0x600
                0x00000000200066c8                . = ALIGN (0x8)
                [!provide]                        PROVIDE (end = .)
                0x00000000200066c8                PROVIDE (_end = .)
                0x00000000200068c8                . = (. + _Min_Heap_Size)
 *fill*         0x00000000200066c8      0x200 
                0x0000000020006cc8                . = (. + _Min_Stack_Size)
 *fill*         0x00000000200068c8      0x400 
                0x0000000020006cc8                . = ALIGN (0x8)

/DISCARD/
 libc.a(*)
 libm.a(*)
 libgcc.a(*)

.ARM.attributes
                0x0000000000000000       0x30
 *(.ARM.attributes)
 .ARM.attributes
                0x0000000000000000       0x1e c:/st/stm32cubeide_1.9.0/stm32cubeide/plugins/com.st.stm32cube.ide.mcu.externaltools.gnu-tools-for-stm32.10.3-2021.10.win32_1.0.100.202210260954/tools/bin/../lib/gcc/arm-none-eabi/10.3.1/thumb/v7e-m+fp/hard/crti.o
 .ARM.attributes
                0x000000000000001e       0x34 c:/st/stm32cubeide_1.9.0/stm32cubeide/plugins/com.st.stm32cube.ide.mcu.externaltools.gnu-tools-for-stm32.10.3-2021.10.win32_1.0.100.202210260954/tools/bin/../lib/gcc/arm-none-eabi/10.3.1/thumb/v7e-m+fp/hard/crtbegin.o
 .ARM.attributes
                0x0000000000000052       0x34 ./Core/Src/can.o
 .ARM.attributes
                0x0000000000000086       0x34 ./Core/Src/dma.o
 .ARM.attributes
                0x00000000000000ba       0x34 ./Core/Src/freertos.o
 .ARM.attributes
                0x00000000000000ee       0x34 ./Core/Src/gpio.o
 .ARM.attributes
                0x0000000000000122       0x34 ./Core/Src/iwdg.o
 .ARM.attributes
                0x0000000000000156       0x34 ./Core/Src/main.o
 .ARM.attributes
                0x000000000000018a       0x34 ./Core/Src/stm32f4xx_hal_msp.o
 .ARM.attributes
                0x00000000000001be       0x34 ./Core/Src/stm32f4xx_hal_timebase_tim.o
 .ARM.attributes
                0x00000000000001f2       0x34 ./Core/Src/stm32f4xx_it.o
 .ARM.attributes
                0x0000000000000226       0x34 ./Core/Src/system_stm32f4xx.o
 .ARM.attributes
                0x000000000000025a       0x34 ./Core/Src/tim.o
 .ARM.attributes
                0x000000000000028e       0x34 ./Core/Src/usart.o
 .ARM.attributes
                0x00000000000002c2       0x21 ./Core/Startup/startup_stm32f407vetx.o
 .ARM.attributes
                0x00000000000002e3       0x34 ./Core/cpp/Src/canbus.o
 .ARM.attributes
                0x0000000000000317       0x34 ./Core/cpp/Src/drivers_control.o
 .ARM.attributes
                0x000000000000034b       0x34 ./Core/cpp/Src/flash_data.o
 .ARM.attributes
                0x000000000000037f       0x34 ./Core/cpp/Src/inputs.o
 .ARM.attributes
                0x00000000000003b3       0x34 ./Core/cpp/Src/mission.o
 .ARM.attributes
                0x00000000000003e7       0x34 ./Core/cpp/Src/outputs.o
 .ARM.attributes
                0x000000000000041b       0x34 ./Core/cpp/Src/servo_control.o
 .ARM.attributes
                0x000000000000044f       0x34 ./Core/cpp/Src/uart_wifi.o
 .ARM.attributes
                0x0000000000000483       0x34 ./Drivers/STM32F4xx_HAL_Driver/Src/stm32f4xx_hal.o
 .ARM.attributes
                0x00000000000004b7       0x34 ./Drivers/STM32F4xx_HAL_Driver/Src/stm32f4xx_hal_can.o
 .ARM.attributes
                0x00000000000004eb       0x34 ./Drivers/STM32F4xx_HAL_Driver/Src/stm32f4xx_hal_cortex.o
 .ARM.attributes
                0x000000000000051f       0x34 ./Drivers/STM32F4xx_HAL_Driver/Src/stm32f4xx_hal_dma.o
 .ARM.attributes
                0x0000000000000553       0x34 ./Drivers/STM32F4xx_HAL_Driver/Src/stm32f4xx_hal_flash.o
 .ARM.attributes
                0x0000000000000587       0x34 ./Drivers/STM32F4xx_HAL_Driver/Src/stm32f4xx_hal_flash_ex.o
 .ARM.attributes
                0x00000000000005bb       0x34 ./Drivers/STM32F4xx_HAL_Driver/Src/stm32f4xx_hal_gpio.o
 .ARM.attributes
                0x00000000000005ef       0x34 ./Drivers/STM32F4xx_HAL_Driver/Src/stm32f4xx_hal_iwdg.o
 .ARM.attributes
                0x0000000000000623       0x34 ./Drivers/STM32F4xx_HAL_Driver/Src/stm32f4xx_hal_rcc.o
 .ARM.attributes
                0x0000000000000657       0x34 ./Drivers/STM32F4xx_HAL_Driver/Src/stm32f4xx_hal_tim.o
 .ARM.attributes
                0x000000000000068b       0x34 ./Drivers/STM32F4xx_HAL_Driver/Src/stm32f4xx_hal_tim_ex.o
 .ARM.attributes
                0x00000000000006bf       0x34 ./Drivers/STM32F4xx_HAL_Driver/Src/stm32f4xx_hal_uart.o
 .ARM.attributes
                0x00000000000006f3       0x34 ./Middlewares/Third_Party/FreeRTOS/Source/CMSIS_RTOS_V2/cmsis_os2.o
 .ARM.attributes
                0x0000000000000727       0x34 ./Middlewares/Third_Party/FreeRTOS/Source/list.o
 .ARM.attributes
                0x000000000000075b       0x34 ./Middlewares/Third_Party/FreeRTOS/Source/queue.o
 .ARM.attributes
                0x000000000000078f       0x34 ./Middlewares/Third_Party/FreeRTOS/Source/tasks.o
 .ARM.attributes
                0x00000000000007c3       0x34 ./Middlewares/Third_Party/FreeRTOS/Source/timers.o
 .ARM.attributes
                0x00000000000007f7       0x34 ./Middlewares/Third_Party/FreeRTOS/Source/portable/GCC/ARM_CM4F/port.o
 .ARM.attributes
                0x000000000000082b       0x34 ./Middlewares/Third_Party/FreeRTOS/Source/portable/MemMang/heap_4.o
 .ARM.attributes
                0x000000000000085f       0x34 c:/st/stm32cubeide_1.9.0/stm32cubeide/plugins/com.st.stm32cube.ide.mcu.externaltools.gnu-tools-for-stm32.10.3-2021.10.win32_1.0.100.202210260954/tools/bin/../lib/gcc/arm-none-eabi/10.3.1/../../../../arm-none-eabi/lib/thumb/v7e-m+fp/hard\libc_nano.a(lib_a-init.o)
 .ARM.attributes
                0x0000000000000893       0x34 c:/st/stm32cubeide_1.9.0/stm32cubeide/plugins/com.st.stm32cube.ide.mcu.externaltools.gnu-tools-for-stm32.10.3-2021.10.win32_1.0.100.202210260954/tools/bin/../lib/gcc/arm-none-eabi/10.3.1/../../../../arm-none-eabi/lib/thumb/v7e-m+fp/hard\libc_nano.a(lib_a-memcpy-stub.o)
 .ARM.attributes
                0x00000000000008c7       0x34 c:/st/stm32cubeide_1.9.0/stm32cubeide/plugins/com.st.stm32cube.ide.mcu.externaltools.gnu-tools-for-stm32.10.3-2021.10.win32_1.0.100.202210260954/tools/bin/../lib/gcc/arm-none-eabi/10.3.1/../../../../arm-none-eabi/lib/thumb/v7e-m+fp/hard\libc_nano.a(lib_a-memset.o)
 .ARM.attributes
                0x00000000000008fb       0x1e c:/st/stm32cubeide_1.9.0/stm32cubeide/plugins/com.st.stm32cube.ide.mcu.externaltools.gnu-tools-for-stm32.10.3-2021.10.win32_1.0.100.202210260954/tools/bin/../lib/gcc/arm-none-eabi/10.3.1/thumb/v7e-m+fp/hard\libgcc.a(_aeabi_uldivmod.o)
 .ARM.attributes
                0x0000000000000919       0x34 c:/st/stm32cubeide_1.9.0/stm32cubeide/plugins/com.st.stm32cube.ide.mcu.externaltools.gnu-tools-for-stm32.10.3-2021.10.win32_1.0.100.202210260954/tools/bin/../lib/gcc/arm-none-eabi/10.3.1/thumb/v7e-m+fp/hard\libgcc.a(_udivmoddi4.o)
 .ARM.attributes
                0x000000000000094d       0x1e c:/st/stm32cubeide_1.9.0/stm32cubeide/plugins/com.st.stm32cube.ide.mcu.externaltools.gnu-tools-for-stm32.10.3-2021.10.win32_1.0.100.202210260954/tools/bin/../lib/gcc/arm-none-eabi/10.3.1/thumb/v7e-m+fp/hard\libgcc.a(_dvmd_tls.o)
 .ARM.attributes
                0x000000000000096b       0x1e c:/st/stm32cubeide_1.9.0/stm32cubeide/plugins/com.st.stm32cube.ide.mcu.externaltools.gnu-tools-for-stm32.10.3-2021.10.win32_1.0.100.202210260954/tools/bin/../lib/gcc/arm-none-eabi/10.3.1/thumb/v7e-m+fp/hard/crtn.o
OUTPUT(minibot32.elf elf32-littlearm)
LOAD linker stubs
LOAD c:/st/stm32cubeide_1.9.0/stm32cubeide/plugins/com.st.stm32cube.ide.mcu.externaltools.gnu-tools-for-stm32.10.3-2021.10.win32_1.0.100.202210260954/tools/bin/../lib/gcc/arm-none-eabi/10.3.1/../../../../arm-none-eabi/lib/thumb/v7e-m+fp/hard\libc.a
LOAD c:/st/stm32cubeide_1.9.0/stm32cubeide/plugins/com.st.stm32cube.ide.mcu.externaltools.gnu-tools-for-stm32.10.3-2021.10.win32_1.0.100.202210260954/tools/bin/../lib/gcc/arm-none-eabi/10.3.1/../../../../arm-none-eabi/lib/thumb/v7e-m+fp/hard\libm.a
LOAD c:/st/stm32cubeide_1.9.0/stm32cubeide/plugins/com.st.stm32cube.ide.mcu.externaltools.gnu-tools-for-stm32.10.3-2021.10.win32_1.0.100.202210260954/tools/bin/../lib/gcc/arm-none-eabi/10.3.1/thumb/v7e-m+fp/hard\libgcc.a

.comment        0x0000000000000000       0x50
 .comment       0x0000000000000000       0x50 ./Core/Src/can.o
                                         0x51 (size before relaxing)
 .comment       0x0000000000000050       0x51 ./Core/Src/dma.o
 .comment       0x0000000000000050       0x51 ./Core/Src/freertos.o
 .comment       0x0000000000000050       0x51 ./Core/Src/gpio.o
 .comment       0x0000000000000050       0x51 ./Core/Src/iwdg.o
 .comment       0x0000000000000050       0x51 ./Core/Src/main.o
 .comment       0x0000000000000050       0x51 ./Core/Src/stm32f4xx_hal_msp.o
 .comment       0x0000000000000050       0x51 ./Core/Src/stm32f4xx_hal_timebase_tim.o
 .comment       0x0000000000000050       0x51 ./Core/Src/stm32f4xx_it.o
 .comment       0x0000000000000050       0x51 ./Core/Src/system_stm32f4xx.o
 .comment       0x0000000000000050       0x51 ./Core/Src/tim.o
 .comment       0x0000000000000050       0x51 ./Core/Src/usart.o
 .comment       0x0000000000000050       0x51 ./Core/cpp/Src/canbus.o
 .comment       0x0000000000000050       0x51 ./Core/cpp/Src/drivers_control.o
 .comment       0x0000000000000050       0x51 ./Core/cpp/Src/flash_data.o
 .comment       0x0000000000000050       0x51 ./Core/cpp/Src/inputs.o
 .comment       0x0000000000000050       0x51 ./Core/cpp/Src/mission.o
 .comment       0x0000000000000050       0x51 ./Core/cpp/Src/outputs.o
 .comment       0x0000000000000050       0x51 ./Core/cpp/Src/servo_control.o
 .comment       0x0000000000000050       0x51 ./Core/cpp/Src/uart_wifi.o
 .comment       0x0000000000000050       0x51 ./Drivers/STM32F4xx_HAL_Driver/Src/stm32f4xx_hal.o
 .comment       0x0000000000000050       0x51 ./Drivers/STM32F4xx_HAL_Driver/Src/stm32f4xx_hal_can.o
 .comment       0x0000000000000050       0x51 ./Drivers/STM32F4xx_HAL_Driver/Src/stm32f4xx_hal_cortex.o
 .comment       0x0000000000000050       0x51 ./Drivers/STM32F4xx_HAL_Driver/Src/stm32f4xx_hal_dma.o
 .comment       0x0000000000000050       0x51 ./Drivers/STM32F4xx_HAL_Driver/Src/stm32f4xx_hal_flash.o
 .comment       0x0000000000000050       0x51 ./Drivers/STM32F4xx_HAL_Driver/Src/stm32f4xx_hal_flash_ex.o
 .comment       0x0000000000000050       0x51 ./Drivers/STM32F4xx_HAL_Driver/Src/stm32f4xx_hal_gpio.o
 .comment       0x0000000000000050       0x51 ./Drivers/STM32F4xx_HAL_Driver/Src/stm32f4xx_hal_iwdg.o
 .comment       0x0000000000000050       0x51 ./Drivers/STM32F4xx_HAL_Driver/Src/stm32f4xx_hal_rcc.o
 .comment       0x0000000000000050       0x51 ./Drivers/STM32F4xx_HAL_Driver/Src/stm32f4xx_hal_tim.o
 .comment       0x0000000000000050       0x51 ./Drivers/STM32F4xx_HAL_Driver/Src/stm32f4xx_hal_tim_ex.o
 .comment       0x0000000000000050       0x51 ./Drivers/STM32F4xx_HAL_Driver/Src/stm32f4xx_hal_uart.o
 .comment       0x0000000000000050       0x51 ./Middlewares/Third_Party/FreeRTOS/Source/CMSIS_RTOS_V2/cmsis_os2.o
 .comment       0x0000000000000050       0x51 ./Middlewares/Third_Party/FreeRTOS/Source/list.o
 .comment       0x0000000000000050       0x51 ./Middlewares/Third_Party/FreeRTOS/Source/queue.o
 .comment       0x0000000000000050       0x51 ./Middlewares/Third_Party/FreeRTOS/Source/tasks.o
 .comment       0x0000000000000050       0x51 ./Middlewares/Third_Party/FreeRTOS/Source/timers.o
 .comment       0x0000000000000050       0x51 ./Middlewares/Third_Party/FreeRTOS/Source/portable/GCC/ARM_CM4F/port.o
 .comment       0x0000000000000050       0x51 ./Middlewares/Third_Party/FreeRTOS/Source/portable/MemMang/heap_4.o

.debug_frame    0x0000000000000000       0xd4
 .debug_frame   0x0000000000000000       0x2c c:/st/stm32cubeide_1.9.0/stm32cubeide/plugins/com.st.stm32cube.ide.mcu.externaltools.gnu-tools-for-stm32.10.3-2021.10.win32_1.0.100.202210260954/tools/bin/../lib/gcc/arm-none-eabi/10.3.1/../../../../arm-none-eabi/lib/thumb/v7e-m+fp/hard\libc_nano.a(lib_a-init.o)
 .debug_frame   0x000000000000002c       0x28 c:/st/stm32cubeide_1.9.0/stm32cubeide/plugins/com.st.stm32cube.ide.mcu.externaltools.gnu-tools-for-stm32.10.3-2021.10.win32_1.0.100.202210260954/tools/bin/../lib/gcc/arm-none-eabi/10.3.1/../../../../arm-none-eabi/lib/thumb/v7e-m+fp/hard\libc_nano.a(lib_a-memcpy-stub.o)
 .debug_frame   0x0000000000000054       0x20 c:/st/stm32cubeide_1.9.0/stm32cubeide/plugins/com.st.stm32cube.ide.mcu.externaltools.gnu-tools-for-stm32.10.3-2021.10.win32_1.0.100.202210260954/tools/bin/../lib/gcc/arm-none-eabi/10.3.1/../../../../arm-none-eabi/lib/thumb/v7e-m+fp/hard\libc_nano.a(lib_a-memset.o)
 .debug_frame   0x0000000000000074       0x2c c:/st/stm32cubeide_1.9.0/stm32cubeide/plugins/com.st.stm32cube.ide.mcu.externaltools.gnu-tools-for-stm32.10.3-2021.10.win32_1.0.100.202210260954/tools/bin/../lib/gcc/arm-none-eabi/10.3.1/thumb/v7e-m+fp/hard\libgcc.a(_aeabi_uldivmod.o)
 .debug_frame   0x00000000000000a0       0x34 c:/st/stm32cubeide_1.9.0/stm32cubeide/plugins/com.st.stm32cube.ide.mcu.externaltools.gnu-tools-for-stm32.10.3-2021.10.win32_1.0.100.202210260954/tools/bin/../lib/gcc/arm-none-eabi/10.3.1/thumb/v7e-m+fp/hard\libgcc.a(_udivmoddi4.o)
