Archive member included to satisfy reference by file (symbol)

c:/st/stm32cubeide_1.9.0/stm32cubeide/plugins/com.st.stm32cube.ide.mcu.externaltools.gnu-tools-for-stm32.10.3-2021.10.win32_1.0.100.202210260954/tools/bin/../lib/gcc/arm-none-eabi/10.3.1/../../../../arm-none-eabi/lib/thumb/v7e-m+fp/hard\libc_nano.a(lib_a-errno.o)
                              ./Core/Src/syscalls.o (__errno)
c:/st/stm32cubeide_1.9.0/stm32cubeide/plugins/com.st.stm32cube.ide.mcu.externaltools.gnu-tools-for-stm32.10.3-2021.10.win32_1.0.100.202210260954/tools/bin/../lib/gcc/arm-none-eabi/10.3.1/../../../../arm-none-eabi/lib/thumb/v7e-m+fp/hard\libc_nano.a(lib_a-exit.o)
                              c:/st/stm32cubeide_1.9.0/stm32cubeide/plugins/com.st.stm32cube.ide.mcu.externaltools.gnu-tools-for-stm32.10.3-2021.10.win32_1.0.100.202210260954/tools/bin/../lib/gcc/arm-none-eabi/10.3.1/../../../../arm-none-eabi/lib/thumb/v7e-m+fp/hard/crt0.o (exit)
c:/st/stm32cubeide_1.9.0/stm32cubeide/plugins/com.st.stm32cube.ide.mcu.externaltools.gnu-tools-for-stm32.10.3-2021.10.win32_1.0.100.202210260954/tools/bin/../lib/gcc/arm-none-eabi/10.3.1/../../../../arm-none-eabi/lib/thumb/v7e-m+fp/hard\libc_nano.a(lib_a-impure.o)
                              c:/st/stm32cubeide_1.9.0/stm32cubeide/plugins/com.st.stm32cube.ide.mcu.externaltools.gnu-tools-for-stm32.10.3-2021.10.win32_1.0.100.202210260954/tools/bin/../lib/gcc/arm-none-eabi/10.3.1/../../../../arm-none-eabi/lib/thumb/v7e-m+fp/hard\libc_nano.a(lib_a-exit.o) (_global_impure_ptr)
c:/st/stm32cubeide_1.9.0/stm32cubeide/plugins/com.st.stm32cube.ide.mcu.externaltools.gnu-tools-for-stm32.10.3-2021.10.win32_1.0.100.202210260954/tools/bin/../lib/gcc/arm-none-eabi/10.3.1/../../../../arm-none-eabi/lib/thumb/v7e-m+fp/hard\libc_nano.a(lib_a-init.o)
                              c:/st/stm32cubeide_1.9.0/stm32cubeide/plugins/com.st.stm32cube.ide.mcu.externaltools.gnu-tools-for-stm32.10.3-2021.10.win32_1.0.100.202210260954/tools/bin/../lib/gcc/arm-none-eabi/10.3.1/../../../../arm-none-eabi/lib/thumb/v7e-m+fp/hard/crt0.o (__libc_init_array)
c:/st/stm32cubeide_1.9.0/stm32cubeide/plugins/com.st.stm32cube.ide.mcu.externaltools.gnu-tools-for-stm32.10.3-2021.10.win32_1.0.100.202210260954/tools/bin/../lib/gcc/arm-none-eabi/10.3.1/../../../../arm-none-eabi/lib/thumb/v7e-m+fp/hard\libc_nano.a(lib_a-memcpy-stub.o)
                              ./Middlewares/Third_Party/FreeRTOS/Source/CMSIS_RTOS_V2/cmsis_os2.o (memcpy)
c:/st/stm32cubeide_1.9.0/stm32cubeide/plugins/com.st.stm32cube.ide.mcu.externaltools.gnu-tools-for-stm32.10.3-2021.10.win32_1.0.100.202210260954/tools/bin/../lib/gcc/arm-none-eabi/10.3.1/../../../../arm-none-eabi/lib/thumb/v7e-m+fp/hard\libc_nano.a(lib_a-memset.o)
                              c:/st/stm32cubeide_1.9.0/stm32cubeide/plugins/com.st.stm32cube.ide.mcu.externaltools.gnu-tools-for-stm32.10.3-2021.10.win32_1.0.100.202210260954/tools/bin/../lib/gcc/arm-none-eabi/10.3.1/../../../../arm-none-eabi/lib/thumb/v7e-m+fp/hard/crt0.o (memset)
c:/st/stm32cubeide_1.9.0/stm32cubeide/plugins/com.st.stm32cube.ide.mcu.externaltools.gnu-tools-for-stm32.10.3-2021.10.win32_1.0.100.202210260954/tools/bin/../lib/gcc/arm-none-eabi/10.3.1/thumb/v7e-m+fp/hard\libgcc.a(_aeabi_uldivmod.o)
                              ./Drivers/STM32F4xx_HAL_Driver/Src/stm32f4xx_hal_rcc.o (__aeabi_uldivmod)
c:/st/stm32cubeide_1.9.0/stm32cubeide/plugins/com.st.stm32cube.ide.mcu.externaltools.gnu-tools-for-stm32.10.3-2021.10.win32_1.0.100.202210260954/tools/bin/../lib/gcc/arm-none-eabi/10.3.1/thumb/v7e-m+fp/hard\libgcc.a(_udivmoddi4.o)
                              c:/st/stm32cubeide_1.9.0/stm32cubeide/plugins/com.st.stm32cube.ide.mcu.externaltools.gnu-tools-for-stm32.10.3-2021.10.win32_1.0.100.202210260954/tools/bin/../lib/gcc/arm-none-eabi/10.3.1/thumb/v7e-m+fp/hard\libgcc.a(_aeabi_uldivmod.o) (__udivmoddi4)
c:/st/stm32cubeide_1.9.0/stm32cubeide/plugins/com.st.stm32cube.ide.mcu.externaltools.gnu-tools-for-stm32.10.3-2021.10.win32_1.0.100.202210260954/tools/bin/../lib/gcc/arm-none-eabi/10.3.1/thumb/v7e-m+fp/hard\libgcc.a(_dvmd_tls.o)
                              c:/st/stm32cubeide_1.9.0/stm32cubeide/plugins/com.st.stm32cube.ide.mcu.externaltools.gnu-tools-for-stm32.10.3-2021.10.win32_1.0.100.202210260954/tools/bin/../lib/gcc/arm-none-eabi/10.3.1/thumb/v7e-m+fp/hard\libgcc.a(_aeabi_uldivmod.o) (__aeabi_ldiv0)

Discarded input sections

 .text          0x0000000000000000        0x0 c:/st/stm32cubeide_1.9.0/stm32cubeide/plugins/com.st.stm32cube.ide.mcu.externaltools.gnu-tools-for-stm32.10.3-2021.10.win32_1.0.100.202210260954/tools/bin/../lib/gcc/arm-none-eabi/10.3.1/thumb/v7e-m+fp/hard/crti.o
 .data          0x0000000000000000        0x0 c:/st/stm32cubeide_1.9.0/stm32cubeide/plugins/com.st.stm32cube.ide.mcu.externaltools.gnu-tools-for-stm32.10.3-2021.10.win32_1.0.100.202210260954/tools/bin/../lib/gcc/arm-none-eabi/10.3.1/thumb/v7e-m+fp/hard/crti.o
[...]
Memory Configuration

Name             Origin             Length             Attributes
CCMRAM           0x0000000010000000 0x0000000000010000 xrw
RAM              0x0000000020000000 0x0000000000020000 xrw
FLASH            0x0000000008000000 0x0000000000080000 xr
*default*        0x0000000000000000 0xffffffffffffffff

Linker script and memory map

LOAD c:/st/stm32cubeide_1.9.0/stm32cubeide/plugins/com.st.stm32cube.ide.mcu.externaltools.gnu-tools-for-stm32.10.3-2021.10.win32_1.0.100.202210260954/tools/bin/../lib/gcc/arm-none-eabi/10.3.1/thumb/v7e-m+fp/hard/crti.o
LOAD c:/st/stm32cubeide_1.9.0/stm32cubeide/plugins/com.st.stm32cube.ide.mcu.externaltools.gnu-tools-for-stm32.10.3-2021.10.win32_1.0.100.202210260954/tools/bin/../lib/gcc/arm-none-eabi/10.3.1/thumb/v7e-m+fp/hard/crtbegin.o
LOAD c:/st/stm32cubeide_1.9.0/stm32cubeide/plugins/com.st.stm32cube.ide.mcu.externaltools.gnu-tools-for-stm32.10.3-2021.10.win32_1.0.100.202210260954/tools/bin/../lib/gcc/arm-none-eabi/10.3.1/../../../../arm-none-eabi/lib/thumb/v7e-m+fp/hard/crt0.o
LOAD ./Core/Src/can.o
LOAD ./Core/Src/dma.o
LOAD ./Core/Src/freertos.o
LOAD ./Core/Src/gpio.o
LOAD ./Core/Src/iwdg.o
LOAD ./Core/Src/main.o
LOAD ./Core/Src/stm32f4xx_hal_msp.o
LOAD ./Core/Src/stm32f4xx_hal_timebase_tim.o
LOAD ./Core/Src/stm32f4xx_it.o
LOAD ./Core/Src/syscalls.o
LOAD ./Core/Src/sysmem.o
LOAD ./Core/Src/system_stm32f4xx.o
LOAD ./Core/Src/tim.o
LOAD ./Core/Src/usart.o
LOAD ./Core/Startup/startup_stm32f407vetx.o
LOAD ./Core/cpp/Src/InitCanDrivers.o
LOAD ./Core/cpp/Src/KeyaLKTechDriver.o
LOAD ./Core/cpp/Src/Servo.o
LOAD ./Core/cpp/Src/canbus.o
LOAD ./Core/cpp/Src/drivers_control.o
LOAD ./Core/cpp/Src/flash_data.o
LOAD ./Core/cpp/Src/inputs.o
LOAD ./Core/cpp/Src/mission.o
LOAD ./Core/cpp/Src/outputs.o
LOAD ./Core/cpp/Src/servo_control.o
LOAD ./Core/cpp/Src/uart_wifi.o
LOAD ./Drivers/STM32F4xx_HAL_Driver/Src/stm32f4xx_hal.o
LOAD ./Drivers/STM32F4xx_HAL_Driver/Src/stm32f4xx_hal_can.o
LOAD ./Drivers/STM32F4xx_HAL_Driver/Src/stm32f4xx_hal_cortex.o
LOAD ./Drivers/STM32F4xx_HAL_Driver/Src/stm32f4xx_hal_dma.o
LOAD ./Drivers/STM32F4xx_HAL_Driver/Src/stm32f4xx_hal_dma_ex.o
LOAD ./Drivers/STM32F4xx_HAL_Driver/Src/stm32f4xx_hal_exti.o
LOAD ./Drivers/STM32F4xx_HAL_Driver/Src/stm32f4xx_hal_flash.o
LOAD ./Drivers/STM32F4xx_HAL_Driver/Src/stm32f4xx_hal_flash_ex.o
LOAD ./Drivers/STM32F4xx_HAL_Driver/Src/stm32f4xx_hal_flash_ramfunc.o
LOAD ./Drivers/STM32F4xx_HAL_Driver/Src/stm32f4xx_hal_gpio.o
LOAD ./Drivers/STM32F4xx_HAL_Driver/Src/stm32f4xx_hal_iwdg.o
LOAD ./Drivers/STM32F4xx_HAL_Driver/Src/stm32f4xx_hal_pwr.o
LOAD ./Drivers/STM32F4xx_HAL_Driver/Src/stm32f4xx_hal_pwr_ex.o
LOAD ./Drivers/STM32F4xx_HAL_Driver/Src/stm32f4xx_hal_rcc.o
LOAD ./Drivers/STM32F4xx_HAL_Driver/Src/stm32f4xx_hal_rcc_ex.o
LOAD ./Drivers/STM32F4xx_HAL_Driver/Src/stm32f4xx_hal_tim.o
LOAD ./Drivers/STM32F4xx_HAL_Driver/Src/stm32f4xx_hal_tim_ex.o
LOAD ./Drivers/STM32F4xx_HAL_Driver/Src/stm32f4xx_hal_uart.o
LOAD ./Middlewares/Third_Party/FreeRTOS/Source/CMSIS_RTOS_V2/cmsis_os2.o
LOAD ./Middlewares/Third_Party/FreeRTOS/Source/croutine.o
LOAD ./Middlewares/Third_Party/FreeRTOS/Source/event_groups.o
LOAD ./Middlewares/Third_Party/FreeRTOS/Source/list.o
LOAD ./Middlewares/Third_Party/FreeRTOS/Source/queue.o
LOAD ./Middlewares/Third_Party/FreeRTOS/Source/stream_buffer.o
LOAD ./Middlewares/Third_Party/FreeRTOS/Source/tasks.o
LOAD ./Middlewares/Third_Party/FreeRTOS/Source/timers.o
LOAD ./Middlewares/Third_Party/FreeRTOS/Source/portable/GCC/ARM_CM4F/port.o
LOAD ./Middlewares/Third_Party/FreeRTOS/Source/portable/MemMang/heap_4.o
START GROUP
LOAD c:/st/stm32cubeide_1.9.0/stm32cubeide/plugins/com.st.stm32cube.ide.mcu.externaltools.gnu-tools-for-stm32.10.3-2021.10.win32_1.0.100.202210260954/tools/bin/../lib/gcc/arm-none-eabi/10.3.1/../../../../arm-none-eabi/lib/thumb/v7e-m+fp/hard\libstdc++_nano.a
LOAD c:/st/stm32cubeide_1.9.0/stm32cubeide/plugins/com.st.stm32cube.ide.mcu.externaltools.gnu-tools-for-stm32.10.3-2021.10.win32_1.0.100.202210260954/tools/bin/../lib/gcc/arm-none-eabi/10.3.1/../../../../arm-none-eabi/lib/thumb/v7e-m+fp/hard\libsupc++_nano.a
END GROUP
LOAD c:/st/stm32cubeide_1.9.0/stm32cubeide/plugins/com.st.stm32cube.ide.mcu.externaltools.gnu-tools-for-stm32.10.3-2021.10.win32_1.0.100.202210260954/tools/bin/../lib/gcc/arm-none-eabi/10.3.1/../../../../arm-none-eabi/lib/thumb/v7e-m+fp/hard\libstdc++_nano.a
LOAD c:/st/stm32cubeide_1.9.0/stm32cubeide/plugins/com.st.stm32cube.ide.mcu.externaltools.gnu-tools-for-stm32.10.3-2021.10.win32_1.0.100.202210260954/tools/bin/../lib/gcc/arm-none-eabi/10.3.1/../../../../arm-none-eabi/lib/thumb/v7e-m+fp/hard\libm.a
LOAD c:/st/stm32cubeide_1.9.0/stm32cubeide/plugins/com.st.stm32cube.ide.mcu.externaltools.gnu-tools-for-stm32.10.3-2021.10.win32_1.0.100.202210260954/tools/bin/../lib/gcc/arm-none-eabi/10.3.1/../../../../arm-none-eabi/lib/thumb/v7e-m+fp/hard\libc_nano.a
START GROUP
LOAD c:/st/stm32cubeide_1.9.0/stm32cubeide/plugins/com.st.stm32cube.ide.mcu.externaltools.gnu-tools-for-stm32.10.3-2021.10.win32_1.0.100.202210260954/tools/bin/../lib/gcc/arm-none-eabi/10.3.1/thumb/v7e-m+fp/hard\libgcc.a
LOAD c:/st/stm32cubeide_1.9.0/stm32cubeide/plugins/com.st.stm32cube.ide.mcu.externaltools.gnu-tools-for-stm32.10.3-2021.10.win32_1.0.100.202210260954/tools/bin/../lib/gcc/arm-none-eabi/10.3.1/../../../../arm-none-eabi/lib/thumb/v7e-m+fp/hard\libc_nano.a
END GROUP
START GROUP
LOAD c:/st/stm32cubeide_1.9.0/stm32cubeide/plugins/com.st.stm32cube.ide.mcu.externaltools.gnu-tools-for-stm32.10.3-2021.10.win32_1.0.100.202210260954/tools/bin/../lib/gcc/arm-none-eabi/10.3.1/thumb/v7e-m+fp/hard\libgcc.a
LOAD c:/st/stm32cubeide_1.9.0/stm32cubeide/plugins/com.st.stm32cube.ide.mcu.externaltools.gnu-tools-for-stm32.10.3-2021.10.win32_1.0.100.202210260954/tools/bin/../lib/gcc/arm-none-eabi/10.3.1/../../../../arm-none-eabi/lib/thumb/v7e-m+fp/hard\libc_nano.a
LOAD c:/st/stm32cubeide_1.9.0/stm32cubeide/plugins/com.st.stm32cube.ide.mcu.externaltools.gnu-tools-for-stm32.10.3-2021.10.win32_1.0.100.202210260954/tools/bin/../lib/gcc/arm-none-eabi/10.3.1/../../../../arm-none-eabi/lib/thumb/v7e-m+fp/hard\libnosys.a
END GROUP
START GROUP
LOAD c:/st/stm32cubeide_1.9.0/stm32cubeide/plugins/com.st.stm32cube.ide.mcu.externaltools.gnu-tools-for-stm32.10.3-2021.10.win32_1.0.100.202210260954/tools/bin/../lib/gcc/arm-none-eabi/10.3.1/thumb/v7e-m+fp/hard\libgcc.a
LOAD c:/st/stm32cubeide_1.9.0/stm32cubeide/plugins/com.st.stm32cube.ide.mcu.externaltools.gnu-tools-for-stm32.10.3-2021.10.win32_1.0.100.202210260954/tools/bin/../lib/gcc/arm-none-eabi/10.3.1/../../../../arm-none-eabi/lib/thumb/v7e-m+fp/hard\libc_nano.a
LOAD c:/st/stm32cubeide_1.9.0/stm32cubeide/plugins/com.st.stm32cube.ide.mcu.externaltools.gnu-tools-for-stm32.10.3-2021.10.win32_1.0.100.202210260954/tools/bin/../lib/gcc/arm-none-eabi/10.3.1/../../../../arm-none-eabi/lib/thumb/v7e-m+fp/hard\libnosys.a
END GROUP
LOAD c:/st/stm32cubeide_1.9.0/stm32cubeide/plugins/com.st.stm32cube.ide.mcu.externaltools.gnu-tools-for-stm32.10.3-2021.10.win32_1.0.100.202210260954/tools/bin/../lib/gcc/arm-none-eabi/10.3.1/thumb/v7e-m+fp/hard/crtend.o
LOAD c:/st/stm32cubeide_1.9.0/stm32cubeide/plugins/com.st.stm32cube.ide.mcu.externaltools.gnu-tools-for-stm32.10.3-2021.10.win32_1.0.100.202210260954/tools/bin/../lib/gcc/arm-none-eabi/10.3.1/thumb/v7e-m+fp/hard/crtn.o
                0x0000000020020000                _estack = (ORIGIN (RAM) + LENGTH (RAM))
                0x0000000000000200                _Min_Heap_Size = 0x200
                0x0000000000000400                _Min_Stack_Size = 0x400

.isr_vector     0x0000000008000000      0x188
                0x0000000008000000                . = ALIGN (0x4)
 *(.isr_vector)
 .isr_vector    0x0000000008000000      0x188 ./Core/Startup/startup_stm32f407vetx.o
                0x0000000008000000                g_pfnVectors
                0x0000000008000188                . = ALIGN (0x4)

.text           0x0000000008000190     0xaba8
                0x0000000008000190                . = ALIGN (0x4)
 *(.text)
 .text          0x0000000008000190       0x40 c:/st/stm32cubeide_1.9.0/stm32cubeide/plugins/com.st.stm32cube.ide.mcu.externaltools.gnu-tools-for-stm32.10.3-2021.10.win32_1.0.100.202210260954/tools/bin/../lib/gcc/arm-none-eabi/10.3.1/thumb/v7e-m+fp/hard/crtbegin.o
 .text          0x00000000080001d0       0x30 c:/st/stm32cubeide_1.9.0/stm32cubeide/plugins/com.st.stm32cube.ide.mcu.externaltools.gnu-tools-for-stm32.10.3-2021.10.win32_1.0.100.202210260954/tools/bin/../lib/gcc/arm-none-eabi/10.3.1/thumb/v7e-m+fp/hard\libgcc.a(_aeabi_uldivmod.o)
                0x00000000080001d0                __aeabi_uldivmod
 .text          0x0000000008000200      0x2d0 c:/st/stm32cubeide_1.9.0/stm32cubeide/plugins/com.st.stm32cube.ide.mcu.externaltools.gnu-tools-for-stm32.10.3-2021.10.win32_1.0.100.202210260954/tools/bin/../lib/gcc/arm-none-eabi/10.3.1/thumb/v7e-m+fp/hard\libgcc.a(_udivmoddi4.o)
                0x0000000008000200                __udivmoddi4
 .text          0x00000000080004d0        0x4 c:/st/stm32cubeide_1.9.0/stm32cubeide/plugins/com.st.stm32cube.ide.mcu.externaltools.gnu-tools-for-stm32.10.3-2021.10.win32_1.0.100.202210260954/tools/bin/../lib/gcc/arm-none-eabi/10.3.1/thumb/v7e-m+fp/hard\libgcc.a(_dvmd_tls.o)
                0x00000000080004d0                __aeabi_idiv0
                0x00000000080004d0                __aeabi_ldiv0
 *(.text*)
 .text.MX_CAN1_Init
                0x00000000080004d4       0xd0 ./Core/Src/can.o
                0x00000000080004d4                MX_CAN1_Init
 .text.HAL_CAN_MspInit
                0x00000000080005a4       0xb0 ./Core/Src/can.o
                0x00000000080005a4                HAL_CAN_MspInit
 .text.MX_DMA_Init
                0x0000000008000654       0x7c ./Core/Src/dma.o
                0x0000000008000654                MX_DMA_Init
 .text.MX_FREERTOS_Init
                0x00000000080006d0       0xe8 ./Core/Src/freertos.o
                0x00000000080006d0                MX_FREERTOS_Init
 .text.StartDefaultTask
                0x00000000080007b8       0x12 ./Core/Src/freertos.o
                0x00000000080007b8                StartDefaultTask
 *fill*         0x00000000080007ca        0x2 
 .text.MX_GPIO_Init
                0x00000000080007cc      0x228 ./Core/Src/gpio.o
                0x00000000080007cc                MX_GPIO_Init
 .text.MX_IWDG_Init
                0x00000000080009f4       0x34 ./Core/Src/iwdg.o
                0x00000000080009f4                MX_IWDG_Init
 .text.main     0x0000000008000a28       0xd0 ./Core/Src/main.o
                0x0000000008000a28                main
 .text.SystemClock_Config
                0x0000000008000af8       0xd8 ./Core/Src/main.o
                0x0000000008000af8                SystemClock_Config
 .text.HAL_TIM_PeriodElapsedCallback
                0x0000000008000bd0       0x24 ./Core/Src/main.o
                0x0000000008000bd0                HAL_TIM_PeriodElapsedCallback
 .text.Error_Handler
                0x0000000008000bf4        0xa ./Core/Src/main.o
                0x0000000008000bf4                Error_Handler
 *fill*         0x0000000008000bfe        0x2 
 .text.HAL_MspInit
                0x0000000008000c00       0x58 ./Core/Src/stm32f4xx_hal_msp.o
                0x0000000008000c00                HAL_MspInit
 .text.HAL_InitTick
                0x0000000008000c58       0xf8 ./Core/Src/stm32f4xx_hal_timebase_tim.o
                0x0000000008000c58                HAL_InitTick
 .text.NMI_Handler
                0x0000000008000d50        0x6 ./Core/Src/stm32f4xx_it.o
                0x0000000008000d50                NMI_Handler
 .text.HardFault_Handler
                0x0000000008000d56        0x6 ./Core/Src/stm32f4xx_it.o
                0x0000000008000d56                HardFault_Handler
 .text.MemManage_Handler
                0x0000000008000d5c        0x6 ./Core/Src/stm32f4xx_it.o
                0x0000000008000d5c                MemManage_Handler
 .text.BusFault_Handler
                0x0000000008000d62        0x6 ./Core/Src/stm32f4xx_it.o
                0x0000000008000d62                BusFault_Handler
 .text.UsageFault_Handler
                0x0000000008000d68        0x6 ./Core/Src/stm32f4xx_it.o
                0x0000000008000d68                UsageFault_Handler
 .text.DebugMon_Handler
                0x0000000008000d6e        0xe ./Core/Src/stm32f4xx_it.o
                0x0000000008000d6e                DebugMon_Handler
 .text.DMA1_Stream1_IRQHandler
                0x0000000008000d7c       0x14 ./Core/Src/stm32f4xx_it.o
                0x0000000008000d7c                DMA1_Stream1_IRQHandler
 .text.DMA1_Stream5_IRQHandler
                0x0000000008000d90       0x14 ./Core/Src/stm32f4xx_it.o
                0x0000000008000d90                DMA1_Stream5_IRQHandler
 .text.CAN1_RX0_IRQHandler
                0x0000000008000da4       0x14 ./Core/Src/stm32f4xx_it.o
                0x0000000008000da4                CAN1_RX0_IRQHandler
 .text.CAN1_SCE_IRQHandler
                0x0000000008000db8       0x14 ./Core/Src/stm32f4xx_it.o
                0x0000000008000db8                CAN1_SCE_IRQHandler
 .text.USART1_IRQHandler
                0x0000000008000dcc       0x14 ./Core/Src/stm32f4xx_it.o
                0x0000000008000dcc                USART1_IRQHandler
 .text.USART2_IRQHandler
                0x0000000008000de0       0x14 ./Core/Src/stm32f4xx_it.o
                0x0000000008000de0                USART2_IRQHandler
 .text.USART3_IRQHandler
                0x0000000008000df4       0x14 ./Core/Src/stm32f4xx_it.o
                0x0000000008000df4                USART3_IRQHandler
 .text.TIM6_DAC_IRQHandler
                0x0000000008000e08       0x14 ./Core/Src/stm32f4xx_it.o
                0x0000000008000e08                TIM6_DAC_IRQHandler
 .text.DMA2_Stream2_IRQHandler
                0x0000000008000e1c       0x14 ./Core/Src/stm32f4xx_it.o
                0x0000000008000e1c                DMA2_Stream2_IRQHandler
 .text.SystemInit
                0x0000000008000e30       0x24 ./Core/Src/system_stm32f4xx.o
                0x0000000008000e30                SystemInit
 .text.MX_TIM3_Init
                0x0000000008000e54      0x130 ./Core/Src/tim.o
                0x0000000008000e54                MX_TIM3_Init
 .text.MX_TIM4_Init
                0x0000000008000f84       0xa8 ./Core/Src/tim.o
                0x0000000008000f84                MX_TIM4_Init
 .text.HAL_TIM_Base_MspInit
                0x000000000800102c       0x44 ./Core/Src/tim.o
                0x000000000800102c                HAL_TIM_Base_MspInit
 .text.HAL_TIM_Encoder_MspInit
                0x0000000008001070       0x90 ./Core/Src/tim.o
                0x0000000008001070                HAL_TIM_Encoder_MspInit
 .text.HAL_TIM_MspPostInit
                0x0000000008001100       0x74 ./Core/Src/tim.o
                0x0000000008001100                HAL_TIM_MspPostInit
 .text.MX_USART1_UART_Init
                0x0000000008001174       0x54 ./Core/Src/usart.o
                0x0000000008001174                MX_USART1_UART_Init
 .text.MX_USART2_UART_Init
                0x00000000080011c8       0x54 ./Core/Src/usart.o
                0x00000000080011c8                MX_USART2_UART_Init
 .text.MX_USART3_UART_Init
                0x000000000800121c       0x54 ./Core/Src/usart.o
                0x000000000800121c                MX_USART3_UART_Init
 .text.HAL_UART_MspInit
                0x0000000008001270      0x2c4 ./Core/Src/usart.o
                0x0000000008001270                HAL_UART_MspInit
 .text.Reset_Handler
                0x0000000008001534       0x50 ./Core/Startup/startup_stm32f407vetx.o
                0x0000000008001534                Reset_Handler
 .text.Default_Handler
                0x0000000008001584        0x2 ./Core/Startup/startup_stm32f407vetx.o
                0x0000000008001584                RTC_Alarm_IRQHandler
                0x0000000008001584                HASH_RNG_IRQHandler
                0x0000000008001584                EXTI2_IRQHandler
                0x0000000008001584                TIM8_CC_IRQHandler
                0x0000000008001584                TIM1_CC_IRQHandler
                0x0000000008001584                DMA2_Stream5_IRQHandler
                0x0000000008001584                PVD_IRQHandler
                0x0000000008001584                SDIO_IRQHandler
                0x0000000008001584                TAMP_STAMP_IRQHandler
                0x0000000008001584                CAN2_RX1_IRQHandler
                0x0000000008001584                EXTI3_IRQHandler
                0x0000000008001584                TIM8_TRG_COM_TIM14_IRQHandler
                0x0000000008001584                TIM1_UP_TIM10_IRQHandler
                0x0000000008001584                TIM8_UP_TIM13_IRQHandler
                0x0000000008001584                I2C3_ER_IRQHandler
                0x0000000008001584                EXTI0_IRQHandler
                0x0000000008001584                I2C2_EV_IRQHandler
                0x0000000008001584                DMA1_Stream2_IRQHandler
                0x0000000008001584                FPU_IRQHandler
                0x0000000008001584                OTG_HS_WKUP_IRQHandler
                0x0000000008001584                CAN2_SCE_IRQHandler
                0x0000000008001584                SPI1_IRQHandler
                0x0000000008001584                TIM1_BRK_TIM9_IRQHandler
                0x0000000008001584                DCMI_IRQHandler
                0x0000000008001584                CAN2_RX0_IRQHandler
                0x0000000008001584                DMA2_Stream3_IRQHandler
                0x0000000008001584                USART6_IRQHandler
                0x0000000008001584                CAN1_RX1_IRQHandler
                0x0000000008001584                UART5_IRQHandler
                0x0000000008001584                DMA2_Stream0_IRQHandler
                0x0000000008001584                TIM4_IRQHandler
                0x0000000008001584                I2C1_EV_IRQHandler
                0x0000000008001584                DMA1_Stream6_IRQHandler
                0x0000000008001584                UART4_IRQHandler
                0x0000000008001584                TIM3_IRQHandler
                0x0000000008001584                RCC_IRQHandler
                0x0000000008001584                TIM8_BRK_TIM12_IRQHandler
                0x0000000008001584                Default_Handler
                0x0000000008001584                EXTI15_10_IRQHandler
                0x0000000008001584                ADC_IRQHandler
                0x0000000008001584                DMA1_Stream7_IRQHandler
                0x0000000008001584                TIM7_IRQHandler
                0x0000000008001584                CAN2_TX_IRQHandler
                0x0000000008001584                TIM5_IRQHandler
                0x0000000008001584                DMA2_Stream7_IRQHandler
                0x0000000008001584                I2C3_EV_IRQHandler
                0x0000000008001584                EXTI9_5_IRQHandler
                0x0000000008001584                RTC_WKUP_IRQHandler
                0x0000000008001584                ETH_WKUP_IRQHandler
                0x0000000008001584                SPI2_IRQHandler
                0x0000000008001584                OTG_HS_EP1_IN_IRQHandler
                0x0000000008001584                DMA1_Stream0_IRQHandler
                0x0000000008001584                CAN1_TX_IRQHandler
                0x0000000008001584                EXTI4_IRQHandler
                0x0000000008001584                FSMC_IRQHandler
                0x0000000008001584                ETH_IRQHandler
                0x0000000008001584                OTG_HS_EP1_OUT_IRQHandler
                0x0000000008001584                WWDG_IRQHandler
                0x0000000008001584                TIM2_IRQHandler
                0x0000000008001584                OTG_FS_WKUP_IRQHandler
                0x0000000008001584                TIM1_TRG_COM_TIM11_IRQHandler
                0x0000000008001584                OTG_HS_IRQHandler
                0x0000000008001584                EXTI1_IRQHandler
                0x0000000008001584                I2C2_ER_IRQHandler
                0x0000000008001584                DMA2_Stream1_IRQHandler
                0x0000000008001584                FLASH_IRQHandler
                0x0000000008001584                DMA2_Stream4_IRQHandler
                0x0000000008001584                OTG_FS_IRQHandler
                0x0000000008001584                SPI3_IRQHandler
                0x0000000008001584                DMA1_Stream4_IRQHandler
                0x0000000008001584                I2C1_ER_IRQHandler
                0x0000000008001584                DMA2_Stream6_IRQHandler
                0x0000000008001584                DMA1_Stream3_IRQHandler
 .text._ZN16KeyaLKTechDriverC2EmmmR15GlobDataTypeDef
                0x0000000008001586       0xb2 ./Core/cpp/Src/KeyaLKTechDriver.o
                0x0000000008001586                KeyaLKTechDriver::KeyaLKTechDriver(unsigned long, unsigned long, unsigned long, GlobDataTypeDef&)
                0x0000000008001586                KeyaLKTechDriver::KeyaLKTechDriver(unsigned long, unsigned long, unsigned long, GlobDataTypeDef&)
 .text._ZN16KeyaLKTechDriverC2EmmR15GlobDataTypeDef
                0x0000000008001638       0x28 ./Core/cpp/Src/KeyaLKTechDriver.o
                0x0000000008001638                KeyaLKTechDriver::KeyaLKTechDriver(unsigned long, unsigned long, GlobDataTypeDef&)
                0x0000000008001638                KeyaLKTechDriver::KeyaLKTechDriver(unsigned long, unsigned long, GlobDataTypeDef&)
 .text._ZN16KeyaLKTechDriverC2EmR15GlobDataTypeDef
                0x0000000008001660       0x26 ./Core/cpp/Src/KeyaLKTechDriver.o
                0x0000000008001660                KeyaLKTechDriver::KeyaLKTechDriver(unsigned long, GlobDataTypeDef&)
                0x0000000008001660                KeyaLKTechDriver::KeyaLKTechDriver(unsigned long, GlobDataTypeDef&)
 .text._ZN16KeyaLKTechDriver8setSpeedEl
                0x0000000008001686       0xca ./Core/cpp/Src/KeyaLKTechDriver.o
                0x0000000008001686                KeyaLKTechDriver::setSpeed(long)
 .text._ZN16KeyaLKTechDriver4stopEv
                0x0000000008001750       0x9c ./Core/cpp/Src/KeyaLKTechDriver.o
                0x0000000008001750                KeyaLKTechDriver::stop()
 .text._ZN16KeyaLKTechDriver6enableEv
                0x00000000080017ec       0x9e ./Core/cpp/Src/KeyaLKTechDriver.o
                0x00000000080017ec                KeyaLKTechDriver::enable()
 .text._ZN16KeyaLKTechDriver5getIdEv
                0x000000000800188a       0x26 ./Core/cpp/Src/KeyaLKTechDriver.o
                0x000000000800188a                KeyaLKTechDriver::getId()
 .text._ZN16KeyaLKTechDriver7readEncEv
                0x00000000080018b0       0xa0 ./Core/cpp/Src/KeyaLKTechDriver.o
                0x00000000080018b0                KeyaLKTechDriver::readEnc()
 .text._ZN16KeyaLKTechDriver9readErrorEv
                0x0000000008001950       0x62 ./Core/cpp/Src/KeyaLKTechDriver.o
                0x0000000008001950                KeyaLKTechDriver::readError()
 .text._ZN16KeyaLKTechDriver10resetErrorEv
                0x00000000080019b2       0x62 ./Core/cpp/Src/KeyaLKTechDriver.o
                0x00000000080019b2                KeyaLKTechDriver::resetError()
 .text._ZN16KeyaLKTechDriver6getPosEv
                0x0000000008001a14       0x18 ./Core/cpp/Src/KeyaLKTechDriver.o
                0x0000000008001a14                KeyaLKTechDriver::getPos()
 .text._ZN16KeyaLKTechDriver8getSpeedEv
                0x0000000008001a2c       0x18 ./Core/cpp/Src/KeyaLKTechDriver.o
                0x0000000008001a2c                KeyaLKTechDriver::getSpeed()
 .text._ZN16KeyaLKTechDriver8getErrorEv
                0x0000000008001a44       0x1a ./Core/cpp/Src/KeyaLKTechDriver.o
                0x0000000008001a44                KeyaLKTechDriver::getError()
 .text._ZN16KeyaLKTechDriver7setTempEa
                0x0000000008001a5e       0x20 ./Core/cpp/Src/KeyaLKTechDriver.o
                0x0000000008001a5e                KeyaLKTechDriver::setTemp(signed char)
 .text._ZN16KeyaLKTechDriver8setErrorEa
                0x0000000008001a7e       0x20 ./Core/cpp/Src/KeyaLKTechDriver.o
                0x0000000008001a7e                KeyaLKTechDriver::setError(signed char)
 *fill*         0x0000000008001a9e        0x2 
 .text._ZN16KeyaLKTechDriver6setPosEl
                0x0000000008001aa0      0x11c ./Core/cpp/Src/KeyaLKTechDriver.o
                0x0000000008001aa0                KeyaLKTechDriver::setPos(long)
 .text._ZN16KeyaLKTechDriver6setEncEl
                0x0000000008001bbc       0x3e ./Core/cpp/Src/KeyaLKTechDriver.o
                0x0000000008001bbc                KeyaLKTechDriver::setEnc(long)
 .text._ZN16KeyaLKTechDriver13UnwrapEncoderEtPl
                0x0000000008001bfa       0x68 ./Core/cpp/Src/KeyaLKTechDriver.o
                0x0000000008001bfa                KeyaLKTechDriver::UnwrapEncoder(unsigned short, long*)
 .text._ZN16KeyaLKTechDriver8sendDataEv
                0x0000000008001c62       0x22 ./Core/cpp/Src/KeyaLKTechDriver.o
                0x0000000008001c62                KeyaLKTechDriver::sendData()
 .text._ZN5ServoC2EP17TIM_HandleTypeDefm
                0x0000000008001c84       0x26 ./Core/cpp/Src/Servo.o
                0x0000000008001c84                Servo::Servo(TIM_HandleTypeDef*, unsigned long)
                0x0000000008001c84                Servo::Servo(TIM_HandleTypeDef*, unsigned long)
 .text._ZN5Servo8setAngleEl
                0x0000000008001caa       0x8e ./Core/cpp/Src/Servo.o
                0x0000000008001caa                Servo::setAngle(long)
 .text._ZN5Servo8getAngleEv
                0x0000000008001d38       0x18 ./Core/cpp/Src/Servo.o
                0x0000000008001d38                Servo::getAngle()
 .text._ZN5Servo7disableEv
                0x0000000008001d50       0x28 ./Core/cpp/Src/Servo.o
                0x0000000008001d50                Servo::disable()
 .text._ZN5Servo3mapEiiiii
                0x0000000008001d78       0x38 ./Core/cpp/Src/Servo.o
                0x0000000008001d78                Servo::map(int, int, int, int, int)
 .text.__NVIC_EnableIRQ
                0x0000000008001db0       0x3c ./Core/cpp/Src/canbus.o
 .text.__NVIC_DisableIRQ
                0x0000000008001dec       0x48 ./Core/cpp/Src/canbus.o
 .text.StartCanTask
                0x0000000008001e34       0x68 ./Core/cpp/Src/canbus.o
                0x0000000008001e34                StartCanTask
 .text.CanMsgRead
                0x0000000008001e9c      0x114 ./Core/cpp/Src/canbus.o
                0x0000000008001e9c                CanMsgRead
 .text.CanMsgSend
                0x0000000008001fb0       0x64 ./Core/cpp/Src/canbus.o
                0x0000000008001fb0                CanMsgSend
 .text.HAL_CAN_RxFifo0MsgPendingCallback
                0x0000000008002014       0x44 ./Core/cpp/Src/canbus.o
                0x0000000008002014                HAL_CAN_RxFifo0MsgPendingCallback
 .text.HAL_CAN_ErrorCallback
                0x0000000008002058       0x20 ./Core/cpp/Src/canbus.o
                0x0000000008002058                HAL_CAN_ErrorCallback
 .text.StartCanDriversTask
                0x0000000008002078      0x130 ./Core/cpp/Src/drivers_control.o
                0x0000000008002078                StartCanDriversTask
 .text.driversInit
                0x00000000080021a8       0x6c ./Core/cpp/Src/drivers_control.o
                0x00000000080021a8                driversInit
 .text.driversStop
                0x0000000008002214       0x40 ./Core/cpp/Src/drivers_control.o
                0x0000000008002214                driversStop
 .text._Z41__static_initialization_and_destruction_0ii
                0x0000000008002254       0x6c ./Core/cpp/Src/drivers_control.o
 .text._GLOBAL__sub_I_driverX1
                0x00000000080022c0       0x10 ./Core/cpp/Src/drivers_control.o
 .text.StartInputsTask
                0x00000000080022d0      0x1d4 ./Core/cpp/Src/inputs.o
                0x00000000080022d0                StartInputsTask
 .text.unwrap_encoder
                0x00000000080024a4       0x66 ./Core/cpp/Src/inputs.o
                0x00000000080024a4                unwrap_encoder
 .text.StartMissionsTask
                0x000000000800250a       0x12 ./Core/cpp/Src/mission.o
                0x000000000800250a                StartMissionsTask
 .text.StartOutputsTask
                0x000000000800251c       0x30 ./Core/cpp/Src/outputs.o
                0x000000000800251c                StartOutputsTask
 .text.SetOutputs
                0x000000000800254c      0x1a0 ./Core/cpp/Src/outputs.o
                0x000000000800254c                SetOutputs
 .text.LedBlink
                0x00000000080026ec       0x88 ./Core/cpp/Src/outputs.o
                0x00000000080026ec                LedBlink
 .text.StartServoTask
                0x0000000008002774       0x6c ./Core/cpp/Src/servo_control.o
                0x0000000008002774                StartServoTask
 .text._Z41__static_initialization_and_destruction_0ii
                0x00000000080027e0       0x44 ./Core/cpp/Src/servo_control.o
 .text._GLOBAL__sub_I_servo1
                0x0000000008002824       0x10 ./Core/cpp/Src/servo_control.o
 .text.StartUartWiFiTask
                0x0000000008002834      0x1d8 ./Core/cpp/Src/uart_wifi.o
                0x0000000008002834                StartUartWiFiTask
 .text.sendStatus
                0x0000000008002a0c       0xb4 ./Core/cpp/Src/uart_wifi.o
                0x0000000008002a0c                sendStatus
 .text.rcGetBattery
                0x0000000008002ac0      0x680 ./Core/cpp/Src/uart_wifi.o
                0x0000000008002ac0                rcGetBattery
 .text.calculateCS
                0x0000000008003140       0x3e ./Core/cpp/Src/uart_wifi.o
                0x0000000008003140                calculateCS
 *fill*         0x000000000800317e        0x2 
 .text.HAL_UART_ErrorCallback
                0x0000000008003180      0x1a8 ./Core/cpp/Src/uart_wifi.o
                0x0000000008003180                HAL_UART_ErrorCallback
 .text.HAL_UARTEx_RxEventCallback
                0x0000000008003328       0xd4 ./Core/cpp/Src/uart_wifi.o
                0x0000000008003328                HAL_UARTEx_RxEventCallback
 .text.HAL_Init
                0x00000000080033fc       0x44 ./Drivers/STM32F4xx_HAL_Driver/Src/stm32f4xx_hal.o
                0x00000000080033fc                HAL_Init
 .text.HAL_IncTick
                0x0000000008003440       0x28 ./Drivers/STM32F4xx_HAL_Driver/Src/stm32f4xx_hal.o
                0x0000000008003440                HAL_IncTick
 .text.HAL_GetTick
                0x0000000008003468       0x18 ./Drivers/STM32F4xx_HAL_Driver/Src/stm32f4xx_hal.o
                0x0000000008003468                HAL_GetTick
 .text.HAL_Delay
                0x0000000008003480       0x48 ./Drivers/STM32F4xx_HAL_Driver/Src/stm32f4xx_hal.o
                0x0000000008003480                HAL_Delay
 .text.HAL_CAN_Init
                0x00000000080034c8      0x1f6 ./Drivers/STM32F4xx_HAL_Driver/Src/stm32f4xx_hal_can.o
                0x00000000080034c8                HAL_CAN_Init
 *fill*         0x00000000080036be        0x2 
 .text.HAL_CAN_ConfigFilter
                0x00000000080036c0      0x1c0 ./Drivers/STM32F4xx_HAL_Driver/Src/stm32f4xx_hal_can.o
                0x00000000080036c0                HAL_CAN_ConfigFilter
 .text.HAL_CAN_Start
                0x0000000008003880       0x88 ./Drivers/STM32F4xx_HAL_Driver/Src/stm32f4xx_hal_can.o
                0x0000000008003880                HAL_CAN_Start
 .text.HAL_CAN_AddTxMessage
                0x0000000008003908      0x1b6 ./Drivers/STM32F4xx_HAL_Driver/Src/stm32f4xx_hal_can.o
                0x0000000008003908                HAL_CAN_AddTxMessage
 .text.HAL_CAN_GetTxMailboxesFreeLevel
                0x0000000008003abe       0x6a ./Drivers/STM32F4xx_HAL_Driver/Src/stm32f4xx_hal_can.o
                0x0000000008003abe                HAL_CAN_GetTxMailboxesFreeLevel
 .text.HAL_CAN_GetRxMessage
                0x0000000008003b28      0x224 ./Drivers/STM32F4xx_HAL_Driver/Src/stm32f4xx_hal_can.o
                0x0000000008003b28                HAL_CAN_GetRxMessage
 .text.HAL_CAN_ActivateNotification
                0x0000000008003d4c       0x4c ./Drivers/STM32F4xx_HAL_Driver/Src/stm32f4xx_hal_can.o
                0x0000000008003d4c                HAL_CAN_ActivateNotification
 .text.HAL_CAN_IRQHandler
                0x0000000008003d98      0x36e ./Drivers/STM32F4xx_HAL_Driver/Src/stm32f4xx_hal_can.o
                0x0000000008003d98                HAL_CAN_IRQHandler
 .text.HAL_CAN_TxMailbox0CompleteCallback
                0x0000000008004106       0x14 ./Drivers/STM32F4xx_HAL_Driver/Src/stm32f4xx_hal_can.o
                0x0000000008004106                HAL_CAN_TxMailbox0CompleteCallback
 .text.HAL_CAN_TxMailbox1CompleteCallback
                0x000000000800411a       0x14 ./Drivers/STM32F4xx_HAL_Driver/Src/stm32f4xx_hal_can.o
                0x000000000800411a                HAL_CAN_TxMailbox1CompleteCallback
 .text.HAL_CAN_TxMailbox2CompleteCallback
                0x000000000800412e       0x14 ./Drivers/STM32F4xx_HAL_Driver/Src/stm32f4xx_hal_can.o
                0x000000000800412e                HAL_CAN_TxMailbox2CompleteCallback
 .text.HAL_CAN_TxMailbox0AbortCallback
                0x0000000008004142       0x14 ./Drivers/STM32F4xx_HAL_Driver/Src/stm32f4xx_hal_can.o
                0x0000000008004142                HAL_CAN_TxMailbox0AbortCallback
 .text.HAL_CAN_TxMailbox1AbortCallback
                0x0000000008004156       0x14 ./Drivers/STM32F4xx_HAL_Driver/Src/stm32f4xx_hal_can.o
                0x0000000008004156                HAL_CAN_TxMailbox1AbortCallback
 .text.HAL_CAN_TxMailbox2AbortCallback
                0x000000000800416a       0x14 ./Drivers/STM32F4xx_HAL_Driver/Src/stm32f4xx_hal_can.o
                0x000000000800416a                HAL_CAN_TxMailbox2AbortCallback
 .text.HAL_CAN_RxFifo0FullCallback
                0x000000000800417e       0x14 ./Drivers/STM32F4xx_HAL_Driver/Src/stm32f4xx_hal_can.o
                0x000000000800417e                HAL_CAN_RxFifo0FullCallback
 .text.HAL_CAN_RxFifo1MsgPendingCallback
                0x0000000008004192       0x14 ./Drivers/STM32F4xx_HAL_Driver/Src/stm32f4xx_hal_can.o
                0x0000000008004192                HAL_CAN_RxFifo1MsgPendingCallback
 .text.HAL_CAN_RxFifo1FullCallback
                0x00000000080041a6       0x14 ./Drivers/STM32F4xx_HAL_Driver/Src/stm32f4xx_hal_can.o
                0x00000000080041a6                HAL_CAN_RxFifo1FullCallback
 .text.HAL_CAN_SleepCallback
                0x00000000080041ba       0x14 ./Drivers/STM32F4xx_HAL_Driver/Src/stm32f4xx_hal_can.o
                0x00000000080041ba                HAL_CAN_SleepCallback
 .text.HAL_CAN_WakeUpFromRxMsgCallback
                0x00000000080041ce       0x14 ./Drivers/STM32F4xx_HAL_Driver/Src/stm32f4xx_hal_can.o
                0x00000000080041ce                HAL_CAN_WakeUpFromRxMsgCallback
 *fill*         0x00000000080041e2        0x2 
 .text.__NVIC_SetPriorityGrouping
                0x00000000080041e4       0x48 ./Drivers/STM32F4xx_HAL_Driver/Src/stm32f4xx_hal_cortex.o
 .text.__NVIC_GetPriorityGrouping
                0x000000000800422c       0x1c ./Drivers/STM32F4xx_HAL_Driver/Src/stm32f4xx_hal_cortex.o
 .text.__NVIC_EnableIRQ
                0x0000000008004248       0x3c ./Drivers/STM32F4xx_HAL_Driver/Src/stm32f4xx_hal_cortex.o
 .text.__NVIC_SetPriority
                0x0000000008004284       0x54 ./Drivers/STM32F4xx_HAL_Driver/Src/stm32f4xx_hal_cortex.o
 .text.NVIC_EncodePriority
                0x00000000080042d8       0x66 ./Drivers/STM32F4xx_HAL_Driver/Src/stm32f4xx_hal_cortex.o
 .text.HAL_NVIC_SetPriorityGrouping
                0x000000000800433e       0x16 ./Drivers/STM32F4xx_HAL_Driver/Src/stm32f4xx_hal_cortex.o
                0x000000000800433e                HAL_NVIC_SetPriorityGrouping
 .text.HAL_NVIC_SetPriority
                0x0000000008004354       0x38 ./Drivers/STM32F4xx_HAL_Driver/Src/stm32f4xx_hal_cortex.o
                0x0000000008004354                HAL_NVIC_SetPriority
 .text.HAL_NVIC_EnableIRQ
                0x000000000800438c       0x1c ./Drivers/STM32F4xx_HAL_Driver/Src/stm32f4xx_hal_cortex.o
                0x000000000800438c                HAL_NVIC_EnableIRQ
 .text.HAL_DMA_Init
                0x00000000080043a8      0x15c ./Drivers/STM32F4xx_HAL_Driver/Src/stm32f4xx_hal_dma.o
                0x00000000080043a8                HAL_DMA_Init
 .text.HAL_DMA_Start_IT
                0x0000000008004504       0xb0 ./Drivers/STM32F4xx_HAL_Driver/Src/stm32f4xx_hal_dma.o
                0x0000000008004504                HAL_DMA_Start_IT
 .text.HAL_DMA_Abort
                0x00000000080045b4       0xe0 ./Drivers/STM32F4xx_HAL_Driver/Src/stm32f4xx_hal_dma.o
                0x00000000080045b4                HAL_DMA_Abort
 .text.HAL_DMA_Abort_IT
                0x0000000008004694       0x44 ./Drivers/STM32F4xx_HAL_Driver/Src/stm32f4xx_hal_dma.o
                0x0000000008004694                HAL_DMA_Abort_IT
 .text.HAL_DMA_IRQHandler
                0x00000000080046d8      0x314 ./Drivers/STM32F4xx_HAL_Driver/Src/stm32f4xx_hal_dma.o
                0x00000000080046d8                HAL_DMA_IRQHandler
 .text.DMA_SetConfig
                0x00000000080049ec       0x5c ./Drivers/STM32F4xx_HAL_Driver/Src/stm32f4xx_hal_dma.o
 .text.DMA_CalcBaseAndBitshift
                0x0000000008004a48       0x6c ./Drivers/STM32F4xx_HAL_Driver/Src/stm32f4xx_hal_dma.o
 .text.DMA_CheckFifoParam
                0x0000000008004ab4       0xf8 ./Drivers/STM32F4xx_HAL_Driver/Src/stm32f4xx_hal_dma.o
 .text.HAL_GPIO_Init
                0x0000000008004bac      0x338 ./Drivers/STM32F4xx_HAL_Driver/Src/stm32f4xx_hal_gpio.o
                0x0000000008004bac                HAL_GPIO_Init
 .text.HAL_GPIO_WritePin
                0x0000000008004ee4       0x32 ./Drivers/STM32F4xx_HAL_Driver/Src/stm32f4xx_hal_gpio.o
                0x0000000008004ee4                HAL_GPIO_WritePin
 .text.HAL_IWDG_Init
                0x0000000008004f16       0x84 ./Drivers/STM32F4xx_HAL_Driver/Src/stm32f4xx_hal_iwdg.o
                0x0000000008004f16                HAL_IWDG_Init
 .text.HAL_IWDG_Refresh
                0x0000000008004f9a       0x20 ./Drivers/STM32F4xx_HAL_Driver/Src/stm32f4xx_hal_iwdg.o
                0x0000000008004f9a                HAL_IWDG_Refresh
 *fill*         0x0000000008004fba        0x2 
 .text.HAL_RCC_OscConfig
                0x0000000008004fbc      0x4f0 ./Drivers/STM32F4xx_HAL_Driver/Src/stm32f4xx_hal_rcc.o
                0x0000000008004fbc                HAL_RCC_OscConfig
 .text.HAL_RCC_ClockConfig
                0x00000000080054ac      0x1cc ./Drivers/STM32F4xx_HAL_Driver/Src/stm32f4xx_hal_rcc.o
                0x00000000080054ac                HAL_RCC_ClockConfig
 .text.HAL_RCC_GetSysClockFreq
                0x0000000008005678      0x20c ./Drivers/STM32F4xx_HAL_Driver/Src/stm32f4xx_hal_rcc.o
                0x0000000008005678                HAL_RCC_GetSysClockFreq
 .text.HAL_RCC_GetHCLKFreq
                0x0000000008005884       0x18 ./Drivers/STM32F4xx_HAL_Driver/Src/stm32f4xx_hal_rcc.o
                0x0000000008005884                HAL_RCC_GetHCLKFreq
 .text.HAL_RCC_GetPCLK1Freq
                0x000000000800589c       0x28 ./Drivers/STM32F4xx_HAL_Driver/Src/stm32f4xx_hal_rcc.o
                0x000000000800589c                HAL_RCC_GetPCLK1Freq
 .text.HAL_RCC_GetPCLK2Freq
                0x00000000080058c4       0x28 ./Drivers/STM32F4xx_HAL_Driver/Src/stm32f4xx_hal_rcc.o
                0x00000000080058c4                HAL_RCC_GetPCLK2Freq
 .text.HAL_RCC_GetClockConfig
                0x00000000080058ec       0x64 ./Drivers/STM32F4xx_HAL_Driver/Src/stm32f4xx_hal_rcc.o
                0x00000000080058ec                HAL_RCC_GetClockConfig
 .text.HAL_TIM_Base_Init
                0x0000000008005950       0x9e ./Drivers/STM32F4xx_HAL_Driver/Src/stm32f4xx_hal_tim.o
                0x0000000008005950                HAL_TIM_Base_Init
 *fill*         0x00000000080059ee        0x2 
 .text.HAL_TIM_Base_Start_IT
                0x00000000080059f0       0xe0 ./Drivers/STM32F4xx_HAL_Driver/Src/stm32f4xx_hal_tim.o
                0x00000000080059f0                HAL_TIM_Base_Start_IT
 .text.HAL_TIM_PWM_Init
                0x0000000008005ad0       0x9e ./Drivers/STM32F4xx_HAL_Driver/Src/stm32f4xx_hal_tim.o
                0x0000000008005ad0                HAL_TIM_PWM_Init
 .text.HAL_TIM_PWM_MspInit
                0x0000000008005b6e       0x14 ./Drivers/STM32F4xx_HAL_Driver/Src/stm32f4xx_hal_tim.o
                0x0000000008005b6e                HAL_TIM_PWM_MspInit
 *fill*         0x0000000008005b82        0x2 
 .text.HAL_TIM_PWM_Start
                0x0000000008005b84      0x190 ./Drivers/STM32F4xx_HAL_Driver/Src/stm32f4xx_hal_tim.o
                0x0000000008005b84                HAL_TIM_PWM_Start
 .text.HAL_TIM_PWM_Stop
                0x0000000008005d14       0xe0 ./Drivers/STM32F4xx_HAL_Driver/Src/stm32f4xx_hal_tim.o
                0x0000000008005d14                HAL_TIM_PWM_Stop
 .text.HAL_TIM_Encoder_Init
                0x0000000008005df4      0x14c ./Drivers/STM32F4xx_HAL_Driver/Src/stm32f4xx_hal_tim.o
                0x0000000008005df4                HAL_TIM_Encoder_Init
 .text.HAL_TIM_Encoder_Start
                0x0000000008005f40      0x11c ./Drivers/STM32F4xx_HAL_Driver/Src/stm32f4xx_hal_tim.o
                0x0000000008005f40                HAL_TIM_Encoder_Start
 .text.HAL_TIM_IRQHandler
                0x000000000800605c      0x210 ./Drivers/STM32F4xx_HAL_Driver/Src/stm32f4xx_hal_tim.o
                0x000000000800605c                HAL_TIM_IRQHandler
 .text.HAL_TIM_PWM_ConfigChannel
                0x000000000800626c      0x184 ./Drivers/STM32F4xx_HAL_Driver/Src/stm32f4xx_hal_tim.o
                0x000000000800626c                HAL_TIM_PWM_ConfigChannel
 .text.HAL_TIM_ConfigClockSource
                0x00000000080063f0      0x18e ./Drivers/STM32F4xx_HAL_Driver/Src/stm32f4xx_hal_tim.o
                0x00000000080063f0                HAL_TIM_ConfigClockSource
 .text.HAL_TIM_OC_DelayElapsedCallback
                0x000000000800657e       0x14 ./Drivers/STM32F4xx_HAL_Driver/Src/stm32f4xx_hal_tim.o
                0x000000000800657e                HAL_TIM_OC_DelayElapsedCallback
 .text.HAL_TIM_IC_CaptureCallback
                0x0000000008006592       0x14 ./Drivers/STM32F4xx_HAL_Driver/Src/stm32f4xx_hal_tim.o
                0x0000000008006592                HAL_TIM_IC_CaptureCallback
 .text.HAL_TIM_PWM_PulseFinishedCallback
                0x00000000080065a6       0x14 ./Drivers/STM32F4xx_HAL_Driver/Src/stm32f4xx_hal_tim.o
                0x00000000080065a6                HAL_TIM_PWM_PulseFinishedCallback
 .text.HAL_TIM_TriggerCallback
                0x00000000080065ba       0x14 ./Drivers/STM32F4xx_HAL_Driver/Src/stm32f4xx_hal_tim.o
                0x00000000080065ba                HAL_TIM_TriggerCallback
 *fill*         0x00000000080065ce        0x2 
 .text.TIM_Base_SetConfig
                0x00000000080065d0      0x140 ./Drivers/STM32F4xx_HAL_Driver/Src/stm32f4xx_hal_tim.o
                0x00000000080065d0                TIM_Base_SetConfig
 .text.TIM_OC1_SetConfig
                0x0000000008006710       0xe0 ./Drivers/STM32F4xx_HAL_Driver/Src/stm32f4xx_hal_tim.o
 .text.TIM_OC2_SetConfig
                0x00000000080067f0       0xec ./Drivers/STM32F4xx_HAL_Driver/Src/stm32f4xx_hal_tim.o
                0x00000000080067f0                TIM_OC2_SetConfig
 .text.TIM_OC3_SetConfig
                0x00000000080068dc       0xe8 ./Drivers/STM32F4xx_HAL_Driver/Src/stm32f4xx_hal_tim.o
 .text.TIM_OC4_SetConfig
                0x00000000080069c4       0xac ./Drivers/STM32F4xx_HAL_Driver/Src/stm32f4xx_hal_tim.o
 .text.TIM_TI1_ConfigInputStage
                0x0000000008006a70       0x5e ./Drivers/STM32F4xx_HAL_Driver/Src/stm32f4xx_hal_tim.o
 .text.TIM_TI2_ConfigInputStage
                0x0000000008006ace       0x60 ./Drivers/STM32F4xx_HAL_Driver/Src/stm32f4xx_hal_tim.o
 .text.TIM_ITRx_SetConfig
                0x0000000008006b2e       0x36 ./Drivers/STM32F4xx_HAL_Driver/Src/stm32f4xx_hal_tim.o
 .text.TIM_ETR_SetConfig
                0x0000000008006b64       0x40 ./Drivers/STM32F4xx_HAL_Driver/Src/stm32f4xx_hal_tim.o
                0x0000000008006b64                TIM_ETR_SetConfig
 .text.TIM_CCxChannelCmd
                0x0000000008006ba4       0x4a ./Drivers/STM32F4xx_HAL_Driver/Src/stm32f4xx_hal_tim.o
                0x0000000008006ba4                TIM_CCxChannelCmd
 *fill*         0x0000000008006bee        0x2 
 .text.HAL_TIMEx_MasterConfigSynchronization
                0x0000000008006bf0       0xf8 ./Drivers/STM32F4xx_HAL_Driver/Src/stm32f4xx_hal_tim_ex.o
                0x0000000008006bf0                HAL_TIMEx_MasterConfigSynchronization
 .text.HAL_TIMEx_CommutCallback
                0x0000000008006ce8       0x14 ./Drivers/STM32F4xx_HAL_Driver/Src/stm32f4xx_hal_tim_ex.o
                0x0000000008006ce8                HAL_TIMEx_CommutCallback
 .text.HAL_TIMEx_BreakCallback
                0x0000000008006cfc       0x14 ./Drivers/STM32F4xx_HAL_Driver/Src/stm32f4xx_hal_tim_ex.o
                0x0000000008006cfc                HAL_TIMEx_BreakCallback
 .text.HAL_UART_Init
                0x0000000008006d10       0x9a ./Drivers/STM32F4xx_HAL_Driver/Src/stm32f4xx_hal_uart.o
                0x0000000008006d10                HAL_UART_Init
 .text.HAL_UART_Transmit
                0x0000000008006daa      0x124 ./Drivers/STM32F4xx_HAL_Driver/Src/stm32f4xx_hal_uart.o
                0x0000000008006daa                HAL_UART_Transmit
 .text.HAL_UARTEx_ReceiveToIdle_DMA
                0x0000000008006ece       0xca ./Drivers/STM32F4xx_HAL_Driver/Src/stm32f4xx_hal_uart.o
                0x0000000008006ece                HAL_UARTEx_ReceiveToIdle_DMA
 .text.HAL_UART_IRQHandler
                0x0000000008006f98      0x51c ./Drivers/STM32F4xx_HAL_Driver/Src/stm32f4xx_hal_uart.o
                0x0000000008006f98                HAL_UART_IRQHandler
 .text.HAL_UART_TxCpltCallback
                0x00000000080074b4       0x14 ./Drivers/STM32F4xx_HAL_Driver/Src/stm32f4xx_hal_uart.o
                0x00000000080074b4                HAL_UART_TxCpltCallback
 .text.HAL_UART_RxCpltCallback
                0x00000000080074c8       0x14 ./Drivers/STM32F4xx_HAL_Driver/Src/stm32f4xx_hal_uart.o
                0x00000000080074c8                HAL_UART_RxCpltCallback
 .text.HAL_UART_RxHalfCpltCallback
                0x00000000080074dc       0x14 ./Drivers/STM32F4xx_HAL_Driver/Src/stm32f4xx_hal_uart.o
                0x00000000080074dc                HAL_UART_RxHalfCpltCallback
 .text.HAL_UART_GetError
                0x00000000080074f0       0x18 ./Drivers/STM32F4xx_HAL_Driver/Src/stm32f4xx_hal_uart.o
                0x00000000080074f0                HAL_UART_GetError
 .text.UART_DMAReceiveCplt
                0x0000000008007508      0x126 ./Drivers/STM32F4xx_HAL_Driver/Src/stm32f4xx_hal_uart.o
 .text.UART_DMARxHalfCplt
                0x000000000800762e       0x36 ./Drivers/STM32F4xx_HAL_Driver/Src/stm32f4xx_hal_uart.o
 .text.UART_DMAError
                0x0000000008007664       0x94 ./Drivers/STM32F4xx_HAL_Driver/Src/stm32f4xx_hal_uart.o
 .text.UART_WaitOnFlagUntilTimeout
                0x00000000080076f8       0xdc ./Drivers/STM32F4xx_HAL_Driver/Src/stm32f4xx_hal_uart.o
 .text.UART_Start_Receive_DMA
                0x00000000080077d4      0x13c ./Drivers/STM32F4xx_HAL_Driver/Src/stm32f4xx_hal_uart.o
                0x00000000080077d4                UART_Start_Receive_DMA
 .text.UART_EndTxTransfer
                0x0000000008007910       0x50 ./Drivers/STM32F4xx_HAL_Driver/Src/stm32f4xx_hal_uart.o
 .text.UART_EndRxTransfer
                0x0000000008007960       0xc6 ./Drivers/STM32F4xx_HAL_Driver/Src/stm32f4xx_hal_uart.o
 .text.UART_DMAAbortOnError
                0x0000000008007a26       0x28 ./Drivers/STM32F4xx_HAL_Driver/Src/stm32f4xx_hal_uart.o
 .text.UART_Transmit_IT
                0x0000000008007a4e       0xa0 ./Drivers/STM32F4xx_HAL_Driver/Src/stm32f4xx_hal_uart.o
 .text.UART_EndTransmit_IT
                0x0000000008007aee       0x30 ./Drivers/STM32F4xx_HAL_Driver/Src/stm32f4xx_hal_uart.o
 .text.UART_Receive_IT
                0x0000000008007b1e      0x176 ./Drivers/STM32F4xx_HAL_Driver/Src/stm32f4xx_hal_uart.o
 .text.UART_SetConfig
                0x0000000008007c94      0x4e8 ./Drivers/STM32F4xx_HAL_Driver/Src/stm32f4xx_hal_uart.o
 .text.__NVIC_SetPriority
                0x000000000800817c       0x54 ./Middlewares/Third_Party/FreeRTOS/Source/CMSIS_RTOS_V2/cmsis_os2.o
 .text.SysTick_Handler
                0x00000000080081d0       0x20 ./Middlewares/Third_Party/FreeRTOS/Source/CMSIS_RTOS_V2/cmsis_os2.o
                0x00000000080081d0                SysTick_Handler
 .text.SVC_Setup
                0x00000000080081f0       0x12 ./Middlewares/Third_Party/FreeRTOS/Source/CMSIS_RTOS_V2/cmsis_os2.o
 *fill*         0x0000000008008202        0x2 
 .text.osKernelInitialize
                0x0000000008008204       0x48 ./Middlewares/Third_Party/FreeRTOS/Source/CMSIS_RTOS_V2/cmsis_os2.o
                0x0000000008008204                osKernelInitialize
 .text.osKernelStart
                0x000000000800824c       0x4c ./Middlewares/Third_Party/FreeRTOS/Source/CMSIS_RTOS_V2/cmsis_os2.o
                0x000000000800824c                osKernelStart
 .text.osThreadNew
                0x0000000008008298      0x124 ./Middlewares/Third_Party/FreeRTOS/Source/CMSIS_RTOS_V2/cmsis_os2.o
                0x0000000008008298                osThreadNew
 .text.osDelay  0x00000000080083bc       0x36 ./Middlewares/Third_Party/FreeRTOS/Source/CMSIS_RTOS_V2/cmsis_os2.o
                0x00000000080083bc                osDelay
 *fill*         0x00000000080083f2        0x2 
 .text.vApplicationGetIdleTaskMemory
                0x00000000080083f4       0x34 ./Middlewares/Third_Party/FreeRTOS/Source/CMSIS_RTOS_V2/cmsis_os2.o
                0x00000000080083f4                vApplicationGetIdleTaskMemory
 .text.vApplicationGetTimerTaskMemory
                0x0000000008008428       0x34 ./Middlewares/Third_Party/FreeRTOS/Source/CMSIS_RTOS_V2/cmsis_os2.o
                0x0000000008008428                vApplicationGetTimerTaskMemory
 .text.vListInitialise
                0x000000000800845c       0x40 ./Middlewares/Third_Party/FreeRTOS/Source/list.o
                0x000000000800845c                vListInitialise
 .text.vListInitialiseItem
                0x000000000800849c       0x1a ./Middlewares/Third_Party/FreeRTOS/Source/list.o
                0x000000000800849c                vListInitialiseItem
 .text.vListInsertEnd
                0x00000000080084b6       0x48 ./Middlewares/Third_Party/FreeRTOS/Source/list.o
                0x00000000080084b6                vListInsertEnd
 .text.vListInsert
                0x00000000080084fe       0x72 ./Middlewares/Third_Party/FreeRTOS/Source/list.o
                0x00000000080084fe                vListInsert
 .text.uxListRemove
                0x0000000008008570       0x54 ./Middlewares/Third_Party/FreeRTOS/Source/list.o
                0x0000000008008570                uxListRemove
 .text.xQueueGenericReset
                0x00000000080085c4       0xd0 ./Middlewares/Third_Party/FreeRTOS/Source/queue.o
                0x00000000080085c4                xQueueGenericReset
 .text.xQueueGenericCreateStatic
                0x0000000008008694       0xf0 ./Middlewares/Third_Party/FreeRTOS/Source/queue.o
                0x0000000008008694                xQueueGenericCreateStatic
 .text.prvInitialiseNewQueue
                0x0000000008008784       0x46 ./Middlewares/Third_Party/FreeRTOS/Source/queue.o
 *fill*         0x00000000080087ca        0x2 
 .text.xQueueGenericSend
                0x00000000080087cc      0x1fc ./Middlewares/Third_Party/FreeRTOS/Source/queue.o
                0x00000000080087cc                xQueueGenericSend
 .text.xQueueGenericSendFromISR
                0x00000000080089c8      0x136 ./Middlewares/Third_Party/FreeRTOS/Source/queue.o
                0x00000000080089c8                xQueueGenericSendFromISR
 *fill*         0x0000000008008afe        0x2 
 .text.xQueueReceive
                0x0000000008008b00      0x1c0 ./Middlewares/Third_Party/FreeRTOS/Source/queue.o
                0x0000000008008b00                xQueueReceive
 .text.prvCopyDataToQueue
                0x0000000008008cc0       0xd4 ./Middlewares/Third_Party/FreeRTOS/Source/queue.o
 .text.prvCopyDataFromQueue
                0x0000000008008d94       0x4c ./Middlewares/Third_Party/FreeRTOS/Source/queue.o
 .text.prvUnlockQueue
                0x0000000008008de0       0xa4 ./Middlewares/Third_Party/FreeRTOS/Source/queue.o
 .text.prvIsQueueEmpty
                0x0000000008008e84       0x2c ./Middlewares/Third_Party/FreeRTOS/Source/queue.o
 .text.prvIsQueueFull
                0x0000000008008eb0       0x30 ./Middlewares/Third_Party/FreeRTOS/Source/queue.o
 .text.vQueueAddToRegistry
                0x0000000008008ee0       0x54 ./Middlewares/Third_Party/FreeRTOS/Source/queue.o
                0x0000000008008ee0                vQueueAddToRegistry
 .text.vQueueWaitForMessageRestricted
                0x0000000008008f34       0x68 ./Middlewares/Third_Party/FreeRTOS/Source/queue.o
                0x0000000008008f34                vQueueWaitForMessageRestricted
 .text.xTaskCreateStatic
                0x0000000008008f9c       0xba ./Middlewares/Third_Party/FreeRTOS/Source/tasks.o
                0x0000000008008f9c                xTaskCreateStatic
 .text.xTaskCreate
                0x0000000008009056       0x8a ./Middlewares/Third_Party/FreeRTOS/Source/tasks.o
                0x0000000008009056                xTaskCreate
 .text.prvInitialiseNewTask
                0x00000000080090e0      0x11e ./Middlewares/Third_Party/FreeRTOS/Source/tasks.o
 *fill*         0x00000000080091fe        0x2 
 .text.prvAddNewTaskToReadyList
                0x0000000008009200       0xe0 ./Middlewares/Third_Party/FreeRTOS/Source/tasks.o
 .text.vTaskDelay
                0x00000000080092e0       0x68 ./Middlewares/Third_Party/FreeRTOS/Source/tasks.o
                0x00000000080092e0                vTaskDelay
 .text.vTaskStartScheduler
                0x0000000008009348       0xcc ./Middlewares/Third_Party/FreeRTOS/Source/tasks.o
                0x0000000008009348                vTaskStartScheduler
 .text.vTaskSuspendAll
                0x0000000008009414       0x1c ./Middlewares/Third_Party/FreeRTOS/Source/tasks.o
                0x0000000008009414                vTaskSuspendAll
 .text.xTaskResumeAll
                0x0000000008009430      0x13c ./Middlewares/Third_Party/FreeRTOS/Source/tasks.o
                0x0000000008009430                xTaskResumeAll
 .text.xTaskGetTickCount
                0x000000000800956c       0x20 ./Middlewares/Third_Party/FreeRTOS/Source/tasks.o
                0x000000000800956c                xTaskGetTickCount
 .text.xTaskIncrementTick
                0x000000000800958c      0x174 ./Middlewares/Third_Party/FreeRTOS/Source/tasks.o
                0x000000000800958c                xTaskIncrementTick
 .text.vTaskSwitchContext
                0x0000000008009700       0xbc ./Middlewares/Third_Party/FreeRTOS/Source/tasks.o
                0x0000000008009700                vTaskSwitchContext
 .text.vTaskPlaceOnEventList
                0x00000000080097bc       0x48 ./Middlewares/Third_Party/FreeRTOS/Source/tasks.o
                0x00000000080097bc                vTaskPlaceOnEventList
 .text.vTaskPlaceOnEventListRestricted
                0x0000000008009804       0x58 ./Middlewares/Third_Party/FreeRTOS/Source/tasks.o
                0x0000000008009804                vTaskPlaceOnEventListRestricted
 .text.xTaskRemoveFromEventList
                0x000000000800985c       0xc8 ./Middlewares/Third_Party/FreeRTOS/Source/tasks.o
                0x000000000800985c                xTaskRemoveFromEventList
 .text.vTaskInternalSetTimeOutState
                0x0000000008009924       0x2c ./Middlewares/Third_Party/FreeRTOS/Source/tasks.o
                0x0000000008009924                vTaskInternalSetTimeOutState
 .text.xTaskCheckForTimeOut
                0x0000000008009950       0xc4 ./Middlewares/Third_Party/FreeRTOS/Source/tasks.o
                0x0000000008009950                xTaskCheckForTimeOut
 .text.vTaskMissedYield
                0x0000000008009a14       0x18 ./Middlewares/Third_Party/FreeRTOS/Source/tasks.o
                0x0000000008009a14                vTaskMissedYield
 .text.prvIdleTask
                0x0000000008009a2c       0x30 ./Middlewares/Third_Party/FreeRTOS/Source/tasks.o
 .text.prvInitialiseTaskLists
                0x0000000008009a5c       0x80 ./Middlewares/Third_Party/FreeRTOS/Source/tasks.o
 .text.prvCheckTasksWaitingTermination
                0x0000000008009adc       0x5c ./Middlewares/Third_Party/FreeRTOS/Source/tasks.o
 .text.prvDeleteTCB
                0x0000000008009b38       0x5e ./Middlewares/Third_Party/FreeRTOS/Source/tasks.o
 *fill*         0x0000000008009b96        0x2 
 .text.prvResetNextTaskUnblockTime
                0x0000000008009b98       0x40 ./Middlewares/Third_Party/FreeRTOS/Source/tasks.o
 .text.xTaskGetSchedulerState
                0x0000000008009bd8       0x3c ./Middlewares/Third_Party/FreeRTOS/Source/tasks.o
                0x0000000008009bd8                xTaskGetSchedulerState
 .text.xTaskPriorityDisinherit
                0x0000000008009c14       0xdc ./Middlewares/Third_Party/FreeRTOS/Source/tasks.o
                0x0000000008009c14                xTaskPriorityDisinherit
 .text.prvAddCurrentTaskToDelayedList
                0x0000000008009cf0       0xa8 ./Middlewares/Third_Party/FreeRTOS/Source/tasks.o
 .text.xTimerCreateTimerTask
                0x0000000008009d98       0x90 ./Middlewares/Third_Party/FreeRTOS/Source/timers.o
                0x0000000008009d98                xTimerCreateTimerTask
 .text.xTimerGenericCommand
                0x0000000008009e28       0x9c ./Middlewares/Third_Party/FreeRTOS/Source/timers.o
                0x0000000008009e28                xTimerGenericCommand
 .text.prvProcessExpiredTimer
                0x0000000008009ec4       0x98 ./Middlewares/Third_Party/FreeRTOS/Source/timers.o
 .text.prvTimerTask
                0x0000000008009f5c       0x24 ./Middlewares/Third_Party/FreeRTOS/Source/timers.o
 .text.prvProcessTimerOrBlockTask
                0x0000000008009f80       0x9c ./Middlewares/Third_Party/FreeRTOS/Source/timers.o
 .text.prvGetNextExpireTime
                0x000000000800a01c       0x48 ./Middlewares/Third_Party/FreeRTOS/Source/timers.o
 .text.prvSampleTimeNow
                0x000000000800a064       0x40 ./Middlewares/Third_Party/FreeRTOS/Source/timers.o
 .text.prvInsertTimerInActiveList
                0x000000000800a0a4       0x84 ./Middlewares/Third_Party/FreeRTOS/Source/timers.o
 .text.prvProcessReceivedCommands
                0x000000000800a128      0x1c4 ./Middlewares/Third_Party/FreeRTOS/Source/timers.o
 .text.prvSwitchTimerLists
                0x000000000800a2ec       0xc8 ./Middlewares/Third_Party/FreeRTOS/Source/timers.o
 .text.prvCheckForValidListAndQueue
                0x000000000800a3b4       0x80 ./Middlewares/Third_Party/FreeRTOS/Source/timers.o
 .text.pxPortInitialiseStack
                0x000000000800a434       0x68 ./Middlewares/Third_Party/FreeRTOS/Source/portable/GCC/ARM_CM4F/port.o
                0x000000000800a434                pxPortInitialiseStack
 .text.prvTaskExitError
                0x000000000800a49c       0x58 ./Middlewares/Third_Party/FreeRTOS/Source/portable/GCC/ARM_CM4F/port.o
 *fill*         0x000000000800a4f4        0xc 
 .text.SVC_Handler
                0x000000000800a500       0x28 ./Middlewares/Third_Party/FreeRTOS/Source/portable/GCC/ARM_CM4F/port.o
                0x000000000800a500                SVC_Handler
 .text.prvPortStartFirstTask
                0x000000000800a528       0x28 ./Middlewares/Third_Party/FreeRTOS/Source/portable/GCC/ARM_CM4F/port.o
 .text.xPortStartScheduler
                0x000000000800a550      0x144 ./Middlewares/Third_Party/FreeRTOS/Source/portable/GCC/ARM_CM4F/port.o
                0x000000000800a550                xPortStartScheduler
 .text.vPortEnterCritical
                0x000000000800a694       0x60 ./Middlewares/Third_Party/FreeRTOS/Source/portable/GCC/ARM_CM4F/port.o
                0x000000000800a694                vPortEnterCritical
 .text.vPortExitCritical
                0x000000000800a6f4       0x54 ./Middlewares/Third_Party/FreeRTOS/Source/portable/GCC/ARM_CM4F/port.o
                0x000000000800a6f4                vPortExitCritical
 *fill*         0x000000000800a748        0x8 
 .text.PendSV_Handler
                0x000000000800a750       0x68 ./Middlewares/Third_Party/FreeRTOS/Source/portable/GCC/ARM_CM4F/port.o
                0x000000000800a750                PendSV_Handler
 .text.xPortSysTickHandler
                0x000000000800a7b8       0x44 ./Middlewares/Third_Party/FreeRTOS/Source/portable/GCC/ARM_CM4F/port.o
                0x000000000800a7b8                xPortSysTickHandler
 .text.vPortSetupTimerInterrupt
                0x000000000800a7fc       0x48 ./Middlewares/Third_Party/FreeRTOS/Source/portable/GCC/ARM_CM4F/port.o
                0x000000000800a7fc                vPortSetupTimerInterrupt
 .text.vPortEnableVFP
                0x000000000800a844       0x14 ./Middlewares/Third_Party/FreeRTOS/Source/portable/GCC/ARM_CM4F/port.o
 .text.vPortValidateInterruptPriority
                0x000000000800a858       0x80 ./Middlewares/Third_Party/FreeRTOS/Source/portable/GCC/ARM_CM4F/port.o
                0x000000000800a858                vPortValidateInterruptPriority
 .text.pvPortMalloc
                0x000000000800a8d8      0x198 ./Middlewares/Third_Party/FreeRTOS/Source/portable/MemMang/heap_4.o
                0x000000000800a8d8                pvPortMalloc
 .text.vPortFree
                0x000000000800aa70       0xc4 ./Middlewares/Third_Party/FreeRTOS/Source/portable/MemMang/heap_4.o
                0x000000000800aa70                vPortFree
 .text.prvHeapInit
                0x000000000800ab34       0xc4 ./Middlewares/Third_Party/FreeRTOS/Source/portable/MemMang/heap_4.o
 .text.prvInsertBlockIntoFreeList
                0x000000000800abf8       0xb4 ./Middlewares/Third_Party/FreeRTOS/Source/portable/MemMang/heap_4.o
 .text.__libc_init_array
                0x000000000800acac       0x48 c:/st/stm32cubeide_1.9.0/stm32cubeide/plugins/com.st.stm32cube.ide.mcu.externaltools.gnu-tools-for-stm32.10.3-2021.10.win32_1.0.100.202210260954/tools/bin/../lib/gcc/arm-none-eabi/10.3.1/../../../../arm-none-eabi/lib/thumb/v7e-m+fp/hard\libc_nano.a(lib_a-init.o)
                0x000000000800acac                __libc_init_array
 .text.memcpy   0x000000000800acf4       0x1c c:/st/stm32cubeide_1.9.0/stm32cubeide/plugins/com.st.stm32cube.ide.mcu.externaltools.gnu-tools-for-stm32.10.3-2021.10.win32_1.0.100.202210260954/tools/bin/../lib/gcc/arm-none-eabi/10.3.1/../../../../arm-none-eabi/lib/thumb/v7e-m+fp/hard\libc_nano.a(lib_a-memcpy-stub.o)
                0x000000000800acf4                memcpy
 .text.memset   0x000000000800ad10       0x10 c:/st/stm32cubeide_1.9.0/stm32cubeide/plugins/com.st.stm32cube.ide.mcu.externaltools.gnu-tools-for-stm32.10.3-2021.10.win32_1.0.100.202210260954/tools/bin/../lib/gcc/arm-none-eabi/10.3.1/../../../../arm-none-eabi/lib/thumb/v7e-m+fp/hard\libc_nano.a(lib_a-memset.o)
                0x000000000800ad10                memset
 *(.glue_7)
 .glue_7        0x000000000800ad20        0x0 linker stubs
 *(.glue_7t)
 .glue_7t       0x000000000800ad20        0x0 linker stubs
 *(.eh_frame)
 .eh_frame      0x000000000800ad20        0x0 c:/st/stm32cubeide_1.9.0/stm32cubeide/plugins/com.st.stm32cube.ide.mcu.externaltools.gnu-tools-for-stm32.10.3-2021.10.win32_1.0.100.202210260954/tools/bin/../lib/gcc/arm-none-eabi/10.3.1/thumb/v7e-m+fp/hard/crtbegin.o
 *(.init)
 .init          0x000000000800ad20        0x4 c:/st/stm32cubeide_1.9.0/stm32cubeide/plugins/com.st.stm32cube.ide.mcu.externaltools.gnu-tools-for-stm32.10.3-2021.10.win32_1.0.100.202210260954/tools/bin/../lib/gcc/arm-none-eabi/10.3.1/thumb/v7e-m+fp/hard/crti.o
                0x000000000800ad20                _init
 .init          0x000000000800ad24        0x8 c:/st/stm32cubeide_1.9.0/stm32cubeide/plugins/com.st.stm32cube.ide.mcu.externaltools.gnu-tools-for-stm32.10.3-2021.10.win32_1.0.100.202210260954/tools/bin/../lib/gcc/arm-none-eabi/10.3.1/thumb/v7e-m+fp/hard/crtn.o
 *(.fini)
 .fini          0x000000000800ad2c        0x4 c:/st/stm32cubeide_1.9.0/stm32cubeide/plugins/com.st.stm32cube.ide.mcu.externaltools.gnu-tools-for-stm32.10.3-2021.10.win32_1.0.100.202210260954/tools/bin/../lib/gcc/arm-none-eabi/10.3.1/thumb/v7e-m+fp/hard/crti.o
                0x000000000800ad2c                _fini
 .fini          0x000000000800ad30        0x8 c:/st/stm32cubeide_1.9.0/stm32cubeide/plugins/com.st.stm32cube.ide.mcu.externaltools.gnu-tools-for-stm32.10.3-2021.10.win32_1.0.100.202210260954/tools/bin/../lib/gcc/arm-none-eabi/10.3.1/thumb/v7e-m+fp/hard/crtn.o
                0x000000000800ad38                . = ALIGN (0x4)
                0x000000000800ad38                _etext = .

.vfp11_veneer   0x000000000800ad38        0x0
 .vfp11_veneer  0x000000000800ad38        0x0 linker stubs

.v4_bx          0x000000000800ad38        0x0
 .v4_bx         0x000000000800ad38        0x0 linker stubs

.iplt           0x000000000800ad38        0x0
 .iplt          0x000000000800ad38        0x0 c:/st/stm32cubeide_1.9.0/stm32cubeide/plugins/com.st.stm32cube.ide.mcu.externaltools.gnu-tools-for-stm32.10.3-2021.10.win32_1.0.100.202210260954/tools/bin/../lib/gcc/arm-none-eabi/10.3.1/thumb/v7e-m+fp/hard/crtbegin.o

.rodata         0x000000000800ad38      0x1f8
                0x000000000800ad38                . = ALIGN (0x4)
 *(.rodata)
 .rodata        0x000000000800ad38       0x65 ./Core/Src/freertos.o
 *fill*         0x000000000800ad9d        0x3 
 .rodata        0x000000000800ada0        0x6 ./Core/cpp/Src/uart_wifi.o
 *fill*         0x000000000800ada6        0x2 
 .rodata        0x000000000800ada8        0x5 ./Middlewares/Third_Party/FreeRTOS/Source/tasks.o
 *fill*         0x000000000800adad        0x3 
 .rodata        0x000000000800adb0        0xd ./Middlewares/Third_Party/FreeRTOS/Source/timers.o
 *(.rodata*)
 *fill*         0x000000000800adbd        0x3 
 .rodata.defaultTask_attributes
                0x000000000800adc0       0x24 ./Core/Src/freertos.o
                0x000000000800adc0                defaultTask_attributes
 .rodata.OutputsTask_attributes
                0x000000000800ade4       0x24 ./Core/Src/freertos.o
                0x000000000800ade4                OutputsTask_attributes
 .rodata.InputsTask_attributes
                0x000000000800ae08       0x24 ./Core/Src/freertos.o
                0x000000000800ae08                InputsTask_attributes
 .rodata.ServoTask_attributes
                0x000000000800ae2c       0x24 ./Core/Src/freertos.o
                0x000000000800ae2c                ServoTask_attributes
 .rodata.UartWiFiTask_attributes
                0x000000000800ae50       0x24 ./Core/Src/freertos.o
                0x000000000800ae50                UartWiFiTask_attributes
 .rodata.CanDriversTask_attributes
                0x000000000800ae74       0x24 ./Core/Src/freertos.o
                0x000000000800ae74                CanDriversTask_attributes
 .rodata.CanTask_attributes
                0x000000000800ae98       0x24 ./Core/Src/freertos.o
                0x000000000800ae98                CanTask_attributes
 .rodata.MissionsTask_attributes
                0x000000000800aebc       0x24 ./Core/Src/freertos.o
                0x000000000800aebc                MissionsTask_attributes
 .rodata.AHBPrescTable
                0x000000000800aee0       0x10 ./Core/Src/system_stm32f4xx.o
                0x000000000800aee0                AHBPrescTable
 .rodata.APBPrescTable
                0x000000000800aef0        0x8 ./Core/Src/system_stm32f4xx.o
                0x000000000800aef0                APBPrescTable
 .rodata._ZZ8LedBlinkE9ledb_time
                0x000000000800aef8       0x18 ./Core/cpp/Src/outputs.o
 .rodata._ZZ8LedBlinkE8ledb_rep
                0x000000000800af10       0x18 ./Core/cpp/Src/outputs.o
 .rodata.flagBitshiftOffset.0
                0x000000000800af28        0x8 ./Drivers/STM32F4xx_HAL_Driver/Src/stm32f4xx_hal_dma.o
                0x000000000800af30                . = ALIGN (0x4)

.ARM.extab      0x000000000800af30        0x0
                0x000000000800af30                . = ALIGN (0x4)
 *(.ARM.extab* .gnu.linkonce.armextab.*)
                0x000000000800af30                . = ALIGN (0x4)

.ARM            0x000000000800af30        0x8
                0x000000000800af30                . = ALIGN (0x4)
                0x000000000800af30                __exidx_start = .
 *(.ARM.exidx*)
 .ARM.exidx     0x000000000800af30        0x8 c:/st/stm32cubeide_1.9.0/stm32cubeide/plugins/com.st.stm32cube.ide.mcu.externaltools.gnu-tools-for-stm32.10.3-2021.10.win32_1.0.100.202210260954/tools/bin/../lib/gcc/arm-none-eabi/10.3.1/thumb/v7e-m+fp/hard\libgcc.a(_udivmoddi4.o)
                0x000000000800af38                __exidx_end = .
                0x000000000800af38                . = ALIGN (0x4)

.rel.dyn        0x000000000800af38        0x0
 .rel.iplt      0x000000000800af38        0x0 c:/st/stm32cubeide_1.9.0/stm32cubeide/plugins/com.st.stm32cube.ide.mcu.externaltools.gnu-tools-for-stm32.10.3-2021.10.win32_1.0.100.202210260954/tools/bin/../lib/gcc/arm-none-eabi/10.3.1/thumb/v7e-m+fp/hard/crtbegin.o

.preinit_array  0x000000000800af38        0x0
                0x000000000800af38                . = ALIGN (0x4)
                0x000000000800af38                PROVIDE (__preinit_array_start = .)
 *(.preinit_array*)
                0x000000000800af38                PROVIDE (__preinit_array_end = .)
                0x000000000800af38                . = ALIGN (0x4)

.init_array     0x000000000800af38        0xc
                0x000000000800af38                . = ALIGN (0x4)
                0x000000000800af38                PROVIDE (__init_array_start = .)
 *(SORT_BY_NAME(.init_array.*))
 *(.init_array*)
 .init_array    0x000000000800af38        0x4 c:/st/stm32cubeide_1.9.0/stm32cubeide/plugins/com.st.stm32cube.ide.mcu.externaltools.gnu-tools-for-stm32.10.3-2021.10.win32_1.0.100.202210260954/tools/bin/../lib/gcc/arm-none-eabi/10.3.1/thumb/v7e-m+fp/hard/crtbegin.o
 .init_array    0x000000000800af3c        0x4 ./Core/cpp/Src/drivers_control.o
 .init_array    0x000000000800af40        0x4 ./Core/cpp/Src/servo_control.o
                0x000000000800af44                PROVIDE (__init_array_end = .)
                0x000000000800af44                . = ALIGN (0x4)

.fini_array     0x000000000800af44        0x4
                0x000000000800af44                . = ALIGN (0x4)
                [!provide]                        PROVIDE (__fini_array_start = .)
 *(SORT_BY_NAME(.fini_array.*))
 *(.fini_array*)
 .fini_array    0x000000000800af44        0x4 c:/st/stm32cubeide_1.9.0/stm32cubeide/plugins/com.st.stm32cube.ide.mcu.externaltools.gnu-tools-for-stm32.10.3-2021.10.win32_1.0.100.202210260954/tools/bin/../lib/gcc/arm-none-eabi/10.3.1/thumb/v7e-m+fp/hard/crtbegin.o
                [!provide]                        PROVIDE (__fini_array_end = .)
                0x000000000800af48                . = ALIGN (0x4)
                0x000000000800af48                _sidata = LOADADDR (.data)

.data           0x0000000020000000       0x30 load address 0x000000000800af48
                0x0000000020000000                . = ALIGN (0x4)
                0x0000000020000000                _sdata = .
 *(.data)
 *(.data*)
 .data.SystemCoreClock
                0x0000000020000000        0x4 ./Core/Src/system_stm32f4xx.o
                0x0000000020000000                SystemCoreClock
 .data.bms_jbd_request_msg0
                0x0000000020000004        0x7 ./Core/cpp/Src/uart_wifi.o
                0x0000000020000004                bms_jbd_request_msg0
 *fill*         0x000000002000000b        0x1 
 .data.bms_jbd_request_msg1
                0x000000002000000c        0x7 ./Core/cpp/Src/uart_wifi.o
                0x000000002000000c                bms_jbd_request_msg1
 *fill*         0x0000000020000013        0x1 
 .data.bms_smart_request_msg
                0x0000000020000014        0xd ./Core/cpp/Src/uart_wifi.o
                0x0000000020000014                bms_smart_request_msg
 *fill*         0x0000000020000021        0x3 
 .data.uwTickPrio
                0x0000000020000024        0x4 ./Drivers/STM32F4xx_HAL_Driver/Src/stm32f4xx_hal.o
                0x0000000020000024                uwTickPrio
 .data.uwTickFreq
                0x0000000020000028        0x1 ./Drivers/STM32F4xx_HAL_Driver/Src/stm32f4xx_hal.o
                0x0000000020000028                uwTickFreq
 *fill*         0x0000000020000029        0x3 
 .data.uxCriticalNesting
                0x000000002000002c        0x4 ./Middlewares/Third_Party/FreeRTOS/Source/portable/GCC/ARM_CM4F/port.o
 *(.RamFunc)
 *(.RamFunc*)
                0x0000000020000030                . = ALIGN (0x4)
                0x0000000020000030                _edata = .
                0x000000000800af78                _siccmram = LOADADDR (.ccmram)

.igot.plt       0x0000000020000030        0x0 load address 0x000000000800af78
 .igot.plt      0x0000000020000030        0x0 c:/st/stm32cubeide_1.9.0/stm32cubeide/plugins/com.st.stm32cube.ide.mcu.externaltools.gnu-tools-for-stm32.10.3-2021.10.win32_1.0.100.202210260954/tools/bin/../lib/gcc/arm-none-eabi/10.3.1/thumb/v7e-m+fp/hard/crtbegin.o

.ccmram         0x0000000010000000        0x0 load address 0x000000000800af78
                0x0000000010000000                . = ALIGN (0x4)
                0x0000000010000000                _sccmram = .
 *(.ccmram)
 *(.ccmram*)
                0x0000000010000000                . = ALIGN (0x4)
                0x0000000010000000                _eccmram = .
                0x0000000010000000                . = ALIGN (0x4)

.bss            0x0000000020000030     0x68d4
                0x0000000020000030                _sbss = .
                0x0000000020000030                __bss_start__ = _sbss
 *(.bss)
 .bss           0x0000000020000030       0x1c c:/st/stm32cubeide_1.9.0/stm32cubeide/plugins/com.st.stm32cube.ide.mcu.externaltools.gnu-tools-for-stm32.10.3-2021.10.win32_1.0.100.202210260954/tools/bin/../lib/gcc/arm-none-eabi/10.3.1/thumb/v7e-m+fp/hard/crtbegin.o
 *(.bss*)
 .bss.hcan1     0x000000002000004c       0x28 ./Core/Src/can.o
                0x000000002000004c                hcan1
 .bss.globData  0x0000000020000074       0x18 ./Core/Src/freertos.o
                0x0000000020000074                globData
 .bss.contrlMsg
                0x000000002000008c       0x1c ./Core/Src/freertos.o
                0x000000002000008c                contrlMsg
 .bss.statusMsg
                0x00000000200000a8       0x2c ./Core/Src/freertos.o
                0x00000000200000a8                statusMsg
 .bss.defaultTaskHandle
                0x00000000200000d4        0x4 ./Core/Src/freertos.o
                0x00000000200000d4                defaultTaskHandle
 .bss.defaultTaskBuffer
                0x00000000200000d8      0x200 ./Core/Src/freertos.o
                0x00000000200000d8                defaultTaskBuffer
 .bss.defaultTaskControlBlock
                0x00000000200002d8       0x5c ./Core/Src/freertos.o
                0x00000000200002d8                defaultTaskControlBlock
 .bss.OutputsTaskHandle
                0x0000000020000334        0x4 ./Core/Src/freertos.o
                0x0000000020000334                OutputsTaskHandle
 .bss.OutputsTaskBuffer
                0x0000000020000338      0x200 ./Core/Src/freertos.o
                0x0000000020000338                OutputsTaskBuffer
 .bss.OutputsTaskControlBlock
                0x0000000020000538       0x5c ./Core/Src/freertos.o
                0x0000000020000538                OutputsTaskControlBlock
 .bss.InputsTaskHandle
                0x0000000020000594        0x4 ./Core/Src/freertos.o
                0x0000000020000594                InputsTaskHandle
 .bss.InputsTaskBuffer
                0x0000000020000598      0x200 ./Core/Src/freertos.o
                0x0000000020000598                InputsTaskBuffer
 .bss.InputsTaskControlBlock
                0x0000000020000798       0x5c ./Core/Src/freertos.o
                0x0000000020000798                InputsTaskControlBlock
 .bss.ServoTaskHandle
                0x00000000200007f4        0x4 ./Core/Src/freertos.o
                0x00000000200007f4                ServoTaskHandle
 .bss.ServoTaskBuffer
                0x00000000200007f8      0x200 ./Core/Src/freertos.o
                0x00000000200007f8                ServoTaskBuffer
 .bss.ServoTaskControlBlock
                0x00000000200009f8       0x5c ./Core/Src/freertos.o
                0x00000000200009f8                ServoTaskControlBlock
 .bss.UartWiFiTaskHandle
                0x0000000020000a54        0x4 ./Core/Src/freertos.o
                0x0000000020000a54                UartWiFiTaskHandle
 .bss.UartWiFiTaskBuffer
                0x0000000020000a58      0x400 ./Core/Src/freertos.o
                0x0000000020000a58                UartWiFiTaskBuffer
 .bss.UartWiFiTaskControlBlock
                0x0000000020000e58       0x5c ./Core/Src/freertos.o
                0x0000000020000e58                UartWiFiTaskControlBlock
 .bss.CanDriversTaskHandle
                0x0000000020000eb4        0x4 ./Core/Src/freertos.o
                0x0000000020000eb4                CanDriversTaskHandle
 .bss.CanDriversTaskBuffer
                0x0000000020000eb8      0x200 ./Core/Src/freertos.o
                0x0000000020000eb8                CanDriversTaskBuffer
 .bss.CanDriversTaskControlBlock
                0x00000000200010b8       0x5c ./Core/Src/freertos.o
                0x00000000200010b8                CanDriversTaskControlBlock
 .bss.CanTaskHandle
                0x0000000020001114        0x4 ./Core/Src/freertos.o
                0x0000000020001114                CanTaskHandle
 .bss.CanTaskBuffer
                0x0000000020001118      0x400 ./Core/Src/freertos.o
                0x0000000020001118                CanTaskBuffer
 .bss.CanTaskControlBlock
                0x0000000020001518       0x5c ./Core/Src/freertos.o
                0x0000000020001518                CanTaskControlBlock
 .bss.MissionsTaskHandle
                0x0000000020001574        0x4 ./Core/Src/freertos.o
                0x0000000020001574                MissionsTaskHandle
 .bss.MissionsTaskBuffer
                0x0000000020001578      0x400 ./Core/Src/freertos.o
                0x0000000020001578                MissionsTaskBuffer
 .bss.MissionsTaskControlBlock
                0x0000000020001978       0x5c ./Core/Src/freertos.o
                0x0000000020001978                MissionsTaskControlBlock
 .bss.hiwdg     0x00000000200019d4        0xc ./Core/Src/iwdg.o
                0x00000000200019d4                hiwdg
 .bss.htim6     0x00000000200019e0       0x48 ./Core/Src/stm32f4xx_hal_timebase_tim.o
                0x00000000200019e0                htim6
 .bss.htim3     0x0000000020001a28       0x48 ./Core/Src/tim.o
                0x0000000020001a28                htim3
 .bss.htim4     0x0000000020001a70       0x48 ./Core/Src/tim.o
                0x0000000020001a70                htim4
 .bss.huart1    0x0000000020001ab8       0x44 ./Core/Src/usart.o
                0x0000000020001ab8                huart1
 .bss.huart2    0x0000000020001afc       0x44 ./Core/Src/usart.o
                0x0000000020001afc                huart2
 .bss.huart3    0x0000000020001b40       0x44 ./Core/Src/usart.o
                0x0000000020001b40                huart3
 .bss.hdma_usart1_rx
                0x0000000020001b84       0x60 ./Core/Src/usart.o
                0x0000000020001b84                hdma_usart1_rx
 .bss.hdma_usart2_rx
                0x0000000020001be4       0x60 ./Core/Src/usart.o
                0x0000000020001be4                hdma_usart2_rx
 .bss.hdma_usart3_rx
                0x0000000020001c44       0x60 ./Core/Src/usart.o
                0x0000000020001c44                hdma_usart3_rx
 .bss.NewCanMsg
                0x0000000020001ca4        0x1 ./Core/cpp/Src/canbus.o
                0x0000000020001ca4                NewCanMsg
 *fill*         0x0000000020001ca5        0x3 
 .bss.RxHeader  0x0000000020001ca8       0x1c ./Core/cpp/Src/canbus.o
                0x0000000020001ca8                RxHeader
 .bss.RxData    0x0000000020001cc4        0x8 ./Core/cpp/Src/canbus.o
                0x0000000020001cc4                RxData
 .bss.TxMailbox
                0x0000000020001ccc        0x4 ./Core/cpp/Src/canbus.o
                0x0000000020001ccc                TxMailbox
 .bss.canDataRecv
                0x0000000020001cd0        0x8 ./Core/cpp/Src/canbus.o
                0x0000000020001cd0                canDataRecv
 .bss._ZZ12StartCanTaskE9err_count
                0x0000000020001cd8        0x4 ./Core/cpp/Src/canbus.o
 .bss.driverX1  0x0000000020001cdc       0x40 ./Core/cpp/Src/drivers_control.o
                0x0000000020001cdc                driverX1
 .bss.driverX2  0x0000000020001d1c       0x40 ./Core/cpp/Src/drivers_control.o
                0x0000000020001d1c                driverX2
 .bss.driverY1  0x0000000020001d5c       0x40 ./Core/cpp/Src/drivers_control.o
                0x0000000020001d5c                driverY1
 .bss.driverY2  0x0000000020001d9c       0x40 ./Core/cpp/Src/drivers_control.o
                0x0000000020001d9c                driverY2
 .bss.mdrivers  0x0000000020001ddc       0x10 ./Core/cpp/Src/drivers_control.o
                0x0000000020001ddc                mdrivers
 .bss.enc_prev  0x0000000020001dec        0x4 ./Core/cpp/Src/inputs.o
                0x0000000020001dec                enc_prev
 .bss._ZZ15StartInputsTaskE11currCounter
                0x0000000020001df0        0x4 ./Core/cpp/Src/inputs.o
 .bss._ZZ15StartInputsTaskE13enc_idle_tick
                0x0000000020001df4        0x4 ./Core/cpp/Src/inputs.o
 .bss._ZZ8LedBlinkE16ledb_active_time
                0x0000000020001df8        0x4 ./Core/cpp/Src/outputs.o
 .bss._ZZ8LedBlinkE12ledb_repeats
                0x0000000020001dfc        0x4 ./Core/cpp/Src/outputs.o
 .bss.servo1    0x0000000020001e00       0x10 ./Core/cpp/Src/servo_control.o
                0x0000000020001e00                servo1
 .bss.servo2    0x0000000020001e10       0x10 ./Core/cpp/Src/servo_control.o
                0x0000000020001e10                servo2
 .bss.servo     0x0000000020001e20        0x8 ./Core/cpp/Src/servo_control.o
                0x0000000020001e20                servo
 .bss.batteryMsg
                0x0000000020001e28       0x50 ./Core/cpp/Src/uart_wifi.o
                0x0000000020001e28                batteryMsg
 .bss.new_wifi_data
                0x0000000020001e78        0x1 ./Core/cpp/Src/uart_wifi.o
                0x0000000020001e78                new_wifi_data
 .bss.new_remote_data
                0x0000000020001e79        0x1 ./Core/cpp/Src/uart_wifi.o
                0x0000000020001e79                new_remote_data
 .bss.new_bms_data
                0x0000000020001e7a        0x1 ./Core/cpp/Src/uart_wifi.o
                0x0000000020001e7a                new_bms_data
 *fill*         0x0000000020001e7b        0x1 
 .bss.rc_uart_buff
                0x0000000020001e7c       0x64 ./Core/cpp/Src/uart_wifi.o
                0x0000000020001e7c                rc_uart_buff
 .bss.bms_uart_buff
                0x0000000020001ee0       0x64 ./Core/cpp/Src/uart_wifi.o
                0x0000000020001ee0                bms_uart_buff
 .bss.wifi_uart_buff
                0x0000000020001f44       0x64 ./Core/cpp/Src/uart_wifi.o
                0x0000000020001f44                wifi_uart_buff
 .bss.bms_req_time
                0x0000000020001fa8        0x4 ./Core/cpp/Src/uart_wifi.o
                0x0000000020001fa8                bms_req_time
 .bss.bms_err   0x0000000020001fac        0x1 ./Core/cpp/Src/uart_wifi.o
                0x0000000020001fac                bms_err
 .bss.bms_detected
                0x0000000020001fad        0x1 ./Core/cpp/Src/uart_wifi.o
                0x0000000020001fad                bms_detected
 .bss.smart_bms
                0x0000000020001fae        0x1 ./Core/cpp/Src/uart_wifi.o
                0x0000000020001fae                smart_bms
 *fill*         0x0000000020001faf        0x1 
 .bss.uwTick    0x0000000020001fb0        0x4 ./Drivers/STM32F4xx_HAL_Driver/Src/stm32f4xx_hal.o
                0x0000000020001fb0                uwTick
 .bss.KernelState
                0x0000000020001fb4        0x4 ./Middlewares/Third_Party/FreeRTOS/Source/CMSIS_RTOS_V2/cmsis_os2.o
 .bss.Idle_TCB.3
                0x0000000020001fb8       0x5c ./Middlewares/Third_Party/FreeRTOS/Source/CMSIS_RTOS_V2/cmsis_os2.o
 .bss.Idle_Stack.2
                0x0000000020002014      0x200 ./Middlewares/Third_Party/FreeRTOS/Source/CMSIS_RTOS_V2/cmsis_os2.o
 .bss.Timer_TCB.1
                0x0000000020002214       0x5c ./Middlewares/Third_Party/FreeRTOS/Source/CMSIS_RTOS_V2/cmsis_os2.o
 .bss.Timer_Stack.0
                0x0000000020002270      0x400 ./Middlewares/Third_Party/FreeRTOS/Source/CMSIS_RTOS_V2/cmsis_os2.o
 .bss.xQueueRegistry
                0x0000000020002670       0x40 ./Middlewares/Third_Party/FreeRTOS/Source/queue.o
                0x0000000020002670                xQueueRegistry
 .bss.pxCurrentTCB
                0x00000000200026b0        0x4 ./Middlewares/Third_Party/FreeRTOS/Source/tasks.o
                0x00000000200026b0                pxCurrentTCB
 .bss.pxReadyTasksLists
                0x00000000200026b4      0x460 ./Middlewares/Third_Party/FreeRTOS/Source/tasks.o
 .bss.xDelayedTaskList1
                0x0000000020002b14       0x14 ./Middlewares/Third_Party/FreeRTOS/Source/tasks.o
 .bss.xDelayedTaskList2
                0x0000000020002b28       0x14 ./Middlewares/Third_Party/FreeRTOS/Source/tasks.o
 .bss.pxDelayedTaskList
                0x0000000020002b3c        0x4 ./Middlewares/Third_Party/FreeRTOS/Source/tasks.o
 .bss.pxOverflowDelayedTaskList
                0x0000000020002b40        0x4 ./Middlewares/Third_Party/FreeRTOS/Source/tasks.o
 .bss.xPendingReadyList
                0x0000000020002b44       0x14 ./Middlewares/Third_Party/FreeRTOS/Source/tasks.o
 .bss.xTasksWaitingTermination
                0x0000000020002b58       0x14 ./Middlewares/Third_Party/FreeRTOS/Source/tasks.o
 .bss.uxDeletedTasksWaitingCleanUp
                0x0000000020002b6c        0x4 ./Middlewares/Third_Party/FreeRTOS/Source/tasks.o
 .bss.xSuspendedTaskList
                0x0000000020002b70       0x14 ./Middlewares/Third_Party/FreeRTOS/Source/tasks.o
 .bss.uxCurrentNumberOfTasks
                0x0000000020002b84        0x4 ./Middlewares/Third_Party/FreeRTOS/Source/tasks.o
 .bss.xTickCount
                0x0000000020002b88        0x4 ./Middlewares/Third_Party/FreeRTOS/Source/tasks.o
 .bss.uxTopReadyPriority
                0x0000000020002b8c        0x4 ./Middlewares/Third_Party/FreeRTOS/Source/tasks.o
 .bss.xSchedulerRunning
                0x0000000020002b90        0x4 ./Middlewares/Third_Party/FreeRTOS/Source/tasks.o
 .bss.xPendedTicks
                0x0000000020002b94        0x4 ./Middlewares/Third_Party/FreeRTOS/Source/tasks.o
 .bss.xYieldPending
                0x0000000020002b98        0x4 ./Middlewares/Third_Party/FreeRTOS/Source/tasks.o
 .bss.xNumOfOverflows
                0x0000000020002b9c        0x4 ./Middlewares/Third_Party/FreeRTOS/Source/tasks.o
 .bss.uxTaskNumber
                0x0000000020002ba0        0x4 ./Middlewares/Third_Party/FreeRTOS/Source/tasks.o
 .bss.xNextTaskUnblockTime
                0x0000000020002ba4        0x4 ./Middlewares/Third_Party/FreeRTOS/Source/tasks.o
 .bss.xIdleTaskHandle
                0x0000000020002ba8        0x4 ./Middlewares/Third_Party/FreeRTOS/Source/tasks.o
 .bss.uxSchedulerSuspended
                0x0000000020002bac        0x4 ./Middlewares/Third_Party/FreeRTOS/Source/tasks.o
 .bss.xActiveTimerList1
                0x0000000020002bb0       0x14 ./Middlewares/Third_Party/FreeRTOS/Source/timers.o
 .bss.xActiveTimerList2
                0x0000000020002bc4       0x14 ./Middlewares/Third_Party/FreeRTOS/Source/timers.o
 .bss.pxCurrentTimerList
                0x0000000020002bd8        0x4 ./Middlewares/Third_Party/FreeRTOS/Source/timers.o
 .bss.pxOverflowTimerList
                0x0000000020002bdc        0x4 ./Middlewares/Third_Party/FreeRTOS/Source/timers.o
 .bss.xTimerQueue
                0x0000000020002be0        0x4 ./Middlewares/Third_Party/FreeRTOS/Source/timers.o
 .bss.xTimerTaskHandle
                0x0000000020002be4        0x4 ./Middlewares/Third_Party/FreeRTOS/Source/timers.o
 .bss.xLastTime.2
                0x0000000020002be8        0x4 ./Middlewares/Third_Party/FreeRTOS/Source/timers.o
 .bss.ucStaticTimerQueueStorage.1
                0x0000000020002bec       0xa0 ./Middlewares/Third_Party/FreeRTOS/Source/timers.o
 .bss.xStaticTimerQueue.0
                0x0000000020002c8c       0x50 ./Middlewares/Third_Party/FreeRTOS/Source/timers.o
 .bss.ucMaxSysCallPriority
                0x0000000020002cdc        0x1 ./Middlewares/Third_Party/FreeRTOS/Source/portable/GCC/ARM_CM4F/port.o
 *fill*         0x0000000020002cdd        0x3 
 .bss.ulMaxPRIGROUPValue
                0x0000000020002ce0        0x4 ./Middlewares/Third_Party/FreeRTOS/Source/portable/GCC/ARM_CM4F/port.o
 .bss.ucHeap    0x0000000020002ce4     0x3c00 ./Middlewares/Third_Party/FreeRTOS/Source/portable/MemMang/heap_4.o
 .bss.xStart    0x00000000200068e4        0x8 ./Middlewares/Third_Party/FreeRTOS/Source/portable/MemMang/heap_4.o
 .bss.pxEnd     0x00000000200068ec        0x4 ./Middlewares/Third_Party/FreeRTOS/Source/portable/MemMang/heap_4.o
 .bss.xFreeBytesRemaining
                0x00000000200068f0        0x4 ./Middlewares/Third_Party/FreeRTOS/Source/portable/MemMang/heap_4.o
 .bss.xMinimumEverFreeBytesRemaining
                0x00000000200068f4        0x4 ./Middlewares/Third_Party/FreeRTOS/Source/portable/MemMang/heap_4.o
 .bss.xNumberOfSuccessfulAllocations
                0x00000000200068f8        0x4 ./Middlewares/Third_Party/FreeRTOS/Source/portable/MemMang/heap_4.o
 .bss.xNumberOfSuccessfulFrees
                0x00000000200068fc        0x4 ./Middlewares/Third_Party/FreeRTOS/Source/portable/MemMang/heap_4.o
 .bss.xBlockAllocatedBit
                0x0000000020006900        0x4 ./Middlewares/Third_Party/FreeRTOS/Source/portable/MemMang/heap_4.o
 *(COMMON)
                0x0000000020006904                . = ALIGN (0x4)
                0x0000000020006904                _ebss = .
                0x0000000020006904                __bss_end__ = _ebss

._user_heap_stack
                0x0000000020006904      0x604
                0x0000000020006908                . = ALIGN (0x8)
 *fill*         0x0000000020006904        0x4 
                [!provide]                        PROVIDE (end = .)
                0x0000000020006908                PROVIDE (_end = .)
                0x0000000020006b08                . = (. + _Min_Heap_Size)
 *fill*         0x0000000020006908      0x200 
                0x0000000020006f08                . = (. + _Min_Stack_Size)
 *fill*         0x0000000020006b08      0x400 
                0x0000000020006f08                . = ALIGN (0x8)

/DISCARD/
 libc.a(*)
 libm.a(*)
 libgcc.a(*)

.ARM.attributes
                0x0000000000000000       0x30
 *(.ARM.attributes)
 .ARM.attributes
                0x0000000000000000       0x1e c:/st/stm32cubeide_1.9.0/stm32cubeide/plugins/com.st.stm32cube.ide.mcu.externaltools.gnu-tools-for-stm32.10.3-2021.10.win32_1.0.100.202210260954/tools/bin/../lib/gcc/arm-none-eabi/10.3.1/thumb/v7e-m+fp/hard/crti.o
 .ARM.attributes
                0x000000000000001e       0x34 c:/st/stm32cubeide_1.9.0/stm32cubeide/plugins/com.st.stm32cube.ide.mcu.externaltools.gnu-tools-for-stm32.10.3-2021.10.win32_1.0.100.202210260954/tools/bin/../lib/gcc/arm-none-eabi/10.3.1/thumb/v7e-m+fp/hard/crtbegin.o
 .ARM.attributes
                0x0000000000000052       0x34 ./Core/Src/can.o
 .ARM.attributes
                0x0000000000000086       0x34 ./Core/Src/dma.o
 .ARM.attributes
                0x00000000000000ba       0x34 ./Core/Src/freertos.o
 .ARM.attributes
                0x00000000000000ee       0x34 ./Core/Src/gpio.o
 .ARM.attributes
                0x0000000000000122       0x34 ./Core/Src/iwdg.o
 .ARM.attributes
                0x0000000000000156       0x34 ./Core/Src/main.o
 .ARM.attributes
                0x000000000000018a       0x34 ./Core/Src/stm32f4xx_hal_msp.o
 .ARM.attributes
                0x00000000000001be       0x34 ./Core/Src/stm32f4xx_hal_timebase_tim.o
 .ARM.attributes
                0x00000000000001f2       0x34 ./Core/Src/stm32f4xx_it.o
 .ARM.attributes
                0x0000000000000226       0x34 ./Core/Src/system_stm32f4xx.o
 .ARM.attributes
                0x000000000000025a       0x34 ./Core/Src/tim.o
 .ARM.attributes
                0x000000000000028e       0x34 ./Core/Src/usart.o
 .ARM.attributes
                0x00000000000002c2       0x21 ./Core/Startup/startup_stm32f407vetx.o
 .ARM.attributes
                0x00000000000002e3       0x34 ./Core/cpp/Src/KeyaLKTechDriver.o
 .ARM.attributes
                0x0000000000000317       0x34 ./Core/cpp/Src/Servo.o
 .ARM.attributes
                0x000000000000034b       0x34 ./Core/cpp/Src/canbus.o
 .ARM.attributes
                0x000000000000037f       0x34 ./Core/cpp/Src/drivers_control.o
 .ARM.attributes
                0x00000000000003b3       0x34 ./Core/cpp/Src/inputs.o
 .ARM.attributes
                0x00000000000003e7       0x34 ./Core/cpp/Src/mission.o
 .ARM.attributes
                0x000000000000041b       0x34 ./Core/cpp/Src/outputs.o
 .ARM.attributes
                0x000000000000044f       0x34 ./Core/cpp/Src/servo_control.o
 .ARM.attributes
                0x0000000000000483       0x34 ./Core/cpp/Src/uart_wifi.o
 .ARM.attributes
                0x00000000000004b7       0x34 ./Drivers/STM32F4xx_HAL_Driver/Src/stm32f4xx_hal.o
 .ARM.attributes
                0x00000000000004eb       0x34 ./Drivers/STM32F4xx_HAL_Driver/Src/stm32f4xx_hal_can.o
 .ARM.attributes