Archive member included to satisfy reference by file (symbol)

c:/st/stm32cubeide_1.9.0/stm32cubeide/plugins/com.st.stm32cube.ide.mcu.externaltools.gnu-tools-for-stm32.10.3-2021.10.win32_1.0.100.202210260954/tools/bin/../lib/gcc/arm-none-eabi/10.3.1/../../../../arm-none-eabi/lib/thumb/v7e-m+fp/hard\libc_nano.a(lib_a-errno.o)
                              ./Core/Src/syscalls.o (__errno)
c:/st/stm32cubeide_1.9.0/stm32cubeide/plugins/com.st.stm32cube.ide.mcu.externaltools.gnu-tools-for-stm32.10.3-2021.10.win32_1.0.100.202210260954/tools/bin/../lib/gcc/arm-none-eabi/10.3.1/../../../../arm-none-eabi/lib/thumb/v7e-m+fp/hard\libc_nano.a(lib_a-exit.o)
                              c:/st/stm32cubeide_1.9.0/stm32cubeide/plugins/com.st.stm32cube.ide.mcu.externaltools.gnu-tools-for-stm32.10.3-2021.10.win32_1.0.100.202210260954/tools/bin/../lib/gcc/arm-none-eabi/10.3.1/../../../../arm-none-eabi/lib/thumb/v7e-m+fp/hard/crt0.o (exit)
c:/st/stm32cubeide_1.9.0/stm32cubeide/plugins/com.st.stm32cube.ide.mcu.externaltools.gnu-tools-for-stm32.10.3-2021.10.win32_1.0.100.202210260954/tools/bin/../lib/gcc/arm-none-eabi/10.3.1/../../../../arm-none-eabi/lib/thumb/v7e-m+fp/hard\libc_nano.a(lib_a-impure.o)
                              c:/st/stm32cubeide_1.9.0/stm32cubeide/plugins/com.st.stm32cube.ide.mcu.externaltools.gnu-tools-for-stm32.10.3-2021.10.win32_1.0.100.202210260954/tools/bin/../lib/gcc/arm-none-eabi/10.3.1/../../../../arm-none-eabi/lib/thumb/v7e-m+fp/hard\libc_nano.a(lib_a-exit.o) (_global_impure_ptr)
c:/st/stm32cubeide_1.9.0/stm32cubeide/plugins/com.st.stm32cube.ide.mcu.externaltools.gnu-tools-for-stm32.10.3-2021.10.win32_1.0.100.202210260954/tools/bin/../lib/gcc/arm-none-eabi/10.3.1/../../../../arm-none-eabi/lib/thumb/v7e-m+fp/hard\libc_nano.a(lib_a-init.o)
                              c:/st/stm32cubeide_1.9.0/stm32cubeide/plugins/com.st.stm32cube.ide.mcu.externaltools.gnu-tools-for-stm32.10.3-2021.10.win32_1.0.100.202210260954/tools/bin/../lib/gcc/arm-none-eabi/10.3.1/../../../../arm-none-eabi/lib/thumb/v7e-m+fp/hard/crt0.o (__libc_init_array)
c:/st/stm32cubeide_1.9.0/stm32cubeide/plugins/com.st.stm32cube.ide.mcu.externaltools.gnu-tools-for-stm32.10.3-2021.10.win32_1.0.100.202210260954/tools/bin/../lib/gcc/arm-none-eabi/10.3.1/../../../../arm-none-eabi/lib/thumb/v7e-m+fp/hard\libc_nano.a(lib_a-memcpy-stub.o)
                              ./Middlewares/Third_Party/FreeRTOS/Source/CMSIS_RTOS_V2/cmsis_os2.o (memcpy)
c:/st/stm32cubeide_1.9.0/stm32cubeide/plugins/com.st.stm32cube.ide.mcu.externaltools.gnu-tools-for-stm32.10.3-2021.10.win32_1.0.100.202210260954/tools/bin/../lib/gcc/arm-none-eabi/10.3.1/../../../../arm-none-eabi/lib/thumb/v7e-m+fp/hard\libc_nano.a(lib_a-memset.o)
                              c:/st/stm32cubeide_1.9.0/stm32cubeide/plugins/com.st.stm32cube.ide.mcu.externaltools.gnu-tools-for-stm32.10.3-2021.10.win32_1.0.100.202210260954/tools/bin/../lib/gcc/arm-none-eabi/10.3.1/../../../../arm-none-eabi/lib/thumb/v7e-m+fp/hard/crt0.o (memset)
c:/st/stm32cubeide_1.9.0/stm32cubeide/plugins/com.st.stm32cube.ide.mcu.externaltools.gnu-tools-for-stm32.10.3-2021.10.win32_1.0.100.202210260954/tools/bin/../lib/gcc/arm-none-eabi/10.3.1/thumb/v7e-m+fp/hard\libgcc.a(_aeabi_uldivmod.o)
                              ./Drivers/STM32F4xx_HAL_Driver/Src/stm32f4xx_hal_rcc.o (__aeabi_uldivmod)
c:/st/stm32cubeide_1.9.0/stm32cubeide/plugins/com.st.stm32cube.ide.mcu.externaltools.gnu-tools-for-stm32.10.3-2021.10.win32_1.0.100.202210260954/tools/bin/../lib/gcc/arm-none-eabi/10.3.1/thumb/v7e-m+fp/hard\libgcc.a(_udivmoddi4.o)
                              c:/st/stm32cubeide_1.9.0/stm32cubeide/plugins/com.st.stm32cube.ide.mcu.externaltools.gnu-tools-for-stm32.10.3-2021.10.win32_1.0.100.202210260954/tools/bin/../lib/gcc/arm-none-eabi/10.3.1/thumb/v7e-m+fp/hard\libgcc.a(_aeabi_uldivmod.o) (__udivmoddi4)
c:/st/stm32cubeide_1.9.0/stm32cubeide/plugins/com.st.stm32cube.ide.mcu.externaltools.gnu-tools-for-stm32.10.3-2021.10.win32_1.0.100.202210260954/tools/bin/../lib/gcc/arm-none-eabi/10.3.1/thumb/v7e-m+fp/hard\libgcc.a(_dvmd_tls.o)
                              c:/st/stm32cubeide_1.9.0/stm32cubeide/plugins/com.st.stm32cube.ide.mcu.externaltools.gnu-tools-for-stm32.10.3-2021.10.win32_1.0.100.202210260954/tools/bin/../lib/gcc/arm-none-eabi/10.3.1/thumb/v7e-m+fp/hard\libgcc.a(_aeabi_uldivmod.o) (__aeabi_ldiv0)

Discarded input sections

 .text          0x0000000000000000        0x0 c:/st/stm32cubeide_1.9.0/stm32cubeide/plugins/com.st.stm32cube.ide.mcu.externaltools.gnu-tools-for-stm32.10.3-2021.10.win32_1.0.100.202210260954/tools/bin/../lib/gcc/arm-none-eabi/10.3.1/thumb/v7e-m+fp/hard/crti.o
 .data          0x0000000000000000        0x0 c:/st/stm32cubeide_1.9.0/stm32cubeide/plugins/com.st.stm32cube.ide.mcu.externaltools.gnu-tools-for-stm32.10.3-2021.10.win32_1.0.100.202210260954/tools/bin/../lib/gcc/arm-none-eabi/10.3.1/thumb/v7e-m+fp/hard/crti.o
[...]
Memory Configuration

Name             Origin             Length             Attributes
CCMRAM           0x0000000010000000 0x0000000000010000 xrw
RAM              0x0000000020000000 0x0000000000020000 xrw
FLASH            0x0000000008000000 0x0000000000080000 xr
*default*        0x0000000000000000 0xffffffffffffffff

Linker script and memory map

LOAD c:/st/stm32cubeide_1.9.0/stm32cubeide/plugins/com.st.stm32cube.ide.mcu.externaltools.gnu-tools-for-stm32.10.3-2021.10.win32_1.0.100.202210260954/tools/bin/../lib/gcc/arm-none-eabi/10.3.1/thumb/v7e-m+fp/hard/crti.o
LOAD c:/st/stm32cubeide_1.9.0/stm32cubeide/plugins/com.st.stm32cube.ide.mcu.externaltools.gnu-tools-for-stm32.10.3-2021.10.win32_1.0.100.202210260954/tools/bin/../lib/gcc/arm-none-eabi/10.3.1/thumb/v7e-m+fp/hard/crtbegin.o
LOAD c:/st/stm32cubeide_1.9.0/stm32cubeide/plugins/com.st.stm32cube.ide.mcu.externaltools.gnu-tools-for-stm32.10.3-2021.10.win32_1.0.100.202210260954/tools/bin/../lib/gcc/arm-none-eabi/10.3.1/../../../../arm-none-eabi/lib/thumb/v7e-m+fp/hard/crt0.o
LOAD ./Core/Src/can.o
LOAD ./Core/Src/dma.o
LOAD ./Core/Src/freertos.o
LOAD ./Core/Src/gpio.o
LOAD ./Core/Src/iwdg.o
LOAD ./Core/Src/main.o
LOAD ./Core/Src/stm32f4xx_hal_msp.o
LOAD ./Core/Src/stm32f4xx_hal_timebase_tim.o
LOAD ./Core/Src/stm32f4xx_it.o
LOAD ./Core/Src/syscalls.o
LOAD ./Core/Src/sysmem.o
LOAD ./Core/Src/system_stm32f4xx.o
LOAD ./Core/Src/tim.o
LOAD ./Core/Src/usart.o
LOAD ./Core/Startup/startup_stm32f407vetx.o
LOAD ./Core/cpp/Src/InitCanDrivers.o
LOAD ./Core/cpp/Src/KeyaLKTechDriver.o
LOAD ./Core/cpp/Src/Servo.o
LOAD ./Core/cpp/Src/canbus.o
LOAD ./Core/cpp/Src/drivers_control.o
LOAD ./Core/cpp/Src/flash_data.o
LOAD ./Core/cpp/Src/inputs.o
LOAD ./Core/cpp/Src/mission.o
LOAD ./Core/cpp/Src/outputs.o
LOAD ./Core/cpp/Src/servo_control.o
LOAD ./Core/cpp/Src/uart_wifi.o
LOAD ./Drivers/STM32F4xx_HAL_Driver/Src/stm32f4xx_hal.o
LOAD ./Drivers/STM32F4xx_HAL_Driver/Src/stm32f4xx_hal_can.o
LOAD ./Drivers/STM32F4xx_HAL_Driver/Src/stm32f4xx_hal_cortex.o
LOAD ./Drivers/STM32F4xx_HAL_Driver/Src/stm32f4xx_hal_dma.o
LOAD ./Drivers/STM32F4xx_HAL_Driver/Src/stm32f4xx_hal_dma_ex.o
LOAD ./Drivers/STM32F4xx_HAL_Driver/Src/stm32f4xx_hal_exti.o
LOAD ./Drivers/STM32F4xx_HAL_Driver/Src/stm32f4xx_hal_flash.o
LOAD ./Drivers/STM32F4xx_HAL_Driver/Src/stm32f4xx_hal_flash_ex.o
LOAD ./Drivers/STM32F4xx_HAL_Driver/Src/stm32f4xx_hal_flash_ramfunc.o
LOAD ./Drivers/STM32F4xx_HAL_Driver/Src/stm32f4xx_hal_gpio.o
LOAD ./Drivers/STM32F4xx_HAL_Driver/Src/stm32f4xx_hal_iwdg.o
LOAD ./Drivers/STM32F4xx_HAL_Driver/Src/stm32f4xx_hal_pwr.o
LOAD ./Drivers/STM32F4xx_HAL_Driver/Src/stm32f4xx_hal_pwr_ex.o
LOAD ./Drivers/STM32F4xx_HAL_Driver/Src/stm32f4xx_hal_rcc.o
LOAD ./Drivers/STM32F4xx_HAL_Driver/Src/stm32f4xx_hal_rcc_ex.o
LOAD ./Drivers/STM32F4xx_HAL_Driver/Src/stm32f4xx_hal_tim.o
LOAD ./Drivers/STM32F4xx_HAL_Driver/Src/stm32f4xx_hal_tim_ex.o
LOAD ./Drivers/STM32F4xx_HAL_Driver/Src/stm32f4xx_hal_uart.o
LOAD ./Middlewares/Third_Party/FreeRTOS/Source/CMSIS_RTOS_V2/cmsis_os2.o
LOAD ./Middlewares/Third_Party/FreeRTOS/Source/croutine.o
LOAD ./Middlewares/Third_Party/FreeRTOS/Source/event_groups.o
LOAD ./Middlewares/Third_Party/FreeRTOS/Source/list.o
LOAD ./Middlewares/Third_Party/FreeRTOS/Source/queue.o
LOAD ./Middlewares/Third_Party/FreeRTOS/Source/stream_buffer.o
LOAD ./Middlewares/Third_Party/FreeRTOS/Source/tasks.o
LOAD ./Middlewares/Third_Party/FreeRTOS/Source/timers.o
LOAD ./Middlewares/Third_Party/FreeRTOS/Source/portable/GCC/ARM_CM4F/port.o
LOAD ./Middlewares/Third_Party/FreeRTOS/Source/portable/MemMang/heap_4.o
START GROUP
LOAD c:/st/stm32cubeide_1.9.0/stm32cubeide/plugins/com.st.stm32cube.ide.mcu.externaltools.gnu-tools-for-stm32.10.3-2021.10.win32_1.0.100.202210260954/tools/bin/../lib/gcc/arm-none-eabi/10.3.1/../../../../arm-none-eabi/lib/thumb/v7e-m+fp/hard\libstdc++_nano.a
LOAD c:/st/stm32cubeide_1.9.0/stm32cubeide/plugins/com.st.stm32cube.ide.mcu.externaltools.gnu-tools-for-stm32.10.3-2021.10.win32_1.0.100.202210260954/tools/bin/../lib/gcc/arm-none-eabi/10.3.1/../../../../arm-none-eabi/lib/thumb/v7e-m+fp/hard\libsupc++_nano.a
END GROUP
LOAD c:/st/stm32cubeide_1.9.0/stm32cubeide/plugins/com.st.stm32cube.ide.mcu.externaltools.gnu-tools-for-stm32.10.3-2021.10.win32_1.0.100.202210260954/tools/bin/../lib/gcc/arm-none-eabi/10.3.1/../../../../arm-none-eabi/lib/thumb/v7e-m+fp/hard\libstdc++_nano.a
LOAD c:/st/stm32cubeide_1.9.0/stm32cubeide/plugins/com.st.stm32cube.ide.mcu.externaltools.gnu-tools-for-stm32.10.3-2021.10.win32_1.0.100.202210260954/tools/bin/../lib/gcc/arm-none-eabi/10.3.1/../../../../arm-none-eabi/lib/thumb/v7e-m+fp/hard\libm.a
LOAD c:/st/stm32cubeide_1.9.0/stm32cubeide/plugins/com.st.stm32cube.ide.mcu.externaltools.gnu-tools-for-stm32.10.3-2021.10.win32_1.0.100.202210260954/tools/bin/../lib/gcc/arm-none-eabi/10.3.1/../../../../arm-none-eabi/lib/thumb/v7e-m+fp/hard\libc_nano.a
START GROUP
LOAD c:/st/stm32cubeide_1.9.0/stm32cubeide/plugins/com.st.stm32cube.ide.mcu.externaltools.gnu-tools-for-stm32.10.3-2021.10.win32_1.0.100.202210260954/tools/bin/../lib/gcc/arm-none-eabi/10.3.1/thumb/v7e-m+fp/hard\libgcc.a
LOAD c:/st/stm32cubeide_1.9.0/stm32cubeide/plugins/com.st.stm32cube.ide.mcu.externaltools.gnu-tools-for-stm32.10.3-2021.10.win32_1.0.100.202210260954/tools/bin/../lib/gcc/arm-none-eabi/10.3.1/../../../../arm-none-eabi/lib/thumb/v7e-m+fp/hard\libc_nano.a
END GROUP
START GROUP
LOAD c:/st/stm32cubeide_1.9.0/stm32cubeide/plugins/com.st.stm32cube.ide.mcu.externaltools.gnu-tools-for-stm32.10.3-2021.10.win32_1.0.100.202210260954/tools/bin/../lib/gcc/arm-none-eabi/10.3.1/thumb/v7e-m+fp/hard\libgcc.a
LOAD c:/st/stm32cubeide_1.9.0/stm32cubeide/plugins/com.st.stm32cube.ide.mcu.externaltools.gnu-tools-for-stm32.10.3-2021.10.win32_1.0.100.202210260954/tools/bin/../lib/gcc/arm-none-eabi/10.3.1/../../../../arm-none-eabi/lib/thumb/v7e-m+fp/hard\libc_nano.a
LOAD c:/st/stm32cubeide_1.9.0/stm32cubeide/plugins/com.st.stm32cube.ide.mcu.externaltools.gnu-tools-for-stm32.10.3-2021.10.win32_1.0.100.202210260954/tools/bin/../lib/gcc/arm-none-eabi/10.3.1/../../../../arm-none-eabi/lib/thumb/v7e-m+fp/hard\libnosys.a
END GROUP
START GROUP
LOAD c:/st/stm32cubeide_1.9.0/stm32cubeide/plugins/com.st.stm32cube.ide.mcu.externaltools.gnu-tools-for-stm32.10.3-2021.10.win32_1.0.100.202210260954/tools/bin/../lib/gcc/arm-none-eabi/10.3.1/thumb/v7e-m+fp/hard\libgcc.a
LOAD c:/st/stm32cubeide_1.9.0/stm32cubeide/plugins/com.st.stm32cube.ide.mcu.externaltools.gnu-tools-for-stm32.10.3-2021.10.win32_1.0.100.202210260954/tools/bin/../lib/gcc/arm-none-eabi/10.3.1/../../../../arm-none-eabi/lib/thumb/v7e-m+fp/hard\libc_nano.a
LOAD c:/st/stm32cubeide_1.9.0/stm32cubeide/plugins/com.st.stm32cube.ide.mcu.externaltools.gnu-tools-for-stm32.10.3-2021.10.win32_1.0.100.202210260954/tools/bin/../lib/gcc/arm-none-eabi/10.3.1/../../../../arm-none-eabi/lib/thumb/v7e-m+fp/hard\libnosys.a
END GROUP
LOAD c:/st/stm32cubeide_1.9.0/stm32cubeide/plugins/com.st.stm32cube.ide.mcu.externaltools.gnu-tools-for-stm32.10.3-2021.10.win32_1.0.100.202210260954/tools/bin/../lib/gcc/arm-none-eabi/10.3.1/thumb/v7e-m+fp/hard/crtend.o
LOAD c:/st/stm32cubeide_1.9.0/stm32cubeide/plugins/com.st.stm32cube.ide.mcu.externaltools.gnu-tools-for-stm32.10.3-2021.10.win32_1.0.100.202210260954/tools/bin/../lib/gcc/arm-none-eabi/10.3.1/thumb/v7e-m+fp/hard/crtn.o
                0x0000000020020000                _estack = (ORIGIN (RAM) + LENGTH (RAM))
                0x0000000000000200                _Min_Heap_Size = 0x200
                0x0000000000000400                _Min_Stack_Size = 0x400

.isr_vector     0x0000000008000000      0x188
                0x0000000008000000                . = ALIGN (0x4)
 *(.isr_vector)
 .isr_vector    0x0000000008000000      0x188 ./Core/Startup/startup_stm32f407vetx.o
                0x0000000008000000                g_pfnVectors
                0x0000000008000188                . = ALIGN (0x4)

.text           0x0000000008000190     0xb188
                0x0000000008000190                . = ALIGN (0x4)
 *(.text)
 .text          0x0000000008000190       0x40 c:/st/stm32cubeide_1.9.0/stm32cubeide/plugins/com.st.stm32cube.ide.mcu.externaltools.gnu-tools-for-stm32.10.3-2021.10.win32_1.0.100.202210260954/tools/bin/../lib/gcc/arm-none-eabi/10.3.1/thumb/v7e-m+fp/hard/crtbegin.o
 .text          0x00000000080001d0       0x30 c:/st/stm32cubeide_1.9.0/stm32cubeide/plugins/com.st.stm32cube.ide.mcu.externaltools.gnu-tools-for-stm32.10.3-2021.10.win32_1.0.100.202210260954/tools/bin/../lib/gcc/arm-none-eabi/10.3.1/thumb/v7e-m+fp/hard\libgcc.a(_aeabi_uldivmod.o)
                0x00000000080001d0                __aeabi_uldivmod
 .text          0x0000000008000200      0x2d0 c:/st/stm32cubeide_1.9.0/stm32cubeide/plugins/com.st.stm32cube.ide.mcu.externaltools.gnu-tools-for-stm32.10.3-2021.10.win32_1.0.100.202210260954/tools/bin/../lib/gcc/arm-none-eabi/10.3.1/thumb/v7e-m+fp/hard\libgcc.a(_udivmoddi4.o)
                0x0000000008000200                __udivmoddi4
 .text          0x00000000080004d0        0x4 c:/st/stm32cubeide_1.9.0/stm32cubeide/plugins/com.st.stm32cube.ide.mcu.externaltools.gnu-tools-for-stm32.10.3-2021.10.win32_1.0.100.202210260954/tools/bin/../lib/gcc/arm-none-eabi/10.3.1/thumb/v7e-m+fp/hard\libgcc.a(_dvmd_tls.o)
                0x00000000080004d0                __aeabi_idiv0
                0x00000000080004d0                __aeabi_ldiv0
 *(.text*)
 .text.MX_CAN1_Init
                0x00000000080004d4       0xd0 ./Core/Src/can.o
                0x00000000080004d4                MX_CAN1_Init
 .text.HAL_CAN_MspInit
                0x00000000080005a4       0xb0 ./Core/Src/can.o
                0x00000000080005a4                HAL_CAN_MspInit
 .text.MX_DMA_Init
                0x0000000008000654       0x7c ./Core/Src/dma.o
                0x0000000008000654                MX_DMA_Init
 .text.MX_FREERTOS_Init
                0x00000000080006d0       0xe8 ./Core/Src/freertos.o
                0x00000000080006d0                MX_FREERTOS_Init
 .text.StartDefaultTask
                0x00000000080007b8       0x12 ./Core/Src/freertos.o
                0x00000000080007b8                StartDefaultTask
 *fill*         0x00000000080007ca        0x2 
 .text.MX_GPIO_Init
                0x00000000080007cc      0x210 ./Core/Src/gpio.o
                0x00000000080007cc                MX_GPIO_Init
 .text.MX_IWDG_Init
                0x00000000080009dc       0x34 ./Core/Src/iwdg.o
                0x00000000080009dc                MX_IWDG_Init
 .text.main     0x0000000008000a10       0xe0 ./Core/Src/main.o
                0x0000000008000a10                main
 .text.SystemClock_Config
                0x0000000008000af0       0xd8 ./Core/Src/main.o
                0x0000000008000af0                SystemClock_Config
 .text.HAL_TIM_PeriodElapsedCallback
                0x0000000008000bc8       0x24 ./Core/Src/main.o
                0x0000000008000bc8                HAL_TIM_PeriodElapsedCallback
 .text.Error_Handler
                0x0000000008000bec        0xa ./Core/Src/main.o
                0x0000000008000bec                Error_Handler
 *fill*         0x0000000008000bf6        0x2 
 .text.HAL_MspInit
                0x0000000008000bf8       0x58 ./Core/Src/stm32f4xx_hal_msp.o
                0x0000000008000bf8                HAL_MspInit
 .text.HAL_InitTick
                0x0000000008000c50       0xf8 ./Core/Src/stm32f4xx_hal_timebase_tim.o
                0x0000000008000c50                HAL_InitTick
 .text.NMI_Handler
                0x0000000008000d48        0x6 ./Core/Src/stm32f4xx_it.o
                0x0000000008000d48                NMI_Handler
 .text.HardFault_Handler
                0x0000000008000d4e        0x6 ./Core/Src/stm32f4xx_it.o
                0x0000000008000d4e                HardFault_Handler
 .text.MemManage_Handler
                0x0000000008000d54        0x6 ./Core/Src/stm32f4xx_it.o
                0x0000000008000d54                MemManage_Handler
 .text.BusFault_Handler
                0x0000000008000d5a        0x6 ./Core/Src/stm32f4xx_it.o
                0x0000000008000d5a                BusFault_Handler
 .text.UsageFault_Handler
                0x0000000008000d60        0x6 ./Core/Src/stm32f4xx_it.o
                0x0000000008000d60                UsageFault_Handler
 .text.DebugMon_Handler
                0x0000000008000d66        0xe ./Core/Src/stm32f4xx_it.o
                0x0000000008000d66                DebugMon_Handler
 .text.DMA1_Stream1_IRQHandler
                0x0000000008000d74       0x14 ./Core/Src/stm32f4xx_it.o
                0x0000000008000d74                DMA1_Stream1_IRQHandler
 .text.DMA1_Stream5_IRQHandler
                0x0000000008000d88       0x14 ./Core/Src/stm32f4xx_it.o
                0x0000000008000d88                DMA1_Stream5_IRQHandler
 .text.CAN1_RX0_IRQHandler
                0x0000000008000d9c       0x14 ./Core/Src/stm32f4xx_it.o
                0x0000000008000d9c                CAN1_RX0_IRQHandler
 .text.CAN1_SCE_IRQHandler
                0x0000000008000db0       0x14 ./Core/Src/stm32f4xx_it.o
                0x0000000008000db0                CAN1_SCE_IRQHandler
 .text.USART1_IRQHandler
                0x0000000008000dc4       0x14 ./Core/Src/stm32f4xx_it.o
                0x0000000008000dc4                USART1_IRQHandler
 .text.USART2_IRQHandler
                0x0000000008000dd8       0x14 ./Core/Src/stm32f4xx_it.o
                0x0000000008000dd8                USART2_IRQHandler
 .text.USART3_IRQHandler
                0x0000000008000dec       0x14 ./Core/Src/stm32f4xx_it.o
                0x0000000008000dec                USART3_IRQHandler
 .text.TIM6_DAC_IRQHandler
                0x0000000008000e00       0x14 ./Core/Src/stm32f4xx_it.o
                0x0000000008000e00                TIM6_DAC_IRQHandler
 .text.DMA2_Stream2_IRQHandler
                0x0000000008000e14       0x14 ./Core/Src/stm32f4xx_it.o
                0x0000000008000e14                DMA2_Stream2_IRQHandler
 .text.SystemInit
                0x0000000008000e28       0x24 ./Core/Src/system_stm32f4xx.o
                0x0000000008000e28                SystemInit
 .text.MX_TIM2_Init
                0x0000000008000e4c       0xa8 ./Core/Src/tim.o
                0x0000000008000e4c                MX_TIM2_Init
 .text.MX_TIM3_Init
                0x0000000008000ef4      0x130 ./Core/Src/tim.o
                0x0000000008000ef4                MX_TIM3_Init
 .text.MX_TIM4_Init
                0x0000000008001024       0xa8 ./Core/Src/tim.o
                0x0000000008001024                MX_TIM4_Init
 .text.HAL_TIM_Encoder_MspInit
                0x00000000080010cc      0x134 ./Core/Src/tim.o
                0x00000000080010cc                HAL_TIM_Encoder_MspInit
 .text.HAL_TIM_Base_MspInit
                0x0000000008001200       0x44 ./Core/Src/tim.o
                0x0000000008001200                HAL_TIM_Base_MspInit
 .text.HAL_TIM_MspPostInit
                0x0000000008001244       0x74 ./Core/Src/tim.o
                0x0000000008001244                HAL_TIM_MspPostInit
 .text.MX_USART1_UART_Init
                0x00000000080012b8       0x54 ./Core/Src/usart.o
                0x00000000080012b8                MX_USART1_UART_Init
 .text.MX_USART2_UART_Init
                0x000000000800130c       0x54 ./Core/Src/usart.o
                0x000000000800130c                MX_USART2_UART_Init
 .text.MX_USART3_UART_Init
                0x0000000008001360       0x54 ./Core/Src/usart.o
                0x0000000008001360                MX_USART3_UART_Init
 .text.HAL_UART_MspInit
                0x00000000080013b4      0x2c4 ./Core/Src/usart.o
                0x00000000080013b4                HAL_UART_MspInit
 .text.Reset_Handler
                0x0000000008001678       0x50 ./Core/Startup/startup_stm32f407vetx.o
                0x0000000008001678                Reset_Handler
 .text.Default_Handler
                0x00000000080016c8        0x2 ./Core/Startup/startup_stm32f407vetx.o
                0x00000000080016c8                RTC_Alarm_IRQHandler
                0x00000000080016c8                HASH_RNG_IRQHandler
                0x00000000080016c8                EXTI2_IRQHandler
                0x00000000080016c8                TIM8_CC_IRQHandler
                0x00000000080016c8                TIM1_CC_IRQHandler
                0x00000000080016c8                DMA2_Stream5_IRQHandler
                0x00000000080016c8                PVD_IRQHandler
                0x00000000080016c8                SDIO_IRQHandler
                0x00000000080016c8                TAMP_STAMP_IRQHandler
                0x00000000080016c8                CAN2_RX1_IRQHandler
                0x00000000080016c8                EXTI3_IRQHandler
                0x00000000080016c8                TIM8_TRG_COM_TIM14_IRQHandler
                0x00000000080016c8                TIM1_UP_TIM10_IRQHandler
                0x00000000080016c8                TIM8_UP_TIM13_IRQHandler
                0x00000000080016c8                I2C3_ER_IRQHandler
                0x00000000080016c8                EXTI0_IRQHandler
                0x00000000080016c8                I2C2_EV_IRQHandler
                0x00000000080016c8                DMA1_Stream2_IRQHandler
                0x00000000080016c8                FPU_IRQHandler
                0x00000000080016c8                OTG_HS_WKUP_IRQHandler
                0x00000000080016c8                CAN2_SCE_IRQHandler
                0x00000000080016c8                SPI1_IRQHandler
                0x00000000080016c8                TIM1_BRK_TIM9_IRQHandler
                0x00000000080016c8                DCMI_IRQHandler
                0x00000000080016c8                CAN2_RX0_IRQHandler
                0x00000000080016c8                DMA2_Stream3_IRQHandler
                0x00000000080016c8                USART6_IRQHandler
                0x00000000080016c8                CAN1_RX1_IRQHandler
                0x00000000080016c8                UART5_IRQHandler
                0x00000000080016c8                DMA2_Stream0_IRQHandler
                0x00000000080016c8                TIM4_IRQHandler
                0x00000000080016c8                I2C1_EV_IRQHandler
                0x00000000080016c8                DMA1_Stream6_IRQHandler
                0x00000000080016c8                UART4_IRQHandler
                0x00000000080016c8                TIM3_IRQHandler
                0x00000000080016c8                RCC_IRQHandler
                0x00000000080016c8                TIM8_BRK_TIM12_IRQHandler
                0x00000000080016c8                Default_Handler
                0x00000000080016c8                EXTI15_10_IRQHandler
                0x00000000080016c8                ADC_IRQHandler
                0x00000000080016c8                DMA1_Stream7_IRQHandler
                0x00000000080016c8                TIM7_IRQHandler
                0x00000000080016c8                CAN2_TX_IRQHandler
                0x00000000080016c8                TIM5_IRQHandler
                0x00000000080016c8                DMA2_Stream7_IRQHandler
                0x00000000080016c8                I2C3_EV_IRQHandler
                0x00000000080016c8                EXTI9_5_IRQHandler
                0x00000000080016c8                RTC_WKUP_IRQHandler
                0x00000000080016c8                ETH_WKUP_IRQHandler
                0x00000000080016c8                SPI2_IRQHandler
                0x00000000080016c8                OTG_HS_EP1_IN_IRQHandler
                0x00000000080016c8                DMA1_Stream0_IRQHandler
                0x00000000080016c8                CAN1_TX_IRQHandler
                0x00000000080016c8                EXTI4_IRQHandler
                0x00000000080016c8                FSMC_IRQHandler
                0x00000000080016c8                ETH_IRQHandler
                0x00000000080016c8                OTG_HS_EP1_OUT_IRQHandler
                0x00000000080016c8                WWDG_IRQHandler
                0x00000000080016c8                TIM2_IRQHandler
                0x00000000080016c8                OTG_FS_WKUP_IRQHandler
                0x00000000080016c8                TIM1_TRG_COM_TIM11_IRQHandler
                0x00000000080016c8                OTG_HS_IRQHandler
                0x00000000080016c8                EXTI1_IRQHandler
                0x00000000080016c8                I2C2_ER_IRQHandler
                0x00000000080016c8                DMA2_Stream1_IRQHandler
                0x00000000080016c8                FLASH_IRQHandler
                0x00000000080016c8                DMA2_Stream4_IRQHandler
                0x00000000080016c8                OTG_FS_IRQHandler
                0x00000000080016c8                SPI3_IRQHandler
                0x00000000080016c8                DMA1_Stream4_IRQHandler
                0x00000000080016c8                I2C1_ER_IRQHandler
                0x00000000080016c8                DMA2_Stream6_IRQHandler
                0x00000000080016c8                DMA1_Stream3_IRQHandler
 .text._ZN16KeyaLKTechDriverC2EmmmR15GlobDataTypeDef
                0x00000000080016ca       0xb2 ./Core/cpp/Src/KeyaLKTechDriver.o
                0x00000000080016ca                KeyaLKTechDriver::KeyaLKTechDriver(unsigned long, unsigned long, unsigned long, GlobDataTypeDef&)
                0x00000000080016ca                KeyaLKTechDriver::KeyaLKTechDriver(unsigned long, unsigned long, unsigned long, GlobDataTypeDef&)
 .text._ZN16KeyaLKTechDriverC2EmmR15GlobDataTypeDef
                0x000000000800177c       0x28 ./Core/cpp/Src/KeyaLKTechDriver.o
                0x000000000800177c                KeyaLKTechDriver::KeyaLKTechDriver(unsigned long, unsigned long, GlobDataTypeDef&)
                0x000000000800177c                KeyaLKTechDriver::KeyaLKTechDriver(unsigned long, unsigned long, GlobDataTypeDef&)
 .text._ZN16KeyaLKTechDriverC2EmR15GlobDataTypeDef
                0x00000000080017a4       0x26 ./Core/cpp/Src/KeyaLKTechDriver.o
                0x00000000080017a4                KeyaLKTechDriver::KeyaLKTechDriver(unsigned long, GlobDataTypeDef&)
                0x00000000080017a4                KeyaLKTechDriver::KeyaLKTechDriver(unsigned long, GlobDataTypeDef&)
 .text._ZN16KeyaLKTechDriver8setSpeedEl
                0x00000000080017ca       0xd0 ./Core/cpp/Src/KeyaLKTechDriver.o
                0x00000000080017ca                KeyaLKTechDriver::setSpeed(long)
 .text._ZN16KeyaLKTechDriver4stopEv
                0x000000000800189a       0x9c ./Core/cpp/Src/KeyaLKTechDriver.o
                0x000000000800189a                KeyaLKTechDriver::stop()
 .text._ZN16KeyaLKTechDriver6enableEv
                0x0000000008001936       0x9e ./Core/cpp/Src/KeyaLKTechDriver.o
                0x0000000008001936                KeyaLKTechDriver::enable()
 .text._ZN16KeyaLKTechDriver7disableEv
                0x00000000080019d4       0x9e ./Core/cpp/Src/KeyaLKTechDriver.o
                0x00000000080019d4                KeyaLKTechDriver::disable()
 .text._ZN16KeyaLKTechDriver5getIdEv
                0x0000000008001a72       0x26 ./Core/cpp/Src/KeyaLKTechDriver.o
                0x0000000008001a72                KeyaLKTechDriver::getId()
 .text._ZN16KeyaLKTechDriver7readEncEv
                0x0000000008001a98       0xa0 ./Core/cpp/Src/KeyaLKTechDriver.o
                0x0000000008001a98                KeyaLKTechDriver::readEnc()
 .text._ZN16KeyaLKTechDriver9readErrorEv
                0x0000000008001b38       0x62 ./Core/cpp/Src/KeyaLKTechDriver.o
                0x0000000008001b38                KeyaLKTechDriver::readError()
 .text._ZN16KeyaLKTechDriver10resetErrorEv
                0x0000000008001b9a       0x62 ./Core/cpp/Src/KeyaLKTechDriver.o
                0x0000000008001b9a                KeyaLKTechDriver::resetError()
 .text._ZN16KeyaLKTechDriver6getPosEv
                0x0000000008001bfc       0x18 ./Core/cpp/Src/KeyaLKTechDriver.o
                0x0000000008001bfc                KeyaLKTechDriver::getPos()
 .text._ZN16KeyaLKTechDriver8getSpeedEv
                0x0000000008001c14       0x18 ./Core/cpp/Src/KeyaLKTechDriver.o
                0x0000000008001c14                KeyaLKTechDriver::getSpeed()
 .text._ZN16KeyaLKTechDriver8getErrorEv
                0x0000000008001c2c       0x1a ./Core/cpp/Src/KeyaLKTechDriver.o
                0x0000000008001c2c                KeyaLKTechDriver::getError()
 .text._ZN16KeyaLKTechDriver7setTempEa
                0x0000000008001c46       0x20 ./Core/cpp/Src/KeyaLKTechDriver.o
                0x0000000008001c46                KeyaLKTechDriver::setTemp(signed char)
 .text._ZN16KeyaLKTechDriver8setErrorEa
                0x0000000008001c66       0x20 ./Core/cpp/Src/KeyaLKTechDriver.o
                0x0000000008001c66                KeyaLKTechDriver::setError(signed char)
 *fill*         0x0000000008001c86        0x2 
 .text._ZN16KeyaLKTechDriver6setPosEl
                0x0000000008001c88      0x184 ./Core/cpp/Src/KeyaLKTechDriver.o
                0x0000000008001c88                KeyaLKTechDriver::setPos(long)
 .text._ZN16KeyaLKTechDriver6setEncEl
                0x0000000008001e0c       0x3e ./Core/cpp/Src/KeyaLKTechDriver.o
                0x0000000008001e0c                KeyaLKTechDriver::setEnc(long)
 .text._ZN16KeyaLKTechDriver13UnwrapEncoderEtPl
                0x0000000008001e4a       0x68 ./Core/cpp/Src/KeyaLKTechDriver.o
                0x0000000008001e4a                KeyaLKTechDriver::UnwrapEncoder(unsigned short, long*)
 .text._ZN16KeyaLKTechDriver8sendDataEv
                0x0000000008001eb2       0x22 ./Core/cpp/Src/KeyaLKTechDriver.o
                0x0000000008001eb2                KeyaLKTechDriver::sendData()
 .text._ZN5ServoC2EP17TIM_HandleTypeDefm
                0x0000000008001ed4       0x26 ./Core/cpp/Src/Servo.o
                0x0000000008001ed4                Servo::Servo(TIM_HandleTypeDef*, unsigned long)
                0x0000000008001ed4                Servo::Servo(TIM_HandleTypeDef*, unsigned long)
 .text._ZN5Servo8setAngleEl
                0x0000000008001efa       0x8e ./Core/cpp/Src/Servo.o
                0x0000000008001efa                Servo::setAngle(long)
 .text._ZN5Servo8getAngleEv
                0x0000000008001f88       0x18 ./Core/cpp/Src/Servo.o
                0x0000000008001f88                Servo::getAngle()
 .text._ZN5Servo7disableEv
                0x0000000008001fa0       0x28 ./Core/cpp/Src/Servo.o
                0x0000000008001fa0                Servo::disable()
 .text._ZN5Servo3mapEiiiii
                0x0000000008001fc8       0x38 ./Core/cpp/Src/Servo.o
                0x0000000008001fc8                Servo::map(int, int, int, int, int)
 .text.__NVIC_EnableIRQ
                0x0000000008002000       0x3c ./Core/cpp/Src/canbus.o
 .text.__NVIC_DisableIRQ
                0x000000000800203c       0x48 ./Core/cpp/Src/canbus.o
 .text.StartCanTask
                0x0000000008002084       0x54 ./Core/cpp/Src/canbus.o
                0x0000000008002084                StartCanTask
 .text.CanMsgRead
                0x00000000080020d8      0x114 ./Core/cpp/Src/canbus.o
                0x00000000080020d8                CanMsgRead
 .text.CanMsgSend
                0x00000000080021ec       0x64 ./Core/cpp/Src/canbus.o
                0x00000000080021ec                CanMsgSend
 .text.HAL_CAN_RxFifo0MsgPendingCallback
                0x0000000008002250       0x44 ./Core/cpp/Src/canbus.o
                0x0000000008002250                HAL_CAN_RxFifo0MsgPendingCallback
 .text.HAL_CAN_ErrorCallback
                0x0000000008002294       0x20 ./Core/cpp/Src/canbus.o
                0x0000000008002294                HAL_CAN_ErrorCallback
 .text.StartCanDriversTask
                0x00000000080022b4      0x248 ./Core/cpp/Src/drivers_control.o
                0x00000000080022b4                StartCanDriversTask
 .text.driversInit
                0x00000000080024fc       0x58 ./Core/cpp/Src/drivers_control.o
                0x00000000080024fc                driversInit
 .text.driversStop
                0x0000000008002554       0x40 ./Core/cpp/Src/drivers_control.o
                0x0000000008002554                driversStop
 .text._Z41__static_initialization_and_destruction_0ii
                0x0000000008002594       0x6c ./Core/cpp/Src/drivers_control.o
 .text._GLOBAL__sub_I_driverX1
                0x0000000008002600       0x10 ./Core/cpp/Src/drivers_control.o
 .text.StartInputsTask
                0x0000000008002610      0x2a8 ./Core/cpp/Src/inputs.o
                0x0000000008002610                StartInputsTask
 .text.unwrap_encoder
                0x00000000080028b8       0x66 ./Core/cpp/Src/inputs.o
                0x00000000080028b8                unwrap_encoder
 .text.StartMissionsTask
                0x000000000800291e       0x12 ./Core/cpp/Src/mission.o
                0x000000000800291e                StartMissionsTask
 .text.StartOutputsTask
                0x0000000008002930       0x30 ./Core/cpp/Src/outputs.o
                0x0000000008002930                StartOutputsTask
 .text.SetOutputs
                0x0000000008002960      0x278 ./Core/cpp/Src/outputs.o
                0x0000000008002960                SetOutputs
 .text.LedBlink
                0x0000000008002bd8       0x88 ./Core/cpp/Src/outputs.o
                0x0000000008002bd8                LedBlink
 .text.StartServoTask
                0x0000000008002c60       0xc4 ./Core/cpp/Src/servo_control.o
                0x0000000008002c60                StartServoTask
 .text._Z41__static_initialization_and_destruction_0ii
                0x0000000008002d24       0x60 ./Core/cpp/Src/servo_control.o
 .text._GLOBAL__sub_I_servo1
                0x0000000008002d84       0x10 ./Core/cpp/Src/servo_control.o
 .text.StartUartWiFiTask
                0x0000000008002d94      0x1f8 ./Core/cpp/Src/uart_wifi.o
                0x0000000008002d94                StartUartWiFiTask
 .text.sendStatus
                0x0000000008002f8c       0xe8 ./Core/cpp/Src/uart_wifi.o
                0x0000000008002f8c                sendStatus
 .text.checkData
                0x0000000008003074       0x30 ./Core/cpp/Src/uart_wifi.o
                0x0000000008003074                checkData
 .text.rcGetBattery
                0x00000000080030a4      0x680 ./Core/cpp/Src/uart_wifi.o
                0x00000000080030a4                rcGetBattery
 .text.calculateCS
                0x0000000008003724       0x3e ./Core/cpp/Src/uart_wifi.o
                0x0000000008003724                calculateCS
 *fill*         0x0000000008003762        0x2 
 .text.HAL_UART_ErrorCallback
                0x0000000008003764      0x1a8 ./Core/cpp/Src/uart_wifi.o
                0x0000000008003764                HAL_UART_ErrorCallback
 .text.HAL_UARTEx_RxEventCallback
                0x000000000800390c       0xd4 ./Core/cpp/Src/uart_wifi.o
                0x000000000800390c                HAL_UARTEx_RxEventCallback
 .text.HAL_Init
                0x00000000080039e0       0x44 ./Drivers/STM32F4xx_HAL_Driver/Src/stm32f4xx_hal.o
                0x00000000080039e0                HAL_Init
 .text.HAL_IncTick
                0x0000000008003a24       0x28 ./Drivers/STM32F4xx_HAL_Driver/Src/stm32f4xx_hal.o
                0x0000000008003a24                HAL_IncTick
 .text.HAL_GetTick
                0x0000000008003a4c       0x18 ./Drivers/STM32F4xx_HAL_Driver/Src/stm32f4xx_hal.o
                0x0000000008003a4c                HAL_GetTick
 .text.HAL_Delay
                0x0000000008003a64       0x48 ./Drivers/STM32F4xx_HAL_Driver/Src/stm32f4xx_hal.o
                0x0000000008003a64                HAL_Delay
 .text.HAL_CAN_Init
                0x0000000008003aac      0x1f6 ./Drivers/STM32F4xx_HAL_Driver/Src/stm32f4xx_hal_can.o
                0x0000000008003aac                HAL_CAN_Init
 *fill*         0x0000000008003ca2        0x2 
 .text.HAL_CAN_ConfigFilter
                0x0000000008003ca4      0x1c0 ./Drivers/STM32F4xx_HAL_Driver/Src/stm32f4xx_hal_can.o
                0x0000000008003ca4                HAL_CAN_ConfigFilter
 .text.HAL_CAN_Start
                0x0000000008003e64       0x88 ./Drivers/STM32F4xx_HAL_Driver/Src/stm32f4xx_hal_can.o
                0x0000000008003e64                HAL_CAN_Start
 .text.HAL_CAN_AddTxMessage
                0x0000000008003eec      0x1b6 ./Drivers/STM32F4xx_HAL_Driver/Src/stm32f4xx_hal_can.o
                0x0000000008003eec                HAL_CAN_AddTxMessage
 .text.HAL_CAN_GetTxMailboxesFreeLevel
                0x00000000080040a2       0x6a ./Drivers/STM32F4xx_HAL_Driver/Src/stm32f4xx_hal_can.o
                0x00000000080040a2                HAL_CAN_GetTxMailboxesFreeLevel
 .text.HAL_CAN_GetRxMessage
                0x000000000800410c      0x224 ./Drivers/STM32F4xx_HAL_Driver/Src/stm32f4xx_hal_can.o
                0x000000000800410c                HAL_CAN_GetRxMessage
 .text.HAL_CAN_ActivateNotification
                0x0000000008004330       0x4c ./Drivers/STM32F4xx_HAL_Driver/Src/stm32f4xx_hal_can.o
                0x0000000008004330                HAL_CAN_ActivateNotification
 .text.HAL_CAN_IRQHandler
                0x000000000800437c      0x36e ./Drivers/STM32F4xx_HAL_Driver/Src/stm32f4xx_hal_can.o
                0x000000000800437c                HAL_CAN_IRQHandler
 .text.HAL_CAN_TxMailbox0CompleteCallback
                0x00000000080046ea       0x14 ./Drivers/STM32F4xx_HAL_Driver/Src/stm32f4xx_hal_can.o
                0x00000000080046ea                HAL_CAN_TxMailbox0CompleteCallback
 .text.HAL_CAN_TxMailbox1CompleteCallback
                0x00000000080046fe       0x14 ./Drivers/STM32F4xx_HAL_Driver/Src/stm32f4xx_hal_can.o
                0x00000000080046fe                HAL_CAN_TxMailbox1CompleteCallback
 .text.HAL_CAN_TxMailbox2CompleteCallback
                0x0000000008004712       0x14 ./Drivers/STM32F4xx_HAL_Driver/Src/stm32f4xx_hal_can.o
                0x0000000008004712                HAL_CAN_TxMailbox2CompleteCallback
 .text.HAL_CAN_TxMailbox0AbortCallback
                0x0000000008004726       0x14 ./Drivers/STM32F4xx_HAL_Driver/Src/stm32f4xx_hal_can.o
                0x0000000008004726                HAL_CAN_TxMailbox0AbortCallback
 .text.HAL_CAN_TxMailbox1AbortCallback
                0x000000000800473a       0x14 ./Drivers/STM32F4xx_HAL_Driver/Src/stm32f4xx_hal_can.o
                0x000000000800473a                HAL_CAN_TxMailbox1AbortCallback
 .text.HAL_CAN_TxMailbox2AbortCallback
                0x000000000800474e       0x14 ./Drivers/STM32F4xx_HAL_Driver/Src/stm32f4xx_hal_can.o
                0x000000000800474e                HAL_CAN_TxMailbox2AbortCallback
 .text.HAL_CAN_RxFifo0FullCallback
                0x0000000008004762       0x14 ./Drivers/STM32F4xx_HAL_Driver/Src/stm32f4xx_hal_can.o
                0x0000000008004762                HAL_CAN_RxFifo0FullCallback
 .text.HAL_CAN_RxFifo1MsgPendingCallback
                0x0000000008004776       0x14 ./Drivers/STM32F4xx_HAL_Driver/Src/stm32f4xx_hal_can.o
                0x0000000008004776                HAL_CAN_RxFifo1MsgPendingCallback
 .text.HAL_CAN_RxFifo1FullCallback
                0x000000000800478a       0x14 ./Drivers/STM32F4xx_HAL_Driver/Src/stm32f4xx_hal_can.o
                0x000000000800478a                HAL_CAN_RxFifo1FullCallback
 .text.HAL_CAN_SleepCallback
                0x000000000800479e       0x14 ./Drivers/STM32F4xx_HAL_Driver/Src/stm32f4xx_hal_can.o
                0x000000000800479e                HAL_CAN_SleepCallback
 .text.HAL_CAN_WakeUpFromRxMsgCallback
                0x00000000080047b2       0x14 ./Drivers/STM32F4xx_HAL_Driver/Src/stm32f4xx_hal_can.o
                0x00000000080047b2                HAL_CAN_WakeUpFromRxMsgCallback
 *fill*         0x00000000080047c6        0x2 
 .text.__NVIC_SetPriorityGrouping
                0x00000000080047c8       0x48 ./Drivers/STM32F4xx_HAL_Driver/Src/stm32f4xx_hal_cortex.o
 .text.__NVIC_GetPriorityGrouping
                0x0000000008004810       0x1c ./Drivers/STM32F4xx_HAL_Driver/Src/stm32f4xx_hal_cortex.o
 .text.__NVIC_EnableIRQ
                0x000000000800482c       0x3c ./Drivers/STM32F4xx_HAL_Driver/Src/stm32f4xx_hal_cortex.o
 .text.__NVIC_SetPriority
                0x0000000008004868       0x54 ./Drivers/STM32F4xx_HAL_Driver/Src/stm32f4xx_hal_cortex.o
 .text.NVIC_EncodePriority
                0x00000000080048bc       0x66 ./Drivers/STM32F4xx_HAL_Driver/Src/stm32f4xx_hal_cortex.o
 .text.HAL_NVIC_SetPriorityGrouping
                0x0000000008004922       0x16 ./Drivers/STM32F4xx_HAL_Driver/Src/stm32f4xx_hal_cortex.o
                0x0000000008004922                HAL_NVIC_SetPriorityGrouping
 .text.HAL_NVIC_SetPriority
                0x0000000008004938       0x38 ./Drivers/STM32F4xx_HAL_Driver/Src/stm32f4xx_hal_cortex.o
                0x0000000008004938                HAL_NVIC_SetPriority
 .text.HAL_NVIC_EnableIRQ
                0x0000000008004970       0x1c ./Drivers/STM32F4xx_HAL_Driver/Src/stm32f4xx_hal_cortex.o
                0x0000000008004970                HAL_NVIC_EnableIRQ
 .text.HAL_DMA_Init
                0x000000000800498c      0x15c ./Drivers/STM32F4xx_HAL_Driver/Src/stm32f4xx_hal_dma.o
                0x000000000800498c                HAL_DMA_Init
 .text.HAL_DMA_Start_IT
                0x0000000008004ae8       0xb0 ./Drivers/STM32F4xx_HAL_Driver/Src/stm32f4xx_hal_dma.o
                0x0000000008004ae8                HAL_DMA_Start_IT
 .text.HAL_DMA_Abort
                0x0000000008004b98       0xe0 ./Drivers/STM32F4xx_HAL_Driver/Src/stm32f4xx_hal_dma.o
                0x0000000008004b98                HAL_DMA_Abort
 .text.HAL_DMA_Abort_IT
                0x0000000008004c78       0x44 ./Drivers/STM32F4xx_HAL_Driver/Src/stm32f4xx_hal_dma.o
                0x0000000008004c78                HAL_DMA_Abort_IT
 .text.HAL_DMA_IRQHandler
                0x0000000008004cbc      0x314 ./Drivers/STM32F4xx_HAL_Driver/Src/stm32f4xx_hal_dma.o
                0x0000000008004cbc                HAL_DMA_IRQHandler
 .text.DMA_SetConfig
                0x0000000008004fd0       0x5c ./Drivers/STM32F4xx_HAL_Driver/Src/stm32f4xx_hal_dma.o
 .text.DMA_CalcBaseAndBitshift
                0x000000000800502c       0x6c ./Drivers/STM32F4xx_HAL_Driver/Src/stm32f4xx_hal_dma.o
 .text.DMA_CheckFifoParam
                0x0000000008005098       0xf8 ./Drivers/STM32F4xx_HAL_Driver/Src/stm32f4xx_hal_dma.o
 .text.HAL_GPIO_Init
                0x0000000008005190      0x338 ./Drivers/STM32F4xx_HAL_Driver/Src/stm32f4xx_hal_gpio.o
                0x0000000008005190                HAL_GPIO_Init
 .text.HAL_GPIO_WritePin
                0x00000000080054c8       0x32 ./Drivers/STM32F4xx_HAL_Driver/Src/stm32f4xx_hal_gpio.o
                0x00000000080054c8                HAL_GPIO_WritePin
 .text.HAL_IWDG_Init
                0x00000000080054fa       0x84 ./Drivers/STM32F4xx_HAL_Driver/Src/stm32f4xx_hal_iwdg.o
                0x00000000080054fa                HAL_IWDG_Init
 .text.HAL_IWDG_Refresh
                0x000000000800557e       0x20 ./Drivers/STM32F4xx_HAL_Driver/Src/stm32f4xx_hal_iwdg.o
                0x000000000800557e                HAL_IWDG_Refresh
 *fill*         0x000000000800559e        0x2 
 .text.HAL_RCC_OscConfig
                0x00000000080055a0      0x4f0 ./Drivers/STM32F4xx_HAL_Driver/Src/stm32f4xx_hal_rcc.o
                0x00000000080055a0                HAL_RCC_OscConfig
 .text.HAL_RCC_ClockConfig
                0x0000000008005a90      0x1cc ./Drivers/STM32F4xx_HAL_Driver/Src/stm32f4xx_hal_rcc.o
                0x0000000008005a90                HAL_RCC_ClockConfig
 .text.HAL_RCC_GetSysClockFreq
                0x0000000008005c5c      0x20c ./Drivers/STM32F4xx_HAL_Driver/Src/stm32f4xx_hal_rcc.o
                0x0000000008005c5c                HAL_RCC_GetSysClockFreq
 .text.HAL_RCC_GetHCLKFreq
                0x0000000008005e68       0x18 ./Drivers/STM32F4xx_HAL_Driver/Src/stm32f4xx_hal_rcc.o
                0x0000000008005e68                HAL_RCC_GetHCLKFreq
 .text.HAL_RCC_GetPCLK1Freq
                0x0000000008005e80       0x28 ./Drivers/STM32F4xx_HAL_Driver/Src/stm32f4xx_hal_rcc.o
                0x0000000008005e80                HAL_RCC_GetPCLK1Freq
 .text.HAL_RCC_GetPCLK2Freq
                0x0000000008005ea8       0x28 ./Drivers/STM32F4xx_HAL_Driver/Src/stm32f4xx_hal_rcc.o
                0x0000000008005ea8                HAL_RCC_GetPCLK2Freq
 .text.HAL_RCC_GetClockConfig
                0x0000000008005ed0       0x64 ./Drivers/STM32F4xx_HAL_Driver/Src/stm32f4xx_hal_rcc.o
                0x0000000008005ed0                HAL_RCC_GetClockConfig
 .text.HAL_TIM_Base_Init
                0x0000000008005f34       0x9e ./Drivers/STM32F4xx_HAL_Driver/Src/stm32f4xx_hal_tim.o
                0x0000000008005f34                HAL_TIM_Base_Init
 *fill*         0x0000000008005fd2        0x2 
 .text.HAL_TIM_Base_Start_IT
                0x0000000008005fd4       0xe0 ./Drivers/STM32F4xx_HAL_Driver/Src/stm32f4xx_hal_tim.o
                0x0000000008005fd4                HAL_TIM_Base_Start_IT
 .text.HAL_TIM_PWM_Init
                0x00000000080060b4       0x9e ./Drivers/STM32F4xx_HAL_Driver/Src/stm32f4xx_hal_tim.o
                0x00000000080060b4                HAL_TIM_PWM_Init
 .text.HAL_TIM_PWM_MspInit
                0x0000000008006152       0x14 ./Drivers/STM32F4xx_HAL_Driver/Src/stm32f4xx_hal_tim.o
                0x0000000008006152                HAL_TIM_PWM_MspInit
 *fill*         0x0000000008006166        0x2 
 .text.HAL_TIM_PWM_Start
                0x0000000008006168      0x190 ./Drivers/STM32F4xx_HAL_Driver/Src/stm32f4xx_hal_tim.o
                0x0000000008006168                HAL_TIM_PWM_Start
 .text.HAL_TIM_PWM_Stop
                0x00000000080062f8       0xe0 ./Drivers/STM32F4xx_HAL_Driver/Src/stm32f4xx_hal_tim.o
                0x00000000080062f8                HAL_TIM_PWM_Stop
 .text.HAL_TIM_Encoder_Init
                0x00000000080063d8      0x14c ./Drivers/STM32F4xx_HAL_Driver/Src/stm32f4xx_hal_tim.o
                0x00000000080063d8                HAL_TIM_Encoder_Init
 .text.HAL_TIM_Encoder_Start
                0x0000000008006524      0x11c ./Drivers/STM32F4xx_HAL_Driver/Src/stm32f4xx_hal_tim.o
                0x0000000008006524                HAL_TIM_Encoder_Start
 .text.HAL_TIM_IRQHandler
                0x0000000008006640      0x210 ./Drivers/STM32F4xx_HAL_Driver/Src/stm32f4xx_hal_tim.o
                0x0000000008006640                HAL_TIM_IRQHandler
 .text.HAL_TIM_PWM_ConfigChannel
                0x0000000008006850      0x184 ./Drivers/STM32F4xx_HAL_Driver/Src/stm32f4xx_hal_tim.o
                0x0000000008006850                HAL_TIM_PWM_ConfigChannel
 .text.HAL_TIM_ConfigClockSource
                0x00000000080069d4      0x18e ./Drivers/STM32F4xx_HAL_Driver/Src/stm32f4xx_hal_tim.o
                0x00000000080069d4                HAL_TIM_ConfigClockSource
 .text.HAL_TIM_OC_DelayElapsedCallback
                0x0000000008006b62       0x14 ./Drivers/STM32F4xx_HAL_Driver/Src/stm32f4xx_hal_tim.o
                0x0000000008006b62                HAL_TIM_OC_DelayElapsedCallback
 .text.HAL_TIM_IC_CaptureCallback
                0x0000000008006b76       0x14 ./Drivers/STM32F4xx_HAL_Driver/Src/stm32f4xx_hal_tim.o
                0x0000000008006b76                HAL_TIM_IC_CaptureCallback
 .text.HAL_TIM_PWM_PulseFinishedCallback
                0x0000000008006b8a       0x14 ./Drivers/STM32F4xx_HAL_Driver/Src/stm32f4xx_hal_tim.o
                0x0000000008006b8a                HAL_TIM_PWM_PulseFinishedCallback
 .text.HAL_TIM_TriggerCallback
                0x0000000008006b9e       0x14 ./Drivers/STM32F4xx_HAL_Driver/Src/stm32f4xx_hal_tim.o
                0x0000000008006b9e                HAL_TIM_TriggerCallback
 *fill*         0x0000000008006bb2        0x2 
 .text.TIM_Base_SetConfig
                0x0000000008006bb4      0x140 ./Drivers/STM32F4xx_HAL_Driver/Src/stm32f4xx_hal_tim.o
                0x0000000008006bb4                TIM_Base_SetConfig
 .text.TIM_OC1_SetConfig
                0x0000000008006cf4       0xe0 ./Drivers/STM32F4xx_HAL_Driver/Src/stm32f4xx_hal_tim.o
 .text.TIM_OC2_SetConfig
                0x0000000008006dd4       0xec ./Drivers/STM32F4xx_HAL_Driver/Src/stm32f4xx_hal_tim.o
                0x0000000008006dd4                TIM_OC2_SetConfig
 .text.TIM_OC3_SetConfig
                0x0000000008006ec0       0xe8 ./Drivers/STM32F4xx_HAL_Driver/Src/stm32f4xx_hal_tim.o
 .text.TIM_OC4_SetConfig
                0x0000000008006fa8       0xac ./Drivers/STM32F4xx_HAL_Driver/Src/stm32f4xx_hal_tim.o
 .text.TIM_TI1_ConfigInputStage
                0x0000000008007054       0x5e ./Drivers/STM32F4xx_HAL_Driver/Src/stm32f4xx_hal_tim.o
 .text.TIM_TI2_ConfigInputStage
                0x00000000080070b2       0x60 ./Drivers/STM32F4xx_HAL_Driver/Src/stm32f4xx_hal_tim.o
 .text.TIM_ITRx_SetConfig
                0x0000000008007112       0x36 ./Drivers/STM32F4xx_HAL_Driver/Src/stm32f4xx_hal_tim.o
 .text.TIM_ETR_SetConfig
                0x0000000008007148       0x40 ./Drivers/STM32F4xx_HAL_Driver/Src/stm32f4xx_hal_tim.o
                0x0000000008007148                TIM_ETR_SetConfig
 .text.TIM_CCxChannelCmd
                0x0000000008007188       0x4a ./Drivers/STM32F4xx_HAL_Driver/Src/stm32f4xx_hal_tim.o
                0x0000000008007188                TIM_CCxChannelCmd
 *fill*         0x00000000080071d2        0x2 
 .text.HAL_TIMEx_MasterConfigSynchronization
                0x00000000080071d4       0xf8 ./Drivers/STM32F4xx_HAL_Driver/Src/stm32f4xx_hal_tim_ex.o
                0x00000000080071d4                HAL_TIMEx_MasterConfigSynchronization
 .text.HAL_TIMEx_CommutCallback
                0x00000000080072cc       0x14 ./Drivers/STM32F4xx_HAL_Driver/Src/stm32f4xx_hal_tim_ex.o
                0x00000000080072cc                HAL_TIMEx_CommutCallback
 .text.HAL_TIMEx_BreakCallback
                0x00000000080072e0       0x14 ./Drivers/STM32F4xx_HAL_Driver/Src/stm32f4xx_hal_tim_ex.o
                0x00000000080072e0                HAL_TIMEx_BreakCallback
 .text.HAL_UART_Init
                0x00000000080072f4       0x9a ./Drivers/STM32F4xx_HAL_Driver/Src/stm32f4xx_hal_uart.o
                0x00000000080072f4                HAL_UART_Init
 .text.HAL_UART_Transmit
                0x000000000800738e      0x124 ./Drivers/STM32F4xx_HAL_Driver/Src/stm32f4xx_hal_uart.o
                0x000000000800738e                HAL_UART_Transmit
 .text.HAL_UARTEx_ReceiveToIdle_DMA
                0x00000000080074b2       0xca ./Drivers/STM32F4xx_HAL_Driver/Src/stm32f4xx_hal_uart.o
                0x00000000080074b2                HAL_UARTEx_ReceiveToIdle_DMA
 .text.HAL_UART_IRQHandler
                0x000000000800757c      0x51c ./Drivers/STM32F4xx_HAL_Driver/Src/stm32f4xx_hal_uart.o
                0x000000000800757c                HAL_UART_IRQHandler
 .text.HAL_UART_TxCpltCallback
                0x0000000008007a98       0x14 ./Drivers/STM32F4xx_HAL_Driver/Src/stm32f4xx_hal_uart.o
                0x0000000008007a98                HAL_UART_TxCpltCallback
 .text.HAL_UART_RxCpltCallback
                0x0000000008007aac       0x14 ./Drivers/STM32F4xx_HAL_Driver/Src/stm32f4xx_hal_uart.o
                0x0000000008007aac                HAL_UART_RxCpltCallback
 .text.HAL_UART_RxHalfCpltCallback
                0x0000000008007ac0       0x14 ./Drivers/STM32F4xx_HAL_Driver/Src/stm32f4xx_hal_uart.o
                0x0000000008007ac0                HAL_UART_RxHalfCpltCallback
 .text.HAL_UART_GetError
                0x0000000008007ad4       0x18 ./Drivers/STM32F4xx_HAL_Driver/Src/stm32f4xx_hal_uart.o
                0x0000000008007ad4                HAL_UART_GetError
 .text.UART_DMAReceiveCplt
                0x0000000008007aec      0x126 ./Drivers/STM32F4xx_HAL_Driver/Src/stm32f4xx_hal_uart.o
 .text.UART_DMARxHalfCplt
                0x0000000008007c12       0x36 ./Drivers/STM32F4xx_HAL_Driver/Src/stm32f4xx_hal_uart.o
 .text.UART_DMAError
                0x0000000008007c48       0x94 ./Drivers/STM32F4xx_HAL_Driver/Src/stm32f4xx_hal_uart.o
 .text.UART_WaitOnFlagUntilTimeout
                0x0000000008007cdc       0xdc ./Drivers/STM32F4xx_HAL_Driver/Src/stm32f4xx_hal_uart.o
 .text.UART_Start_Receive_DMA
                0x0000000008007db8      0x13c ./Drivers/STM32F4xx_HAL_Driver/Src/stm32f4xx_hal_uart.o
                0x0000000008007db8                UART_Start_Receive_DMA
 .text.UART_EndTxTransfer
                0x0000000008007ef4       0x50 ./Drivers/STM32F4xx_HAL_Driver/Src/stm32f4xx_hal_uart.o
 .text.UART_EndRxTransfer
                0x0000000008007f44       0xc6 ./Drivers/STM32F4xx_HAL_Driver/Src/stm32f4xx_hal_uart.o
 .text.UART_DMAAbortOnError
                0x000000000800800a       0x28 ./Drivers/STM32F4xx_HAL_Driver/Src/stm32f4xx_hal_uart.o
 .text.UART_Transmit_IT
                0x0000000008008032       0xa0 ./Drivers/STM32F4xx_HAL_Driver/Src/stm32f4xx_hal_uart.o
 .text.UART_EndTransmit_IT
                0x00000000080080d2       0x30 ./Drivers/STM32F4xx_HAL_Driver/Src/stm32f4xx_hal_uart.o
 .text.UART_Receive_IT
                0x0000000008008102      0x176 ./Drivers/STM32F4xx_HAL_Driver/Src/stm32f4xx_hal_uart.o
 .text.UART_SetConfig
                0x0000000008008278      0x4e8 ./Drivers/STM32F4xx_HAL_Driver/Src/stm32f4xx_hal_uart.o
 .text.__NVIC_SetPriority
                0x0000000008008760       0x54 ./Middlewares/Third_Party/FreeRTOS/Source/CMSIS_RTOS_V2/cmsis_os2.o
 .text.SysTick_Handler
                0x00000000080087b4       0x20 ./Middlewares/Third_Party/FreeRTOS/Source/CMSIS_RTOS_V2/cmsis_os2.o
                0x00000000080087b4                SysTick_Handler
 .text.SVC_Setup
                0x00000000080087d4       0x12 ./Middlewares/Third_Party/FreeRTOS/Source/CMSIS_RTOS_V2/cmsis_os2.o
 *fill*         0x00000000080087e6        0x2 
 .text.osKernelInitialize
                0x00000000080087e8       0x48 ./Middlewares/Third_Party/FreeRTOS/Source/CMSIS_RTOS_V2/cmsis_os2.o
                0x00000000080087e8                osKernelInitialize
 .text.osKernelStart
                0x0000000008008830       0x4c ./Middlewares/Third_Party/FreeRTOS/Source/CMSIS_RTOS_V2/cmsis_os2.o
                0x0000000008008830                osKernelStart
 .text.osThreadNew
                0x000000000800887c      0x124 ./Middlewares/Third_Party/FreeRTOS/Source/CMSIS_RTOS_V2/cmsis_os2.o
                0x000000000800887c                osThreadNew
 .text.osDelay  0x00000000080089a0       0x36 ./Middlewares/Third_Party/FreeRTOS/Source/CMSIS_RTOS_V2/cmsis_os2.o
                0x00000000080089a0                osDelay
 *fill*         0x00000000080089d6        0x2 
 .text.vApplicationGetIdleTaskMemory
                0x00000000080089d8       0x34 ./Middlewares/Third_Party/FreeRTOS/Source/CMSIS_RTOS_V2/cmsis_os2.o
                0x00000000080089d8                vApplicationGetIdleTaskMemory
 .text.vApplicationGetTimerTaskMemory
                0x0000000008008a0c       0x34 ./Middlewares/Third_Party/FreeRTOS/Source/CMSIS_RTOS_V2/cmsis_os2.o
                0x0000000008008a0c                vApplicationGetTimerTaskMemory
 .text.vListInitialise
                0x0000000008008a40       0x40 ./Middlewares/Third_Party/FreeRTOS/Source/list.o
                0x0000000008008a40                vListInitialise
 .text.vListInitialiseItem
                0x0000000008008a80       0x1a ./Middlewares/Third_Party/FreeRTOS/Source/list.o
                0x0000000008008a80                vListInitialiseItem
 .text.vListInsertEnd
                0x0000000008008a9a       0x48 ./Middlewares/Third_Party/FreeRTOS/Source/list.o
                0x0000000008008a9a                vListInsertEnd
 .text.vListInsert
                0x0000000008008ae2       0x72 ./Middlewares/Third_Party/FreeRTOS/Source/list.o
                0x0000000008008ae2                vListInsert
 .text.uxListRemove
                0x0000000008008b54       0x54 ./Middlewares/Third_Party/FreeRTOS/Source/list.o
                0x0000000008008b54                uxListRemove
 .text.xQueueGenericReset
                0x0000000008008ba8       0xd0 ./Middlewares/Third_Party/FreeRTOS/Source/queue.o
                0x0000000008008ba8                xQueueGenericReset
 .text.xQueueGenericCreateStatic
                0x0000000008008c78       0xf0 ./Middlewares/Third_Party/FreeRTOS/Source/queue.o
                0x0000000008008c78                xQueueGenericCreateStatic
 .text.prvInitialiseNewQueue
                0x0000000008008d68       0x46 ./Middlewares/Third_Party/FreeRTOS/Source/queue.o
 *fill*         0x0000000008008dae        0x2 
 .text.xQueueGenericSend
                0x0000000008008db0      0x1fc ./Middlewares/Third_Party/FreeRTOS/Source/queue.o
                0x0000000008008db0                xQueueGenericSend
 .text.xQueueGenericSendFromISR
                0x0000000008008fac      0x136 ./Middlewares/Third_Party/FreeRTOS/Source/queue.o
                0x0000000008008fac                xQueueGenericSendFromISR
 *fill*         0x00000000080090e2        0x2 
 .text.xQueueReceive
                0x00000000080090e4      0x1c0 ./Middlewares/Third_Party/FreeRTOS/Source/queue.o
                0x00000000080090e4                xQueueReceive
 .text.prvCopyDataToQueue
                0x00000000080092a4       0xd4 ./Middlewares/Third_Party/FreeRTOS/Source/queue.o
 .text.prvCopyDataFromQueue
                0x0000000008009378       0x4c ./Middlewares/Third_Party/FreeRTOS/Source/queue.o
 .text.prvUnlockQueue
                0x00000000080093c4       0xa4 ./Middlewares/Third_Party/FreeRTOS/Source/queue.o
 .text.prvIsQueueEmpty
                0x0000000008009468       0x2c ./Middlewares/Third_Party/FreeRTOS/Source/queue.o
 .text.prvIsQueueFull
                0x0000000008009494       0x30 ./Middlewares/Third_Party/FreeRTOS/Source/queue.o
 .text.vQueueAddToRegistry
                0x00000000080094c4       0x54 ./Middlewares/Third_Party/FreeRTOS/Source/queue.o
                0x00000000080094c4                vQueueAddToRegistry
 .text.vQueueWaitForMessageRestricted
                0x0000000008009518       0x68 ./Middlewares/Third_Party/FreeRTOS/Source/queue.o
                0x0000000008009518                vQueueWaitForMessageRestricted
 .text.xTaskCreateStatic
                0x0000000008009580       0xba ./Middlewares/Third_Party/FreeRTOS/Source/tasks.o
                0x0000000008009580                xTaskCreateStatic
 .text.xTaskCreate
                0x000000000800963a       0x8a ./Middlewares/Third_Party/FreeRTOS/Source/tasks.o
                0x000000000800963a                xTaskCreate
 .text.prvInitialiseNewTask
                0x00000000080096c4      0x11e ./Middlewares/Third_Party/FreeRTOS/Source/tasks.o
 *fill*         0x00000000080097e2        0x2 
 .text.prvAddNewTaskToReadyList
                0x00000000080097e4       0xe0 ./Middlewares/Third_Party/FreeRTOS/Source/tasks.o
 .text.vTaskDelay
                0x00000000080098c4       0x68 ./Middlewares/Third_Party/FreeRTOS/Source/tasks.o
                0x00000000080098c4                vTaskDelay
 .text.vTaskStartScheduler
                0x000000000800992c       0xcc ./Middlewares/Third_Party/FreeRTOS/Source/tasks.o
                0x000000000800992c                vTaskStartScheduler
 .text.vTaskSuspendAll
                0x00000000080099f8       0x1c ./Middlewares/Third_Party/FreeRTOS/Source/tasks.o
                0x00000000080099f8                vTaskSuspendAll
 .text.xTaskResumeAll
                0x0000000008009a14      0x13c ./Middlewares/Third_Party/FreeRTOS/Source/tasks.o
                0x0000000008009a14                xTaskResumeAll
 .text.xTaskGetTickCount
                0x0000000008009b50       0x20 ./Middlewares/Third_Party/FreeRTOS/Source/tasks.o
                0x0000000008009b50                xTaskGetTickCount
 .text.xTaskIncrementTick
                0x0000000008009b70      0x174 ./Middlewares/Third_Party/FreeRTOS/Source/tasks.o
                0x0000000008009b70                xTaskIncrementTick
 .text.vTaskSwitchContext
                0x0000000008009ce4       0xbc ./Middlewares/Third_Party/FreeRTOS/Source/tasks.o
                0x0000000008009ce4                vTaskSwitchContext
 .text.vTaskPlaceOnEventList
                0x0000000008009da0       0x48 ./Middlewares/Third_Party/FreeRTOS/Source/tasks.o
                0x0000000008009da0                vTaskPlaceOnEventList
 .text.vTaskPlaceOnEventListRestricted
                0x0000000008009de8       0x58 ./Middlewares/Third_Party/FreeRTOS/Source/tasks.o
                0x0000000008009de8                vTaskPlaceOnEventListRestricted
 .text.xTaskRemoveFromEventList
                0x0000000008009e40       0xc8 ./Middlewares/Third_Party/FreeRTOS/Source/tasks.o
                0x0000000008009e40                xTaskRemoveFromEventList
 .text.vTaskInternalSetTimeOutState
                0x0000000008009f08       0x2c ./Middlewares/Third_Party/FreeRTOS/Source/tasks.o
                0x0000000008009f08                vTaskInternalSetTimeOutState
 .text.xTaskCheckForTimeOut
                0x0000000008009f34       0xc4 ./Middlewares/Third_Party/FreeRTOS/Source/tasks.o
                0x0000000008009f34                xTaskCheckForTimeOut
 .text.vTaskMissedYield
                0x0000000008009ff8       0x18 ./Middlewares/Third_Party/FreeRTOS/Source/tasks.o
                0x0000000008009ff8                vTaskMissedYield
 .text.prvIdleTask
                0x000000000800a010       0x30 ./Middlewares/Third_Party/FreeRTOS/Source/tasks.o
 .text.prvInitialiseTaskLists
                0x000000000800a040       0x80 ./Middlewares/Third_Party/FreeRTOS/Source/tasks.o
 .text.prvCheckTasksWaitingTermination
                0x000000000800a0c0       0x5c ./Middlewares/Third_Party/FreeRTOS/Source/tasks.o
 .text.prvDeleteTCB
                0x000000000800a11c       0x5e ./Middlewares/Third_Party/FreeRTOS/Source/tasks.o
 *fill*         0x000000000800a17a        0x2 
 .text.prvResetNextTaskUnblockTime
                0x000000000800a17c       0x40 ./Middlewares/Third_Party/FreeRTOS/Source/tasks.o
 .text.xTaskGetSchedulerState
                0x000000000800a1bc       0x3c ./Middlewares/Third_Party/FreeRTOS/Source/tasks.o
                0x000000000800a1bc                xTaskGetSchedulerState
 .text.xTaskPriorityDisinherit
                0x000000000800a1f8       0xdc ./Middlewares/Third_Party/FreeRTOS/Source/tasks.o
                0x000000000800a1f8                xTaskPriorityDisinherit
 .text.prvAddCurrentTaskToDelayedList
                0x000000000800a2d4       0xa8 ./Middlewares/Third_Party/FreeRTOS/Source/tasks.o
 .text.xTimerCreateTimerTask
                0x000000000800a37c       0x90 ./Middlewares/Third_Party/FreeRTOS/Source/timers.o
                0x000000000800a37c                xTimerCreateTimerTask
 .text.xTimerGenericCommand
                0x000000000800a40c       0x9c ./Middlewares/Third_Party/FreeRTOS/Source/timers.o
                0x000000000800a40c                xTimerGenericCommand
 .text.prvProcessExpiredTimer
                0x000000000800a4a8       0x98 ./Middlewares/Third_Party/FreeRTOS/Source/timers.o
 .text.prvTimerTask
                0x000000000800a540       0x24 ./Middlewares/Third_Party/FreeRTOS/Source/timers.o
 .text.prvProcessTimerOrBlockTask
                0x000000000800a564       0x9c ./Middlewares/Third_Party/FreeRTOS/Source/timers.o
 .text.prvGetNextExpireTime
                0x000000000800a600       0x48 ./Middlewares/Third_Party/FreeRTOS/Source/timers.o
 .text.prvSampleTimeNow
                0x000000000800a648       0x40 ./Middlewares/Third_Party/FreeRTOS/Source/timers.o
 .text.prvInsertTimerInActiveList
                0x000000000800a688       0x84 ./Middlewares/Third_Party/FreeRTOS/Source/timers.o
 .text.prvProcessReceivedCommands
                0x000000000800a70c      0x1c4 ./Middlewares/Third_Party/FreeRTOS/Source/timers.o
 .text.prvSwitchTimerLists
                0x000000000800a8d0       0xc8 ./Middlewares/Third_Party/FreeRTOS/Source/timers.o
 .text.prvCheckForValidListAndQueue
                0x000000000800a998       0x80 ./Middlewares/Third_Party/FreeRTOS/Source/timers.o
 .text.pxPortInitialiseStack
                0x000000000800aa18       0x68 ./Middlewares/Third_Party/FreeRTOS/Source/portable/GCC/ARM_CM4F/port.o
                0x000000000800aa18                pxPortInitialiseStack
 .text.prvTaskExitError
                0x000000000800aa80       0x58 ./Middlewares/Third_Party/FreeRTOS/Source/portable/GCC/ARM_CM4F/port.o
 *fill*         0x000000000800aad8        0x8 
 .text.SVC_Handler
                0x000000000800aae0       0x28 ./Middlewares/Third_Party/FreeRTOS/Source/portable/GCC/ARM_CM4F/port.o
                0x000000000800aae0                SVC_Handler
 .text.prvPortStartFirstTask
                0x000000000800ab08       0x28 ./Middlewares/Third_Party/FreeRTOS/Source/portable/GCC/ARM_CM4F/port.o
 .text.xPortStartScheduler
                0x000000000800ab30      0x144 ./Middlewares/Third_Party/FreeRTOS/Source/portable/GCC/ARM_CM4F/port.o
                0x000000000800ab30                xPortStartScheduler
 .text.vPortEnterCritical
                0x000000000800ac74       0x60 ./Middlewares/Third_Party/FreeRTOS/Source/portable/GCC/ARM_CM4F/port.o
                0x000000000800ac74                vPortEnterCritical
 .text.vPortExitCritical
                0x000000000800acd4       0x54 ./Middlewares/Third_Party/FreeRTOS/Source/portable/GCC/ARM_CM4F/port.o
                0x000000000800acd4                vPortExitCritical
 *fill*         0x000000000800ad28        0x8 
 .text.PendSV_Handler
                0x000000000800ad30       0x68 ./Middlewares/Third_Party/FreeRTOS/Source/portable/GCC/ARM_CM4F/port.o
                0x000000000800ad30                PendSV_Handler
 .text.xPortSysTickHandler
                0x000000000800ad98       0x44 ./Middlewares/Third_Party/FreeRTOS/Source/portable/GCC/ARM_CM4F/port.o
                0x000000000800ad98                xPortSysTickHandler
 .text.vPortSetupTimerInterrupt
                0x000000000800addc       0x48 ./Middlewares/Third_Party/FreeRTOS/Source/portable/GCC/ARM_CM4F/port.o
                0x000000000800addc                vPortSetupTimerInterrupt
 .text.vPortEnableVFP
                0x000000000800ae24       0x14 ./Middlewares/Third_Party/FreeRTOS/Source/portable/GCC/ARM_CM4F/port.o
 .text.vPortValidateInterruptPriority
                0x000000000800ae38       0x80 ./Middlewares/Third_Party/FreeRTOS/Source/portable/GCC/ARM_CM4F/port.o
                0x000000000800ae38                vPortValidateInterruptPriority
 .text.pvPortMalloc
                0x000000000800aeb8      0x198 ./Middlewares/Third_Party/FreeRTOS/Source/portable/MemMang/heap_4.o
                0x000000000800aeb8                pvPortMalloc
 .text.vPortFree
                0x000000000800b050       0xc4 ./Middlewares/Third_Party/FreeRTOS/Source/portable/MemMang/heap_4.o
                0x000000000800b050                vPortFree
 .text.prvHeapInit
                0x000000000800b114       0xc4 ./Middlewares/Third_Party/FreeRTOS/Source/portable/MemMang/heap_4.o
 .text.prvInsertBlockIntoFreeList
                0x000000000800b1d8       0xb4 ./Middlewares/Third_Party/FreeRTOS/Source/portable/MemMang/heap_4.o
 .text.__libc_init_array
                0x000000000800b28c       0x48 c:/st/stm32cubeide_1.9.0/stm32cubeide/plugins/com.st.stm32cube.ide.mcu.externaltools.gnu-tools-for-stm32.10.3-2021.10.win32_1.0.100.202210260954/tools/bin/../lib/gcc/arm-none-eabi/10.3.1/../../../../arm-none-eabi/lib/thumb/v7e-m+fp/hard\libc_nano.a(lib_a-init.o)
                0x000000000800b28c                __libc_init_array
 .text.memcpy   0x000000000800b2d4       0x1c c:/st/stm32cubeide_1.9.0/stm32cubeide/plugins/com.st.stm32cube.ide.mcu.externaltools.gnu-tools-for-stm32.10.3-2021.10.win32_1.0.100.202210260954/tools/bin/../lib/gcc/arm-none-eabi/10.3.1/../../../../arm-none-eabi/lib/thumb/v7e-m+fp/hard\libc_nano.a(lib_a-memcpy-stub.o)
                0x000000000800b2d4                memcpy
 .text.memset   0x000000000800b2f0       0x10 c:/st/stm32cubeide_1.9.0/stm32cubeide/plugins/com.st.stm32cube.ide.mcu.externaltools.gnu-tools-for-stm32.10.3-2021.10.win32_1.0.100.202210260954/tools/bin/../lib/gcc/arm-none-eabi/10.3.1/../../../../arm-none-eabi/lib/thumb/v7e-m+fp/hard\libc_nano.a(lib_a-memset.o)
                0x000000000800b2f0                memset
 *(.glue_7)
 .glue_7        0x000000000800b300        0x0 linker stubs
 *(.glue_7t)
 .glue_7t       0x000000000800b300        0x0 linker stubs
 *(.eh_frame)
 .eh_frame      0x000000000800b300        0x0 c:/st/stm32cubeide_1.9.0/stm32cubeide/plugins/com.st.stm32cube.ide.mcu.externaltools.gnu-tools-for-stm32.10.3-2021.10.win32_1.0.100.202210260954/tools/bin/../lib/gcc/arm-none-eabi/10.3.1/thumb/v7e-m+fp/hard/crtbegin.o
 *(.init)
 .init          0x000000000800b300        0x4 c:/st/stm32cubeide_1.9.0/stm32cubeide/plugins/com.st.stm32cube.ide.mcu.externaltools.gnu-tools-for-stm32.10.3-2021.10.win32_1.0.100.202210260954/tools/bin/../lib/gcc/arm-none-eabi/10.3.1/thumb/v7e-m+fp/hard/crti.o
                0x000000000800b300                _init
 .init          0x000000000800b304        0x8 c:/st/stm32cubeide_1.9.0/stm32cubeide/plugins/com.st.stm32cube.ide.mcu.externaltools.gnu-tools-for-stm32.10.3-2021.10.win32_1.0.100.202210260954/tools/bin/../lib/gcc/arm-none-eabi/10.3.1/thumb/v7e-m+fp/hard/crtn.o
 *(.fini)
 .fini          0x000000000800b30c        0x4 c:/st/stm32cubeide_1.9.0/stm32cubeide/plugins/com.st.stm32cube.ide.mcu.externaltools.gnu-tools-for-stm32.10.3-2021.10.win32_1.0.100.202210260954/tools/bin/../lib/gcc/arm-none-eabi/10.3.1/thumb/v7e-m+fp/hard/crti.o
                0x000000000800b30c                _fini
 .fini          0x000000000800b310        0x8 c:/st/stm32cubeide_1.9.0/stm32cubeide/plugins/com.st.stm32cube.ide.mcu.externaltools.gnu-tools-for-stm32.10.3-2021.10.win32_1.0.100.202210260954/tools/bin/../lib/gcc/arm-none-eabi/10.3.1/thumb/v7e-m+fp/hard/crtn.o
                0x000000000800b318                . = ALIGN (0x4)
                0x000000000800b318                _etext = .

.vfp11_veneer   0x000000000800b318        0x0
 .vfp11_veneer  0x000000000800b318        0x0 linker stubs

.v4_bx          0x000000000800b318        0x0
 .v4_bx         0x000000000800b318        0x0 linker stubs

.iplt           0x000000000800b318        0x0
 .iplt          0x000000000800b318        0x0 c:/st/stm32cubeide_1.9.0/stm32cubeide/plugins/com.st.stm32cube.ide.mcu.externaltools.gnu-tools-for-stm32.10.3-2021.10.win32_1.0.100.202210260954/tools/bin/../lib/gcc/arm-none-eabi/10.3.1/thumb/v7e-m+fp/hard/crtbegin.o

.rodata         0x000000000800b318      0x1f8
                0x000000000800b318                . = ALIGN (0x4)
 *(.rodata)
 .rodata        0x000000000800b318       0x65 ./Core/Src/freertos.o
 *fill*         0x000000000800b37d        0x3 
 .rodata        0x000000000800b380        0x6 ./Core/cpp/Src/uart_wifi.o
 *fill*         0x000000000800b386        0x2 
 .rodata        0x000000000800b388        0x5 ./Middlewares/Third_Party/FreeRTOS/Source/tasks.o
 *fill*         0x000000000800b38d        0x3 
 .rodata        0x000000000800b390        0xd ./Middlewares/Third_Party/FreeRTOS/Source/timers.o
 *(.rodata*)
 *fill*         0x000000000800b39d        0x3 
 .rodata.defaultTask_attributes
                0x000000000800b3a0       0x24 ./Core/Src/freertos.o
                0x000000000800b3a0                defaultTask_attributes
 .rodata.OutputsTask_attributes
                0x000000000800b3c4       0x24 ./Core/Src/freertos.o
                0x000000000800b3c4                OutputsTask_attributes
 .rodata.InputsTask_attributes
                0x000000000800b3e8       0x24 ./Core/Src/freertos.o
                0x000000000800b3e8                InputsTask_attributes
 .rodata.ServoTask_attributes
                0x000000000800b40c       0x24 ./Core/Src/freertos.o
                0x000000000800b40c                ServoTask_attributes
 .rodata.UartWiFiTask_attributes
                0x000000000800b430       0x24 ./Core/Src/freertos.o
                0x000000000800b430                UartWiFiTask_attributes
 .rodata.CanDriversTask_attributes
                0x000000000800b454       0x24 ./Core/Src/freertos.o
                0x000000000800b454                CanDriversTask_attributes
 .rodata.CanTask_attributes
                0x000000000800b478       0x24 ./Core/Src/freertos.o
                0x000000000800b478                CanTask_attributes
 .rodata.MissionsTask_attributes
                0x000000000800b49c       0x24 ./Core/Src/freertos.o
                0x000000000800b49c                MissionsTask_attributes
 .rodata.AHBPrescTable
                0x000000000800b4c0       0x10 ./Core/Src/system_stm32f4xx.o
                0x000000000800b4c0                AHBPrescTable
 .rodata.APBPrescTable
                0x000000000800b4d0        0x8 ./Core/Src/system_stm32f4xx.o
                0x000000000800b4d0                APBPrescTable
 .rodata._ZZ8LedBlinkE9ledb_time
                0x000000000800b4d8       0x18 ./Core/cpp/Src/outputs.o
 .rodata._ZZ8LedBlinkE8ledb_rep
                0x000000000800b4f0       0x18 ./Core/cpp/Src/outputs.o
 .rodata.flagBitshiftOffset.0
                0x000000000800b508        0x8 ./Drivers/STM32F4xx_HAL_Driver/Src/stm32f4xx_hal_dma.o
                0x000000000800b510                . = ALIGN (0x4)

.ARM.extab      0x000000000800b510        0x0
                0x000000000800b510                . = ALIGN (0x4)
 *(.ARM.extab* .gnu.linkonce.armextab.*)
                0x000000000800b510                . = ALIGN (0x4)

.ARM            0x000000000800b510        0x8
                0x000000000800b510                . = ALIGN (0x4)
                0x000000000800b510                __exidx_start = .
 *(.ARM.exidx*)
 .ARM.exidx     0x000000000800b510        0x8 c:/st/stm32cubeide_1.9.0/stm32cubeide/plugins/com.st.stm32cube.ide.mcu.externaltools.gnu-tools-for-stm32.10.3-2021.10.win32_1.0.100.202210260954/tools/bin/../lib/gcc/arm-none-eabi/10.3.1/thumb/v7e-m+fp/hard\libgcc.a(_udivmoddi4.o)
                0x000000000800b518                __exidx_end = .
                0x000000000800b518                . = ALIGN (0x4)

.rel.dyn        0x000000000800b518        0x0
 .rel.iplt      0x000000000800b518        0x0 c:/st/stm32cubeide_1.9.0/stm32cubeide/plugins/com.st.stm32cube.ide.mcu.externaltools.gnu-tools-for-stm32.10.3-2021.10.win32_1.0.100.202210260954/tools/bin/../lib/gcc/arm-none-eabi/10.3.1/thumb/v7e-m+fp/hard/crtbegin.o

.preinit_array  0x000000000800b518        0x0
                0x000000000800b518                . = ALIGN (0x4)
                0x000000000800b518                PROVIDE (__preinit_array_start = .)
 *(.preinit_array*)
                0x000000000800b518                PROVIDE (__preinit_array_end = .)
                0x000000000800b518                . = ALIGN (0x4)

.init_array     0x000000000800b518        0xc
                0x000000000800b518                . = ALIGN (0x4)
                0x000000000800b518                PROVIDE (__init_array_start = .)
 *(SORT_BY_NAME(.init_array.*))
 *(.init_array*)
 .init_array    0x000000000800b518        0x4 c:/st/stm32cubeide_1.9.0/stm32cubeide/plugins/com.st.stm32cube.ide.mcu.externaltools.gnu-tools-for-stm32.10.3-2021.10.win32_1.0.100.202210260954/tools/bin/../lib/gcc/arm-none-eabi/10.3.1/thumb/v7e-m+fp/hard/crtbegin.o
 .init_array    0x000000000800b51c        0x4 ./Core/cpp/Src/drivers_control.o
 .init_array    0x000000000800b520        0x4 ./Core/cpp/Src/servo_control.o
                0x000000000800b524                PROVIDE (__init_array_end = .)
                0x000000000800b524                . = ALIGN (0x4)

.fini_array     0x000000000800b524        0x4
                0x000000000800b524                . = ALIGN (0x4)
                [!provide]                        PROVIDE (__fini_array_start = .)
 *(SORT_BY_NAME(.fini_array.*))
 *(.fini_array*)
 .fini_array    0x000000000800b524        0x4 c:/st/stm32cubeide_1.9.0/stm32cubeide/plugins/com.st.stm32cube.ide.mcu.externaltools.gnu-tools-for-stm32.10.3-2021.10.win32_1.0.100.202210260954/tools/bin/../lib/gcc/arm-none-eabi/10.3.1/thumb/v7e-m+fp/hard/crtbegin.o
                [!provide]                        PROVIDE (__fini_array_end = .)
                0x000000000800b528                . = ALIGN (0x4)
                0x000000000800b528                _sidata = LOADADDR (.data)

.data           0x0000000020000000       0x30 load address 0x000000000800b528
                0x0000000020000000                . = ALIGN (0x4)
                0x0000000020000000                _sdata = .
 *(.data)
 *(.data*)
 .data.SystemCoreClock
                0x0000000020000000        0x4 ./Core/Src/system_stm32f4xx.o
                0x0000000020000000                SystemCoreClock
 .data.bms_jbd_request_msg0
                0x0000000020000004        0x7 ./Core/cpp/Src/uart_wifi.o
                0x0000000020000004                bms_jbd_request_msg0
 *fill*         0x000000002000000b        0x1 
 .data.bms_jbd_request_msg1
                0x000000002000000c        0x7 ./Core/cpp/Src/uart_wifi.o
                0x000000002000000c                bms_jbd_request_msg1
 *fill*         0x0000000020000013        0x1 
 .data.bms_smart_request_msg
                0x0000000020000014        0xd ./Core/cpp/Src/uart_wifi.o
                0x0000000020000014                bms_smart_request_msg
 *fill*         0x0000000020000021        0x3 
 .data.uwTickPrio
                0x0000000020000024        0x4 ./Drivers/STM32F4xx_HAL_Driver/Src/stm32f4xx_hal.o
                0x0000000020000024                uwTickPrio
 .data.uwTickFreq
                0x0000000020000028        0x1 ./Drivers/STM32F4xx_HAL_Driver/Src/stm32f4xx_hal.o
                0x0000000020000028                uwTickFreq
 *fill*         0x0000000020000029        0x3 
 .data.uxCriticalNesting
                0x000000002000002c        0x4 ./Middlewares/Third_Party/FreeRTOS/Source/portable/GCC/ARM_CM4F/port.o
 *(.RamFunc)
 *(.RamFunc*)
                0x0000000020000030                . = ALIGN (0x4)
                0x0000000020000030                _edata = .
                0x000000000800b558                _siccmram = LOADADDR (.ccmram)

.igot.plt       0x0000000020000030        0x0 load address 0x000000000800b558
 .igot.plt      0x0000000020000030        0x0 c:/st/stm32cubeide_1.9.0/stm32cubeide/plugins/com.st.stm32cube.ide.mcu.externaltools.gnu-tools-for-stm32.10.3-2021.10.win32_1.0.100.202210260954/tools/bin/../lib/gcc/arm-none-eabi/10.3.1/thumb/v7e-m+fp/hard/crtbegin.o

.ccmram         0x0000000010000000        0x0 load address 0x000000000800b558
                0x0000000010000000                . = ALIGN (0x4)
                0x0000000010000000                _sccmram = .
 *(.ccmram)
 *(.ccmram*)
                0x0000000010000000                . = ALIGN (0x4)
                0x0000000010000000                _eccmram = .
                0x0000000010000000                . = ALIGN (0x4)

.bss            0x0000000020000030     0x6968
                0x0000000020000030                _sbss = .
                0x0000000020000030                __bss_start__ = _sbss
 *(.bss)
 .bss           0x0000000020000030       0x1c c:/st/stm32cubeide_1.9.0/stm32cubeide/plugins/com.st.stm32cube.ide.mcu.externaltools.gnu-tools-for-stm32.10.3-2021.10.win32_1.0.100.202210260954/tools/bin/../lib/gcc/arm-none-eabi/10.3.1/thumb/v7e-m+fp/hard/crtbegin.o
 *(.bss*)
 .bss.hcan1     0x000000002000004c       0x28 ./Core/Src/can.o
                0x000000002000004c                hcan1
 .bss.globData  0x0000000020000074       0x20 ./Core/Src/freertos.o
                0x0000000020000074                globData
 .bss.contrlMsg
                0x0000000020000094       0x20 ./Core/Src/freertos.o
                0x0000000020000094                contrlMsg
 .bss.statusMsg
                0x00000000200000b4       0x38 ./Core/Src/freertos.o
                0x00000000200000b4                statusMsg
 .bss.defaultTaskHandle
                0x00000000200000ec        0x4 ./Core/Src/freertos.o
                0x00000000200000ec                defaultTaskHandle
 .bss.defaultTaskBuffer
                0x00000000200000f0      0x200 ./Core/Src/freertos.o
                0x00000000200000f0                defaultTaskBuffer
 .bss.defaultTaskControlBlock
                0x00000000200002f0       0x5c ./Core/Src/freertos.o
                0x00000000200002f0                defaultTaskControlBlock
 .bss.OutputsTaskHandle
                0x000000002000034c        0x4 ./Core/Src/freertos.o
                0x000000002000034c                OutputsTaskHandle
 .bss.OutputsTaskBuffer
                0x0000000020000350      0x200 ./Core/Src/freertos.o
                0x0000000020000350                OutputsTaskBuffer
 .bss.OutputsTaskControlBlock
                0x0000000020000550       0x5c ./Core/Src/freertos.o
                0x0000000020000550                OutputsTaskControlBlock
 .bss.InputsTaskHandle
                0x00000000200005ac        0x4 ./Core/Src/freertos.o
                0x00000000200005ac                InputsTaskHandle
 .bss.InputsTaskBuffer
                0x00000000200005b0      0x200 ./Core/Src/freertos.o
                0x00000000200005b0                InputsTaskBuffer
 .bss.InputsTaskControlBlock
                0x00000000200007b0       0x5c ./Core/Src/freertos.o
                0x00000000200007b0                InputsTaskControlBlock
 .bss.ServoTaskHandle
                0x000000002000080c        0x4 ./Core/Src/freertos.o
                0x000000002000080c                ServoTaskHandle
 .bss.ServoTaskBuffer
                0x0000000020000810      0x200 ./Core/Src/freertos.o
                0x0000000020000810                ServoTaskBuffer
 .bss.ServoTaskControlBlock
                0x0000000020000a10       0x5c ./Core/Src/freertos.o
                0x0000000020000a10                ServoTaskControlBlock
 .bss.UartWiFiTaskHandle
                0x0000000020000a6c        0x4 ./Core/Src/freertos.o
                0x0000000020000a6c                UartWiFiTaskHandle
 .bss.UartWiFiTaskBuffer
                0x0000000020000a70      0x400 ./Core/Src/freertos.o
                0x0000000020000a70                UartWiFiTaskBuffer
 .bss.UartWiFiTaskControlBlock
                0x0000000020000e70       0x5c ./Core/Src/freertos.o
                0x0000000020000e70                UartWiFiTaskControlBlock
 .bss.CanDriversTaskHandle
                0x0000000020000ecc        0x4 ./Core/Src/freertos.o
                0x0000000020000ecc                CanDriversTaskHandle
 .bss.CanDriversTaskBuffer
                0x0000000020000ed0      0x200 ./Core/Src/freertos.o
                0x0000000020000ed0                CanDriversTaskBuffer
 .bss.CanDriversTaskControlBlock
                0x00000000200010d0       0x5c ./Core/Src/freertos.o
                0x00000000200010d0                CanDriversTaskControlBlock
 .bss.CanTaskHandle
                0x000000002000112c        0x4 ./Core/Src/freertos.o
                0x000000002000112c                CanTaskHandle
 .bss.CanTaskBuffer
                0x0000000020001130      0x400 ./Core/Src/freertos.o
                0x0000000020001130                CanTaskBuffer
 .bss.CanTaskControlBlock
                0x0000000020001530       0x5c ./Core/Src/freertos.o
                0x0000000020001530                CanTaskControlBlock
 .bss.MissionsTaskHandle
                0x000000002000158c        0x4 ./Core/Src/freertos.o
                0x000000002000158c                MissionsTaskHandle
 .bss.MissionsTaskBuffer
                0x0000000020001590      0x400 ./Core/Src/freertos.o
                0x0000000020001590                MissionsTaskBuffer
 .bss.MissionsTaskControlBlock
                0x0000000020001990       0x5c ./Core/Src/freertos.o
                0x0000000020001990                MissionsTaskControlBlock
 .bss.hiwdg     0x00000000200019ec        0xc ./Core/Src/iwdg.o
                0x00000000200019ec                hiwdg
 .bss.htim6     0x00000000200019f8       0x48 ./Core/Src/stm32f4xx_hal_timebase_tim.o
                0x00000000200019f8                htim6
 .bss.htim2     0x0000000020001a40       0x48 ./Core/Src/tim.o
                0x0000000020001a40                htim2
 .bss.htim3     0x0000000020001a88       0x48 ./Core/Src/tim.o
                0x0000000020001a88                htim3
 .bss.htim4     0x0000000020001ad0       0x48 ./Core/Src/tim.o
                0x0000000020001ad0                htim4
 .bss.huart1    0x0000000020001b18       0x44 ./Core/Src/usart.o
                0x0000000020001b18                huart1
 .bss.huart2    0x0000000020001b5c       0x44 ./Core/Src/usart.o
                0x0000000020001b5c                huart2
 .bss.huart3    0x0000000020001ba0       0x44 ./Core/Src/usart.o
                0x0000000020001ba0                huart3
 .bss.hdma_usart1_rx
                0x0000000020001be4       0x60 ./Core/Src/usart.o
                0x0000000020001be4                hdma_usart1_rx
 .bss.hdma_usart2_rx
                0x0000000020001c44       0x60 ./Core/Src/usart.o
                0x0000000020001c44                hdma_usart2_rx
 .bss.hdma_usart3_rx
                0x0000000020001ca4       0x60 ./Core/Src/usart.o
                0x0000000020001ca4                hdma_usart3_rx
 .bss.NewCanMsg
                0x0000000020001d04        0x1 ./Core/cpp/Src/canbus.o
                0x0000000020001d04                NewCanMsg
 *fill*         0x0000000020001d05        0x3 
 .bss.RxHeader  0x0000000020001d08       0x1c ./Core/cpp/Src/canbus.o
                0x0000000020001d08                RxHeader
 .bss.RxData    0x0000000020001d24        0x8 ./Core/cpp/Src/canbus.o
                0x0000000020001d24                RxData
 .bss.TxMailbox
                0x0000000020001d2c        0x4 ./Core/cpp/Src/canbus.o
                0x0000000020001d2c                TxMailbox
 .bss.canDataRecv
                0x0000000020001d30        0x8 ./Core/cpp/Src/canbus.o
                0x0000000020001d30                canDataRecv
 .bss.driverX1  0x0000000020001d38       0x40 ./Core/cpp/Src/drivers_control.o
                0x0000000020001d38                driverX1
 .bss.driverX2  0x0000000020001d78       0x40 ./Core/cpp/Src/drivers_control.o
                0x0000000020001d78                driverX2
 .bss.driverY1  0x0000000020001db8       0x40 ./Core/cpp/Src/drivers_control.o
                0x0000000020001db8                driverY1
 .bss.driverFork
                0x0000000020001df8       0x40 ./Core/cpp/Src/drivers_control.o
                0x0000000020001df8                driverFork
 .bss.mdrivers  0x0000000020001e38       0x10 ./Core/cpp/Src/drivers_control.o
                0x0000000020001e38                mdrivers
 .bss.enc_prev0
                0x0000000020001e48        0x4 ./Core/cpp/Src/inputs.o
                0x0000000020001e48                enc_prev0
 .bss.enc_prev1
                0x0000000020001e4c        0x4 ./Core/cpp/Src/inputs.o
                0x0000000020001e4c                enc_prev1
 .bss._ZZ15StartInputsTaskE12currCounter0
                0x0000000020001e50        0x4 ./Core/cpp/Src/inputs.o
 .bss._ZZ15StartInputsTaskE12currCounter1
                0x0000000020001e54        0x4 ./Core/cpp/Src/inputs.o
 .bss._ZZ15StartInputsTaskE6enc_Y1
                0x0000000020001e58        0x4 ./Core/cpp/Src/inputs.o
 .bss.lift_check_timer
                0x0000000020001e5c        0x4 ./Core/cpp/Src/outputs.o
                0x0000000020001e5c                lift_check_timer
 .bss._ZZ10SetOutputsE14check_timer_en
                0x0000000020001e60        0x1 ./Core/cpp/Src/outputs.o
 *fill*         0x0000000020001e61        0x3 
 .bss._ZZ8LedBlinkE16ledb_active_time
                0x0000000020001e64        0x4 ./Core/cpp/Src/outputs.o
 .bss._ZZ8LedBlinkE12ledb_repeats
                0x0000000020001e68        0x4 ./Core/cpp/Src/outputs.o
 .bss.servo1    0x0000000020001e6c       0x10 ./Core/cpp/Src/servo_control.o
                0x0000000020001e6c                servo1
 .bss.servo2    0x0000000020001e7c       0x10 ./Core/cpp/Src/servo_control.o
                0x0000000020001e7c                servo2
 .bss.servo3    0x0000000020001e8c       0x10 ./Core/cpp/Src/servo_control.o
                0x0000000020001e8c                servo3
 .bss.servo4    0x0000000020001e9c       0x10 ./Core/cpp/Src/servo_control.o
                0x0000000020001e9c                servo4
 .bss.servo     0x0000000020001eac       0x10 ./Core/cpp/Src/servo_control.o
                0x0000000020001eac                servo
 .bss.batteryMsg
                0x0000000020001ebc       0x50 ./Core/cpp/Src/uart_wifi.o
                0x0000000020001ebc                batteryMsg
 .bss.new_wifi_data
                0x0000000020001f0c        0x1 ./Core/cpp/Src/uart_wifi.o
                0x0000000020001f0c                new_wifi_data
 .bss.new_remote_data
                0x0000000020001f0d        0x1 ./Core/cpp/Src/uart_wifi.o
                0x0000000020001f0d                new_remote_data
 .bss.new_bms_data
                0x0000000020001f0e        0x1 ./Core/cpp/Src/uart_wifi.o
                0x0000000020001f0e                new_bms_data
 *fill*         0x0000000020001f0f        0x1 
 .bss.rc_uart_buff
                0x0000000020001f10       0x64 ./Core/cpp/Src/uart_wifi.o
                0x0000000020001f10                rc_uart_buff
 .bss.bms_uart_buff
                0x0000000020001f74       0x64 ./Core/cpp/Src/uart_wifi.o
                0x0000000020001f74                bms_uart_buff
 .bss.wifi_uart_buff
                0x0000000020001fd8       0x64 ./Core/cpp/Src/uart_wifi.o
                0x0000000020001fd8                wifi_uart_buff
 .bss.bms_req_time
                0x000000002000203c        0x4 ./Core/cpp/Src/uart_wifi.o
                0x000000002000203c                bms_req_time
 .bss.bms_err   0x0000000020002040        0x1 ./Core/cpp/Src/uart_wifi.o
                0x0000000020002040                bms_err
 .bss.bms_detected
                0x0000000020002041        0x1 ./Core/cpp/Src/uart_wifi.o
                0x0000000020002041                bms_detected
 .bss.smart_bms
                0x0000000020002042        0x1 ./Core/cpp/Src/uart_wifi.o
                0x0000000020002042                smart_bms
 *fill*         0x0000000020002043        0x1 
 .bss.uwTick    0x0000000020002044        0x4 ./Drivers/STM32F4xx_HAL_Driver/Src/stm32f4xx_hal.o
                0x0000000020002044                uwTick
 .bss.KernelState
                0x0000000020002048        0x4 ./Middlewares/Third_Party/FreeRTOS/Source/CMSIS_RTOS_V2/cmsis_os2.o
 .bss.Idle_TCB.3
                0x000000002000204c       0x5c ./Middlewares/Third_Party/FreeRTOS/Source/CMSIS_RTOS_V2/cmsis_os2.o
 .bss.Idle_Stack.2
                0x00000000200020a8      0x200 ./Middlewares/Third_Party/FreeRTOS/Source/CMSIS_RTOS_V2/cmsis_os2.o
 .bss.Timer_TCB.1
                0x00000000200022a8       0x5c ./Middlewares/Third_Party/FreeRTOS/Source/CMSIS_RTOS_V2/cmsis_os2.o
 .bss.Timer_Stack.0
                0x0000000020002304      0x400 ./Middlewares/Third_Party/FreeRTOS/Source/CMSIS_RTOS_V2/cmsis_os2.o
 .bss.xQueueRegistry
                0x0000000020002704       0x40 ./Middlewares/Third_Party/FreeRTOS/Source/queue.o
                0x0000000020002704                xQueueRegistry
 .bss.pxCurrentTCB
                0x0000000020002744        0x4 ./Middlewares/Third_Party/FreeRTOS/Source/tasks.o
                0x0000000020002744                pxCurrentTCB
 .bss.pxReadyTasksLists
                0x0000000020002748      0x460 ./Middlewares/Third_Party/FreeRTOS/Source/tasks.o
 .bss.xDelayedTaskList1
                0x0000000020002ba8       0x14 ./Middlewares/Third_Party/FreeRTOS/Source/tasks.o
 .bss.xDelayedTaskList2
                0x0000000020002bbc       0x14 ./Middlewares/Third_Party/FreeRTOS/Source/tasks.o
 .bss.pxDelayedTaskList
                0x0000000020002bd0        0x4 ./Middlewares/Third_Party/FreeRTOS/Source/tasks.o
 .bss.pxOverflowDelayedTaskList
                0x0000000020002bd4        0x4 ./Middlewares/Third_Party/FreeRTOS/Source/tasks.o
 .bss.xPendingReadyList
                0x0000000020002bd8       0x14 ./Middlewares/Third_Party/FreeRTOS/Source/tasks.o
 .bss.xTasksWaitingTermination
                0x0000000020002bec       0x14 ./Middlewares/Third_Party/FreeRTOS/Source/tasks.o
 .bss.uxDeletedTasksWaitingCleanUp
                0x0000000020002c00        0x4 ./Middlewares/Third_Party/FreeRTOS/Source/tasks.o
 .bss.xSuspendedTaskList
                0x0000000020002c04       0x14 ./Middlewares/Third_Party/FreeRTOS/Source/tasks.o
 .bss.uxCurrentNumberOfTasks
                0x0000000020002c18        0x4 ./Middlewares/Third_Party/FreeRTOS/Source/tasks.o
 .bss.xTickCount
                0x0000000020002c1c        0x4 ./Middlewares/Third_Party/FreeRTOS/Source/tasks.o
 .bss.uxTopReadyPriority
                0x0000000020002c20        0x4 ./Middlewares/Third_Party/FreeRTOS/Source/tasks.o
 .bss.xSchedulerRunning
                0x0000000020002c24        0x4 ./Middlewares/Third_Party/FreeRTOS/Source/tasks.o
 .bss.xPendedTicks
                0x0000000020002c28        0x4 ./Middlewares/Third_Party/FreeRTOS/Source/tasks.o
 .bss.xYieldPending
                0x0000000020002c2c        0x4 ./Middlewares/Third_Party/FreeRTOS/Source/tasks.o
 .bss.xNumOfOverflows
                0x0000000020002c30        0x4 ./Middlewares/Third_Party/FreeRTOS/Source/tasks.o
 .bss.uxTaskNumber
                0x0000000020002c34        0x4 ./Middlewares/Third_Party/FreeRTOS/Source/tasks.o
 .bss.xNextTaskUnblockTime
                0x0000000020002c38        0x4 ./Middlewares/Third_Party/FreeRTOS/Source/tasks.o
 .bss.xIdleTaskHandle
                0x0000000020002c3c        0x4 ./Middlewares/Third_Party/FreeRTOS/Source/tasks.o
 .bss.uxSchedulerSuspended
                0x0000000020002c40        0x4 ./Middlewares/Third_Party/FreeRTOS/Source/tasks.o
 .bss.xActiveTimerList1
                0x0000000020002c44       0x14 ./Middlewares/Third_Party/FreeRTOS/Source/timers.o
 .bss.xActiveTimerList2
                0x0000000020002c58       0x14 ./Middlewares/Third_Party/FreeRTOS/Source/timers.o
 .bss.pxCurrentTimerList
                0x0000000020002c6c        0x4 ./Middlewares/Third_Party/FreeRTOS/Source/timers.o
 .bss.pxOverflowTimerList
                0x0000000020002c70        0x4 ./Middlewares/Third_Party/FreeRTOS/Source/timers.o
 .bss.xTimerQueue
                0x0000000020002c74        0x4 ./Middlewares/Third_Party/FreeRTOS/Source/timers.o
 .bss.xTimerTaskHandle
                0x0000000020002c78        0x4 ./Middlewares/Third_Party/FreeRTOS/Source/timers.o
 .bss.xLastTime.2
                0x0000000020002c7c        0x4 ./Middlewares/Third_Party/FreeRTOS/Source/timers.o
 .bss.ucStaticTimerQueueStorage.1
                0x0000000020002c80       0xa0 ./Middlewares/Third_Party/FreeRTOS/Source/timers.o
 .bss.xStaticTimerQueue.0
                0x0000000020002d20       0x50 ./Middlewares/Third_Party/FreeRTOS/Source/timers.o
 .bss.ucMaxSysCallPriority
                0x0000000020002d70        0x1 ./Middlewares/Third_Party/FreeRTOS/Source/portable/GCC/ARM_CM4F/port.o
 *fill*         0x0000000020002d71        0x3 
 .bss.ulMaxPRIGROUPValue
                0x0000000020002d74        0x4 ./Middlewares/Third_Party/FreeRTOS/Source/portable/GCC/ARM_CM4F/port.o
 .bss.ucHeap    0x0000000020002d78     0x3c00 ./Middlewares/Third_Party/FreeRTOS/Source/portable/MemMang/heap_4.o
 .bss.xStart    0x0000000020006978        0x8 ./Middlewares/Third_Party/FreeRTOS/Source/portable/MemMang/heap_4.o
 .bss.pxEnd     0x0000000020006980        0x4 ./Middlewares/Third_Party/FreeRTOS/Source/portable/MemMang/heap_4.o
 .bss.xFreeBytesRemaining
                0x0000000020006984        0x4 ./Middlewares/Third_Party/FreeRTOS/Source/portable/MemMang/heap_4.o
 .bss.xMinimumEverFreeBytesRemaining
                0x0000000020006988        0x4 ./Middlewares/Third_Party/FreeRTOS/Source/portable/MemMang/heap_4.o
 .bss.xNumberOfSuccessfulAllocations
                0x000000002000698c        0x4 ./Middlewares/Third_Party/FreeRTOS/Source/portable/MemMang/heap_4.o
 .bss.xNumberOfSuccessfulFrees
                0x0000000020006990        0x4 ./Middlewares/Third_Party/FreeRTOS/Source/portable/MemMang/heap_4.o
 .bss.xBlockAllocatedBit
                0x0000000020006994        0x4 ./Middlewares/Third_Party/FreeRTOS/Source/portable/MemMang/heap_4.o
 *(COMMON)
                0x0000000020006998                . = ALIGN (0x4)
                0x0000000020006998                _ebss = .
                0x0000000020006998                __bss_end__ = _ebss

._user_heap_stack
                0x0000000020006998      0x600
                0x0000000020006998                . = ALIGN (0x8)
                [!provide]                        PROVIDE (end = .)
                0x0000000020006998                PROVIDE (_end = .)
                0x0000000020006b98                . = (. + _Min_Heap_Size)
 *fill*         0x0000000020006998      0x200 
                0x0000000020006f98                . = (. + _Min_Stack_Size)
 *fill*         0x0000000020006b98      0x400 
                0x0000000020006f98                . = ALIGN (0x8)

/DISCARD/
 libc.a(*)
 libm.a(*)
 libgcc.a(*)

.ARM.attributes
                0x0000000000000000       0x30
 *(.ARM.attributes)
 .ARM.attributes
                0x0000000000000000       0x1e c:/st/stm32cubeide_1.9.0/stm32cubeide/plugins/com.st.stm32cube.ide.mcu.externaltools.gnu-tools-for-stm32.10.3-2021.10.win32_1.0.100.202210260954/tools/bin/../lib/gcc/arm-none-eabi/10.3.1/thumb/v7e-m+fp/hard/crti.o
 .ARM.attributes
                0x000000000000001e       0x34 c:/st/stm32cubeide_1.9.0/stm32cubeide/plugins/com.st.stm32cube.ide.mcu.externaltools.gnu-tools-for-stm32.10.3-2021.10.win32_1.0.100.202210260954/tools/bin/../lib/gcc/arm-none-eabi/10.3.1/thumb/v7e-m+fp/hard/crtbegin.o
 .ARM.attributes
                0x0000000000000052       0x34 ./Core/Src/can.o
 .ARM.attributes
                0x0000000000000086       0x34 ./Core/Src/dma.o
 .ARM.attributes
                0x00000000000000ba       0x34 ./Core/Src/freertos.o
 .ARM.attributes
                0x00000000000000ee       0x34 ./Core/Src/gpio.o
 .ARM.attributes
                0x0000000000000122       0x34 ./Core/Src/iwdg.o
 .ARM.attributes
                0x0000000000000156       0x34 ./Core/Src/main.o
 .ARM.attributes
                0x000000000000018a       0x34 ./Core/Src/stm32f4xx_hal_msp.o
 .ARM.attributes
                0x00000000000001be       0x34 ./Core/Src/stm32f4xx_hal_timebase_tim.o
 .ARM.attributes
                0x00000000000001f2       0x34 ./Core/Src/stm32f4xx_it.o
 .ARM.attributes
                0x0000000000000226       0x34 ./Core/Src/system_stm32f4xx.o
 .ARM.attributes