Archive member included to satisfy reference by file (symbol)

c:/st/stm32cubeide_1.9.0/stm32cubeide/plugins/com.st.stm32cube.ide.mcu.externaltools.gnu-tools-for-stm32.10.3-2021.10.win32_1.0.100.202210260954/tools/bin/../lib/gcc/arm-none-eabi/10.3.1/../../../../arm-none-eabi/lib/thumb/v7e-m+fp/hard\libc_nano.a(lib_a-errno.o)
                              ./Core/Src/syscalls.o (__errno)
c:/st/stm32cubeide_1.9.0/stm32cubeide/plugins/com.st.stm32cube.ide.mcu.externaltools.gnu-tools-for-stm32.10.3-2021.10.win32_1.0.100.202210260954/tools/bin/../lib/gcc/arm-none-eabi/10.3.1/../../../../arm-none-eabi/lib/thumb/v7e-m+fp/hard\libc_nano.a(lib_a-exit.o)
                              c:/st/stm32cubeide_1.9.0/stm32cubeide/plugins/com.st.stm32cube.ide.mcu.externaltools.gnu-tools-for-stm32.10.3-2021.10.win32_1.0.100.202210260954/tools/bin/../lib/gcc/arm-none-eabi/10.3.1/../../../../arm-none-eabi/lib/thumb/v7e-m+fp/hard/crt0.o (exit)
c:/st/stm32cubeide_1.9.0/stm32cubeide/plugins/com.st.stm32cube.ide.mcu.externaltools.gnu-tools-for-stm32.10.3-2021.10.win32_1.0.100.202210260954/tools/bin/../lib/gcc/arm-none-eabi/10.3.1/../../../../arm-none-eabi/lib/thumb/v7e-m+fp/hard\libc_nano.a(lib_a-impure.o)
                              c:/st/stm32cubeide_1.9.0/stm32cubeide/plugins/com.st.stm32cube.ide.mcu.externaltools.gnu-tools-for-stm32.10.3-2021.10.win32_1.0.100.202210260954/tools/bin/../lib/gcc/arm-none-eabi/10.3.1/../../../../arm-none-eabi/lib/thumb/v7e-m+fp/hard\libc_nano.a(lib_a-exit.o) (_global_impure_ptr)
c:/st/stm32cubeide_1.9.0/stm32cubeide/plugins/com.st.stm32cube.ide.mcu.externaltools.gnu-tools-for-stm32.10.3-2021.10.win32_1.0.100.202210260954/tools/bin/../lib/gcc/arm-none-eabi/10.3.1/../../../../arm-none-eabi/lib/thumb/v7e-m+fp/hard\libc_nano.a(lib_a-init.o)
                              c:/st/stm32cubeide_1.9.0/stm32cubeide/plugins/com.st.stm32cube.ide.mcu.externaltools.gnu-tools-for-stm32.10.3-2021.10.win32_1.0.100.202210260954/tools/bin/../lib/gcc/arm-none-eabi/10.3.1/../../../../arm-none-eabi/lib/thumb/v7e-m+fp/hard/crt0.o (__libc_init_array)
c:/st/stm32cubeide_1.9.0/stm32cubeide/plugins/com.st.stm32cube.ide.mcu.externaltools.gnu-tools-for-stm32.10.3-2021.10.win32_1.0.100.202210260954/tools/bin/../lib/gcc/arm-none-eabi/10.3.1/../../../../arm-none-eabi/lib/thumb/v7e-m+fp/hard\libc_nano.a(lib_a-memcpy-stub.o)
                              ./Middlewares/Third_Party/FreeRTOS/Source/CMSIS_RTOS_V2/cmsis_os2.o (memcpy)
c:/st/stm32cubeide_1.9.0/stm32cubeide/plugins/com.st.stm32cube.ide.mcu.externaltools.gnu-tools-for-stm32.10.3-2021.10.win32_1.0.100.202210260954/tools/bin/../lib/gcc/arm-none-eabi/10.3.1/../../../../arm-none-eabi/lib/thumb/v7e-m+fp/hard\libc_nano.a(lib_a-memset.o)
                              c:/st/stm32cubeide_1.9.0/stm32cubeide/plugins/com.st.stm32cube.ide.mcu.externaltools.gnu-tools-for-stm32.10.3-2021.10.win32_1.0.100.202210260954/tools/bin/../lib/gcc/arm-none-eabi/10.3.1/../../../../arm-none-eabi/lib/thumb/v7e-m+fp/hard/crt0.o (memset)
c:/st/stm32cubeide_1.9.0/stm32cubeide/plugins/com.st.stm32cube.ide.mcu.externaltools.gnu-tools-for-stm32.10.3-2021.10.win32_1.0.100.202210260954/tools/bin/../lib/gcc/arm-none-eabi/10.3.1/thumb/v7e-m+fp/hard\libgcc.a(_aeabi_uldivmod.o)
                              ./Drivers/STM32F4xx_HAL_Driver/Src/stm32f4xx_hal_rcc.o (__aeabi_uldivmod)
c:/st/stm32cubeide_1.9.0/stm32cubeide/plugins/com.st.stm32cube.ide.mcu.externaltools.gnu-tools-for-stm32.10.3-2021.10.win32_1.0.100.202210260954/tools/bin/../lib/gcc/arm-none-eabi/10.3.1/thumb/v7e-m+fp/hard\libgcc.a(_udivmoddi4.o)
                              c:/st/stm32cubeide_1.9.0/stm32cubeide/plugins/com.st.stm32cube.ide.mcu.externaltools.gnu-tools-for-stm32.10.3-2021.10.win32_1.0.100.202210260954/tools/bin/../lib/gcc/arm-none-eabi/10.3.1/thumb/v7e-m+fp/hard\libgcc.a(_aeabi_uldivmod.o) (__udivmoddi4)
c:/st/stm32cubeide_1.9.0/stm32cubeide/plugins/com.st.stm32cube.ide.mcu.externaltools.gnu-tools-for-stm32.10.3-2021.10.win32_1.0.100.202210260954/tools/bin/../lib/gcc/arm-none-eabi/10.3.1/thumb/v7e-m+fp/hard\libgcc.a(_dvmd_tls.o)
                              c:/st/stm32cubeide_1.9.0/stm32cubeide/plugins/com.st.stm32cube.ide.mcu.externaltools.gnu-tools-for-stm32.10.3-2021.10.win32_1.0.100.202210260954/tools/bin/../lib/gcc/arm-none-eabi/10.3.1/thumb/v7e-m+fp/hard\libgcc.a(_aeabi_uldivmod.o) (__aeabi_ldiv0)

Discarded input sections

 .text          0x0000000000000000        0x0 c:/st/stm32cubeide_1.9.0/stm32cubeide/plugins/com.st.stm32cube.ide.mcu.externaltools.gnu-tools-for-stm32.10.3-2021.10.win32_1.0.100.202210260954/tools/bin/../lib/gcc/arm-none-eabi/10.3.1/thumb/v7e-m+fp/hard/crti.o
 .data          0x0000000000000000        0x0 c:/st/stm32cubeide_1.9.0/stm32cubeide/plugins/com.st.stm32cube.ide.mcu.externaltools.gnu-tools-for-stm32.10.3-2021.10.win32_1.0.100.202210260954/tools/bin/../lib/gcc/arm-none-eabi/10.3.1/thumb/v7e-m+fp/hard/crti.o
[...]
Memory Configuration

Name             Origin             Length             Attributes
CCMRAM           0x0000000010000000 0x0000000000010000 xrw
RAM              0x0000000020000000 0x0000000000020000 xrw
FLASH            0x0000000008000000 0x0000000000080000 xr
*default*        0x0000000000000000 0xffffffffffffffff

Linker script and memory map

LOAD c:/st/stm32cubeide_1.9.0/stm32cubeide/plugins/com.st.stm32cube.ide.mcu.externaltools.gnu-tools-for-stm32.10.3-2021.10.win32_1.0.100.202210260954/tools/bin/../lib/gcc/arm-none-eabi/10.3.1/thumb/v7e-m+fp/hard/crti.o
LOAD c:/st/stm32cubeide_1.9.0/stm32cubeide/plugins/com.st.stm32cube.ide.mcu.externaltools.gnu-tools-for-stm32.10.3-2021.10.win32_1.0.100.202210260954/tools/bin/../lib/gcc/arm-none-eabi/10.3.1/thumb/v7e-m+fp/hard/crtbegin.o
LOAD c:/st/stm32cubeide_1.9.0/stm32cubeide/plugins/com.st.stm32cube.ide.mcu.externaltools.gnu-tools-for-stm32.10.3-2021.10.win32_1.0.100.202210260954/tools/bin/../lib/gcc/arm-none-eabi/10.3.1/../../../../arm-none-eabi/lib/thumb/v7e-m+fp/hard/crt0.o
LOAD ./Core/Src/can.o
LOAD ./Core/Src/dma.o
LOAD ./Core/Src/freertos.o
LOAD ./Core/Src/gpio.o
LOAD ./Core/Src/iwdg.o
LOAD ./Core/Src/main.o
LOAD ./Core/Src/stm32f4xx_hal_msp.o
LOAD ./Core/Src/stm32f4xx_hal_timebase_tim.o
LOAD ./Core/Src/stm32f4xx_it.o
LOAD ./Core/Src/syscalls.o
LOAD ./Core/Src/sysmem.o
LOAD ./Core/Src/system_stm32f4xx.o
LOAD ./Core/Src/tim.o
LOAD ./Core/Src/usart.o
LOAD ./Core/Startup/startup_stm32f407vetx.o
LOAD ./Core/cpp/Src/InitCanDrivers.o
LOAD ./Core/cpp/Src/KeyaLKTechDriver.o
LOAD ./Core/cpp/Src/Servo.o
LOAD ./Core/cpp/Src/canbus.o
LOAD ./Core/cpp/Src/drivers_control.o
LOAD ./Core/cpp/Src/flash_data.o
LOAD ./Core/cpp/Src/inputs.o
LOAD ./Core/cpp/Src/mission.o
LOAD ./Core/cpp/Src/outputs.o
LOAD ./Core/cpp/Src/servo_control.o
LOAD ./Core/cpp/Src/uart_wifi.o
LOAD ./Drivers/STM32F4xx_HAL_Driver/Src/stm32f4xx_hal.o
LOAD ./Drivers/STM32F4xx_HAL_Driver/Src/stm32f4xx_hal_can.o
LOAD ./Drivers/STM32F4xx_HAL_Driver/Src/stm32f4xx_hal_cortex.o
LOAD ./Drivers/STM32F4xx_HAL_Driver/Src/stm32f4xx_hal_dma.o
LOAD ./Drivers/STM32F4xx_HAL_Driver/Src/stm32f4xx_hal_dma_ex.o
LOAD ./Drivers/STM32F4xx_HAL_Driver/Src/stm32f4xx_hal_exti.o
LOAD ./Drivers/STM32F4xx_HAL_Driver/Src/stm32f4xx_hal_flash.o
LOAD ./Drivers/STM32F4xx_HAL_Driver/Src/stm32f4xx_hal_flash_ex.o
LOAD ./Drivers/STM32F4xx_HAL_Driver/Src/stm32f4xx_hal_flash_ramfunc.o
LOAD ./Drivers/STM32F4xx_HAL_Driver/Src/stm32f4xx_hal_gpio.o
LOAD ./Drivers/STM32F4xx_HAL_Driver/Src/stm32f4xx_hal_iwdg.o
LOAD ./Drivers/STM32F4xx_HAL_Driver/Src/stm32f4xx_hal_pwr.o
LOAD ./Drivers/STM32F4xx_HAL_Driver/Src/stm32f4xx_hal_pwr_ex.o
LOAD ./Drivers/STM32F4xx_HAL_Driver/Src/stm32f4xx_hal_rcc.o
LOAD ./Drivers/STM32F4xx_HAL_Driver/Src/stm32f4xx_hal_rcc_ex.o
LOAD ./Drivers/STM32F4xx_HAL_Driver/Src/stm32f4xx_hal_tim.o
LOAD ./Drivers/STM32F4xx_HAL_Driver/Src/stm32f4xx_hal_tim_ex.o
LOAD ./Drivers/STM32F4xx_HAL_Driver/Src/stm32f4xx_hal_uart.o
LOAD ./Middlewares/Third_Party/FreeRTOS/Source/CMSIS_RTOS_V2/cmsis_os2.o
LOAD ./Middlewares/Third_Party/FreeRTOS/Source/croutine.o
LOAD ./Middlewares/Third_Party/FreeRTOS/Source/event_groups.o
LOAD ./Middlewares/Third_Party/FreeRTOS/Source/list.o
LOAD ./Middlewares/Third_Party/FreeRTOS/Source/queue.o
LOAD ./Middlewares/Third_Party/FreeRTOS/Source/stream_buffer.o
LOAD ./Middlewares/Third_Party/FreeRTOS/Source/tasks.o
LOAD ./Middlewares/Third_Party/FreeRTOS/Source/timers.o
LOAD ./Middlewares/Third_Party/FreeRTOS/Source/portable/GCC/ARM_CM4F/port.o
LOAD ./Middlewares/Third_Party/FreeRTOS/Source/portable/MemMang/heap_4.o
START GROUP
LOAD c:/st/stm32cubeide_1.9.0/stm32cubeide/plugins/com.st.stm32cube.ide.mcu.externaltools.gnu-tools-for-stm32.10.3-2021.10.win32_1.0.100.202210260954/tools/bin/../lib/gcc/arm-none-eabi/10.3.1/../../../../arm-none-eabi/lib/thumb/v7e-m+fp/hard\libstdc++_nano.a
LOAD c:/st/stm32cubeide_1.9.0/stm32cubeide/plugins/com.st.stm32cube.ide.mcu.externaltools.gnu-tools-for-stm32.10.3-2021.10.win32_1.0.100.202210260954/tools/bin/../lib/gcc/arm-none-eabi/10.3.1/../../../../arm-none-eabi/lib/thumb/v7e-m+fp/hard\libsupc++_nano.a
END GROUP
LOAD c:/st/stm32cubeide_1.9.0/stm32cubeide/plugins/com.st.stm32cube.ide.mcu.externaltools.gnu-tools-for-stm32.10.3-2021.10.win32_1.0.100.202210260954/tools/bin/../lib/gcc/arm-none-eabi/10.3.1/../../../../arm-none-eabi/lib/thumb/v7e-m+fp/hard\libstdc++_nano.a
LOAD c:/st/stm32cubeide_1.9.0/stm32cubeide/plugins/com.st.stm32cube.ide.mcu.externaltools.gnu-tools-for-stm32.10.3-2021.10.win32_1.0.100.202210260954/tools/bin/../lib/gcc/arm-none-eabi/10.3.1/../../../../arm-none-eabi/lib/thumb/v7e-m+fp/hard\libm.a
LOAD c:/st/stm32cubeide_1.9.0/stm32cubeide/plugins/com.st.stm32cube.ide.mcu.externaltools.gnu-tools-for-stm32.10.3-2021.10.win32_1.0.100.202210260954/tools/bin/../lib/gcc/arm-none-eabi/10.3.1/../../../../arm-none-eabi/lib/thumb/v7e-m+fp/hard\libc_nano.a
START GROUP
LOAD c:/st/stm32cubeide_1.9.0/stm32cubeide/plugins/com.st.stm32cube.ide.mcu.externaltools.gnu-tools-for-stm32.10.3-2021.10.win32_1.0.100.202210260954/tools/bin/../lib/gcc/arm-none-eabi/10.3.1/thumb/v7e-m+fp/hard\libgcc.a
LOAD c:/st/stm32cubeide_1.9.0/stm32cubeide/plugins/com.st.stm32cube.ide.mcu.externaltools.gnu-tools-for-stm32.10.3-2021.10.win32_1.0.100.202210260954/tools/bin/../lib/gcc/arm-none-eabi/10.3.1/../../../../arm-none-eabi/lib/thumb/v7e-m+fp/hard\libc_nano.a
END GROUP
START GROUP
LOAD c:/st/stm32cubeide_1.9.0/stm32cubeide/plugins/com.st.stm32cube.ide.mcu.externaltools.gnu-tools-for-stm32.10.3-2021.10.win32_1.0.100.202210260954/tools/bin/../lib/gcc/arm-none-eabi/10.3.1/thumb/v7e-m+fp/hard\libgcc.a
LOAD c:/st/stm32cubeide_1.9.0/stm32cubeide/plugins/com.st.stm32cube.ide.mcu.externaltools.gnu-tools-for-stm32.10.3-2021.10.win32_1.0.100.202210260954/tools/bin/../lib/gcc/arm-none-eabi/10.3.1/../../../../arm-none-eabi/lib/thumb/v7e-m+fp/hard\libc_nano.a
LOAD c:/st/stm32cubeide_1.9.0/stm32cubeide/plugins/com.st.stm32cube.ide.mcu.externaltools.gnu-tools-for-stm32.10.3-2021.10.win32_1.0.100.202210260954/tools/bin/../lib/gcc/arm-none-eabi/10.3.1/../../../../arm-none-eabi/lib/thumb/v7e-m+fp/hard\libnosys.a
END GROUP
START GROUP
LOAD c:/st/stm32cubeide_1.9.0/stm32cubeide/plugins/com.st.stm32cube.ide.mcu.externaltools.gnu-tools-for-stm32.10.3-2021.10.win32_1.0.100.202210260954/tools/bin/../lib/gcc/arm-none-eabi/10.3.1/thumb/v7e-m+fp/hard\libgcc.a
LOAD c:/st/stm32cubeide_1.9.0/stm32cubeide/plugins/com.st.stm32cube.ide.mcu.externaltools.gnu-tools-for-stm32.10.3-2021.10.win32_1.0.100.202210260954/tools/bin/../lib/gcc/arm-none-eabi/10.3.1/../../../../arm-none-eabi/lib/thumb/v7e-m+fp/hard\libc_nano.a
LOAD c:/st/stm32cubeide_1.9.0/stm32cubeide/plugins/com.st.stm32cube.ide.mcu.externaltools.gnu-tools-for-stm32.10.3-2021.10.win32_1.0.100.202210260954/tools/bin/../lib/gcc/arm-none-eabi/10.3.1/../../../../arm-none-eabi/lib/thumb/v7e-m+fp/hard\libnosys.a
END GROUP
LOAD c:/st/stm32cubeide_1.9.0/stm32cubeide/plugins/com.st.stm32cube.ide.mcu.externaltools.gnu-tools-for-stm32.10.3-2021.10.win32_1.0.100.202210260954/tools/bin/../lib/gcc/arm-none-eabi/10.3.1/thumb/v7e-m+fp/hard/crtend.o
LOAD c:/st/stm32cubeide_1.9.0/stm32cubeide/plugins/com.st.stm32cube.ide.mcu.externaltools.gnu-tools-for-stm32.10.3-2021.10.win32_1.0.100.202210260954/tools/bin/../lib/gcc/arm-none-eabi/10.3.1/thumb/v7e-m+fp/hard/crtn.o
                0x0000000020020000                _estack = (ORIGIN (RAM) + LENGTH (RAM))
                0x0000000000000200                _Min_Heap_Size = 0x200
                0x0000000000000400                _Min_Stack_Size = 0x400

.isr_vector     0x0000000008000000      0x188
                0x0000000008000000                . = ALIGN (0x4)
 *(.isr_vector)
 .isr_vector    0x0000000008000000      0x188 ./Core/Startup/startup_stm32f407vetx.o
                0x0000000008000000                g_pfnVectors
                0x0000000008000188                . = ALIGN (0x4)

.text           0x0000000008000190     0xad88
                0x0000000008000190                . = ALIGN (0x4)
 *(.text)
 .text          0x0000000008000190       0x40 c:/st/stm32cubeide_1.9.0/stm32cubeide/plugins/com.st.stm32cube.ide.mcu.externaltools.gnu-tools-for-stm32.10.3-2021.10.win32_1.0.100.202210260954/tools/bin/../lib/gcc/arm-none-eabi/10.3.1/thumb/v7e-m+fp/hard/crtbegin.o
 .text          0x00000000080001d0       0x30 c:/st/stm32cubeide_1.9.0/stm32cubeide/plugins/com.st.stm32cube.ide.mcu.externaltools.gnu-tools-for-stm32.10.3-2021.10.win32_1.0.100.202210260954/tools/bin/../lib/gcc/arm-none-eabi/10.3.1/thumb/v7e-m+fp/hard\libgcc.a(_aeabi_uldivmod.o)
                0x00000000080001d0                __aeabi_uldivmod
 .text          0x0000000008000200      0x2d0 c:/st/stm32cubeide_1.9.0/stm32cubeide/plugins/com.st.stm32cube.ide.mcu.externaltools.gnu-tools-for-stm32.10.3-2021.10.win32_1.0.100.202210260954/tools/bin/../lib/gcc/arm-none-eabi/10.3.1/thumb/v7e-m+fp/hard\libgcc.a(_udivmoddi4.o)
                0x0000000008000200                __udivmoddi4
 .text          0x00000000080004d0        0x4 c:/st/stm32cubeide_1.9.0/stm32cubeide/plugins/com.st.stm32cube.ide.mcu.externaltools.gnu-tools-for-stm32.10.3-2021.10.win32_1.0.100.202210260954/tools/bin/../lib/gcc/arm-none-eabi/10.3.1/thumb/v7e-m+fp/hard\libgcc.a(_dvmd_tls.o)
                0x00000000080004d0                __aeabi_idiv0
                0x00000000080004d0                __aeabi_ldiv0
 *(.text*)
 .text.MX_CAN1_Init
                0x00000000080004d4       0xd0 ./Core/Src/can.o
                0x00000000080004d4                MX_CAN1_Init
 .text.HAL_CAN_MspInit
                0x00000000080005a4       0xb0 ./Core/Src/can.o
                0x00000000080005a4                HAL_CAN_MspInit
 .text.MX_DMA_Init
                0x0000000008000654       0x7c ./Core/Src/dma.o
                0x0000000008000654                MX_DMA_Init
 .text.MX_FREERTOS_Init
                0x00000000080006d0       0xe8 ./Core/Src/freertos.o
                0x00000000080006d0                MX_FREERTOS_Init
 .text.StartDefaultTask
                0x00000000080007b8       0x12 ./Core/Src/freertos.o
                0x00000000080007b8                StartDefaultTask
 *fill*         0x00000000080007ca        0x2 
 .text.MX_GPIO_Init
                0x00000000080007cc      0x228 ./Core/Src/gpio.o
                0x00000000080007cc                MX_GPIO_Init
 .text.MX_IWDG_Init
                0x00000000080009f4       0x34 ./Core/Src/iwdg.o
                0x00000000080009f4                MX_IWDG_Init
 .text.main     0x0000000008000a28       0xd0 ./Core/Src/main.o
                0x0000000008000a28                main
 .text.SystemClock_Config
                0x0000000008000af8       0xd8 ./Core/Src/main.o
                0x0000000008000af8                SystemClock_Config
 .text.HAL_TIM_PeriodElapsedCallback
                0x0000000008000bd0       0x24 ./Core/Src/main.o
                0x0000000008000bd0                HAL_TIM_PeriodElapsedCallback
 .text.Error_Handler
                0x0000000008000bf4        0xa ./Core/Src/main.o
                0x0000000008000bf4                Error_Handler
 *fill*         0x0000000008000bfe        0x2 
 .text.HAL_MspInit
                0x0000000008000c00       0x58 ./Core/Src/stm32f4xx_hal_msp.o
                0x0000000008000c00                HAL_MspInit
 .text.HAL_InitTick
                0x0000000008000c58       0xf8 ./Core/Src/stm32f4xx_hal_timebase_tim.o
                0x0000000008000c58                HAL_InitTick
 .text.NMI_Handler
                0x0000000008000d50        0x6 ./Core/Src/stm32f4xx_it.o
                0x0000000008000d50                NMI_Handler
 .text.HardFault_Handler
                0x0000000008000d56        0x6 ./Core/Src/stm32f4xx_it.o
                0x0000000008000d56                HardFault_Handler
 .text.MemManage_Handler
                0x0000000008000d5c        0x6 ./Core/Src/stm32f4xx_it.o
                0x0000000008000d5c                MemManage_Handler
 .text.BusFault_Handler
                0x0000000008000d62        0x6 ./Core/Src/stm32f4xx_it.o
                0x0000000008000d62                BusFault_Handler
 .text.UsageFault_Handler
                0x0000000008000d68        0x6 ./Core/Src/stm32f4xx_it.o
                0x0000000008000d68                UsageFault_Handler
 .text.DebugMon_Handler
                0x0000000008000d6e        0xe ./Core/Src/stm32f4xx_it.o
                0x0000000008000d6e                DebugMon_Handler
 .text.DMA1_Stream1_IRQHandler
                0x0000000008000d7c       0x14 ./Core/Src/stm32f4xx_it.o
                0x0000000008000d7c                DMA1_Stream1_IRQHandler
 .text.DMA1_Stream5_IRQHandler
                0x0000000008000d90       0x14 ./Core/Src/stm32f4xx_it.o
                0x0000000008000d90                DMA1_Stream5_IRQHandler
 .text.CAN1_RX0_IRQHandler
                0x0000000008000da4       0x14 ./Core/Src/stm32f4xx_it.o
                0x0000000008000da4                CAN1_RX0_IRQHandler
 .text.CAN1_SCE_IRQHandler
                0x0000000008000db8       0x14 ./Core/Src/stm32f4xx_it.o
                0x0000000008000db8                CAN1_SCE_IRQHandler
 .text.USART1_IRQHandler
                0x0000000008000dcc       0x14 ./Core/Src/stm32f4xx_it.o
                0x0000000008000dcc                USART1_IRQHandler
 .text.USART2_IRQHandler
                0x0000000008000de0       0x14 ./Core/Src/stm32f4xx_it.o
                0x0000000008000de0                USART2_IRQHandler
 .text.USART3_IRQHandler
                0x0000000008000df4       0x14 ./Core/Src/stm32f4xx_it.o
                0x0000000008000df4                USART3_IRQHandler
 .text.TIM6_DAC_IRQHandler
                0x0000000008000e08       0x14 ./Core/Src/stm32f4xx_it.o
                0x0000000008000e08                TIM6_DAC_IRQHandler
 .text.DMA2_Stream2_IRQHandler
                0x0000000008000e1c       0x14 ./Core/Src/stm32f4xx_it.o
                0x0000000008000e1c                DMA2_Stream2_IRQHandler
 .text.SystemInit
                0x0000000008000e30       0x24 ./Core/Src/system_stm32f4xx.o
                0x0000000008000e30                SystemInit
 .text.MX_TIM3_Init
                0x0000000008000e54      0x130 ./Core/Src/tim.o
                0x0000000008000e54                MX_TIM3_Init
 .text.MX_TIM4_Init
                0x0000000008000f84       0xa8 ./Core/Src/tim.o
                0x0000000008000f84                MX_TIM4_Init
 .text.HAL_TIM_Base_MspInit
                0x000000000800102c       0x44 ./Core/Src/tim.o
                0x000000000800102c                HAL_TIM_Base_MspInit
 .text.HAL_TIM_Encoder_MspInit
                0x0000000008001070       0x90 ./Core/Src/tim.o
                0x0000000008001070                HAL_TIM_Encoder_MspInit
 .text.HAL_TIM_MspPostInit
                0x0000000008001100       0x74 ./Core/Src/tim.o
                0x0000000008001100                HAL_TIM_MspPostInit
 .text.MX_USART1_UART_Init
                0x0000000008001174       0x54 ./Core/Src/usart.o
                0x0000000008001174                MX_USART1_UART_Init
 .text.MX_USART2_UART_Init
                0x00000000080011c8       0x54 ./Core/Src/usart.o
                0x00000000080011c8                MX_USART2_UART_Init
 .text.MX_USART3_UART_Init
                0x000000000800121c       0x54 ./Core/Src/usart.o
                0x000000000800121c                MX_USART3_UART_Init
 .text.HAL_UART_MspInit
                0x0000000008001270      0x2c4 ./Core/Src/usart.o
                0x0000000008001270                HAL_UART_MspInit
 .text.Reset_Handler
                0x0000000008001534       0x50 ./Core/Startup/startup_stm32f407vetx.o
                0x0000000008001534                Reset_Handler
 .text.Default_Handler
                0x0000000008001584        0x2 ./Core/Startup/startup_stm32f407vetx.o
                0x0000000008001584                RTC_Alarm_IRQHandler
                0x0000000008001584                HASH_RNG_IRQHandler
                0x0000000008001584                EXTI2_IRQHandler
                0x0000000008001584                TIM8_CC_IRQHandler
                0x0000000008001584                TIM1_CC_IRQHandler
                0x0000000008001584                DMA2_Stream5_IRQHandler
                0x0000000008001584                PVD_IRQHandler
                0x0000000008001584                SDIO_IRQHandler
                0x0000000008001584                TAMP_STAMP_IRQHandler
                0x0000000008001584                CAN2_RX1_IRQHandler
                0x0000000008001584                EXTI3_IRQHandler
                0x0000000008001584                TIM8_TRG_COM_TIM14_IRQHandler
                0x0000000008001584                TIM1_UP_TIM10_IRQHandler
                0x0000000008001584                TIM8_UP_TIM13_IRQHandler
                0x0000000008001584                I2C3_ER_IRQHandler
                0x0000000008001584                EXTI0_IRQHandler
                0x0000000008001584                I2C2_EV_IRQHandler
                0x0000000008001584                DMA1_Stream2_IRQHandler
                0x0000000008001584                FPU_IRQHandler
                0x0000000008001584                OTG_HS_WKUP_IRQHandler
                0x0000000008001584                CAN2_SCE_IRQHandler
                0x0000000008001584                SPI1_IRQHandler
                0x0000000008001584                TIM1_BRK_TIM9_IRQHandler
                0x0000000008001584                DCMI_IRQHandler
                0x0000000008001584                CAN2_RX0_IRQHandler
                0x0000000008001584                DMA2_Stream3_IRQHandler
                0x0000000008001584                USART6_IRQHandler
                0x0000000008001584                CAN1_RX1_IRQHandler
                0x0000000008001584                UART5_IRQHandler
                0x0000000008001584                DMA2_Stream0_IRQHandler
                0x0000000008001584                TIM4_IRQHandler
                0x0000000008001584                I2C1_EV_IRQHandler
                0x0000000008001584                DMA1_Stream6_IRQHandler
                0x0000000008001584                UART4_IRQHandler
                0x0000000008001584                TIM3_IRQHandler
                0x0000000008001584                RCC_IRQHandler
                0x0000000008001584                TIM8_BRK_TIM12_IRQHandler
                0x0000000008001584                Default_Handler
                0x0000000008001584                EXTI15_10_IRQHandler
                0x0000000008001584                ADC_IRQHandler
                0x0000000008001584                DMA1_Stream7_IRQHandler
                0x0000000008001584                TIM7_IRQHandler
                0x0000000008001584                CAN2_TX_IRQHandler
                0x0000000008001584                TIM5_IRQHandler
                0x0000000008001584                DMA2_Stream7_IRQHandler
                0x0000000008001584                I2C3_EV_IRQHandler
                0x0000000008001584                EXTI9_5_IRQHandler
                0x0000000008001584                RTC_WKUP_IRQHandler
                0x0000000008001584                ETH_WKUP_IRQHandler
                0x0000000008001584                SPI2_IRQHandler
                0x0000000008001584                OTG_HS_EP1_IN_IRQHandler
                0x0000000008001584                DMA1_Stream0_IRQHandler
                0x0000000008001584                CAN1_TX_IRQHandler
                0x0000000008001584                EXTI4_IRQHandler
                0x0000000008001584                FSMC_IRQHandler
                0x0000000008001584                ETH_IRQHandler
                0x0000000008001584                OTG_HS_EP1_OUT_IRQHandler
                0x0000000008001584                WWDG_IRQHandler
                0x0000000008001584                TIM2_IRQHandler
                0x0000000008001584                OTG_FS_WKUP_IRQHandler
                0x0000000008001584                TIM1_TRG_COM_TIM11_IRQHandler
                0x0000000008001584                OTG_HS_IRQHandler
                0x0000000008001584                EXTI1_IRQHandler
                0x0000000008001584                I2C2_ER_IRQHandler
                0x0000000008001584                DMA2_Stream1_IRQHandler
                0x0000000008001584                FLASH_IRQHandler
                0x0000000008001584                DMA2_Stream4_IRQHandler
                0x0000000008001584                OTG_FS_IRQHandler
                0x0000000008001584                SPI3_IRQHandler
                0x0000000008001584                DMA1_Stream4_IRQHandler
                0x0000000008001584                I2C1_ER_IRQHandler
                0x0000000008001584                DMA2_Stream6_IRQHandler
                0x0000000008001584                DMA1_Stream3_IRQHandler
 .text._ZN16KeyaLKTechDriverC2EmmmR15GlobDataTypeDef
                0x0000000008001586       0xb2 ./Core/cpp/Src/KeyaLKTechDriver.o
                0x0000000008001586                KeyaLKTechDriver::KeyaLKTechDriver(unsigned long, unsigned long, unsigned long, GlobDataTypeDef&)
                0x0000000008001586                KeyaLKTechDriver::KeyaLKTechDriver(unsigned long, unsigned long, unsigned long, GlobDataTypeDef&)
 .text._ZN16KeyaLKTechDriverC2EmmR15GlobDataTypeDef
                0x0000000008001638       0x28 ./Core/cpp/Src/KeyaLKTechDriver.o
                0x0000000008001638                KeyaLKTechDriver::KeyaLKTechDriver(unsigned long, unsigned long, GlobDataTypeDef&)
                0x0000000008001638                KeyaLKTechDriver::KeyaLKTechDriver(unsigned long, unsigned long, GlobDataTypeDef&)
 .text._ZN16KeyaLKTechDriverC2EmR15GlobDataTypeDef
                0x0000000008001660       0x26 ./Core/cpp/Src/KeyaLKTechDriver.o
                0x0000000008001660                KeyaLKTechDriver::KeyaLKTechDriver(unsigned long, GlobDataTypeDef&)
                0x0000000008001660                KeyaLKTechDriver::KeyaLKTechDriver(unsigned long, GlobDataTypeDef&)
 .text._ZN16KeyaLKTechDriver8setSpeedEl
                0x0000000008001686       0xca ./Core/cpp/Src/KeyaLKTechDriver.o
                0x0000000008001686                KeyaLKTechDriver::setSpeed(long)
 .text._ZN16KeyaLKTechDriver4stopEv
                0x0000000008001750       0x9c ./Core/cpp/Src/KeyaLKTechDriver.o
                0x0000000008001750                KeyaLKTechDriver::stop()
 .text._ZN16KeyaLKTechDriver6enableEv
                0x00000000080017ec       0x9e ./Core/cpp/Src/KeyaLKTechDriver.o
                0x00000000080017ec                KeyaLKTechDriver::enable()
 .text._ZN16KeyaLKTechDriver5getIdEv
                0x000000000800188a       0x26 ./Core/cpp/Src/KeyaLKTechDriver.o
                0x000000000800188a                KeyaLKTechDriver::getId()
 .text._ZN16KeyaLKTechDriver7readEncEv
                0x00000000080018b0       0xa0 ./Core/cpp/Src/KeyaLKTechDriver.o
                0x00000000080018b0                KeyaLKTechDriver::readEnc()
 .text._ZN16KeyaLKTechDriver9readErrorEv
                0x0000000008001950       0x62 ./Core/cpp/Src/KeyaLKTechDriver.o
                0x0000000008001950                KeyaLKTechDriver::readError()
 .text._ZN16KeyaLKTechDriver10resetErrorEv
                0x00000000080019b2       0x62 ./Core/cpp/Src/KeyaLKTechDriver.o
                0x00000000080019b2                KeyaLKTechDriver::resetError()
 .text._ZN16KeyaLKTechDriver6getPosEv
                0x0000000008001a14       0x18 ./Core/cpp/Src/KeyaLKTechDriver.o
                0x0000000008001a14                KeyaLKTechDriver::getPos()
 .text._ZN16KeyaLKTechDriver8getSpeedEv
                0x0000000008001a2c       0x18 ./Core/cpp/Src/KeyaLKTechDriver.o
                0x0000000008001a2c                KeyaLKTechDriver::getSpeed()
 .text._ZN16KeyaLKTechDriver8getErrorEv
                0x0000000008001a44       0x1a ./Core/cpp/Src/KeyaLKTechDriver.o
                0x0000000008001a44                KeyaLKTechDriver::getError()
 .text._ZN16KeyaLKTechDriver7setTempEa
                0x0000000008001a5e       0x20 ./Core/cpp/Src/KeyaLKTechDriver.o
                0x0000000008001a5e                KeyaLKTechDriver::setTemp(signed char)
 .text._ZN16KeyaLKTechDriver8setErrorEa
                0x0000000008001a7e       0x20 ./Core/cpp/Src/KeyaLKTechDriver.o
                0x0000000008001a7e                KeyaLKTechDriver::setError(signed char)
 *fill*         0x0000000008001a9e        0x2 
 .text._ZN16KeyaLKTechDriver6setPosEl
                0x0000000008001aa0      0x184 ./Core/cpp/Src/KeyaLKTechDriver.o
                0x0000000008001aa0                KeyaLKTechDriver::setPos(long)
 .text._ZN16KeyaLKTechDriver6setEncEl
                0x0000000008001c24       0x3e ./Core/cpp/Src/KeyaLKTechDriver.o
                0x0000000008001c24                KeyaLKTechDriver::setEnc(long)
 .text._ZN16KeyaLKTechDriver13UnwrapEncoderEtPl
                0x0000000008001c62       0x68 ./Core/cpp/Src/KeyaLKTechDriver.o
                0x0000000008001c62                KeyaLKTechDriver::UnwrapEncoder(unsigned short, long*)
 .text._ZN16KeyaLKTechDriver8sendDataEv
                0x0000000008001cca       0x22 ./Core/cpp/Src/KeyaLKTechDriver.o
                0x0000000008001cca                KeyaLKTechDriver::sendData()
 .text._ZN5ServoC2EP17TIM_HandleTypeDefm
                0x0000000008001cec       0x26 ./Core/cpp/Src/Servo.o
                0x0000000008001cec                Servo::Servo(TIM_HandleTypeDef*, unsigned long)
                0x0000000008001cec                Servo::Servo(TIM_HandleTypeDef*, unsigned long)
 .text._ZN5Servo8setAngleEl
                0x0000000008001d12       0x8e ./Core/cpp/Src/Servo.o
                0x0000000008001d12                Servo::setAngle(long)
 .text._ZN5Servo8getAngleEv
                0x0000000008001da0       0x18 ./Core/cpp/Src/Servo.o
                0x0000000008001da0                Servo::getAngle()
 .text._ZN5Servo7disableEv
                0x0000000008001db8       0x28 ./Core/cpp/Src/Servo.o
                0x0000000008001db8                Servo::disable()
 .text._ZN5Servo3mapEiiiii
                0x0000000008001de0       0x38 ./Core/cpp/Src/Servo.o
                0x0000000008001de0                Servo::map(int, int, int, int, int)
 .text.__NVIC_EnableIRQ
                0x0000000008001e18       0x3c ./Core/cpp/Src/canbus.o
 .text.__NVIC_DisableIRQ
                0x0000000008001e54       0x48 ./Core/cpp/Src/canbus.o
 .text.StartCanTask
                0x0000000008001e9c       0x54 ./Core/cpp/Src/canbus.o
                0x0000000008001e9c                StartCanTask
 .text.CanMsgRead
                0x0000000008001ef0      0x114 ./Core/cpp/Src/canbus.o
                0x0000000008001ef0                CanMsgRead
 .text.CanMsgSend
                0x0000000008002004       0x64 ./Core/cpp/Src/canbus.o
                0x0000000008002004                CanMsgSend
 .text.HAL_CAN_RxFifo0MsgPendingCallback
                0x0000000008002068       0x44 ./Core/cpp/Src/canbus.o
                0x0000000008002068                HAL_CAN_RxFifo0MsgPendingCallback
 .text.HAL_CAN_ErrorCallback
                0x00000000080020ac       0x20 ./Core/cpp/Src/canbus.o
                0x00000000080020ac                HAL_CAN_ErrorCallback
 .text.StartCanDriversTask
                0x00000000080020cc      0x204 ./Core/cpp/Src/drivers_control.o
                0x00000000080020cc                StartCanDriversTask
 .text.driversInit
                0x00000000080022d0       0x6c ./Core/cpp/Src/drivers_control.o
                0x00000000080022d0                driversInit
 .text.driversStop
                0x000000000800233c       0x40 ./Core/cpp/Src/drivers_control.o
                0x000000000800233c                driversStop
 .text._Z41__static_initialization_and_destruction_0ii
                0x000000000800237c       0x6c ./Core/cpp/Src/drivers_control.o
 .text._GLOBAL__sub_I_driverX1
                0x00000000080023e8       0x10 ./Core/cpp/Src/drivers_control.o
 .text.StartInputsTask
                0x00000000080023f8      0x1d4 ./Core/cpp/Src/inputs.o
                0x00000000080023f8                StartInputsTask
 .text.unwrap_encoder
                0x00000000080025cc       0x66 ./Core/cpp/Src/inputs.o
                0x00000000080025cc                unwrap_encoder
 .text.StartMissionsTask
                0x0000000008002632       0x12 ./Core/cpp/Src/mission.o
                0x0000000008002632                StartMissionsTask
 .text.StartOutputsTask
                0x0000000008002644       0x30 ./Core/cpp/Src/outputs.o
                0x0000000008002644                StartOutputsTask
 .text.SetOutputs
                0x0000000008002674      0x214 ./Core/cpp/Src/outputs.o
                0x0000000008002674                SetOutputs
 .text.LedBlink
                0x0000000008002888       0x88 ./Core/cpp/Src/outputs.o
                0x0000000008002888                LedBlink
 .text.StartServoTask
                0x0000000008002910       0x84 ./Core/cpp/Src/servo_control.o
                0x0000000008002910                StartServoTask
 .text._Z41__static_initialization_and_destruction_0ii
                0x0000000008002994       0x44 ./Core/cpp/Src/servo_control.o
 .text._GLOBAL__sub_I_servo1
                0x00000000080029d8       0x10 ./Core/cpp/Src/servo_control.o
 .text.StartUartWiFiTask
                0x00000000080029e8      0x1b0 ./Core/cpp/Src/uart_wifi.o
                0x00000000080029e8                StartUartWiFiTask
 .text.sendStatus
                0x0000000008002b98       0xcc ./Core/cpp/Src/uart_wifi.o
                0x0000000008002b98                sendStatus
 .text.checkData
                0x0000000008002c64       0x48 ./Core/cpp/Src/uart_wifi.o
                0x0000000008002c64                checkData
 .text.rcGetBattery
                0x0000000008002cac      0x680 ./Core/cpp/Src/uart_wifi.o
                0x0000000008002cac                rcGetBattery
 .text.calculateCS
                0x000000000800332c       0x3e ./Core/cpp/Src/uart_wifi.o
                0x000000000800332c                calculateCS
 *fill*         0x000000000800336a        0x2 
 .text.HAL_UART_ErrorCallback
                0x000000000800336c      0x1a8 ./Core/cpp/Src/uart_wifi.o
                0x000000000800336c                HAL_UART_ErrorCallback
 .text.HAL_UARTEx_RxEventCallback
                0x0000000008003514       0xd4 ./Core/cpp/Src/uart_wifi.o
                0x0000000008003514                HAL_UARTEx_RxEventCallback
 .text.HAL_Init
                0x00000000080035e8       0x44 ./Drivers/STM32F4xx_HAL_Driver/Src/stm32f4xx_hal.o
                0x00000000080035e8                HAL_Init
 .text.HAL_IncTick
                0x000000000800362c       0x28 ./Drivers/STM32F4xx_HAL_Driver/Src/stm32f4xx_hal.o
                0x000000000800362c                HAL_IncTick
 .text.HAL_GetTick
                0x0000000008003654       0x18 ./Drivers/STM32F4xx_HAL_Driver/Src/stm32f4xx_hal.o
                0x0000000008003654                HAL_GetTick
 .text.HAL_Delay
                0x000000000800366c       0x48 ./Drivers/STM32F4xx_HAL_Driver/Src/stm32f4xx_hal.o
                0x000000000800366c                HAL_Delay
 .text.HAL_CAN_Init
                0x00000000080036b4      0x1f6 ./Drivers/STM32F4xx_HAL_Driver/Src/stm32f4xx_hal_can.o
                0x00000000080036b4                HAL_CAN_Init
 *fill*         0x00000000080038aa        0x2 
 .text.HAL_CAN_ConfigFilter
                0x00000000080038ac      0x1c0 ./Drivers/STM32F4xx_HAL_Driver/Src/stm32f4xx_hal_can.o
                0x00000000080038ac                HAL_CAN_ConfigFilter
 .text.HAL_CAN_Start
                0x0000000008003a6c       0x88 ./Drivers/STM32F4xx_HAL_Driver/Src/stm32f4xx_hal_can.o
                0x0000000008003a6c                HAL_CAN_Start
 .text.HAL_CAN_AddTxMessage
                0x0000000008003af4      0x1b6 ./Drivers/STM32F4xx_HAL_Driver/Src/stm32f4xx_hal_can.o
                0x0000000008003af4                HAL_CAN_AddTxMessage
 .text.HAL_CAN_GetTxMailboxesFreeLevel
                0x0000000008003caa       0x6a ./Drivers/STM32F4xx_HAL_Driver/Src/stm32f4xx_hal_can.o
                0x0000000008003caa                HAL_CAN_GetTxMailboxesFreeLevel
 .text.HAL_CAN_GetRxMessage
                0x0000000008003d14      0x224 ./Drivers/STM32F4xx_HAL_Driver/Src/stm32f4xx_hal_can.o
                0x0000000008003d14                HAL_CAN_GetRxMessage
 .text.HAL_CAN_ActivateNotification
                0x0000000008003f38       0x4c ./Drivers/STM32F4xx_HAL_Driver/Src/stm32f4xx_hal_can.o
                0x0000000008003f38                HAL_CAN_ActivateNotification
 .text.HAL_CAN_IRQHandler
                0x0000000008003f84      0x36e ./Drivers/STM32F4xx_HAL_Driver/Src/stm32f4xx_hal_can.o
                0x0000000008003f84                HAL_CAN_IRQHandler
 .text.HAL_CAN_TxMailbox0CompleteCallback
                0x00000000080042f2       0x14 ./Drivers/STM32F4xx_HAL_Driver/Src/stm32f4xx_hal_can.o
                0x00000000080042f2                HAL_CAN_TxMailbox0CompleteCallback
 .text.HAL_CAN_TxMailbox1CompleteCallback
                0x0000000008004306       0x14 ./Drivers/STM32F4xx_HAL_Driver/Src/stm32f4xx_hal_can.o
                0x0000000008004306                HAL_CAN_TxMailbox1CompleteCallback
 .text.HAL_CAN_TxMailbox2CompleteCallback
                0x000000000800431a       0x14 ./Drivers/STM32F4xx_HAL_Driver/Src/stm32f4xx_hal_can.o
                0x000000000800431a                HAL_CAN_TxMailbox2CompleteCallback
 .text.HAL_CAN_TxMailbox0AbortCallback
                0x000000000800432e       0x14 ./Drivers/STM32F4xx_HAL_Driver/Src/stm32f4xx_hal_can.o
                0x000000000800432e                HAL_CAN_TxMailbox0AbortCallback
 .text.HAL_CAN_TxMailbox1AbortCallback
                0x0000000008004342       0x14 ./Drivers/STM32F4xx_HAL_Driver/Src/stm32f4xx_hal_can.o
                0x0000000008004342                HAL_CAN_TxMailbox1AbortCallback
 .text.HAL_CAN_TxMailbox2AbortCallback
                0x0000000008004356       0x14 ./Drivers/STM32F4xx_HAL_Driver/Src/stm32f4xx_hal_can.o
                0x0000000008004356                HAL_CAN_TxMailbox2AbortCallback
 .text.HAL_CAN_RxFifo0FullCallback
                0x000000000800436a       0x14 ./Drivers/STM32F4xx_HAL_Driver/Src/stm32f4xx_hal_can.o
                0x000000000800436a                HAL_CAN_RxFifo0FullCallback
 .text.HAL_CAN_RxFifo1MsgPendingCallback
                0x000000000800437e       0x14 ./Drivers/STM32F4xx_HAL_Driver/Src/stm32f4xx_hal_can.o
                0x000000000800437e                HAL_CAN_RxFifo1MsgPendingCallback
 .text.HAL_CAN_RxFifo1FullCallback
                0x0000000008004392       0x14 ./Drivers/STM32F4xx_HAL_Driver/Src/stm32f4xx_hal_can.o
                0x0000000008004392                HAL_CAN_RxFifo1FullCallback
 .text.HAL_CAN_SleepCallback
                0x00000000080043a6       0x14 ./Drivers/STM32F4xx_HAL_Driver/Src/stm32f4xx_hal_can.o
                0x00000000080043a6                HAL_CAN_SleepCallback
 .text.HAL_CAN_WakeUpFromRxMsgCallback
                0x00000000080043ba       0x14 ./Drivers/STM32F4xx_HAL_Driver/Src/stm32f4xx_hal_can.o
                0x00000000080043ba                HAL_CAN_WakeUpFromRxMsgCallback
 *fill*         0x00000000080043ce        0x2 
 .text.__NVIC_SetPriorityGrouping
                0x00000000080043d0       0x48 ./Drivers/STM32F4xx_HAL_Driver/Src/stm32f4xx_hal_cortex.o
 .text.__NVIC_GetPriorityGrouping
                0x0000000008004418       0x1c ./Drivers/STM32F4xx_HAL_Driver/Src/stm32f4xx_hal_cortex.o
 .text.__NVIC_EnableIRQ
                0x0000000008004434       0x3c ./Drivers/STM32F4xx_HAL_Driver/Src/stm32f4xx_hal_cortex.o
 .text.__NVIC_SetPriority
                0x0000000008004470       0x54 ./Drivers/STM32F4xx_HAL_Driver/Src/stm32f4xx_hal_cortex.o
 .text.NVIC_EncodePriority
                0x00000000080044c4       0x66 ./Drivers/STM32F4xx_HAL_Driver/Src/stm32f4xx_hal_cortex.o
 .text.HAL_NVIC_SetPriorityGrouping
                0x000000000800452a       0x16 ./Drivers/STM32F4xx_HAL_Driver/Src/stm32f4xx_hal_cortex.o
                0x000000000800452a                HAL_NVIC_SetPriorityGrouping
 .text.HAL_NVIC_SetPriority
                0x0000000008004540       0x38 ./Drivers/STM32F4xx_HAL_Driver/Src/stm32f4xx_hal_cortex.o
                0x0000000008004540                HAL_NVIC_SetPriority
 .text.HAL_NVIC_EnableIRQ
                0x0000000008004578       0x1c ./Drivers/STM32F4xx_HAL_Driver/Src/stm32f4xx_hal_cortex.o
                0x0000000008004578                HAL_NVIC_EnableIRQ
 .text.HAL_DMA_Init
                0x0000000008004594      0x15c ./Drivers/STM32F4xx_HAL_Driver/Src/stm32f4xx_hal_dma.o
                0x0000000008004594                HAL_DMA_Init
 .text.HAL_DMA_Start_IT
                0x00000000080046f0       0xb0 ./Drivers/STM32F4xx_HAL_Driver/Src/stm32f4xx_hal_dma.o
                0x00000000080046f0                HAL_DMA_Start_IT
 .text.HAL_DMA_Abort
                0x00000000080047a0       0xe0 ./Drivers/STM32F4xx_HAL_Driver/Src/stm32f4xx_hal_dma.o
                0x00000000080047a0                HAL_DMA_Abort
 .text.HAL_DMA_Abort_IT
                0x0000000008004880       0x44 ./Drivers/STM32F4xx_HAL_Driver/Src/stm32f4xx_hal_dma.o
                0x0000000008004880                HAL_DMA_Abort_IT
 .text.HAL_DMA_IRQHandler
                0x00000000080048c4      0x314 ./Drivers/STM32F4xx_HAL_Driver/Src/stm32f4xx_hal_dma.o
                0x00000000080048c4                HAL_DMA_IRQHandler
 .text.DMA_SetConfig
                0x0000000008004bd8       0x5c ./Drivers/STM32F4xx_HAL_Driver/Src/stm32f4xx_hal_dma.o
 .text.DMA_CalcBaseAndBitshift
                0x0000000008004c34       0x6c ./Drivers/STM32F4xx_HAL_Driver/Src/stm32f4xx_hal_dma.o
 .text.DMA_CheckFifoParam
                0x0000000008004ca0       0xf8 ./Drivers/STM32F4xx_HAL_Driver/Src/stm32f4xx_hal_dma.o
 .text.HAL_GPIO_Init
                0x0000000008004d98      0x338 ./Drivers/STM32F4xx_HAL_Driver/Src/stm32f4xx_hal_gpio.o
                0x0000000008004d98                HAL_GPIO_Init
 .text.HAL_GPIO_WritePin
                0x00000000080050d0       0x32 ./Drivers/STM32F4xx_HAL_Driver/Src/stm32f4xx_hal_gpio.o
                0x00000000080050d0                HAL_GPIO_WritePin
 .text.HAL_IWDG_Init
                0x0000000008005102       0x84 ./Drivers/STM32F4xx_HAL_Driver/Src/stm32f4xx_hal_iwdg.o
                0x0000000008005102                HAL_IWDG_Init
 .text.HAL_IWDG_Refresh
                0x0000000008005186       0x20 ./Drivers/STM32F4xx_HAL_Driver/Src/stm32f4xx_hal_iwdg.o
                0x0000000008005186                HAL_IWDG_Refresh
 *fill*         0x00000000080051a6        0x2 
 .text.HAL_RCC_OscConfig
                0x00000000080051a8      0x4f0 ./Drivers/STM32F4xx_HAL_Driver/Src/stm32f4xx_hal_rcc.o
                0x00000000080051a8                HAL_RCC_OscConfig
 .text.HAL_RCC_ClockConfig
                0x0000000008005698      0x1cc ./Drivers/STM32F4xx_HAL_Driver/Src/stm32f4xx_hal_rcc.o
                0x0000000008005698                HAL_RCC_ClockConfig
 .text.HAL_RCC_GetSysClockFreq
                0x0000000008005864      0x20c ./Drivers/STM32F4xx_HAL_Driver/Src/stm32f4xx_hal_rcc.o
                0x0000000008005864                HAL_RCC_GetSysClockFreq
 .text.HAL_RCC_GetHCLKFreq
                0x0000000008005a70       0x18 ./Drivers/STM32F4xx_HAL_Driver/Src/stm32f4xx_hal_rcc.o
                0x0000000008005a70                HAL_RCC_GetHCLKFreq
 .text.HAL_RCC_GetPCLK1Freq
                0x0000000008005a88       0x28 ./Drivers/STM32F4xx_HAL_Driver/Src/stm32f4xx_hal_rcc.o
                0x0000000008005a88                HAL_RCC_GetPCLK1Freq
 .text.HAL_RCC_GetPCLK2Freq
                0x0000000008005ab0       0x28 ./Drivers/STM32F4xx_HAL_Driver/Src/stm32f4xx_hal_rcc.o
                0x0000000008005ab0                HAL_RCC_GetPCLK2Freq
 .text.HAL_RCC_GetClockConfig
                0x0000000008005ad8       0x64 ./Drivers/STM32F4xx_HAL_Driver/Src/stm32f4xx_hal_rcc.o
                0x0000000008005ad8                HAL_RCC_GetClockConfig
 .text.HAL_TIM_Base_Init
                0x0000000008005b3c       0x9e ./Drivers/STM32F4xx_HAL_Driver/Src/stm32f4xx_hal_tim.o
                0x0000000008005b3c                HAL_TIM_Base_Init
 *fill*         0x0000000008005bda        0x2 
 .text.HAL_TIM_Base_Start_IT
                0x0000000008005bdc       0xe0 ./Drivers/STM32F4xx_HAL_Driver/Src/stm32f4xx_hal_tim.o
                0x0000000008005bdc                HAL_TIM_Base_Start_IT
 .text.HAL_TIM_PWM_Init
                0x0000000008005cbc       0x9e ./Drivers/STM32F4xx_HAL_Driver/Src/stm32f4xx_hal_tim.o
                0x0000000008005cbc                HAL_TIM_PWM_Init
 .text.HAL_TIM_PWM_MspInit
                0x0000000008005d5a       0x14 ./Drivers/STM32F4xx_HAL_Driver/Src/stm32f4xx_hal_tim.o
                0x0000000008005d5a                HAL_TIM_PWM_MspInit
 *fill*         0x0000000008005d6e        0x2 
 .text.HAL_TIM_PWM_Start
                0x0000000008005d70      0x190 ./Drivers/STM32F4xx_HAL_Driver/Src/stm32f4xx_hal_tim.o
                0x0000000008005d70                HAL_TIM_PWM_Start
 .text.HAL_TIM_PWM_Stop
                0x0000000008005f00       0xe0 ./Drivers/STM32F4xx_HAL_Driver/Src/stm32f4xx_hal_tim.o
                0x0000000008005f00                HAL_TIM_PWM_Stop
 .text.HAL_TIM_Encoder_Init
                0x0000000008005fe0      0x14c ./Drivers/STM32F4xx_HAL_Driver/Src/stm32f4xx_hal_tim.o
                0x0000000008005fe0                HAL_TIM_Encoder_Init
 .text.HAL_TIM_Encoder_Start
                0x000000000800612c      0x11c ./Drivers/STM32F4xx_HAL_Driver/Src/stm32f4xx_hal_tim.o
                0x000000000800612c                HAL_TIM_Encoder_Start
 .text.HAL_TIM_IRQHandler
                0x0000000008006248      0x210 ./Drivers/STM32F4xx_HAL_Driver/Src/stm32f4xx_hal_tim.o
                0x0000000008006248                HAL_TIM_IRQHandler
 .text.HAL_TIM_PWM_ConfigChannel
                0x0000000008006458      0x184 ./Drivers/STM32F4xx_HAL_Driver/Src/stm32f4xx_hal_tim.o
                0x0000000008006458                HAL_TIM_PWM_ConfigChannel
 .text.HAL_TIM_ConfigClockSource
                0x00000000080065dc      0x18e ./Drivers/STM32F4xx_HAL_Driver/Src/stm32f4xx_hal_tim.o
                0x00000000080065dc                HAL_TIM_ConfigClockSource
 .text.HAL_TIM_OC_DelayElapsedCallback
                0x000000000800676a       0x14 ./Drivers/STM32F4xx_HAL_Driver/Src/stm32f4xx_hal_tim.o
                0x000000000800676a                HAL_TIM_OC_DelayElapsedCallback
 .text.HAL_TIM_IC_CaptureCallback
                0x000000000800677e       0x14 ./Drivers/STM32F4xx_HAL_Driver/Src/stm32f4xx_hal_tim.o
                0x000000000800677e                HAL_TIM_IC_CaptureCallback
 .text.HAL_TIM_PWM_PulseFinishedCallback
                0x0000000008006792       0x14 ./Drivers/STM32F4xx_HAL_Driver/Src/stm32f4xx_hal_tim.o
                0x0000000008006792                HAL_TIM_PWM_PulseFinishedCallback
 .text.HAL_TIM_TriggerCallback
                0x00000000080067a6       0x14 ./Drivers/STM32F4xx_HAL_Driver/Src/stm32f4xx_hal_tim.o
                0x00000000080067a6                HAL_TIM_TriggerCallback
 *fill*         0x00000000080067ba        0x2 
 .text.TIM_Base_SetConfig
                0x00000000080067bc      0x140 ./Drivers/STM32F4xx_HAL_Driver/Src/stm32f4xx_hal_tim.o
                0x00000000080067bc                TIM_Base_SetConfig
 .text.TIM_OC1_SetConfig
                0x00000000080068fc       0xe0 ./Drivers/STM32F4xx_HAL_Driver/Src/stm32f4xx_hal_tim.o
 .text.TIM_OC2_SetConfig
                0x00000000080069dc       0xec ./Drivers/STM32F4xx_HAL_Driver/Src/stm32f4xx_hal_tim.o
                0x00000000080069dc                TIM_OC2_SetConfig
 .text.TIM_OC3_SetConfig
                0x0000000008006ac8       0xe8 ./Drivers/STM32F4xx_HAL_Driver/Src/stm32f4xx_hal_tim.o
 .text.TIM_OC4_SetConfig
                0x0000000008006bb0       0xac ./Drivers/STM32F4xx_HAL_Driver/Src/stm32f4xx_hal_tim.o
 .text.TIM_TI1_ConfigInputStage
                0x0000000008006c5c       0x5e ./Drivers/STM32F4xx_HAL_Driver/Src/stm32f4xx_hal_tim.o
 .text.TIM_TI2_ConfigInputStage
                0x0000000008006cba       0x60 ./Drivers/STM32F4xx_HAL_Driver/Src/stm32f4xx_hal_tim.o
 .text.TIM_ITRx_SetConfig
                0x0000000008006d1a       0x36 ./Drivers/STM32F4xx_HAL_Driver/Src/stm32f4xx_hal_tim.o
 .text.TIM_ETR_SetConfig
                0x0000000008006d50       0x40 ./Drivers/STM32F4xx_HAL_Driver/Src/stm32f4xx_hal_tim.o
                0x0000000008006d50                TIM_ETR_SetConfig
 .text.TIM_CCxChannelCmd
                0x0000000008006d90       0x4a ./Drivers/STM32F4xx_HAL_Driver/Src/stm32f4xx_hal_tim.o
                0x0000000008006d90                TIM_CCxChannelCmd
 *fill*         0x0000000008006dda        0x2 
 .text.HAL_TIMEx_MasterConfigSynchronization
                0x0000000008006ddc       0xf8 ./Drivers/STM32F4xx_HAL_Driver/Src/stm32f4xx_hal_tim_ex.o
                0x0000000008006ddc                HAL_TIMEx_MasterConfigSynchronization
 .text.HAL_TIMEx_CommutCallback
                0x0000000008006ed4       0x14 ./Drivers/STM32F4xx_HAL_Driver/Src/stm32f4xx_hal_tim_ex.o
                0x0000000008006ed4                HAL_TIMEx_CommutCallback
 .text.HAL_TIMEx_BreakCallback
                0x0000000008006ee8       0x14 ./Drivers/STM32F4xx_HAL_Driver/Src/stm32f4xx_hal_tim_ex.o
                0x0000000008006ee8                HAL_TIMEx_BreakCallback
 .text.HAL_UART_Init
                0x0000000008006efc       0x9a ./Drivers/STM32F4xx_HAL_Driver/Src/stm32f4xx_hal_uart.o
                0x0000000008006efc                HAL_UART_Init
 .text.HAL_UART_Transmit
                0x0000000008006f96      0x124 ./Drivers/STM32F4xx_HAL_Driver/Src/stm32f4xx_hal_uart.o
                0x0000000008006f96                HAL_UART_Transmit
 .text.HAL_UARTEx_ReceiveToIdle_DMA
                0x00000000080070ba       0xca ./Drivers/STM32F4xx_HAL_Driver/Src/stm32f4xx_hal_uart.o
                0x00000000080070ba                HAL_UARTEx_ReceiveToIdle_DMA
 .text.HAL_UART_IRQHandler
                0x0000000008007184      0x51c ./Drivers/STM32F4xx_HAL_Driver/Src/stm32f4xx_hal_uart.o
                0x0000000008007184                HAL_UART_IRQHandler
 .text.HAL_UART_TxCpltCallback
                0x00000000080076a0       0x14 ./Drivers/STM32F4xx_HAL_Driver/Src/stm32f4xx_hal_uart.o
                0x00000000080076a0                HAL_UART_TxCpltCallback
 .text.HAL_UART_RxCpltCallback
                0x00000000080076b4       0x14 ./Drivers/STM32F4xx_HAL_Driver/Src/stm32f4xx_hal_uart.o
                0x00000000080076b4                HAL_UART_RxCpltCallback
 .text.HAL_UART_RxHalfCpltCallback
                0x00000000080076c8       0x14 ./Drivers/STM32F4xx_HAL_Driver/Src/stm32f4xx_hal_uart.o
                0x00000000080076c8                HAL_UART_RxHalfCpltCallback
 .text.HAL_UART_GetError
                0x00000000080076dc       0x18 ./Drivers/STM32F4xx_HAL_Driver/Src/stm32f4xx_hal_uart.o
                0x00000000080076dc                HAL_UART_GetError
 .text.UART_DMAReceiveCplt
                0x00000000080076f4      0x126 ./Drivers/STM32F4xx_HAL_Driver/Src/stm32f4xx_hal_uart.o
 .text.UART_DMARxHalfCplt
                0x000000000800781a       0x36 ./Drivers/STM32F4xx_HAL_Driver/Src/stm32f4xx_hal_uart.o
 .text.UART_DMAError
                0x0000000008007850       0x94 ./Drivers/STM32F4xx_HAL_Driver/Src/stm32f4xx_hal_uart.o
 .text.UART_WaitOnFlagUntilTimeout
                0x00000000080078e4       0xdc ./Drivers/STM32F4xx_HAL_Driver/Src/stm32f4xx_hal_uart.o
 .text.UART_Start_Receive_DMA
                0x00000000080079c0      0x13c ./Drivers/STM32F4xx_HAL_Driver/Src/stm32f4xx_hal_uart.o
                0x00000000080079c0                UART_Start_Receive_DMA
 .text.UART_EndTxTransfer
                0x0000000008007afc       0x50 ./Drivers/STM32F4xx_HAL_Driver/Src/stm32f4xx_hal_uart.o
 .text.UART_EndRxTransfer
                0x0000000008007b4c       0xc6 ./Drivers/STM32F4xx_HAL_Driver/Src/stm32f4xx_hal_uart.o
 .text.UART_DMAAbortOnError
                0x0000000008007c12       0x28 ./Drivers/STM32F4xx_HAL_Driver/Src/stm32f4xx_hal_uart.o
 .text.UART_Transmit_IT
                0x0000000008007c3a       0xa0 ./Drivers/STM32F4xx_HAL_Driver/Src/stm32f4xx_hal_uart.o
 .text.UART_EndTransmit_IT
                0x0000000008007cda       0x30 ./Drivers/STM32F4xx_HAL_Driver/Src/stm32f4xx_hal_uart.o
 .text.UART_Receive_IT
                0x0000000008007d0a      0x176 ./Drivers/STM32F4xx_HAL_Driver/Src/stm32f4xx_hal_uart.o
 .text.UART_SetConfig
                0x0000000008007e80      0x4e8 ./Drivers/STM32F4xx_HAL_Driver/Src/stm32f4xx_hal_uart.o
 .text.__NVIC_SetPriority
                0x0000000008008368       0x54 ./Middlewares/Third_Party/FreeRTOS/Source/CMSIS_RTOS_V2/cmsis_os2.o
 .text.SysTick_Handler
                0x00000000080083bc       0x20 ./Middlewares/Third_Party/FreeRTOS/Source/CMSIS_RTOS_V2/cmsis_os2.o
                0x00000000080083bc                SysTick_Handler
 .text.SVC_Setup
                0x00000000080083dc       0x12 ./Middlewares/Third_Party/FreeRTOS/Source/CMSIS_RTOS_V2/cmsis_os2.o
 *fill*         0x00000000080083ee        0x2 
 .text.osKernelInitialize
                0x00000000080083f0       0x48 ./Middlewares/Third_Party/FreeRTOS/Source/CMSIS_RTOS_V2/cmsis_os2.o
                0x00000000080083f0                osKernelInitialize
 .text.osKernelStart
                0x0000000008008438       0x4c ./Middlewares/Third_Party/FreeRTOS/Source/CMSIS_RTOS_V2/cmsis_os2.o
                0x0000000008008438                osKernelStart
 .text.osThreadNew
                0x0000000008008484      0x124 ./Middlewares/Third_Party/FreeRTOS/Source/CMSIS_RTOS_V2/cmsis_os2.o
                0x0000000008008484                osThreadNew
 .text.osDelay  0x00000000080085a8       0x36 ./Middlewares/Third_Party/FreeRTOS/Source/CMSIS_RTOS_V2/cmsis_os2.o
                0x00000000080085a8                osDelay
 *fill*         0x00000000080085de        0x2 
 .text.vApplicationGetIdleTaskMemory
                0x00000000080085e0       0x34 ./Middlewares/Third_Party/FreeRTOS/Source/CMSIS_RTOS_V2/cmsis_os2.o
                0x00000000080085e0                vApplicationGetIdleTaskMemory
 .text.vApplicationGetTimerTaskMemory
                0x0000000008008614       0x34 ./Middlewares/Third_Party/FreeRTOS/Source/CMSIS_RTOS_V2/cmsis_os2.o
                0x0000000008008614                vApplicationGetTimerTaskMemory
 .text.vListInitialise
                0x0000000008008648       0x40 ./Middlewares/Third_Party/FreeRTOS/Source/list.o
                0x0000000008008648                vListInitialise
 .text.vListInitialiseItem
                0x0000000008008688       0x1a ./Middlewares/Third_Party/FreeRTOS/Source/list.o
                0x0000000008008688                vListInitialiseItem
 .text.vListInsertEnd
                0x00000000080086a2       0x48 ./Middlewares/Third_Party/FreeRTOS/Source/list.o
                0x00000000080086a2                vListInsertEnd
 .text.vListInsert
                0x00000000080086ea       0x72 ./Middlewares/Third_Party/FreeRTOS/Source/list.o
                0x00000000080086ea                vListInsert
 .text.uxListRemove
                0x000000000800875c       0x54 ./Middlewares/Third_Party/FreeRTOS/Source/list.o
                0x000000000800875c                uxListRemove
 .text.xQueueGenericReset
                0x00000000080087b0       0xd0 ./Middlewares/Third_Party/FreeRTOS/Source/queue.o
                0x00000000080087b0                xQueueGenericReset
 .text.xQueueGenericCreateStatic
                0x0000000008008880       0xf0 ./Middlewares/Third_Party/FreeRTOS/Source/queue.o
                0x0000000008008880                xQueueGenericCreateStatic
 .text.prvInitialiseNewQueue
                0x0000000008008970       0x46 ./Middlewares/Third_Party/FreeRTOS/Source/queue.o
 *fill*         0x00000000080089b6        0x2 
 .text.xQueueGenericSend
                0x00000000080089b8      0x1fc ./Middlewares/Third_Party/FreeRTOS/Source/queue.o
                0x00000000080089b8                xQueueGenericSend
 .text.xQueueGenericSendFromISR
                0x0000000008008bb4      0x136 ./Middlewares/Third_Party/FreeRTOS/Source/queue.o
                0x0000000008008bb4                xQueueGenericSendFromISR
 *fill*         0x0000000008008cea        0x2 
 .text.xQueueReceive
                0x0000000008008cec      0x1c0 ./Middlewares/Third_Party/FreeRTOS/Source/queue.o
                0x0000000008008cec                xQueueReceive
 .text.prvCopyDataToQueue
                0x0000000008008eac       0xd4 ./Middlewares/Third_Party/FreeRTOS/Source/queue.o
 .text.prvCopyDataFromQueue
                0x0000000008008f80       0x4c ./Middlewares/Third_Party/FreeRTOS/Source/queue.o
 .text.prvUnlockQueue
                0x0000000008008fcc       0xa4 ./Middlewares/Third_Party/FreeRTOS/Source/queue.o
 .text.prvIsQueueEmpty
                0x0000000008009070       0x2c ./Middlewares/Third_Party/FreeRTOS/Source/queue.o
 .text.prvIsQueueFull
                0x000000000800909c       0x30 ./Middlewares/Third_Party/FreeRTOS/Source/queue.o
 .text.vQueueAddToRegistry
                0x00000000080090cc       0x54 ./Middlewares/Third_Party/FreeRTOS/Source/queue.o
                0x00000000080090cc                vQueueAddToRegistry
 .text.vQueueWaitForMessageRestricted
                0x0000000008009120       0x68 ./Middlewares/Third_Party/FreeRTOS/Source/queue.o
                0x0000000008009120                vQueueWaitForMessageRestricted
 .text.xTaskCreateStatic
                0x0000000008009188       0xba ./Middlewares/Third_Party/FreeRTOS/Source/tasks.o
                0x0000000008009188                xTaskCreateStatic
 .text.xTaskCreate
                0x0000000008009242       0x8a ./Middlewares/Third_Party/FreeRTOS/Source/tasks.o
                0x0000000008009242                xTaskCreate
 .text.prvInitialiseNewTask
                0x00000000080092cc      0x11e ./Middlewares/Third_Party/FreeRTOS/Source/tasks.o
 *fill*         0x00000000080093ea        0x2 
 .text.prvAddNewTaskToReadyList
                0x00000000080093ec       0xe0 ./Middlewares/Third_Party/FreeRTOS/Source/tasks.o
 .text.vTaskDelay
                0x00000000080094cc       0x68 ./Middlewares/Third_Party/FreeRTOS/Source/tasks.o
                0x00000000080094cc                vTaskDelay
 .text.vTaskStartScheduler
                0x0000000008009534       0xcc ./Middlewares/Third_Party/FreeRTOS/Source/tasks.o
                0x0000000008009534                vTaskStartScheduler
 .text.vTaskSuspendAll
                0x0000000008009600       0x1c ./Middlewares/Third_Party/FreeRTOS/Source/tasks.o
                0x0000000008009600                vTaskSuspendAll
 .text.xTaskResumeAll
                0x000000000800961c      0x13c ./Middlewares/Third_Party/FreeRTOS/Source/tasks.o
                0x000000000800961c                xTaskResumeAll
 .text.xTaskGetTickCount
                0x0000000008009758       0x20 ./Middlewares/Third_Party/FreeRTOS/Source/tasks.o
                0x0000000008009758                xTaskGetTickCount
 .text.xTaskIncrementTick
                0x0000000008009778      0x174 ./Middlewares/Third_Party/FreeRTOS/Source/tasks.o
                0x0000000008009778                xTaskIncrementTick
 .text.vTaskSwitchContext
                0x00000000080098ec       0xbc ./Middlewares/Third_Party/FreeRTOS/Source/tasks.o
                0x00000000080098ec                vTaskSwitchContext
 .text.vTaskPlaceOnEventList
                0x00000000080099a8       0x48 ./Middlewares/Third_Party/FreeRTOS/Source/tasks.o
                0x00000000080099a8                vTaskPlaceOnEventList
 .text.vTaskPlaceOnEventListRestricted
                0x00000000080099f0       0x58 ./Middlewares/Third_Party/FreeRTOS/Source/tasks.o
                0x00000000080099f0                vTaskPlaceOnEventListRestricted
 .text.xTaskRemoveFromEventList
                0x0000000008009a48       0xc8 ./Middlewares/Third_Party/FreeRTOS/Source/tasks.o
                0x0000000008009a48                xTaskRemoveFromEventList
 .text.vTaskInternalSetTimeOutState
                0x0000000008009b10       0x2c ./Middlewares/Third_Party/FreeRTOS/Source/tasks.o
                0x0000000008009b10                vTaskInternalSetTimeOutState
 .text.xTaskCheckForTimeOut
                0x0000000008009b3c       0xc4 ./Middlewares/Third_Party/FreeRTOS/Source/tasks.o
                0x0000000008009b3c                xTaskCheckForTimeOut
 .text.vTaskMissedYield
                0x0000000008009c00       0x18 ./Middlewares/Third_Party/FreeRTOS/Source/tasks.o
                0x0000000008009c00                vTaskMissedYield
 .text.prvIdleTask
                0x0000000008009c18       0x30 ./Middlewares/Third_Party/FreeRTOS/Source/tasks.o
 .text.prvInitialiseTaskLists
                0x0000000008009c48       0x80 ./Middlewares/Third_Party/FreeRTOS/Source/tasks.o
 .text.prvCheckTasksWaitingTermination
                0x0000000008009cc8       0x5c ./Middlewares/Third_Party/FreeRTOS/Source/tasks.o
 .text.prvDeleteTCB
                0x0000000008009d24       0x5e ./Middlewares/Third_Party/FreeRTOS/Source/tasks.o
 *fill*         0x0000000008009d82        0x2 
 .text.prvResetNextTaskUnblockTime
                0x0000000008009d84       0x40 ./Middlewares/Third_Party/FreeRTOS/Source/tasks.o
 .text.xTaskGetSchedulerState
                0x0000000008009dc4       0x3c ./Middlewares/Third_Party/FreeRTOS/Source/tasks.o
                0x0000000008009dc4                xTaskGetSchedulerState
 .text.xTaskPriorityDisinherit
                0x0000000008009e00       0xdc ./Middlewares/Third_Party/FreeRTOS/Source/tasks.o
                0x0000000008009e00                xTaskPriorityDisinherit
 .text.prvAddCurrentTaskToDelayedList
                0x0000000008009edc       0xa8 ./Middlewares/Third_Party/FreeRTOS/Source/tasks.o
 .text.xTimerCreateTimerTask
                0x0000000008009f84       0x90 ./Middlewares/Third_Party/FreeRTOS/Source/timers.o
                0x0000000008009f84                xTimerCreateTimerTask
 .text.xTimerGenericCommand
                0x000000000800a014       0x9c ./Middlewares/Third_Party/FreeRTOS/Source/timers.o
                0x000000000800a014                xTimerGenericCommand
 .text.prvProcessExpiredTimer
                0x000000000800a0b0       0x98 ./Middlewares/Third_Party/FreeRTOS/Source/timers.o
 .text.prvTimerTask
                0x000000000800a148       0x24 ./Middlewares/Third_Party/FreeRTOS/Source/timers.o
 .text.prvProcessTimerOrBlockTask
                0x000000000800a16c       0x9c ./Middlewares/Third_Party/FreeRTOS/Source/timers.o
 .text.prvGetNextExpireTime
                0x000000000800a208       0x48 ./Middlewares/Third_Party/FreeRTOS/Source/timers.o
 .text.prvSampleTimeNow
                0x000000000800a250       0x40 ./Middlewares/Third_Party/FreeRTOS/Source/timers.o
 .text.prvInsertTimerInActiveList
                0x000000000800a290       0x84 ./Middlewares/Third_Party/FreeRTOS/Source/timers.o
 .text.prvProcessReceivedCommands
                0x000000000800a314      0x1c4 ./Middlewares/Third_Party/FreeRTOS/Source/timers.o
 .text.prvSwitchTimerLists
                0x000000000800a4d8       0xc8 ./Middlewares/Third_Party/FreeRTOS/Source/timers.o
 .text.prvCheckForValidListAndQueue
                0x000000000800a5a0       0x80 ./Middlewares/Third_Party/FreeRTOS/Source/timers.o
 .text.pxPortInitialiseStack
                0x000000000800a620       0x68 ./Middlewares/Third_Party/FreeRTOS/Source/portable/GCC/ARM_CM4F/port.o
                0x000000000800a620                pxPortInitialiseStack
 .text.prvTaskExitError
                0x000000000800a688       0x58 ./Middlewares/Third_Party/FreeRTOS/Source/portable/GCC/ARM_CM4F/port.o
 .text.SVC_Handler
                0x000000000800a6e0       0x28 ./Middlewares/Third_Party/FreeRTOS/Source/portable/GCC/ARM_CM4F/port.o
                0x000000000800a6e0                SVC_Handler
 .text.prvPortStartFirstTask
                0x000000000800a708       0x28 ./Middlewares/Third_Party/FreeRTOS/Source/portable/GCC/ARM_CM4F/port.o
 .text.xPortStartScheduler
                0x000000000800a730      0x144 ./Middlewares/Third_Party/FreeRTOS/Source/portable/GCC/ARM_CM4F/port.o
                0x000000000800a730                xPortStartScheduler
 .text.vPortEnterCritical
                0x000000000800a874       0x60 ./Middlewares/Third_Party/FreeRTOS/Source/portable/GCC/ARM_CM4F/port.o
                0x000000000800a874                vPortEnterCritical
 .text.vPortExitCritical
                0x000000000800a8d4       0x54 ./Middlewares/Third_Party/FreeRTOS/Source/portable/GCC/ARM_CM4F/port.o
                0x000000000800a8d4                vPortExitCritical
 *fill*         0x000000000800a928        0x8 
 .text.PendSV_Handler
                0x000000000800a930       0x68 ./Middlewares/Third_Party/FreeRTOS/Source/portable/GCC/ARM_CM4F/port.o
                0x000000000800a930                PendSV_Handler
 .text.xPortSysTickHandler
                0x000000000800a998       0x44 ./Middlewares/Third_Party/FreeRTOS/Source/portable/GCC/ARM_CM4F/port.o
                0x000000000800a998                xPortSysTickHandler
 .text.vPortSetupTimerInterrupt
                0x000000000800a9dc       0x48 ./Middlewares/Third_Party/FreeRTOS/Source/portable/GCC/ARM_CM4F/port.o
                0x000000000800a9dc                vPortSetupTimerInterrupt
 .text.vPortEnableVFP
                0x000000000800aa24       0x14 ./Middlewares/Third_Party/FreeRTOS/Source/portable/GCC/ARM_CM4F/port.o
 .text.vPortValidateInterruptPriority
                0x000000000800aa38       0x80 ./Middlewares/Third_Party/FreeRTOS/Source/portable/GCC/ARM_CM4F/port.o
                0x000000000800aa38                vPortValidateInterruptPriority
 .text.pvPortMalloc
                0x000000000800aab8      0x198 ./Middlewares/Third_Party/FreeRTOS/Source/portable/MemMang/heap_4.o
                0x000000000800aab8                pvPortMalloc
 .text.vPortFree
                0x000000000800ac50       0xc4 ./Middlewares/Third_Party/FreeRTOS/Source/portable/MemMang/heap_4.o
                0x000000000800ac50                vPortFree
 .text.prvHeapInit
                0x000000000800ad14       0xc4 ./Middlewares/Third_Party/FreeRTOS/Source/portable/MemMang/heap_4.o
 .text.prvInsertBlockIntoFreeList
                0x000000000800add8       0xb4 ./Middlewares/Third_Party/FreeRTOS/Source/portable/MemMang/heap_4.o
 .text.__libc_init_array
                0x000000000800ae8c       0x48 c:/st/stm32cubeide_1.9.0/stm32cubeide/plugins/com.st.stm32cube.ide.mcu.externaltools.gnu-tools-for-stm32.10.3-2021.10.win32_1.0.100.202210260954/tools/bin/../lib/gcc/arm-none-eabi/10.3.1/../../../../arm-none-eabi/lib/thumb/v7e-m+fp/hard\libc_nano.a(lib_a-init.o)
                0x000000000800ae8c                __libc_init_array
 .text.memcpy   0x000000000800aed4       0x1c c:/st/stm32cubeide_1.9.0/stm32cubeide/plugins/com.st.stm32cube.ide.mcu.externaltools.gnu-tools-for-stm32.10.3-2021.10.win32_1.0.100.202210260954/tools/bin/../lib/gcc/arm-none-eabi/10.3.1/../../../../arm-none-eabi/lib/thumb/v7e-m+fp/hard\libc_nano.a(lib_a-memcpy-stub.o)
                0x000000000800aed4                memcpy
 .text.memset   0x000000000800aef0       0x10 c:/st/stm32cubeide_1.9.0/stm32cubeide/plugins/com.st.stm32cube.ide.mcu.externaltools.gnu-tools-for-stm32.10.3-2021.10.win32_1.0.100.202210260954/tools/bin/../lib/gcc/arm-none-eabi/10.3.1/../../../../arm-none-eabi/lib/thumb/v7e-m+fp/hard\libc_nano.a(lib_a-memset.o)
                0x000000000800aef0                memset
 *(.glue_7)
 .glue_7        0x000000000800af00        0x0 linker stubs
 *(.glue_7t)
 .glue_7t       0x000000000800af00        0x0 linker stubs
 *(.eh_frame)
 .eh_frame      0x000000000800af00        0x0 c:/st/stm32cubeide_1.9.0/stm32cubeide/plugins/com.st.stm32cube.ide.mcu.externaltools.gnu-tools-for-stm32.10.3-2021.10.win32_1.0.100.202210260954/tools/bin/../lib/gcc/arm-none-eabi/10.3.1/thumb/v7e-m+fp/hard/crtbegin.o
 *(.init)
 .init          0x000000000800af00        0x4 c:/st/stm32cubeide_1.9.0/stm32cubeide/plugins/com.st.stm32cube.ide.mcu.externaltools.gnu-tools-for-stm32.10.3-2021.10.win32_1.0.100.202210260954/tools/bin/../lib/gcc/arm-none-eabi/10.3.1/thumb/v7e-m+fp/hard/crti.o
                0x000000000800af00                _init
 .init          0x000000000800af04        0x8 c:/st/stm32cubeide_1.9.0/stm32cubeide/plugins/com.st.stm32cube.ide.mcu.externaltools.gnu-tools-for-stm32.10.3-2021.10.win32_1.0.100.202210260954/tools/bin/../lib/gcc/arm-none-eabi/10.3.1/thumb/v7e-m+fp/hard/crtn.o
 *(.fini)
 .fini          0x000000000800af0c        0x4 c:/st/stm32cubeide_1.9.0/stm32cubeide/plugins/com.st.stm32cube.ide.mcu.externaltools.gnu-tools-for-stm32.10.3-2021.10.win32_1.0.100.202210260954/tools/bin/../lib/gcc/arm-none-eabi/10.3.1/thumb/v7e-m+fp/hard/crti.o
                0x000000000800af0c                _fini
 .fini          0x000000000800af10        0x8 c:/st/stm32cubeide_1.9.0/stm32cubeide/plugins/com.st.stm32cube.ide.mcu.externaltools.gnu-tools-for-stm32.10.3-2021.10.win32_1.0.100.202210260954/tools/bin/../lib/gcc/arm-none-eabi/10.3.1/thumb/v7e-m+fp/hard/crtn.o
                0x000000000800af18                . = ALIGN (0x4)
                0x000000000800af18                _etext = .

.vfp11_veneer   0x000000000800af18        0x0
 .vfp11_veneer  0x000000000800af18        0x0 linker stubs

.v4_bx          0x000000000800af18        0x0
 .v4_bx         0x000000000800af18        0x0 linker stubs

.iplt           0x000000000800af18        0x0
 .iplt          0x000000000800af18        0x0 c:/st/stm32cubeide_1.9.0/stm32cubeide/plugins/com.st.stm32cube.ide.mcu.externaltools.gnu-tools-for-stm32.10.3-2021.10.win32_1.0.100.202210260954/tools/bin/../lib/gcc/arm-none-eabi/10.3.1/thumb/v7e-m+fp/hard/crtbegin.o

.rodata         0x000000000800af18      0x1f8
                0x000000000800af18                . = ALIGN (0x4)
 *(.rodata)
 .rodata        0x000000000800af18       0x65 ./Core/Src/freertos.o
 *fill*         0x000000000800af7d        0x3 
 .rodata        0x000000000800af80        0x6 ./Core/cpp/Src/uart_wifi.o
 *fill*         0x000000000800af86        0x2 
 .rodata        0x000000000800af88        0x5 ./Middlewares/Third_Party/FreeRTOS/Source/tasks.o
 *fill*         0x000000000800af8d        0x3 
 .rodata        0x000000000800af90        0xd ./Middlewares/Third_Party/FreeRTOS/Source/timers.o
 *(.rodata*)
 *fill*         0x000000000800af9d        0x3 
 .rodata.defaultTask_attributes
                0x000000000800afa0       0x24 ./Core/Src/freertos.o
                0x000000000800afa0                defaultTask_attributes
 .rodata.OutputsTask_attributes
                0x000000000800afc4       0x24 ./Core/Src/freertos.o
                0x000000000800afc4                OutputsTask_attributes
 .rodata.InputsTask_attributes
                0x000000000800afe8       0x24 ./Core/Src/freertos.o
                0x000000000800afe8                InputsTask_attributes
 .rodata.ServoTask_attributes
                0x000000000800b00c       0x24 ./Core/Src/freertos.o
                0x000000000800b00c                ServoTask_attributes
 .rodata.UartWiFiTask_attributes
                0x000000000800b030       0x24 ./Core/Src/freertos.o
                0x000000000800b030                UartWiFiTask_attributes
 .rodata.CanDriversTask_attributes
                0x000000000800b054       0x24 ./Core/Src/freertos.o
                0x000000000800b054                CanDriversTask_attributes
 .rodata.CanTask_attributes
                0x000000000800b078       0x24 ./Core/Src/freertos.o
                0x000000000800b078                CanTask_attributes
 .rodata.MissionsTask_attributes
                0x000000000800b09c       0x24 ./Core/Src/freertos.o
                0x000000000800b09c                MissionsTask_attributes
 .rodata.AHBPrescTable
                0x000000000800b0c0       0x10 ./Core/Src/system_stm32f4xx.o
                0x000000000800b0c0                AHBPrescTable
 .rodata.APBPrescTable
                0x000000000800b0d0        0x8 ./Core/Src/system_stm32f4xx.o
                0x000000000800b0d0                APBPrescTable
 .rodata._ZZ8LedBlinkE9ledb_time
                0x000000000800b0d8       0x18 ./Core/cpp/Src/outputs.o
 .rodata._ZZ8LedBlinkE8ledb_rep
                0x000000000800b0f0       0x18 ./Core/cpp/Src/outputs.o
 .rodata.flagBitshiftOffset.0
                0x000000000800b108        0x8 ./Drivers/STM32F4xx_HAL_Driver/Src/stm32f4xx_hal_dma.o
                0x000000000800b110                . = ALIGN (0x4)

.ARM.extab      0x000000000800b110        0x0
                0x000000000800b110                . = ALIGN (0x4)
 *(.ARM.extab* .gnu.linkonce.armextab.*)
                0x000000000800b110                . = ALIGN (0x4)

.ARM            0x000000000800b110        0x8
                0x000000000800b110                . = ALIGN (0x4)
                0x000000000800b110                __exidx_start = .
 *(.ARM.exidx*)
 .ARM.exidx     0x000000000800b110        0x8 c:/st/stm32cubeide_1.9.0/stm32cubeide/plugins/com.st.stm32cube.ide.mcu.externaltools.gnu-tools-for-stm32.10.3-2021.10.win32_1.0.100.202210260954/tools/bin/../lib/gcc/arm-none-eabi/10.3.1/thumb/v7e-m+fp/hard\libgcc.a(_udivmoddi4.o)
                0x000000000800b118                __exidx_end = .
                0x000000000800b118                . = ALIGN (0x4)

.rel.dyn        0x000000000800b118        0x0
 .rel.iplt      0x000000000800b118        0x0 c:/st/stm32cubeide_1.9.0/stm32cubeide/plugins/com.st.stm32cube.ide.mcu.externaltools.gnu-tools-for-stm32.10.3-2021.10.win32_1.0.100.202210260954/tools/bin/../lib/gcc/arm-none-eabi/10.3.1/thumb/v7e-m+fp/hard/crtbegin.o

.preinit_array  0x000000000800b118        0x0
                0x000000000800b118                . = ALIGN (0x4)
                0x000000000800b118                PROVIDE (__preinit_array_start = .)
 *(.preinit_array*)
                0x000000000800b118                PROVIDE (__preinit_array_end = .)
                0x000000000800b118                . = ALIGN (0x4)

.init_array     0x000000000800b118        0xc
                0x000000000800b118                . = ALIGN (0x4)
                0x000000000800b118                PROVIDE (__init_array_start = .)
 *(SORT_BY_NAME(.init_array.*))
 *(.init_array*)
 .init_array    0x000000000800b118        0x4 c:/st/stm32cubeide_1.9.0/stm32cubeide/plugins/com.st.stm32cube.ide.mcu.externaltools.gnu-tools-for-stm32.10.3-2021.10.win32_1.0.100.202210260954/tools/bin/../lib/gcc/arm-none-eabi/10.3.1/thumb/v7e-m+fp/hard/crtbegin.o
 .init_array    0x000000000800b11c        0x4 ./Core/cpp/Src/drivers_control.o
 .init_array    0x000000000800b120        0x4 ./Core/cpp/Src/servo_control.o
                0x000000000800b124                PROVIDE (__init_array_end = .)
                0x000000000800b124                . = ALIGN (0x4)

.fini_array     0x000000000800b124        0x4
                0x000000000800b124                . = ALIGN (0x4)
                [!provide]                        PROVIDE (__fini_array_start = .)
 *(SORT_BY_NAME(.fini_array.*))
 *(.fini_array*)
 .fini_array    0x000000000800b124        0x4 c:/st/stm32cubeide_1.9.0/stm32cubeide/plugins/com.st.stm32cube.ide.mcu.externaltools.gnu-tools-for-stm32.10.3-2021.10.win32_1.0.100.202210260954/tools/bin/../lib/gcc/arm-none-eabi/10.3.1/thumb/v7e-m+fp/hard/crtbegin.o
                [!provide]                        PROVIDE (__fini_array_end = .)
                0x000000000800b128                . = ALIGN (0x4)
                0x000000000800b128                _sidata = LOADADDR (.data)

.data           0x0000000020000000       0x30 load address 0x000000000800b128
                0x0000000020000000                . = ALIGN (0x4)
                0x0000000020000000                _sdata = .
 *(.data)
 *(.data*)
 .data.SystemCoreClock
                0x0000000020000000        0x4 ./Core/Src/system_stm32f4xx.o
                0x0000000020000000                SystemCoreClock
 .data.bms_jbd_request_msg0
                0x0000000020000004        0x7 ./Core/cpp/Src/uart_wifi.o
                0x0000000020000004                bms_jbd_request_msg0
 *fill*         0x000000002000000b        0x1 
 .data.bms_jbd_request_msg1
                0x000000002000000c        0x7 ./Core/cpp/Src/uart_wifi.o
                0x000000002000000c                bms_jbd_request_msg1
 *fill*         0x0000000020000013        0x1 
 .data.bms_smart_request_msg
                0x0000000020000014        0xd ./Core/cpp/Src/uart_wifi.o
                0x0000000020000014                bms_smart_request_msg
 *fill*         0x0000000020000021        0x3 
 .data.uwTickPrio
                0x0000000020000024        0x4 ./Drivers/STM32F4xx_HAL_Driver/Src/stm32f4xx_hal.o
                0x0000000020000024                uwTickPrio
 .data.uwTickFreq
                0x0000000020000028        0x1 ./Drivers/STM32F4xx_HAL_Driver/Src/stm32f4xx_hal.o
                0x0000000020000028                uwTickFreq
 *fill*         0x0000000020000029        0x3 
 .data.uxCriticalNesting
                0x000000002000002c        0x4 ./Middlewares/Third_Party/FreeRTOS/Source/portable/GCC/ARM_CM4F/port.o
 *(.RamFunc)
 *(.RamFunc*)
                0x0000000020000030                . = ALIGN (0x4)
                0x0000000020000030                _edata = .
                0x000000000800b158                _siccmram = LOADADDR (.ccmram)

.igot.plt       0x0000000020000030        0x0 load address 0x000000000800b158
 .igot.plt      0x0000000020000030        0x0 c:/st/stm32cubeide_1.9.0/stm32cubeide/plugins/com.st.stm32cube.ide.mcu.externaltools.gnu-tools-for-stm32.10.3-2021.10.win32_1.0.100.202210260954/tools/bin/../lib/gcc/arm-none-eabi/10.3.1/thumb/v7e-m+fp/hard/crtbegin.o

.ccmram         0x0000000010000000        0x0 load address 0x000000000800b158
                0x0000000010000000                . = ALIGN (0x4)
                0x0000000010000000                _sccmram = .
 *(.ccmram)
 *(.ccmram*)
                0x0000000010000000                . = ALIGN (0x4)
                0x0000000010000000                _eccmram = .
                0x0000000010000000                . = ALIGN (0x4)

.bss            0x0000000020000030     0x68dc
                0x0000000020000030                _sbss = .
                0x0000000020000030                __bss_start__ = _sbss
 *(.bss)
 .bss           0x0000000020000030       0x1c c:/st/stm32cubeide_1.9.0/stm32cubeide/plugins/com.st.stm32cube.ide.mcu.externaltools.gnu-tools-for-stm32.10.3-2021.10.win32_1.0.100.202210260954/tools/bin/../lib/gcc/arm-none-eabi/10.3.1/thumb/v7e-m+fp/hard/crtbegin.o
 *(.bss*)
 .bss.hcan1     0x000000002000004c       0x28 ./Core/Src/can.o
                0x000000002000004c                hcan1
 .bss.globData  0x0000000020000074       0x18 ./Core/Src/freertos.o
                0x0000000020000074                globData
 .bss.contrlMsg
                0x000000002000008c       0x20 ./Core/Src/freertos.o
                0x000000002000008c                contrlMsg
 .bss.statusMsg
                0x00000000200000ac       0x30 ./Core/Src/freertos.o
                0x00000000200000ac                statusMsg
 .bss.defaultTaskHandle
                0x00000000200000dc        0x4 ./Core/Src/freertos.o
                0x00000000200000dc                defaultTaskHandle
 .bss.defaultTaskBuffer
                0x00000000200000e0      0x200 ./Core/Src/freertos.o
                0x00000000200000e0                defaultTaskBuffer
 .bss.defaultTaskControlBlock
                0x00000000200002e0       0x5c ./Core/Src/freertos.o
                0x00000000200002e0                defaultTaskControlBlock
 .bss.OutputsTaskHandle
                0x000000002000033c        0x4 ./Core/Src/freertos.o
                0x000000002000033c                OutputsTaskHandle
 .bss.OutputsTaskBuffer
                0x0000000020000340      0x200 ./Core/Src/freertos.o
                0x0000000020000340                OutputsTaskBuffer
 .bss.OutputsTaskControlBlock
                0x0000000020000540       0x5c ./Core/Src/freertos.o
                0x0000000020000540                OutputsTaskControlBlock
 .bss.InputsTaskHandle
                0x000000002000059c        0x4 ./Core/Src/freertos.o
                0x000000002000059c                InputsTaskHandle
 .bss.InputsTaskBuffer
                0x00000000200005a0      0x200 ./Core/Src/freertos.o
                0x00000000200005a0                InputsTaskBuffer
 .bss.InputsTaskControlBlock
                0x00000000200007a0       0x5c ./Core/Src/freertos.o
                0x00000000200007a0                InputsTaskControlBlock
 .bss.ServoTaskHandle
                0x00000000200007fc        0x4 ./Core/Src/freertos.o
                0x00000000200007fc                ServoTaskHandle
 .bss.ServoTaskBuffer
                0x0000000020000800      0x200 ./Core/Src/freertos.o
                0x0000000020000800                ServoTaskBuffer
 .bss.ServoTaskControlBlock
                0x0000000020000a00       0x5c ./Core/Src/freertos.o
                0x0000000020000a00                ServoTaskControlBlock
 .bss.UartWiFiTaskHandle
                0x0000000020000a5c        0x4 ./Core/Src/freertos.o
                0x0000000020000a5c                UartWiFiTaskHandle
 .bss.UartWiFiTaskBuffer
                0x0000000020000a60      0x400 ./Core/Src/freertos.o
                0x0000000020000a60                UartWiFiTaskBuffer
 .bss.UartWiFiTaskControlBlock
                0x0000000020000e60       0x5c ./Core/Src/freertos.o
                0x0000000020000e60                UartWiFiTaskControlBlock
 .bss.CanDriversTaskHandle
                0x0000000020000ebc        0x4 ./Core/Src/freertos.o
                0x0000000020000ebc                CanDriversTaskHandle
 .bss.CanDriversTaskBuffer
                0x0000000020000ec0      0x200 ./Core/Src/freertos.o
                0x0000000020000ec0                CanDriversTaskBuffer
 .bss.CanDriversTaskControlBlock
                0x00000000200010c0       0x5c ./Core/Src/freertos.o
                0x00000000200010c0                CanDriversTaskControlBlock
 .bss.CanTaskHandle
                0x000000002000111c        0x4 ./Core/Src/freertos.o
                0x000000002000111c                CanTaskHandle
 .bss.CanTaskBuffer
                0x0000000020001120      0x400 ./Core/Src/freertos.o
                0x0000000020001120                CanTaskBuffer
 .bss.CanTaskControlBlock
                0x0000000020001520       0x5c ./Core/Src/freertos.o
                0x0000000020001520                CanTaskControlBlock
 .bss.MissionsTaskHandle
                0x000000002000157c        0x4 ./Core/Src/freertos.o
                0x000000002000157c                MissionsTaskHandle
 .bss.MissionsTaskBuffer
                0x0000000020001580      0x400 ./Core/Src/freertos.o
                0x0000000020001580                MissionsTaskBuffer
 .bss.MissionsTaskControlBlock
                0x0000000020001980       0x5c ./Core/Src/freertos.o
                0x0000000020001980                MissionsTaskControlBlock
 .bss.hiwdg     0x00000000200019dc        0xc ./Core/Src/iwdg.o
                0x00000000200019dc                hiwdg
 .bss.htim6     0x00000000200019e8       0x48 ./Core/Src/stm32f4xx_hal_timebase_tim.o
                0x00000000200019e8                htim6
 .bss.htim3     0x0000000020001a30       0x48 ./Core/Src/tim.o
                0x0000000020001a30                htim3
 .bss.htim4     0x0000000020001a78       0x48 ./Core/Src/tim.o
                0x0000000020001a78                htim4
 .bss.huart1    0x0000000020001ac0       0x44 ./Core/Src/usart.o
                0x0000000020001ac0                huart1
 .bss.huart2    0x0000000020001b04       0x44 ./Core/Src/usart.o
                0x0000000020001b04                huart2
 .bss.huart3    0x0000000020001b48       0x44 ./Core/Src/usart.o
                0x0000000020001b48                huart3
 .bss.hdma_usart1_rx
                0x0000000020001b8c       0x60 ./Core/Src/usart.o
                0x0000000020001b8c                hdma_usart1_rx
 .bss.hdma_usart2_rx
                0x0000000020001bec       0x60 ./Core/Src/usart.o
                0x0000000020001bec                hdma_usart2_rx
 .bss.hdma_usart3_rx
                0x0000000020001c4c       0x60 ./Core/Src/usart.o
                0x0000000020001c4c                hdma_usart3_rx
 .bss.NewCanMsg
                0x0000000020001cac        0x1 ./Core/cpp/Src/canbus.o
                0x0000000020001cac                NewCanMsg
 *fill*         0x0000000020001cad        0x3 
 .bss.RxHeader  0x0000000020001cb0       0x1c ./Core/cpp/Src/canbus.o
                0x0000000020001cb0                RxHeader
 .bss.RxData    0x0000000020001ccc        0x8 ./Core/cpp/Src/canbus.o
                0x0000000020001ccc                RxData
 .bss.TxMailbox
                0x0000000020001cd4        0x4 ./Core/cpp/Src/canbus.o
                0x0000000020001cd4                TxMailbox
 .bss.canDataRecv
                0x0000000020001cd8        0x8 ./Core/cpp/Src/canbus.o
                0x0000000020001cd8                canDataRecv
 .bss.driverX1  0x0000000020001ce0       0x40 ./Core/cpp/Src/drivers_control.o
                0x0000000020001ce0                driverX1
 .bss.driverX2  0x0000000020001d20       0x40 ./Core/cpp/Src/drivers_control.o
                0x0000000020001d20                driverX2
 .bss.driverY1  0x0000000020001d60       0x40 ./Core/cpp/Src/drivers_control.o
                0x0000000020001d60                driverY1
 .bss.driverY2  0x0000000020001da0       0x40 ./Core/cpp/Src/drivers_control.o
                0x0000000020001da0                driverY2
 .bss.mdrivers  0x0000000020001de0       0x10 ./Core/cpp/Src/drivers_control.o
                0x0000000020001de0                mdrivers
 .bss.enc_prev  0x0000000020001df0        0x4 ./Core/cpp/Src/inputs.o
                0x0000000020001df0                enc_prev
 .bss._ZZ15StartInputsTaskE11currCounter
                0x0000000020001df4        0x4 ./Core/cpp/Src/inputs.o
 .bss._ZZ15StartInputsTaskE13enc_idle_tick
                0x0000000020001df8        0x4 ./Core/cpp/Src/inputs.o
 .bss.lift_check_timer
                0x0000000020001dfc        0x4 ./Core/cpp/Src/outputs.o
                0x0000000020001dfc                lift_check_timer
 .bss._ZZ8LedBlinkE16ledb_active_time
                0x0000000020001e00        0x4 ./Core/cpp/Src/outputs.o
 .bss._ZZ8LedBlinkE12ledb_repeats
                0x0000000020001e04        0x4 ./Core/cpp/Src/outputs.o
 .bss.servo1    0x0000000020001e08       0x10 ./Core/cpp/Src/servo_control.o
                0x0000000020001e08                servo1
 .bss.servo2    0x0000000020001e18       0x10 ./Core/cpp/Src/servo_control.o
                0x0000000020001e18                servo2
 .bss.servo     0x0000000020001e28        0x8 ./Core/cpp/Src/servo_control.o
                0x0000000020001e28                servo
 .bss.batteryMsg
                0x0000000020001e30       0x50 ./Core/cpp/Src/uart_wifi.o
                0x0000000020001e30                batteryMsg
 .bss.new_wifi_data
                0x0000000020001e80        0x1 ./Core/cpp/Src/uart_wifi.o
                0x0000000020001e80                new_wifi_data
 .bss.new_remote_data
                0x0000000020001e81        0x1 ./Core/cpp/Src/uart_wifi.o
                0x0000000020001e81                new_remote_data
 .bss.new_bms_data
                0x0000000020001e82        0x1 ./Core/cpp/Src/uart_wifi.o
                0x0000000020001e82                new_bms_data
 *fill*         0x0000000020001e83        0x1 
 .bss.rc_uart_buff
                0x0000000020001e84       0x64 ./Core/cpp/Src/uart_wifi.o
                0x0000000020001e84                rc_uart_buff
 .bss.bms_uart_buff
                0x0000000020001ee8       0x64 ./Core/cpp/Src/uart_wifi.o
                0x0000000020001ee8                bms_uart_buff
 .bss.wifi_uart_buff
                0x0000000020001f4c       0x64 ./Core/cpp/Src/uart_wifi.o
                0x0000000020001f4c                wifi_uart_buff
 .bss.bms_req_time
                0x0000000020001fb0        0x4 ./Core/cpp/Src/uart_wifi.o
                0x0000000020001fb0                bms_req_time
 .bss.bms_err   0x0000000020001fb4        0x1 ./Core/cpp/Src/uart_wifi.o
                0x0000000020001fb4                bms_err
 .bss.bms_detected
                0x0000000020001fb5        0x1 ./Core/cpp/Src/uart_wifi.o
                0x0000000020001fb5                bms_detected
 .bss.smart_bms
                0x0000000020001fb6        0x1 ./Core/cpp/Src/uart_wifi.o
                0x0000000020001fb6                smart_bms
 *fill*         0x0000000020001fb7        0x1 
 .bss.uwTick    0x0000000020001fb8        0x4 ./Drivers/STM32F4xx_HAL_Driver/Src/stm32f4xx_hal.o
                0x0000000020001fb8                uwTick
 .bss.KernelState
                0x0000000020001fbc        0x4 ./Middlewares/Third_Party/FreeRTOS/Source/CMSIS_RTOS_V2/cmsis_os2.o
 .bss.Idle_TCB.3
                0x0000000020001fc0       0x5c ./Middlewares/Third_Party/FreeRTOS/Source/CMSIS_RTOS_V2/cmsis_os2.o
 .bss.Idle_Stack.2
                0x000000002000201c      0x200 ./Middlewares/Third_Party/FreeRTOS/Source/CMSIS_RTOS_V2/cmsis_os2.o
 .bss.Timer_TCB.1
                0x000000002000221c       0x5c ./Middlewares/Third_Party/FreeRTOS/Source/CMSIS_RTOS_V2/cmsis_os2.o
 .bss.Timer_Stack.0
                0x0000000020002278      0x400 ./Middlewares/Third_Party/FreeRTOS/Source/CMSIS_RTOS_V2/cmsis_os2.o
 .bss.xQueueRegistry
                0x0000000020002678       0x40 ./Middlewares/Third_Party/FreeRTOS/Source/queue.o
                0x0000000020002678                xQueueRegistry
 .bss.pxCurrentTCB
                0x00000000200026b8        0x4 ./Middlewares/Third_Party/FreeRTOS/Source/tasks.o
                0x00000000200026b8                pxCurrentTCB
 .bss.pxReadyTasksLists
                0x00000000200026bc      0x460 ./Middlewares/Third_Party/FreeRTOS/Source/tasks.o
 .bss.xDelayedTaskList1
                0x0000000020002b1c       0x14 ./Middlewares/Third_Party/FreeRTOS/Source/tasks.o
 .bss.xDelayedTaskList2
                0x0000000020002b30       0x14 ./Middlewares/Third_Party/FreeRTOS/Source/tasks.o
 .bss.pxDelayedTaskList
                0x0000000020002b44        0x4 ./Middlewares/Third_Party/FreeRTOS/Source/tasks.o
 .bss.pxOverflowDelayedTaskList
                0x0000000020002b48        0x4 ./Middlewares/Third_Party/FreeRTOS/Source/tasks.o
 .bss.xPendingReadyList
                0x0000000020002b4c       0x14 ./Middlewares/Third_Party/FreeRTOS/Source/tasks.o
 .bss.xTasksWaitingTermination
                0x0000000020002b60       0x14 ./Middlewares/Third_Party/FreeRTOS/Source/tasks.o
 .bss.uxDeletedTasksWaitingCleanUp
                0x0000000020002b74        0x4 ./Middlewares/Third_Party/FreeRTOS/Source/tasks.o
 .bss.xSuspendedTaskList
                0x0000000020002b78       0x14 ./Middlewares/Third_Party/FreeRTOS/Source/tasks.o
 .bss.uxCurrentNumberOfTasks
                0x0000000020002b8c        0x4 ./Middlewares/Third_Party/FreeRTOS/Source/tasks.o
 .bss.xTickCount
                0x0000000020002b90        0x4 ./Middlewares/Third_Party/FreeRTOS/Source/tasks.o
 .bss.uxTopReadyPriority
                0x0000000020002b94        0x4 ./Middlewares/Third_Party/FreeRTOS/Source/tasks.o
 .bss.xSchedulerRunning
                0x0000000020002b98        0x4 ./Middlewares/Third_Party/FreeRTOS/Source/tasks.o
 .bss.xPendedTicks
                0x0000000020002b9c        0x4 ./Middlewares/Third_Party/FreeRTOS/Source/tasks.o
 .bss.xYieldPending
                0x0000000020002ba0        0x4 ./Middlewares/Third_Party/FreeRTOS/Source/tasks.o
 .bss.xNumOfOverflows
                0x0000000020002ba4        0x4 ./Middlewares/Third_Party/FreeRTOS/Source/tasks.o
 .bss.uxTaskNumber
                0x0000000020002ba8        0x4 ./Middlewares/Third_Party/FreeRTOS/Source/tasks.o
 .bss.xNextTaskUnblockTime
                0x0000000020002bac        0x4 ./Middlewares/Third_Party/FreeRTOS/Source/tasks.o
 .bss.xIdleTaskHandle
                0x0000000020002bb0        0x4 ./Middlewares/Third_Party/FreeRTOS/Source/tasks.o
 .bss.uxSchedulerSuspended
                0x0000000020002bb4        0x4 ./Middlewares/Third_Party/FreeRTOS/Source/tasks.o
 .bss.xActiveTimerList1
                0x0000000020002bb8       0x14 ./Middlewares/Third_Party/FreeRTOS/Source/timers.o
 .bss.xActiveTimerList2
                0x0000000020002bcc       0x14 ./Middlewares/Third_Party/FreeRTOS/Source/timers.o
 .bss.pxCurrentTimerList
                0x0000000020002be0        0x4 ./Middlewares/Third_Party/FreeRTOS/Source/timers.o
 .bss.pxOverflowTimerList
                0x0000000020002be4        0x4 ./Middlewares/Third_Party/FreeRTOS/Source/timers.o
 .bss.xTimerQueue
                0x0000000020002be8        0x4 ./Middlewares/Third_Party/FreeRTOS/Source/timers.o
 .bss.xTimerTaskHandle
                0x0000000020002bec        0x4 ./Middlewares/Third_Party/FreeRTOS/Source/timers.o
 .bss.xLastTime.2
                0x0000000020002bf0        0x4 ./Middlewares/Third_Party/FreeRTOS/Source/timers.o
 .bss.ucStaticTimerQueueStorage.1
                0x0000000020002bf4       0xa0 ./Middlewares/Third_Party/FreeRTOS/Source/timers.o
 .bss.xStaticTimerQueue.0
                0x0000000020002c94       0x50 ./Middlewares/Third_Party/FreeRTOS/Source/timers.o
 .bss.ucMaxSysCallPriority
                0x0000000020002ce4        0x1 ./Middlewares/Third_Party/FreeRTOS/Source/portable/GCC/ARM_CM4F/port.o
 *fill*         0x0000000020002ce5        0x3 
 .bss.ulMaxPRIGROUPValue
                0x0000000020002ce8        0x4 ./Middlewares/Third_Party/FreeRTOS/Source/portable/GCC/ARM_CM4F/port.o
 .bss.ucHeap    0x0000000020002cec     0x3c00 ./Middlewares/Third_Party/FreeRTOS/Source/portable/MemMang/heap_4.o
 .bss.xStart    0x00000000200068ec        0x8 ./Middlewares/Third_Party/FreeRTOS/Source/portable/MemMang/heap_4.o
 .bss.pxEnd     0x00000000200068f4        0x4 ./Middlewares/Third_Party/FreeRTOS/Source/portable/MemMang/heap_4.o
 .bss.xFreeBytesRemaining
                0x00000000200068f8        0x4 ./Middlewares/Third_Party/FreeRTOS/Source/portable/MemMang/heap_4.o
 .bss.xMinimumEverFreeBytesRemaining
                0x00000000200068fc        0x4 ./Middlewares/Third_Party/FreeRTOS/Source/portable/MemMang/heap_4.o
 .bss.xNumberOfSuccessfulAllocations
                0x0000000020006900        0x4 ./Middlewares/Third_Party/FreeRTOS/Source/portable/MemMang/heap_4.o
 .bss.xNumberOfSuccessfulFrees
                0x0000000020006904        0x4 ./Middlewares/Third_Party/FreeRTOS/Source/portable/MemMang/heap_4.o
 .bss.xBlockAllocatedBit
                0x0000000020006908        0x4 ./Middlewares/Third_Party/FreeRTOS/Source/portable/MemMang/heap_4.o
 *(COMMON)
                0x000000002000690c                . = ALIGN (0x4)
                0x000000002000690c                _ebss = .
                0x000000002000690c                __bss_end__ = _ebss

._user_heap_stack
                0x000000002000690c      0x604
                0x0000000020006910                . = ALIGN (0x8)
 *fill*         0x000000002000690c        0x4 
                [!provide]                        PROVIDE (end = .)
                0x0000000020006910                PROVIDE (_end = .)
                0x0000000020006b10                . = (. + _Min_Heap_Size)
 *fill*         0x0000000020006910      0x200 
                0x0000000020006f10                . = (. + _Min_Stack_Size)
 *fill*         0x0000000020006b10      0x400 
                0x0000000020006f10                . = ALIGN (0x8)

/DISCARD/
 libc.a(*)
 libm.a(*)
 libgcc.a(*)

.ARM.attributes
                0x0000000000000000       0x30
 *(.ARM.attributes)
 .ARM.attributes
                0x0000000000000000       0x1e c:/st/stm32cubeide_1.9.0/stm32cubeide/plugins/com.st.stm32cube.ide.mcu.externaltools.gnu-tools-for-stm32.10.3-2021.10.win32_1.0.100.202210260954/tools/bin/../lib/gcc/arm-none-eabi/10.3.1/thumb/v7e-m+fp/hard/crti.o
 .ARM.attributes
                0x000000000000001e       0x34 c:/st/stm32cubeide_1.9.0/stm32cubeide/plugins/com.st.stm32cube.ide.mcu.externaltools.gnu-tools-for-stm32.10.3-2021.10.win32_1.0.100.202210260954/tools/bin/../lib/gcc/arm-none-eabi/10.3.1/thumb/v7e-m+fp/hard/crtbegin.o
 .ARM.attributes
                0x0000000000000052       0x34 ./Core/Src/can.o
 .ARM.attributes
                0x0000000000000086       0x34 ./Core/Src/dma.o
 .ARM.attributes
                0x00000000000000ba       0x34 ./Core/Src/freertos.o
 .ARM.attributes
                0x00000000000000ee       0x34 ./Core/Src/gpio.o
 .ARM.attributes
                0x0000000000000122       0x34 ./Core/Src/iwdg.o
 .ARM.attributes
                0x0000000000000156       0x34 ./Core/Src/main.o
 .ARM.attributes
                0x000000000000018a       0x34 ./Core/Src/stm32f4xx_hal_msp.o
 .ARM.attributes
                0x00000000000001be       0x34 ./Core/Src/stm32f4xx_hal_timebase_tim.o
 .ARM.attributes
                0x00000000000001f2       0x34 ./Core/Src/stm32f4xx_it.o
 .ARM.attributes
                0x0000000000000226       0x34 ./Core/Src/system_stm32f4xx.o
 .ARM.attributes
                0x000000000000025a       0x34 ./Core/Src/tim.o
 .ARM.attributes
                0x000000000000028e       0x34 ./Core/Src/usart.o
 .ARM.attributes
                0x00000000000002c2       0x21 ./Core/Startup/startup_stm32f407vetx.o
 .ARM.attributes
                0x00000000000002e3       0x34 ./Core/cpp/Src/KeyaLKTechDriver.o
 .ARM.attributes
                0x0000000000000317       0x34 ./Core/cpp/Src/Servo.o
 .ARM.attributes
                0x000000000000034b       0x34 ./Core/cpp/Src/canbus.o
 .ARM.attributes
                0x000000000000037f       0x34 ./Core/cpp/Src/drivers_control.o
 .ARM.attributes
                0x00000000000003b3       0x34 ./Core/cpp/Src/inputs.o
 .ARM.attributes
                0x00000000000003e7       0x34 ./Core/cpp/Src/mission.o
 .ARM.attributes
                0x000000000000041b       0x34 ./Core/cpp/Src/outputs.o
 .ARM.attributes
                0x000000000000044f       0x34 ./Core/cpp/Src/servo_control.o
 .ARM.attributes
                0x0000000000000483       0x34 ./Core/cpp/Src/uart_wifi.o
 .ARM.attributes
                0x00000000000004b7       0x34 ./Drivers/STM32F4xx_HAL_Driver/Src/stm32f4xx_hal.o
 .ARM.attributes