Archive member included to satisfy reference by file (symbol)

c:/st/stm32cubeide_1.9.0/stm32cubeide/plugins/com.st.stm32cube.ide.mcu.externaltools.gnu-tools-for-stm32.10.3-2021.10.win32_1.0.100.202210260954/tools/bin/../lib/gcc/arm-none-eabi/10.3.1/../../../../arm-none-eabi/lib/thumb/v7e-m+fp/hard\libc_nano.a(lib_a-errno.o)
                              ./Core/Src/syscalls.o (__errno)
c:/st/stm32cubeide_1.9.0/stm32cubeide/plugins/com.st.stm32cube.ide.mcu.externaltools.gnu-tools-for-stm32.10.3-2021.10.win32_1.0.100.202210260954/tools/bin/../lib/gcc/arm-none-eabi/10.3.1/../../../../arm-none-eabi/lib/thumb/v7e-m+fp/hard\libc_nano.a(lib_a-exit.o)
                              c:/st/stm32cubeide_1.9.0/stm32cubeide/plugins/com.st.stm32cube.ide.mcu.externaltools.gnu-tools-for-stm32.10.3-2021.10.win32_1.0.100.202210260954/tools/bin/../lib/gcc/arm-none-eabi/10.3.1/../../../../arm-none-eabi/lib/thumb/v7e-m+fp/hard/crt0.o (exit)
c:/st/stm32cubeide_1.9.0/stm32cubeide/plugins/com.st.stm32cube.ide.mcu.externaltools.gnu-tools-for-stm32.10.3-2021.10.win32_1.0.100.202210260954/tools/bin/../lib/gcc/arm-none-eabi/10.3.1/../../../../arm-none-eabi/lib/thumb/v7e-m+fp/hard\libc_nano.a(lib_a-impure.o)
                              c:/st/stm32cubeide_1.9.0/stm32cubeide/plugins/com.st.stm32cube.ide.mcu.externaltools.gnu-tools-for-stm32.10.3-2021.10.win32_1.0.100.202210260954/tools/bin/../lib/gcc/arm-none-eabi/10.3.1/../../../../arm-none-eabi/lib/thumb/v7e-m+fp/hard\libc_nano.a(lib_a-exit.o) (_global_impure_ptr)
c:/st/stm32cubeide_1.9.0/stm32cubeide/plugins/com.st.stm32cube.ide.mcu.externaltools.gnu-tools-for-stm32.10.3-2021.10.win32_1.0.100.202210260954/tools/bin/../lib/gcc/arm-none-eabi/10.3.1/../../../../arm-none-eabi/lib/thumb/v7e-m+fp/hard\libc_nano.a(lib_a-init.o)
                              c:/st/stm32cubeide_1.9.0/stm32cubeide/plugins/com.st.stm32cube.ide.mcu.externaltools.gnu-tools-for-stm32.10.3-2021.10.win32_1.0.100.202210260954/tools/bin/../lib/gcc/arm-none-eabi/10.3.1/../../../../arm-none-eabi/lib/thumb/v7e-m+fp/hard/crt0.o (__libc_init_array)
c:/st/stm32cubeide_1.9.0/stm32cubeide/plugins/com.st.stm32cube.ide.mcu.externaltools.gnu-tools-for-stm32.10.3-2021.10.win32_1.0.100.202210260954/tools/bin/../lib/gcc/arm-none-eabi/10.3.1/../../../../arm-none-eabi/lib/thumb/v7e-m+fp/hard\libc_nano.a(lib_a-memcpy-stub.o)
                              ./Middlewares/Third_Party/FreeRTOS/Source/CMSIS_RTOS_V2/cmsis_os2.o (memcpy)
c:/st/stm32cubeide_1.9.0/stm32cubeide/plugins/com.st.stm32cube.ide.mcu.externaltools.gnu-tools-for-stm32.10.3-2021.10.win32_1.0.100.202210260954/tools/bin/../lib/gcc/arm-none-eabi/10.3.1/../../../../arm-none-eabi/lib/thumb/v7e-m+fp/hard\libc_nano.a(lib_a-memset.o)
                              c:/st/stm32cubeide_1.9.0/stm32cubeide/plugins/com.st.stm32cube.ide.mcu.externaltools.gnu-tools-for-stm32.10.3-2021.10.win32_1.0.100.202210260954/tools/bin/../lib/gcc/arm-none-eabi/10.3.1/../../../../arm-none-eabi/lib/thumb/v7e-m+fp/hard/crt0.o (memset)
c:/st/stm32cubeide_1.9.0/stm32cubeide/plugins/com.st.stm32cube.ide.mcu.externaltools.gnu-tools-for-stm32.10.3-2021.10.win32_1.0.100.202210260954/tools/bin/../lib/gcc/arm-none-eabi/10.3.1/../../../../arm-none-eabi/lib/thumb/v7e-m+fp/hard\libc_nano.a(lib_a-sprintf.o)
                              ./Core/cpp/Src/uart_wifi.o (sprintf)
c:/st/stm32cubeide_1.9.0/stm32cubeide/plugins/com.st.stm32cube.ide.mcu.externaltools.gnu-tools-for-stm32.10.3-2021.10.win32_1.0.100.202210260954/tools/bin/../lib/gcc/arm-none-eabi/10.3.1/../../../../arm-none-eabi/lib/thumb/v7e-m+fp/hard\libc_nano.a(lib_a-strlen.o)
                              ./Core/cpp/Src/uart_wifi.o (strlen)
c:/st/stm32cubeide_1.9.0/stm32cubeide/plugins/com.st.stm32cube.ide.mcu.externaltools.gnu-tools-for-stm32.10.3-2021.10.win32_1.0.100.202210260954/tools/bin/../lib/gcc/arm-none-eabi/10.3.1/../../../../arm-none-eabi/lib/thumb/v7e-m+fp/hard\libc_nano.a(lib_a-nano-svfprintf.o)
                              c:/st/stm32cubeide_1.9.0/stm32cubeide/plugins/com.st.stm32cube.ide.mcu.externaltools.gnu-tools-for-stm32.10.3-2021.10.win32_1.0.100.202210260954/tools/bin/../lib/gcc/arm-none-eabi/10.3.1/../../../../arm-none-eabi/lib/thumb/v7e-m+fp/hard\libc_nano.a(lib_a-sprintf.o) (_svfprintf_r)
c:/st/stm32cubeide_1.9.0/stm32cubeide/plugins/com.st.stm32cube.ide.mcu.externaltools.gnu-tools-for-stm32.10.3-2021.10.win32_1.0.100.202210260954/tools/bin/../lib/gcc/arm-none-eabi/10.3.1/../../../../arm-none-eabi/lib/thumb/v7e-m+fp/hard\libc_nano.a(lib_a-nano-vfprintf_i.o)
                              c:/st/stm32cubeide_1.9.0/stm32cubeide/plugins/com.st.stm32cube.ide.mcu.externaltools.gnu-tools-for-stm32.10.3-2021.10.win32_1.0.100.202210260954/tools/bin/../lib/gcc/arm-none-eabi/10.3.1/../../../../arm-none-eabi/lib/thumb/v7e-m+fp/hard\libc_nano.a(lib_a-nano-svfprintf.o) (_printf_i)
[...]
Memory Configuration

Name             Origin             Length             Attributes
CCMRAM           0x0000000010000000 0x0000000000010000 xrw
RAM              0x0000000020000000 0x0000000000020000 xrw
FLASH            0x0000000008000000 0x0000000000080000 xr
*default*        0x0000000000000000 0xffffffffffffffff

Linker script and memory map

LOAD c:/st/stm32cubeide_1.9.0/stm32cubeide/plugins/com.st.stm32cube.ide.mcu.externaltools.gnu-tools-for-stm32.10.3-2021.10.win32_1.0.100.202210260954/tools/bin/../lib/gcc/arm-none-eabi/10.3.1/thumb/v7e-m+fp/hard/crti.o
LOAD c:/st/stm32cubeide_1.9.0/stm32cubeide/plugins/com.st.stm32cube.ide.mcu.externaltools.gnu-tools-for-stm32.10.3-2021.10.win32_1.0.100.202210260954/tools/bin/../lib/gcc/arm-none-eabi/10.3.1/thumb/v7e-m+fp/hard/crtbegin.o
LOAD c:/st/stm32cubeide_1.9.0/stm32cubeide/plugins/com.st.stm32cube.ide.mcu.externaltools.gnu-tools-for-stm32.10.3-2021.10.win32_1.0.100.202210260954/tools/bin/../lib/gcc/arm-none-eabi/10.3.1/../../../../arm-none-eabi/lib/thumb/v7e-m+fp/hard/crt0.o
LOAD ./Core/Src/can.o
LOAD ./Core/Src/dma.o
LOAD ./Core/Src/freertos.o
LOAD ./Core/Src/gpio.o
LOAD ./Core/Src/iwdg.o
LOAD ./Core/Src/main.o
LOAD ./Core/Src/stm32f4xx_hal_msp.o
LOAD ./Core/Src/stm32f4xx_hal_timebase_tim.o
LOAD ./Core/Src/stm32f4xx_it.o
LOAD ./Core/Src/syscalls.o
LOAD ./Core/Src/sysmem.o
LOAD ./Core/Src/system_stm32f4xx.o
LOAD ./Core/Src/tim.o
LOAD ./Core/Src/usart.o
LOAD ./Core/Startup/startup_stm32f407vetx.o
LOAD ./Core/cpp/Src/InitCanDrivers.o
LOAD ./Core/cpp/Src/KeyaLKTechDriver.o
LOAD ./Core/cpp/Src/Servo.o
LOAD ./Core/cpp/Src/canbus.o
LOAD ./Core/cpp/Src/drivers_control.o
LOAD ./Core/cpp/Src/flash_data.o
LOAD ./Core/cpp/Src/inputs.o
LOAD ./Core/cpp/Src/mission.o
LOAD ./Core/cpp/Src/outputs.o
LOAD ./Core/cpp/Src/servo_control.o
LOAD ./Core/cpp/Src/uart_wifi.o
LOAD ./Drivers/STM32F4xx_HAL_Driver/Src/stm32f4xx_hal.o
LOAD ./Drivers/STM32F4xx_HAL_Driver/Src/stm32f4xx_hal_can.o
LOAD ./Drivers/STM32F4xx_HAL_Driver/Src/stm32f4xx_hal_cortex.o
LOAD ./Drivers/STM32F4xx_HAL_Driver/Src/stm32f4xx_hal_dma.o
LOAD ./Drivers/STM32F4xx_HAL_Driver/Src/stm32f4xx_hal_dma_ex.o
LOAD ./Drivers/STM32F4xx_HAL_Driver/Src/stm32f4xx_hal_exti.o
LOAD ./Drivers/STM32F4xx_HAL_Driver/Src/stm32f4xx_hal_flash.o
LOAD ./Drivers/STM32F4xx_HAL_Driver/Src/stm32f4xx_hal_flash_ex.o
LOAD ./Drivers/STM32F4xx_HAL_Driver/Src/stm32f4xx_hal_flash_ramfunc.o
LOAD ./Drivers/STM32F4xx_HAL_Driver/Src/stm32f4xx_hal_gpio.o
LOAD ./Drivers/STM32F4xx_HAL_Driver/Src/stm32f4xx_hal_iwdg.o
LOAD ./Drivers/STM32F4xx_HAL_Driver/Src/stm32f4xx_hal_pwr.o
LOAD ./Drivers/STM32F4xx_HAL_Driver/Src/stm32f4xx_hal_pwr_ex.o
LOAD ./Drivers/STM32F4xx_HAL_Driver/Src/stm32f4xx_hal_rcc.o
LOAD ./Drivers/STM32F4xx_HAL_Driver/Src/stm32f4xx_hal_rcc_ex.o
LOAD ./Drivers/STM32F4xx_HAL_Driver/Src/stm32f4xx_hal_tim.o
LOAD ./Drivers/STM32F4xx_HAL_Driver/Src/stm32f4xx_hal_tim_ex.o
LOAD ./Drivers/STM32F4xx_HAL_Driver/Src/stm32f4xx_hal_uart.o
LOAD ./Middlewares/Third_Party/FreeRTOS/Source/CMSIS_RTOS_V2/cmsis_os2.o
LOAD ./Middlewares/Third_Party/FreeRTOS/Source/croutine.o
LOAD ./Middlewares/Third_Party/FreeRTOS/Source/event_groups.o
LOAD ./Middlewares/Third_Party/FreeRTOS/Source/list.o
LOAD ./Middlewares/Third_Party/FreeRTOS/Source/queue.o
LOAD ./Middlewares/Third_Party/FreeRTOS/Source/stream_buffer.o
LOAD ./Middlewares/Third_Party/FreeRTOS/Source/tasks.o
LOAD ./Middlewares/Third_Party/FreeRTOS/Source/timers.o
LOAD ./Middlewares/Third_Party/FreeRTOS/Source/portable/GCC/ARM_CM4F/port.o
LOAD ./Middlewares/Third_Party/FreeRTOS/Source/portable/MemMang/heap_4.o
START GROUP
LOAD c:/st/stm32cubeide_1.9.0/stm32cubeide/plugins/com.st.stm32cube.ide.mcu.externaltools.gnu-tools-for-stm32.10.3-2021.10.win32_1.0.100.202210260954/tools/bin/../lib/gcc/arm-none-eabi/10.3.1/../../../../arm-none-eabi/lib/thumb/v7e-m+fp/hard\libstdc++_nano.a
LOAD c:/st/stm32cubeide_1.9.0/stm32cubeide/plugins/com.st.stm32cube.ide.mcu.externaltools.gnu-tools-for-stm32.10.3-2021.10.win32_1.0.100.202210260954/tools/bin/../lib/gcc/arm-none-eabi/10.3.1/../../../../arm-none-eabi/lib/thumb/v7e-m+fp/hard\libsupc++_nano.a
END GROUP
LOAD c:/st/stm32cubeide_1.9.0/stm32cubeide/plugins/com.st.stm32cube.ide.mcu.externaltools.gnu-tools-for-stm32.10.3-2021.10.win32_1.0.100.202210260954/tools/bin/../lib/gcc/arm-none-eabi/10.3.1/../../../../arm-none-eabi/lib/thumb/v7e-m+fp/hard\libstdc++_nano.a
LOAD c:/st/stm32cubeide_1.9.0/stm32cubeide/plugins/com.st.stm32cube.ide.mcu.externaltools.gnu-tools-for-stm32.10.3-2021.10.win32_1.0.100.202210260954/tools/bin/../lib/gcc/arm-none-eabi/10.3.1/../../../../arm-none-eabi/lib/thumb/v7e-m+fp/hard\libm.a
LOAD c:/st/stm32cubeide_1.9.0/stm32cubeide/plugins/com.st.stm32cube.ide.mcu.externaltools.gnu-tools-for-stm32.10.3-2021.10.win32_1.0.100.202210260954/tools/bin/../lib/gcc/arm-none-eabi/10.3.1/../../../../arm-none-eabi/lib/thumb/v7e-m+fp/hard\libc_nano.a
START GROUP
LOAD c:/st/stm32cubeide_1.9.0/stm32cubeide/plugins/com.st.stm32cube.ide.mcu.externaltools.gnu-tools-for-stm32.10.3-2021.10.win32_1.0.100.202210260954/tools/bin/../lib/gcc/arm-none-eabi/10.3.1/thumb/v7e-m+fp/hard\libgcc.a
LOAD c:/st/stm32cubeide_1.9.0/stm32cubeide/plugins/com.st.stm32cube.ide.mcu.externaltools.gnu-tools-for-stm32.10.3-2021.10.win32_1.0.100.202210260954/tools/bin/../lib/gcc/arm-none-eabi/10.3.1/../../../../arm-none-eabi/lib/thumb/v7e-m+fp/hard\libc_nano.a
END GROUP
START GROUP
LOAD c:/st/stm32cubeide_1.9.0/stm32cubeide/plugins/com.st.stm32cube.ide.mcu.externaltools.gnu-tools-for-stm32.10.3-2021.10.win32_1.0.100.202210260954/tools/bin/../lib/gcc/arm-none-eabi/10.3.1/thumb/v7e-m+fp/hard\libgcc.a
LOAD c:/st/stm32cubeide_1.9.0/stm32cubeide/plugins/com.st.stm32cube.ide.mcu.externaltools.gnu-tools-for-stm32.10.3-2021.10.win32_1.0.100.202210260954/tools/bin/../lib/gcc/arm-none-eabi/10.3.1/../../../../arm-none-eabi/lib/thumb/v7e-m+fp/hard\libc_nano.a
LOAD c:/st/stm32cubeide_1.9.0/stm32cubeide/plugins/com.st.stm32cube.ide.mcu.externaltools.gnu-tools-for-stm32.10.3-2021.10.win32_1.0.100.202210260954/tools/bin/../lib/gcc/arm-none-eabi/10.3.1/../../../../arm-none-eabi/lib/thumb/v7e-m+fp/hard\libnosys.a
END GROUP
START GROUP
LOAD c:/st/stm32cubeide_1.9.0/stm32cubeide/plugins/com.st.stm32cube.ide.mcu.externaltools.gnu-tools-for-stm32.10.3-2021.10.win32_1.0.100.202210260954/tools/bin/../lib/gcc/arm-none-eabi/10.3.1/thumb/v7e-m+fp/hard\libgcc.a
LOAD c:/st/stm32cubeide_1.9.0/stm32cubeide/plugins/com.st.stm32cube.ide.mcu.externaltools.gnu-tools-for-stm32.10.3-2021.10.win32_1.0.100.202210260954/tools/bin/../lib/gcc/arm-none-eabi/10.3.1/../../../../arm-none-eabi/lib/thumb/v7e-m+fp/hard\libc_nano.a
LOAD c:/st/stm32cubeide_1.9.0/stm32cubeide/plugins/com.st.stm32cube.ide.mcu.externaltools.gnu-tools-for-stm32.10.3-2021.10.win32_1.0.100.202210260954/tools/bin/../lib/gcc/arm-none-eabi/10.3.1/../../../../arm-none-eabi/lib/thumb/v7e-m+fp/hard\libnosys.a
END GROUP
LOAD c:/st/stm32cubeide_1.9.0/stm32cubeide/plugins/com.st.stm32cube.ide.mcu.externaltools.gnu-tools-for-stm32.10.3-2021.10.win32_1.0.100.202210260954/tools/bin/../lib/gcc/arm-none-eabi/10.3.1/thumb/v7e-m+fp/hard/crtend.o
LOAD c:/st/stm32cubeide_1.9.0/stm32cubeide/plugins/com.st.stm32cube.ide.mcu.externaltools.gnu-tools-for-stm32.10.3-2021.10.win32_1.0.100.202210260954/tools/bin/../lib/gcc/arm-none-eabi/10.3.1/thumb/v7e-m+fp/hard/crtn.o
                0x0000000020020000                _estack = (ORIGIN (RAM) + LENGTH (RAM))
                0x0000000000000200                _Min_Heap_Size = 0x200
                0x0000000000000400                _Min_Stack_Size = 0x400

.isr_vector     0x0000000008000000      0x188
                0x0000000008000000                . = ALIGN (0x4)
 *(.isr_vector)
 .isr_vector    0x0000000008000000      0x188 ./Core/Startup/startup_stm32f407vetx.o
                0x0000000008000000                g_pfnVectors
                0x0000000008000188                . = ALIGN (0x4)

.text           0x0000000008000190     0xa0b4
                0x0000000008000190                . = ALIGN (0x4)
 *(.text)
 .text          0x0000000008000190       0x40 c:/st/stm32cubeide_1.9.0/stm32cubeide/plugins/com.st.stm32cube.ide.mcu.externaltools.gnu-tools-for-stm32.10.3-2021.10.win32_1.0.100.202210260954/tools/bin/../lib/gcc/arm-none-eabi/10.3.1/thumb/v7e-m+fp/hard/crtbegin.o
 .text          0x00000000080001d0       0x10 c:/st/stm32cubeide_1.9.0/stm32cubeide/plugins/com.st.stm32cube.ide.mcu.externaltools.gnu-tools-for-stm32.10.3-2021.10.win32_1.0.100.202210260954/tools/bin/../lib/gcc/arm-none-eabi/10.3.1/../../../../arm-none-eabi/lib/thumb/v7e-m+fp/hard\libc_nano.a(lib_a-strlen.o)
                0x00000000080001d0                strlen
 .text          0x00000000080001e0       0xa0 c:/st/stm32cubeide_1.9.0/stm32cubeide/plugins/com.st.stm32cube.ide.mcu.externaltools.gnu-tools-for-stm32.10.3-2021.10.win32_1.0.100.202210260954/tools/bin/../lib/gcc/arm-none-eabi/10.3.1/../../../../arm-none-eabi/lib/thumb/v7e-m+fp/hard\libc_nano.a(lib_a-memchr.o)
                0x00000000080001e0                memchr
 .text          0x0000000008000280       0x30 c:/st/stm32cubeide_1.9.0/stm32cubeide/plugins/com.st.stm32cube.ide.mcu.externaltools.gnu-tools-for-stm32.10.3-2021.10.win32_1.0.100.202210260954/tools/bin/../lib/gcc/arm-none-eabi/10.3.1/thumb/v7e-m+fp/hard\libgcc.a(_aeabi_uldivmod.o)
                0x0000000008000280                __aeabi_uldivmod
 .text          0x00000000080002b0      0x2d0 c:/st/stm32cubeide_1.9.0/stm32cubeide/plugins/com.st.stm32cube.ide.mcu.externaltools.gnu-tools-for-stm32.10.3-2021.10.win32_1.0.100.202210260954/tools/bin/../lib/gcc/arm-none-eabi/10.3.1/thumb/v7e-m+fp/hard\libgcc.a(_udivmoddi4.o)
                0x00000000080002b0                __udivmoddi4
 .text          0x0000000008000580        0x4 c:/st/stm32cubeide_1.9.0/stm32cubeide/plugins/com.st.stm32cube.ide.mcu.externaltools.gnu-tools-for-stm32.10.3-2021.10.win32_1.0.100.202210260954/tools/bin/../lib/gcc/arm-none-eabi/10.3.1/thumb/v7e-m+fp/hard\libgcc.a(_dvmd_tls.o)
                0x0000000008000580                __aeabi_idiv0
                0x0000000008000580                __aeabi_ldiv0
 *(.text*)
 .text.MX_CAN1_Init
                0x0000000008000584       0xd0 ./Core/Src/can.o
                0x0000000008000584                MX_CAN1_Init
 .text.HAL_CAN_MspInit
                0x0000000008000654       0xb0 ./Core/Src/can.o
                0x0000000008000654                HAL_CAN_MspInit
 .text.MX_DMA_Init
                0x0000000008000704       0x7c ./Core/Src/dma.o
                0x0000000008000704                MX_DMA_Init
 .text.MX_FREERTOS_Init
                0x0000000008000780       0xe8 ./Core/Src/freertos.o
                0x0000000008000780                MX_FREERTOS_Init
 .text.StartDefaultTask
                0x0000000008000868       0x12 ./Core/Src/freertos.o
                0x0000000008000868                StartDefaultTask
 *fill*         0x000000000800087a        0x2 
 .text.MX_GPIO_Init
                0x000000000800087c      0x228 ./Core/Src/gpio.o
                0x000000000800087c                MX_GPIO_Init
 .text.MX_IWDG_Init
                0x0000000008000aa4       0x34 ./Core/Src/iwdg.o
                0x0000000008000aa4                MX_IWDG_Init
 .text.main     0x0000000008000ad8       0xd0 ./Core/Src/main.o
                0x0000000008000ad8                main
 .text.SystemClock_Config
                0x0000000008000ba8       0xd8 ./Core/Src/main.o
                0x0000000008000ba8                SystemClock_Config
 .text.HAL_TIM_PeriodElapsedCallback
                0x0000000008000c80       0x24 ./Core/Src/main.o
                0x0000000008000c80                HAL_TIM_PeriodElapsedCallback
 .text.Error_Handler
                0x0000000008000ca4        0xa ./Core/Src/main.o
                0x0000000008000ca4                Error_Handler
 *fill*         0x0000000008000cae        0x2 
 .text.HAL_MspInit
                0x0000000008000cb0       0x58 ./Core/Src/stm32f4xx_hal_msp.o
                0x0000000008000cb0                HAL_MspInit
 .text.HAL_InitTick
                0x0000000008000d08       0xf8 ./Core/Src/stm32f4xx_hal_timebase_tim.o
                0x0000000008000d08                HAL_InitTick
 .text.NMI_Handler
                0x0000000008000e00        0x6 ./Core/Src/stm32f4xx_it.o
                0x0000000008000e00                NMI_Handler
 .text.HardFault_Handler
                0x0000000008000e06        0x6 ./Core/Src/stm32f4xx_it.o
                0x0000000008000e06                HardFault_Handler
 .text.MemManage_Handler
                0x0000000008000e0c        0x6 ./Core/Src/stm32f4xx_it.o
                0x0000000008000e0c                MemManage_Handler
 .text.BusFault_Handler
                0x0000000008000e12        0x6 ./Core/Src/stm32f4xx_it.o
                0x0000000008000e12                BusFault_Handler
 .text.UsageFault_Handler
                0x0000000008000e18        0x6 ./Core/Src/stm32f4xx_it.o
                0x0000000008000e18                UsageFault_Handler
 .text.DebugMon_Handler
                0x0000000008000e1e        0xe ./Core/Src/stm32f4xx_it.o
                0x0000000008000e1e                DebugMon_Handler
 .text.DMA1_Stream1_IRQHandler
                0x0000000008000e2c       0x14 ./Core/Src/stm32f4xx_it.o
                0x0000000008000e2c                DMA1_Stream1_IRQHandler
 .text.DMA1_Stream5_IRQHandler
                0x0000000008000e40       0x14 ./Core/Src/stm32f4xx_it.o
                0x0000000008000e40                DMA1_Stream5_IRQHandler
 .text.CAN1_RX0_IRQHandler
                0x0000000008000e54       0x14 ./Core/Src/stm32f4xx_it.o
                0x0000000008000e54                CAN1_RX0_IRQHandler
 .text.CAN1_SCE_IRQHandler
                0x0000000008000e68       0x14 ./Core/Src/stm32f4xx_it.o
                0x0000000008000e68                CAN1_SCE_IRQHandler
 .text.USART1_IRQHandler
                0x0000000008000e7c       0x14 ./Core/Src/stm32f4xx_it.o
                0x0000000008000e7c                USART1_IRQHandler
 .text.USART2_IRQHandler
                0x0000000008000e90       0x14 ./Core/Src/stm32f4xx_it.o
                0x0000000008000e90                USART2_IRQHandler
 .text.USART3_IRQHandler
                0x0000000008000ea4       0x14 ./Core/Src/stm32f4xx_it.o
                0x0000000008000ea4                USART3_IRQHandler
 .text.TIM6_DAC_IRQHandler
                0x0000000008000eb8       0x14 ./Core/Src/stm32f4xx_it.o
                0x0000000008000eb8                TIM6_DAC_IRQHandler
 .text.DMA2_Stream2_IRQHandler
                0x0000000008000ecc       0x14 ./Core/Src/stm32f4xx_it.o
                0x0000000008000ecc                DMA2_Stream2_IRQHandler
 .text._sbrk    0x0000000008000ee0       0x6c ./Core/Src/sysmem.o
                0x0000000008000ee0                _sbrk
 .text.SystemInit
                0x0000000008000f4c       0x24 ./Core/Src/system_stm32f4xx.o
                0x0000000008000f4c                SystemInit
 .text.MX_TIM3_Init
                0x0000000008000f70      0x130 ./Core/Src/tim.o
                0x0000000008000f70                MX_TIM3_Init
 .text.MX_TIM4_Init
                0x00000000080010a0       0xa8 ./Core/Src/tim.o
                0x00000000080010a0                MX_TIM4_Init
 .text.HAL_TIM_Base_MspInit
                0x0000000008001148       0x44 ./Core/Src/tim.o
                0x0000000008001148                HAL_TIM_Base_MspInit
 .text.HAL_TIM_Encoder_MspInit
                0x000000000800118c       0x90 ./Core/Src/tim.o
                0x000000000800118c                HAL_TIM_Encoder_MspInit
 .text.HAL_TIM_MspPostInit
                0x000000000800121c       0x74 ./Core/Src/tim.o
                0x000000000800121c                HAL_TIM_MspPostInit
 .text.MX_USART1_UART_Init
                0x0000000008001290       0x54 ./Core/Src/usart.o
                0x0000000008001290                MX_USART1_UART_Init
 .text.MX_USART2_UART_Init
                0x00000000080012e4       0x54 ./Core/Src/usart.o
                0x00000000080012e4                MX_USART2_UART_Init
 .text.MX_USART3_UART_Init
                0x0000000008001338       0x54 ./Core/Src/usart.o
                0x0000000008001338                MX_USART3_UART_Init
 .text.HAL_UART_MspInit
                0x000000000800138c      0x2c4 ./Core/Src/usart.o
                0x000000000800138c                HAL_UART_MspInit
 .text.Reset_Handler
                0x0000000008001650       0x50 ./Core/Startup/startup_stm32f407vetx.o
                0x0000000008001650                Reset_Handler
 .text.Default_Handler
                0x00000000080016a0        0x2 ./Core/Startup/startup_stm32f407vetx.o
                0x00000000080016a0                RTC_Alarm_IRQHandler
                0x00000000080016a0                HASH_RNG_IRQHandler
                0x00000000080016a0                EXTI2_IRQHandler
                0x00000000080016a0                TIM8_CC_IRQHandler
                0x00000000080016a0                TIM1_CC_IRQHandler
                0x00000000080016a0                DMA2_Stream5_IRQHandler
                0x00000000080016a0                PVD_IRQHandler
                0x00000000080016a0                SDIO_IRQHandler
                0x00000000080016a0                TAMP_STAMP_IRQHandler
                0x00000000080016a0                CAN2_RX1_IRQHandler
                0x00000000080016a0                EXTI3_IRQHandler
                0x00000000080016a0                TIM8_TRG_COM_TIM14_IRQHandler
                0x00000000080016a0                TIM1_UP_TIM10_IRQHandler
                0x00000000080016a0                TIM8_UP_TIM13_IRQHandler
                0x00000000080016a0                I2C3_ER_IRQHandler
                0x00000000080016a0                EXTI0_IRQHandler
                0x00000000080016a0                I2C2_EV_IRQHandler
                0x00000000080016a0                DMA1_Stream2_IRQHandler
                0x00000000080016a0                FPU_IRQHandler
                0x00000000080016a0                OTG_HS_WKUP_IRQHandler
                0x00000000080016a0                CAN2_SCE_IRQHandler
                0x00000000080016a0                SPI1_IRQHandler
                0x00000000080016a0                TIM1_BRK_TIM9_IRQHandler
                0x00000000080016a0                DCMI_IRQHandler
                0x00000000080016a0                CAN2_RX0_IRQHandler
                0x00000000080016a0                DMA2_Stream3_IRQHandler
                0x00000000080016a0                USART6_IRQHandler
                0x00000000080016a0                CAN1_RX1_IRQHandler
                0x00000000080016a0                UART5_IRQHandler
                0x00000000080016a0                DMA2_Stream0_IRQHandler
                0x00000000080016a0                TIM4_IRQHandler
                0x00000000080016a0                I2C1_EV_IRQHandler
                0x00000000080016a0                DMA1_Stream6_IRQHandler
                0x00000000080016a0                UART4_IRQHandler
                0x00000000080016a0                TIM3_IRQHandler
                0x00000000080016a0                RCC_IRQHandler
                0x00000000080016a0                TIM8_BRK_TIM12_IRQHandler
                0x00000000080016a0                Default_Handler
                0x00000000080016a0                EXTI15_10_IRQHandler
                0x00000000080016a0                ADC_IRQHandler
                0x00000000080016a0                DMA1_Stream7_IRQHandler
                0x00000000080016a0                TIM7_IRQHandler
                0x00000000080016a0                CAN2_TX_IRQHandler
                0x00000000080016a0                TIM5_IRQHandler
                0x00000000080016a0                DMA2_Stream7_IRQHandler
                0x00000000080016a0                I2C3_EV_IRQHandler
                0x00000000080016a0                EXTI9_5_IRQHandler
                0x00000000080016a0                RTC_WKUP_IRQHandler
                0x00000000080016a0                ETH_WKUP_IRQHandler
                0x00000000080016a0                SPI2_IRQHandler
                0x00000000080016a0                OTG_HS_EP1_IN_IRQHandler
                0x00000000080016a0                DMA1_Stream0_IRQHandler
                0x00000000080016a0                CAN1_TX_IRQHandler
                0x00000000080016a0                EXTI4_IRQHandler
                0x00000000080016a0                FSMC_IRQHandler
                0x00000000080016a0                ETH_IRQHandler
                0x00000000080016a0                OTG_HS_EP1_OUT_IRQHandler
                0x00000000080016a0                WWDG_IRQHandler
                0x00000000080016a0                TIM2_IRQHandler
                0x00000000080016a0                OTG_FS_WKUP_IRQHandler
                0x00000000080016a0                TIM1_TRG_COM_TIM11_IRQHandler
                0x00000000080016a0                OTG_HS_IRQHandler
                0x00000000080016a0                EXTI1_IRQHandler
                0x00000000080016a0                I2C2_ER_IRQHandler
                0x00000000080016a0                DMA2_Stream1_IRQHandler
                0x00000000080016a0                FLASH_IRQHandler
                0x00000000080016a0                DMA2_Stream4_IRQHandler
                0x00000000080016a0                OTG_FS_IRQHandler
                0x00000000080016a0                SPI3_IRQHandler
                0x00000000080016a0                DMA1_Stream4_IRQHandler
                0x00000000080016a0                I2C1_ER_IRQHandler
                0x00000000080016a0                DMA2_Stream6_IRQHandler
                0x00000000080016a0                DMA1_Stream3_IRQHandler
 .text._Z17DriversObjectInitPP16KeyaLKTechDriverm
                0x00000000080016a2       0x16 ./Core/cpp/Src/InitCanDrivers.o
                0x00000000080016a2                DriversObjectInit(KeyaLKTechDriver**, unsigned long)
 .text._ZN16KeyaLKTechDriverC2Emmm
                0x00000000080016b8       0x54 ./Core/cpp/Src/KeyaLKTechDriver.o
                0x00000000080016b8                KeyaLKTechDriver::KeyaLKTechDriver(unsigned long, unsigned long, unsigned long)
                0x00000000080016b8                KeyaLKTechDriver::KeyaLKTechDriver(unsigned long, unsigned long, unsigned long)
 .text._ZN16KeyaLKTechDriverC2Em
                0x000000000800170c       0x20 ./Core/cpp/Src/KeyaLKTechDriver.o
                0x000000000800170c                KeyaLKTechDriver::KeyaLKTechDriver(unsigned long)
                0x000000000800170c                KeyaLKTechDriver::KeyaLKTechDriver(unsigned long)
 .text._ZN16KeyaLKTechDriver8setSpeedEl
                0x000000000800172c       0xa4 ./Core/cpp/Src/KeyaLKTechDriver.o
                0x000000000800172c                KeyaLKTechDriver::setSpeed(long)
 .text._ZN16KeyaLKTechDriver4stopEv
                0x00000000080017d0       0x86 ./Core/cpp/Src/KeyaLKTechDriver.o
                0x00000000080017d0                KeyaLKTechDriver::stop()
 .text._ZN16KeyaLKTechDriver5getIdEv
                0x0000000008001856       0x26 ./Core/cpp/Src/KeyaLKTechDriver.o
                0x0000000008001856                KeyaLKTechDriver::getId()
 .text._ZN16KeyaLKTechDriver7readEncEv
                0x000000000800187c       0x8e ./Core/cpp/Src/KeyaLKTechDriver.o
                0x000000000800187c                KeyaLKTechDriver::readEnc()
 .text._ZN16KeyaLKTechDriver6getPosEv
                0x000000000800190a       0x18 ./Core/cpp/Src/KeyaLKTechDriver.o
                0x000000000800190a                KeyaLKTechDriver::getPos()
 .text._ZN16KeyaLKTechDriver7getTempEv
                0x0000000008001922       0x1a ./Core/cpp/Src/KeyaLKTechDriver.o
                0x0000000008001922                KeyaLKTechDriver::getTemp()
 .text._ZN16KeyaLKTechDriver7setTempEa
                0x000000000800193c       0x20 ./Core/cpp/Src/KeyaLKTechDriver.o
                0x000000000800193c                KeyaLKTechDriver::setTemp(signed char)
 .text._ZN16KeyaLKTechDriver6setEncEl
                0x000000000800195c       0x28 ./Core/cpp/Src/KeyaLKTechDriver.o
                0x000000000800195c                KeyaLKTechDriver::setEnc(long)
 .text._ZN16KeyaLKTechDriver13UnwrapEncoderEtPl
                0x0000000008001984       0x68 ./Core/cpp/Src/KeyaLKTechDriver.o
                0x0000000008001984                KeyaLKTechDriver::UnwrapEncoder(unsigned short, long*)
 .text._ZN16KeyaLKTechDriver8sendDataEv
                0x00000000080019ec       0x20 ./Core/cpp/Src/KeyaLKTechDriver.o
                0x00000000080019ec                KeyaLKTechDriver::sendData()
 .text._ZN5ServoC2EP17TIM_HandleTypeDefm
                0x0000000008001a0c       0x26 ./Core/cpp/Src/Servo.o
                0x0000000008001a0c                Servo::Servo(TIM_HandleTypeDef*, unsigned long)
                0x0000000008001a0c                Servo::Servo(TIM_HandleTypeDef*, unsigned long)
 *fill*         0x0000000008001a32        0x2 
 .text.__NVIC_EnableIRQ
                0x0000000008001a34       0x3c ./Core/cpp/Src/canbus.o
 .text.__NVIC_DisableIRQ
                0x0000000008001a70       0x48 ./Core/cpp/Src/canbus.o
 .text.StartCanTask
                0x0000000008001ab8       0x68 ./Core/cpp/Src/canbus.o
                0x0000000008001ab8                StartCanTask
 .text.CanMsgRead
                0x0000000008001b20       0x9c ./Core/cpp/Src/canbus.o
                0x0000000008001b20                CanMsgRead
 .text.CanMsgSend
                0x0000000008001bbc       0x64 ./Core/cpp/Src/canbus.o
                0x0000000008001bbc                CanMsgSend
 .text.HAL_CAN_RxFifo0MsgPendingCallback
                0x0000000008001c20       0x44 ./Core/cpp/Src/canbus.o
                0x0000000008001c20                HAL_CAN_RxFifo0MsgPendingCallback
 .text.HAL_CAN_ErrorCallback
                0x0000000008001c64       0x20 ./Core/cpp/Src/canbus.o
                0x0000000008001c64                HAL_CAN_ErrorCallback
 .text.StartCanDriversTask
                0x0000000008001c84       0xf0 ./Core/cpp/Src/drivers_control.o
                0x0000000008001c84                StartCanDriversTask
 .text._Z41__static_initialization_and_destruction_0ii
                0x0000000008001d74       0x40 ./Core/cpp/Src/drivers_control.o
 .text._GLOBAL__sub_I_DriverFB
                0x0000000008001db4       0x10 ./Core/cpp/Src/drivers_control.o
 .text.StartInputsTask
                0x0000000008001dc4      0x19c ./Core/cpp/Src/inputs.o
                0x0000000008001dc4                StartInputsTask
 .text.StartMissionsTask
                0x0000000008001f60        0xa ./Core/cpp/Src/mission.o
                0x0000000008001f60                StartMissionsTask
 *fill*         0x0000000008001f6a        0x2 
 .text.StartOutputsTask
                0x0000000008001f6c       0x30 ./Core/cpp/Src/outputs.o
                0x0000000008001f6c                StartOutputsTask
 .text.SetOutputs
                0x0000000008001f9c        0xe ./Core/cpp/Src/outputs.o
                0x0000000008001f9c                SetOutputs
 *fill*         0x0000000008001faa        0x2 
 .text.LedBlink
                0x0000000008001fac       0x88 ./Core/cpp/Src/outputs.o
                0x0000000008001fac                LedBlink
 .text.StartServoTask
                0x0000000008002034       0x12 ./Core/cpp/Src/servo_control.o
                0x0000000008002034                StartServoTask
 *fill*         0x0000000008002046        0x2 
 .text.StartUartWiFiTask
                0x0000000008002048       0x70 ./Core/cpp/Src/uart_wifi.o
                0x0000000008002048                StartUartWiFiTask
 .text.HAL_UART_ErrorCallback
                0x00000000080020b8      0x128 ./Core/cpp/Src/uart_wifi.o
                0x00000000080020b8                HAL_UART_ErrorCallback
 .text.HAL_UARTEx_RxEventCallback
                0x00000000080021e0       0xd4 ./Core/cpp/Src/uart_wifi.o
                0x00000000080021e0                HAL_UARTEx_RxEventCallback
 .text.HAL_Init
                0x00000000080022b4       0x44 ./Drivers/STM32F4xx_HAL_Driver/Src/stm32f4xx_hal.o
                0x00000000080022b4                HAL_Init
 .text.HAL_IncTick
                0x00000000080022f8       0x28 ./Drivers/STM32F4xx_HAL_Driver/Src/stm32f4xx_hal.o
                0x00000000080022f8                HAL_IncTick
 .text.HAL_GetTick
                0x0000000008002320       0x18 ./Drivers/STM32F4xx_HAL_Driver/Src/stm32f4xx_hal.o
                0x0000000008002320                HAL_GetTick
 .text.HAL_Delay
                0x0000000008002338       0x48 ./Drivers/STM32F4xx_HAL_Driver/Src/stm32f4xx_hal.o
                0x0000000008002338                HAL_Delay
 .text.HAL_CAN_Init
                0x0000000008002380      0x1f6 ./Drivers/STM32F4xx_HAL_Driver/Src/stm32f4xx_hal_can.o
                0x0000000008002380                HAL_CAN_Init
 *fill*         0x0000000008002576        0x2 
 .text.HAL_CAN_ConfigFilter
                0x0000000008002578      0x1c0 ./Drivers/STM32F4xx_HAL_Driver/Src/stm32f4xx_hal_can.o
                0x0000000008002578                HAL_CAN_ConfigFilter
 .text.HAL_CAN_Start
                0x0000000008002738       0x88 ./Drivers/STM32F4xx_HAL_Driver/Src/stm32f4xx_hal_can.o
                0x0000000008002738                HAL_CAN_Start
 .text.HAL_CAN_AddTxMessage
                0x00000000080027c0      0x1b6 ./Drivers/STM32F4xx_HAL_Driver/Src/stm32f4xx_hal_can.o
                0x00000000080027c0                HAL_CAN_AddTxMessage
 .text.HAL_CAN_GetTxMailboxesFreeLevel
                0x0000000008002976       0x6a ./Drivers/STM32F4xx_HAL_Driver/Src/stm32f4xx_hal_can.o
                0x0000000008002976                HAL_CAN_GetTxMailboxesFreeLevel
 .text.HAL_CAN_GetRxMessage
                0x00000000080029e0      0x224 ./Drivers/STM32F4xx_HAL_Driver/Src/stm32f4xx_hal_can.o
                0x00000000080029e0                HAL_CAN_GetRxMessage
 .text.HAL_CAN_ActivateNotification
                0x0000000008002c04       0x4c ./Drivers/STM32F4xx_HAL_Driver/Src/stm32f4xx_hal_can.o
                0x0000000008002c04                HAL_CAN_ActivateNotification
 .text.HAL_CAN_IRQHandler
                0x0000000008002c50      0x36e ./Drivers/STM32F4xx_HAL_Driver/Src/stm32f4xx_hal_can.o
                0x0000000008002c50                HAL_CAN_IRQHandler
 .text.HAL_CAN_TxMailbox0CompleteCallback
                0x0000000008002fbe       0x14 ./Drivers/STM32F4xx_HAL_Driver/Src/stm32f4xx_hal_can.o
                0x0000000008002fbe                HAL_CAN_TxMailbox0CompleteCallback
 .text.HAL_CAN_TxMailbox1CompleteCallback
                0x0000000008002fd2       0x14 ./Drivers/STM32F4xx_HAL_Driver/Src/stm32f4xx_hal_can.o
                0x0000000008002fd2                HAL_CAN_TxMailbox1CompleteCallback
 .text.HAL_CAN_TxMailbox2CompleteCallback
                0x0000000008002fe6       0x14 ./Drivers/STM32F4xx_HAL_Driver/Src/stm32f4xx_hal_can.o
                0x0000000008002fe6                HAL_CAN_TxMailbox2CompleteCallback
 .text.HAL_CAN_TxMailbox0AbortCallback
                0x0000000008002ffa       0x14 ./Drivers/STM32F4xx_HAL_Driver/Src/stm32f4xx_hal_can.o
                0x0000000008002ffa                HAL_CAN_TxMailbox0AbortCallback
 .text.HAL_CAN_TxMailbox1AbortCallback
                0x000000000800300e       0x14 ./Drivers/STM32F4xx_HAL_Driver/Src/stm32f4xx_hal_can.o
                0x000000000800300e                HAL_CAN_TxMailbox1AbortCallback
 .text.HAL_CAN_TxMailbox2AbortCallback
                0x0000000008003022       0x14 ./Drivers/STM32F4xx_HAL_Driver/Src/stm32f4xx_hal_can.o
                0x0000000008003022                HAL_CAN_TxMailbox2AbortCallback
 .text.HAL_CAN_RxFifo0FullCallback
                0x0000000008003036       0x14 ./Drivers/STM32F4xx_HAL_Driver/Src/stm32f4xx_hal_can.o
                0x0000000008003036                HAL_CAN_RxFifo0FullCallback
 .text.HAL_CAN_RxFifo1MsgPendingCallback
                0x000000000800304a       0x14 ./Drivers/STM32F4xx_HAL_Driver/Src/stm32f4xx_hal_can.o
                0x000000000800304a                HAL_CAN_RxFifo1MsgPendingCallback
 .text.HAL_CAN_RxFifo1FullCallback
                0x000000000800305e       0x14 ./Drivers/STM32F4xx_HAL_Driver/Src/stm32f4xx_hal_can.o
                0x000000000800305e                HAL_CAN_RxFifo1FullCallback
 .text.HAL_CAN_SleepCallback
                0x0000000008003072       0x14 ./Drivers/STM32F4xx_HAL_Driver/Src/stm32f4xx_hal_can.o
                0x0000000008003072                HAL_CAN_SleepCallback
 .text.HAL_CAN_WakeUpFromRxMsgCallback
                0x0000000008003086       0x14 ./Drivers/STM32F4xx_HAL_Driver/Src/stm32f4xx_hal_can.o
                0x0000000008003086                HAL_CAN_WakeUpFromRxMsgCallback
 *fill*         0x000000000800309a        0x2 
 .text.__NVIC_SetPriorityGrouping
                0x000000000800309c       0x48 ./Drivers/STM32F4xx_HAL_Driver/Src/stm32f4xx_hal_cortex.o
 .text.__NVIC_GetPriorityGrouping
                0x00000000080030e4       0x1c ./Drivers/STM32F4xx_HAL_Driver/Src/stm32f4xx_hal_cortex.o
 .text.__NVIC_EnableIRQ
                0x0000000008003100       0x3c ./Drivers/STM32F4xx_HAL_Driver/Src/stm32f4xx_hal_cortex.o
 .text.__NVIC_SetPriority
                0x000000000800313c       0x54 ./Drivers/STM32F4xx_HAL_Driver/Src/stm32f4xx_hal_cortex.o
 .text.NVIC_EncodePriority
                0x0000000008003190       0x66 ./Drivers/STM32F4xx_HAL_Driver/Src/stm32f4xx_hal_cortex.o
 .text.HAL_NVIC_SetPriorityGrouping
                0x00000000080031f6       0x16 ./Drivers/STM32F4xx_HAL_Driver/Src/stm32f4xx_hal_cortex.o
                0x00000000080031f6                HAL_NVIC_SetPriorityGrouping
 .text.HAL_NVIC_SetPriority
                0x000000000800320c       0x38 ./Drivers/STM32F4xx_HAL_Driver/Src/stm32f4xx_hal_cortex.o
                0x000000000800320c                HAL_NVIC_SetPriority
 .text.HAL_NVIC_EnableIRQ
                0x0000000008003244       0x1c ./Drivers/STM32F4xx_HAL_Driver/Src/stm32f4xx_hal_cortex.o
                0x0000000008003244                HAL_NVIC_EnableIRQ
 .text.HAL_DMA_Init
                0x0000000008003260      0x15c ./Drivers/STM32F4xx_HAL_Driver/Src/stm32f4xx_hal_dma.o
                0x0000000008003260                HAL_DMA_Init
 .text.HAL_DMA_Start_IT
                0x00000000080033bc       0xb0 ./Drivers/STM32F4xx_HAL_Driver/Src/stm32f4xx_hal_dma.o
                0x00000000080033bc                HAL_DMA_Start_IT
 .text.HAL_DMA_Abort
                0x000000000800346c       0xe0 ./Drivers/STM32F4xx_HAL_Driver/Src/stm32f4xx_hal_dma.o
                0x000000000800346c                HAL_DMA_Abort
 .text.HAL_DMA_Abort_IT
                0x000000000800354c       0x44 ./Drivers/STM32F4xx_HAL_Driver/Src/stm32f4xx_hal_dma.o
                0x000000000800354c                HAL_DMA_Abort_IT
 .text.HAL_DMA_IRQHandler
                0x0000000008003590      0x314 ./Drivers/STM32F4xx_HAL_Driver/Src/stm32f4xx_hal_dma.o
                0x0000000008003590                HAL_DMA_IRQHandler
 .text.DMA_SetConfig
                0x00000000080038a4       0x5c ./Drivers/STM32F4xx_HAL_Driver/Src/stm32f4xx_hal_dma.o
 .text.DMA_CalcBaseAndBitshift
                0x0000000008003900       0x6c ./Drivers/STM32F4xx_HAL_Driver/Src/stm32f4xx_hal_dma.o
 .text.DMA_CheckFifoParam
                0x000000000800396c       0xf8 ./Drivers/STM32F4xx_HAL_Driver/Src/stm32f4xx_hal_dma.o
 .text.HAL_GPIO_Init
                0x0000000008003a64      0x338 ./Drivers/STM32F4xx_HAL_Driver/Src/stm32f4xx_hal_gpio.o
                0x0000000008003a64                HAL_GPIO_Init
 .text.HAL_GPIO_WritePin
                0x0000000008003d9c       0x32 ./Drivers/STM32F4xx_HAL_Driver/Src/stm32f4xx_hal_gpio.o
                0x0000000008003d9c                HAL_GPIO_WritePin
 .text.HAL_IWDG_Init
                0x0000000008003dce       0x84 ./Drivers/STM32F4xx_HAL_Driver/Src/stm32f4xx_hal_iwdg.o
                0x0000000008003dce                HAL_IWDG_Init
 .text.HAL_IWDG_Refresh
                0x0000000008003e52       0x20 ./Drivers/STM32F4xx_HAL_Driver/Src/stm32f4xx_hal_iwdg.o
                0x0000000008003e52                HAL_IWDG_Refresh
 *fill*         0x0000000008003e72        0x2 
 .text.HAL_RCC_OscConfig
                0x0000000008003e74      0x4f0 ./Drivers/STM32F4xx_HAL_Driver/Src/stm32f4xx_hal_rcc.o
                0x0000000008003e74                HAL_RCC_OscConfig
 .text.HAL_RCC_ClockConfig
                0x0000000008004364      0x1cc ./Drivers/STM32F4xx_HAL_Driver/Src/stm32f4xx_hal_rcc.o
                0x0000000008004364                HAL_RCC_ClockConfig
 .text.HAL_RCC_GetSysClockFreq
                0x0000000008004530      0x20c ./Drivers/STM32F4xx_HAL_Driver/Src/stm32f4xx_hal_rcc.o
                0x0000000008004530                HAL_RCC_GetSysClockFreq
 .text.HAL_RCC_GetHCLKFreq
                0x000000000800473c       0x18 ./Drivers/STM32F4xx_HAL_Driver/Src/stm32f4xx_hal_rcc.o
                0x000000000800473c                HAL_RCC_GetHCLKFreq
 .text.HAL_RCC_GetPCLK1Freq
                0x0000000008004754       0x28 ./Drivers/STM32F4xx_HAL_Driver/Src/stm32f4xx_hal_rcc.o
                0x0000000008004754                HAL_RCC_GetPCLK1Freq
 .text.HAL_RCC_GetPCLK2Freq
                0x000000000800477c       0x28 ./Drivers/STM32F4xx_HAL_Driver/Src/stm32f4xx_hal_rcc.o
                0x000000000800477c                HAL_RCC_GetPCLK2Freq
 .text.HAL_RCC_GetClockConfig
                0x00000000080047a4       0x64 ./Drivers/STM32F4xx_HAL_Driver/Src/stm32f4xx_hal_rcc.o
                0x00000000080047a4                HAL_RCC_GetClockConfig
 .text.HAL_TIM_Base_Init
                0x0000000008004808       0x9e ./Drivers/STM32F4xx_HAL_Driver/Src/stm32f4xx_hal_tim.o
                0x0000000008004808                HAL_TIM_Base_Init
 *fill*         0x00000000080048a6        0x2 
 .text.HAL_TIM_Base_Start_IT
                0x00000000080048a8       0xe0 ./Drivers/STM32F4xx_HAL_Driver/Src/stm32f4xx_hal_tim.o
                0x00000000080048a8                HAL_TIM_Base_Start_IT
 .text.HAL_TIM_PWM_Init
                0x0000000008004988       0x9e ./Drivers/STM32F4xx_HAL_Driver/Src/stm32f4xx_hal_tim.o
                0x0000000008004988                HAL_TIM_PWM_Init
 .text.HAL_TIM_PWM_MspInit
                0x0000000008004a26       0x14 ./Drivers/STM32F4xx_HAL_Driver/Src/stm32f4xx_hal_tim.o
                0x0000000008004a26                HAL_TIM_PWM_MspInit
 .text.HAL_TIM_Encoder_Init
                0x0000000008004a3a      0x14c ./Drivers/STM32F4xx_HAL_Driver/Src/stm32f4xx_hal_tim.o
                0x0000000008004a3a                HAL_TIM_Encoder_Init
 .text.HAL_TIM_Encoder_Start
                0x0000000008004b86      0x11c ./Drivers/STM32F4xx_HAL_Driver/Src/stm32f4xx_hal_tim.o
                0x0000000008004b86                HAL_TIM_Encoder_Start
 .text.HAL_TIM_IRQHandler
                0x0000000008004ca2      0x210 ./Drivers/STM32F4xx_HAL_Driver/Src/stm32f4xx_hal_tim.o
                0x0000000008004ca2                HAL_TIM_IRQHandler
 *fill*         0x0000000008004eb2        0x2 
 .text.HAL_TIM_PWM_ConfigChannel
                0x0000000008004eb4      0x184 ./Drivers/STM32F4xx_HAL_Driver/Src/stm32f4xx_hal_tim.o
                0x0000000008004eb4                HAL_TIM_PWM_ConfigChannel
 .text.HAL_TIM_ConfigClockSource
                0x0000000008005038      0x18e ./Drivers/STM32F4xx_HAL_Driver/Src/stm32f4xx_hal_tim.o
                0x0000000008005038                HAL_TIM_ConfigClockSource
 .text.HAL_TIM_OC_DelayElapsedCallback
                0x00000000080051c6       0x14 ./Drivers/STM32F4xx_HAL_Driver/Src/stm32f4xx_hal_tim.o
                0x00000000080051c6                HAL_TIM_OC_DelayElapsedCallback
 .text.HAL_TIM_IC_CaptureCallback
                0x00000000080051da       0x14 ./Drivers/STM32F4xx_HAL_Driver/Src/stm32f4xx_hal_tim.o
                0x00000000080051da                HAL_TIM_IC_CaptureCallback
 .text.HAL_TIM_PWM_PulseFinishedCallback
                0x00000000080051ee       0x14 ./Drivers/STM32F4xx_HAL_Driver/Src/stm32f4xx_hal_tim.o
                0x00000000080051ee                HAL_TIM_PWM_PulseFinishedCallback
 .text.HAL_TIM_TriggerCallback
                0x0000000008005202       0x14 ./Drivers/STM32F4xx_HAL_Driver/Src/stm32f4xx_hal_tim.o
                0x0000000008005202                HAL_TIM_TriggerCallback
 *fill*         0x0000000008005216        0x2 
 .text.TIM_Base_SetConfig
                0x0000000008005218      0x140 ./Drivers/STM32F4xx_HAL_Driver/Src/stm32f4xx_hal_tim.o
                0x0000000008005218                TIM_Base_SetConfig
 .text.TIM_OC1_SetConfig
                0x0000000008005358       0xe0 ./Drivers/STM32F4xx_HAL_Driver/Src/stm32f4xx_hal_tim.o
 .text.TIM_OC2_SetConfig
                0x0000000008005438       0xec ./Drivers/STM32F4xx_HAL_Driver/Src/stm32f4xx_hal_tim.o
                0x0000000008005438                TIM_OC2_SetConfig
 .text.TIM_OC3_SetConfig
                0x0000000008005524       0xe8 ./Drivers/STM32F4xx_HAL_Driver/Src/stm32f4xx_hal_tim.o
 .text.TIM_OC4_SetConfig
                0x000000000800560c       0xac ./Drivers/STM32F4xx_HAL_Driver/Src/stm32f4xx_hal_tim.o
 .text.TIM_TI1_ConfigInputStage
                0x00000000080056b8       0x5e ./Drivers/STM32F4xx_HAL_Driver/Src/stm32f4xx_hal_tim.o
 .text.TIM_TI2_ConfigInputStage
                0x0000000008005716       0x60 ./Drivers/STM32F4xx_HAL_Driver/Src/stm32f4xx_hal_tim.o
 .text.TIM_ITRx_SetConfig
                0x0000000008005776       0x36 ./Drivers/STM32F4xx_HAL_Driver/Src/stm32f4xx_hal_tim.o
 .text.TIM_ETR_SetConfig
                0x00000000080057ac       0x40 ./Drivers/STM32F4xx_HAL_Driver/Src/stm32f4xx_hal_tim.o
                0x00000000080057ac                TIM_ETR_SetConfig
 .text.TIM_CCxChannelCmd
                0x00000000080057ec       0x4a ./Drivers/STM32F4xx_HAL_Driver/Src/stm32f4xx_hal_tim.o
                0x00000000080057ec                TIM_CCxChannelCmd
 *fill*         0x0000000008005836        0x2 
 .text.HAL_TIMEx_MasterConfigSynchronization
                0x0000000008005838       0xf8 ./Drivers/STM32F4xx_HAL_Driver/Src/stm32f4xx_hal_tim_ex.o
                0x0000000008005838                HAL_TIMEx_MasterConfigSynchronization
 .text.HAL_TIMEx_CommutCallback
                0x0000000008005930       0x14 ./Drivers/STM32F4xx_HAL_Driver/Src/stm32f4xx_hal_tim_ex.o
                0x0000000008005930                HAL_TIMEx_CommutCallback
 .text.HAL_TIMEx_BreakCallback
                0x0000000008005944       0x14 ./Drivers/STM32F4xx_HAL_Driver/Src/stm32f4xx_hal_tim_ex.o
                0x0000000008005944                HAL_TIMEx_BreakCallback
 .text.HAL_UART_Init
                0x0000000008005958       0x9a ./Drivers/STM32F4xx_HAL_Driver/Src/stm32f4xx_hal_uart.o
                0x0000000008005958                HAL_UART_Init
 .text.HAL_UART_Transmit
                0x00000000080059f2      0x124 ./Drivers/STM32F4xx_HAL_Driver/Src/stm32f4xx_hal_uart.o
                0x00000000080059f2                HAL_UART_Transmit
 .text.HAL_UARTEx_ReceiveToIdle_DMA
                0x0000000008005b16       0xca ./Drivers/STM32F4xx_HAL_Driver/Src/stm32f4xx_hal_uart.o
                0x0000000008005b16                HAL_UARTEx_ReceiveToIdle_DMA
 .text.HAL_UART_IRQHandler
                0x0000000008005be0      0x51c ./Drivers/STM32F4xx_HAL_Driver/Src/stm32f4xx_hal_uart.o
                0x0000000008005be0                HAL_UART_IRQHandler
 .text.HAL_UART_TxCpltCallback
                0x00000000080060fc       0x14 ./Drivers/STM32F4xx_HAL_Driver/Src/stm32f4xx_hal_uart.o
                0x00000000080060fc                HAL_UART_TxCpltCallback
 .text.HAL_UART_RxCpltCallback
                0x0000000008006110       0x14 ./Drivers/STM32F4xx_HAL_Driver/Src/stm32f4xx_hal_uart.o
                0x0000000008006110                HAL_UART_RxCpltCallback
 .text.HAL_UART_RxHalfCpltCallback
                0x0000000008006124       0x14 ./Drivers/STM32F4xx_HAL_Driver/Src/stm32f4xx_hal_uart.o
                0x0000000008006124                HAL_UART_RxHalfCpltCallback
 .text.HAL_UART_GetError
                0x0000000008006138       0x18 ./Drivers/STM32F4xx_HAL_Driver/Src/stm32f4xx_hal_uart.o
                0x0000000008006138                HAL_UART_GetError
 .text.UART_DMAReceiveCplt
                0x0000000008006150      0x126 ./Drivers/STM32F4xx_HAL_Driver/Src/stm32f4xx_hal_uart.o
 .text.UART_DMARxHalfCplt
                0x0000000008006276       0x36 ./Drivers/STM32F4xx_HAL_Driver/Src/stm32f4xx_hal_uart.o
 .text.UART_DMAError
                0x00000000080062ac       0x94 ./Drivers/STM32F4xx_HAL_Driver/Src/stm32f4xx_hal_uart.o
 .text.UART_WaitOnFlagUntilTimeout
                0x0000000008006340       0xdc ./Drivers/STM32F4xx_HAL_Driver/Src/stm32f4xx_hal_uart.o
 .text.UART_Start_Receive_DMA
                0x000000000800641c      0x13c ./Drivers/STM32F4xx_HAL_Driver/Src/stm32f4xx_hal_uart.o
                0x000000000800641c                UART_Start_Receive_DMA
 .text.UART_EndTxTransfer
                0x0000000008006558       0x50 ./Drivers/STM32F4xx_HAL_Driver/Src/stm32f4xx_hal_uart.o
 .text.UART_EndRxTransfer
                0x00000000080065a8       0xc6 ./Drivers/STM32F4xx_HAL_Driver/Src/stm32f4xx_hal_uart.o
 .text.UART_DMAAbortOnError
                0x000000000800666e       0x28 ./Drivers/STM32F4xx_HAL_Driver/Src/stm32f4xx_hal_uart.o
 .text.UART_Transmit_IT
                0x0000000008006696       0xa0 ./Drivers/STM32F4xx_HAL_Driver/Src/stm32f4xx_hal_uart.o
 .text.UART_EndTransmit_IT
                0x0000000008006736       0x30 ./Drivers/STM32F4xx_HAL_Driver/Src/stm32f4xx_hal_uart.o
 .text.UART_Receive_IT
                0x0000000008006766      0x176 ./Drivers/STM32F4xx_HAL_Driver/Src/stm32f4xx_hal_uart.o
 .text.UART_SetConfig
                0x00000000080068dc      0x4e8 ./Drivers/STM32F4xx_HAL_Driver/Src/stm32f4xx_hal_uart.o
 .text.__NVIC_SetPriority
                0x0000000008006dc4       0x54 ./Middlewares/Third_Party/FreeRTOS/Source/CMSIS_RTOS_V2/cmsis_os2.o
 .text.SysTick_Handler
                0x0000000008006e18       0x20 ./Middlewares/Third_Party/FreeRTOS/Source/CMSIS_RTOS_V2/cmsis_os2.o
                0x0000000008006e18                SysTick_Handler
 .text.SVC_Setup
                0x0000000008006e38       0x12 ./Middlewares/Third_Party/FreeRTOS/Source/CMSIS_RTOS_V2/cmsis_os2.o
 *fill*         0x0000000008006e4a        0x2 
 .text.osKernelInitialize
                0x0000000008006e4c       0x48 ./Middlewares/Third_Party/FreeRTOS/Source/CMSIS_RTOS_V2/cmsis_os2.o
                0x0000000008006e4c                osKernelInitialize
 .text.osKernelStart
                0x0000000008006e94       0x4c ./Middlewares/Third_Party/FreeRTOS/Source/CMSIS_RTOS_V2/cmsis_os2.o
                0x0000000008006e94                osKernelStart
 .text.osThreadNew
                0x0000000008006ee0      0x124 ./Middlewares/Third_Party/FreeRTOS/Source/CMSIS_RTOS_V2/cmsis_os2.o
                0x0000000008006ee0                osThreadNew
 .text.osDelay  0x0000000008007004       0x36 ./Middlewares/Third_Party/FreeRTOS/Source/CMSIS_RTOS_V2/cmsis_os2.o
                0x0000000008007004                osDelay
 *fill*         0x000000000800703a        0x2 
 .text.vApplicationGetIdleTaskMemory
                0x000000000800703c       0x34 ./Middlewares/Third_Party/FreeRTOS/Source/CMSIS_RTOS_V2/cmsis_os2.o
                0x000000000800703c                vApplicationGetIdleTaskMemory
 .text.vApplicationGetTimerTaskMemory
                0x0000000008007070       0x34 ./Middlewares/Third_Party/FreeRTOS/Source/CMSIS_RTOS_V2/cmsis_os2.o
                0x0000000008007070                vApplicationGetTimerTaskMemory
 .text.vListInitialise
                0x00000000080070a4       0x40 ./Middlewares/Third_Party/FreeRTOS/Source/list.o
                0x00000000080070a4                vListInitialise
 .text.vListInitialiseItem
                0x00000000080070e4       0x1a ./Middlewares/Third_Party/FreeRTOS/Source/list.o
                0x00000000080070e4                vListInitialiseItem
 .text.vListInsertEnd
                0x00000000080070fe       0x48 ./Middlewares/Third_Party/FreeRTOS/Source/list.o
                0x00000000080070fe                vListInsertEnd
 .text.vListInsert
                0x0000000008007146       0x72 ./Middlewares/Third_Party/FreeRTOS/Source/list.o
                0x0000000008007146                vListInsert
 .text.uxListRemove
                0x00000000080071b8       0x54 ./Middlewares/Third_Party/FreeRTOS/Source/list.o
                0x00000000080071b8                uxListRemove
 .text.xQueueGenericReset
                0x000000000800720c       0xd0 ./Middlewares/Third_Party/FreeRTOS/Source/queue.o
                0x000000000800720c                xQueueGenericReset
 .text.xQueueGenericCreateStatic
                0x00000000080072dc       0xf0 ./Middlewares/Third_Party/FreeRTOS/Source/queue.o
                0x00000000080072dc                xQueueGenericCreateStatic
 .text.prvInitialiseNewQueue
                0x00000000080073cc       0x46 ./Middlewares/Third_Party/FreeRTOS/Source/queue.o
 *fill*         0x0000000008007412        0x2 
 .text.xQueueGenericSend
                0x0000000008007414      0x1fc ./Middlewares/Third_Party/FreeRTOS/Source/queue.o
                0x0000000008007414                xQueueGenericSend
 .text.xQueueGenericSendFromISR
                0x0000000008007610      0x136 ./Middlewares/Third_Party/FreeRTOS/Source/queue.o
                0x0000000008007610                xQueueGenericSendFromISR
 *fill*         0x0000000008007746        0x2 
 .text.xQueueReceive
                0x0000000008007748      0x1c0 ./Middlewares/Third_Party/FreeRTOS/Source/queue.o
                0x0000000008007748                xQueueReceive
 .text.prvCopyDataToQueue
                0x0000000008007908       0xd4 ./Middlewares/Third_Party/FreeRTOS/Source/queue.o
 .text.prvCopyDataFromQueue
                0x00000000080079dc       0x4c ./Middlewares/Third_Party/FreeRTOS/Source/queue.o
 .text.prvUnlockQueue
                0x0000000008007a28       0xa4 ./Middlewares/Third_Party/FreeRTOS/Source/queue.o
 .text.prvIsQueueEmpty
                0x0000000008007acc       0x2c ./Middlewares/Third_Party/FreeRTOS/Source/queue.o
 .text.prvIsQueueFull
                0x0000000008007af8       0x30 ./Middlewares/Third_Party/FreeRTOS/Source/queue.o
 .text.vQueueAddToRegistry
                0x0000000008007b28       0x54 ./Middlewares/Third_Party/FreeRTOS/Source/queue.o
                0x0000000008007b28                vQueueAddToRegistry
 .text.vQueueWaitForMessageRestricted
                0x0000000008007b7c       0x68 ./Middlewares/Third_Party/FreeRTOS/Source/queue.o
                0x0000000008007b7c                vQueueWaitForMessageRestricted
 .text.xTaskCreateStatic
                0x0000000008007be4       0xba ./Middlewares/Third_Party/FreeRTOS/Source/tasks.o
                0x0000000008007be4                xTaskCreateStatic
 .text.xTaskCreate
                0x0000000008007c9e       0x8a ./Middlewares/Third_Party/FreeRTOS/Source/tasks.o
                0x0000000008007c9e                xTaskCreate
 .text.prvInitialiseNewTask
                0x0000000008007d28      0x11e ./Middlewares/Third_Party/FreeRTOS/Source/tasks.o
 *fill*         0x0000000008007e46        0x2 
 .text.prvAddNewTaskToReadyList
                0x0000000008007e48       0xe0 ./Middlewares/Third_Party/FreeRTOS/Source/tasks.o
 .text.vTaskDelay
                0x0000000008007f28       0x68 ./Middlewares/Third_Party/FreeRTOS/Source/tasks.o
                0x0000000008007f28                vTaskDelay
 .text.vTaskStartScheduler
                0x0000000008007f90       0xcc ./Middlewares/Third_Party/FreeRTOS/Source/tasks.o
                0x0000000008007f90                vTaskStartScheduler
 .text.vTaskSuspendAll
                0x000000000800805c       0x1c ./Middlewares/Third_Party/FreeRTOS/Source/tasks.o
                0x000000000800805c                vTaskSuspendAll
 .text.xTaskResumeAll
                0x0000000008008078      0x13c ./Middlewares/Third_Party/FreeRTOS/Source/tasks.o
                0x0000000008008078                xTaskResumeAll
 .text.xTaskGetTickCount
                0x00000000080081b4       0x20 ./Middlewares/Third_Party/FreeRTOS/Source/tasks.o
                0x00000000080081b4                xTaskGetTickCount
 .text.xTaskIncrementTick
                0x00000000080081d4      0x174 ./Middlewares/Third_Party/FreeRTOS/Source/tasks.o
                0x00000000080081d4                xTaskIncrementTick
 .text.vTaskSwitchContext
                0x0000000008008348       0xbc ./Middlewares/Third_Party/FreeRTOS/Source/tasks.o
                0x0000000008008348                vTaskSwitchContext
 .text.vTaskPlaceOnEventList
                0x0000000008008404       0x48 ./Middlewares/Third_Party/FreeRTOS/Source/tasks.o
                0x0000000008008404                vTaskPlaceOnEventList
 .text.vTaskPlaceOnEventListRestricted
                0x000000000800844c       0x58 ./Middlewares/Third_Party/FreeRTOS/Source/tasks.o
                0x000000000800844c                vTaskPlaceOnEventListRestricted
 .text.xTaskRemoveFromEventList
                0x00000000080084a4       0xc8 ./Middlewares/Third_Party/FreeRTOS/Source/tasks.o
                0x00000000080084a4                xTaskRemoveFromEventList
 .text.vTaskInternalSetTimeOutState
                0x000000000800856c       0x2c ./Middlewares/Third_Party/FreeRTOS/Source/tasks.o
                0x000000000800856c                vTaskInternalSetTimeOutState
 .text.xTaskCheckForTimeOut
                0x0000000008008598       0xc4 ./Middlewares/Third_Party/FreeRTOS/Source/tasks.o
                0x0000000008008598                xTaskCheckForTimeOut
 .text.vTaskMissedYield
                0x000000000800865c       0x18 ./Middlewares/Third_Party/FreeRTOS/Source/tasks.o
                0x000000000800865c                vTaskMissedYield
 .text.prvIdleTask
                0x0000000008008674       0x30 ./Middlewares/Third_Party/FreeRTOS/Source/tasks.o
 .text.prvInitialiseTaskLists
                0x00000000080086a4       0x80 ./Middlewares/Third_Party/FreeRTOS/Source/tasks.o
 .text.prvCheckTasksWaitingTermination
                0x0000000008008724       0x5c ./Middlewares/Third_Party/FreeRTOS/Source/tasks.o
 .text.prvDeleteTCB
                0x0000000008008780       0x5e ./Middlewares/Third_Party/FreeRTOS/Source/tasks.o
 *fill*         0x00000000080087de        0x2 
 .text.prvResetNextTaskUnblockTime
                0x00000000080087e0       0x40 ./Middlewares/Third_Party/FreeRTOS/Source/tasks.o
 .text.xTaskGetSchedulerState
                0x0000000008008820       0x3c ./Middlewares/Third_Party/FreeRTOS/Source/tasks.o
                0x0000000008008820                xTaskGetSchedulerState
 .text.xTaskPriorityDisinherit
                0x000000000800885c       0xdc ./Middlewares/Third_Party/FreeRTOS/Source/tasks.o
                0x000000000800885c                xTaskPriorityDisinherit
 .text.prvAddCurrentTaskToDelayedList
                0x0000000008008938       0xa8 ./Middlewares/Third_Party/FreeRTOS/Source/tasks.o
 .text.xTimerCreateTimerTask
                0x00000000080089e0       0x90 ./Middlewares/Third_Party/FreeRTOS/Source/timers.o
                0x00000000080089e0                xTimerCreateTimerTask
 .text.xTimerGenericCommand
                0x0000000008008a70       0x9c ./Middlewares/Third_Party/FreeRTOS/Source/timers.o
                0x0000000008008a70                xTimerGenericCommand
 .text.prvProcessExpiredTimer
                0x0000000008008b0c       0x98 ./Middlewares/Third_Party/FreeRTOS/Source/timers.o
 .text.prvTimerTask
                0x0000000008008ba4       0x24 ./Middlewares/Third_Party/FreeRTOS/Source/timers.o
 .text.prvProcessTimerOrBlockTask
                0x0000000008008bc8       0x9c ./Middlewares/Third_Party/FreeRTOS/Source/timers.o
 .text.prvGetNextExpireTime
                0x0000000008008c64       0x48 ./Middlewares/Third_Party/FreeRTOS/Source/timers.o
 .text.prvSampleTimeNow
                0x0000000008008cac       0x40 ./Middlewares/Third_Party/FreeRTOS/Source/timers.o
 .text.prvInsertTimerInActiveList
                0x0000000008008cec       0x84 ./Middlewares/Third_Party/FreeRTOS/Source/timers.o
 .text.prvProcessReceivedCommands
                0x0000000008008d70      0x1c4 ./Middlewares/Third_Party/FreeRTOS/Source/timers.o
 .text.prvSwitchTimerLists
                0x0000000008008f34       0xc8 ./Middlewares/Third_Party/FreeRTOS/Source/timers.o
 .text.prvCheckForValidListAndQueue
                0x0000000008008ffc       0x80 ./Middlewares/Third_Party/FreeRTOS/Source/timers.o
 .text.pxPortInitialiseStack
                0x000000000800907c       0x68 ./Middlewares/Third_Party/FreeRTOS/Source/portable/GCC/ARM_CM4F/port.o
                0x000000000800907c                pxPortInitialiseStack
 .text.prvTaskExitError
                0x00000000080090e4       0x58 ./Middlewares/Third_Party/FreeRTOS/Source/portable/GCC/ARM_CM4F/port.o
 *fill*         0x000000000800913c        0x4 
 .text.SVC_Handler
                0x0000000008009140       0x28 ./Middlewares/Third_Party/FreeRTOS/Source/portable/GCC/ARM_CM4F/port.o
                0x0000000008009140                SVC_Handler
 .text.prvPortStartFirstTask
                0x0000000008009168       0x28 ./Middlewares/Third_Party/FreeRTOS/Source/portable/GCC/ARM_CM4F/port.o
 .text.xPortStartScheduler
                0x0000000008009190      0x144 ./Middlewares/Third_Party/FreeRTOS/Source/portable/GCC/ARM_CM4F/port.o
                0x0000000008009190                xPortStartScheduler
 .text.vPortEnterCritical
                0x00000000080092d4       0x60 ./Middlewares/Third_Party/FreeRTOS/Source/portable/GCC/ARM_CM4F/port.o
                0x00000000080092d4                vPortEnterCritical
 .text.vPortExitCritical
                0x0000000008009334       0x54 ./Middlewares/Third_Party/FreeRTOS/Source/portable/GCC/ARM_CM4F/port.o
                0x0000000008009334                vPortExitCritical
 *fill*         0x0000000008009388        0x8 
 .text.PendSV_Handler
                0x0000000008009390       0x68 ./Middlewares/Third_Party/FreeRTOS/Source/portable/GCC/ARM_CM4F/port.o
                0x0000000008009390                PendSV_Handler
 .text.xPortSysTickHandler
                0x00000000080093f8       0x44 ./Middlewares/Third_Party/FreeRTOS/Source/portable/GCC/ARM_CM4F/port.o
                0x00000000080093f8                xPortSysTickHandler
 .text.vPortSetupTimerInterrupt
                0x000000000800943c       0x48 ./Middlewares/Third_Party/FreeRTOS/Source/portable/GCC/ARM_CM4F/port.o
                0x000000000800943c                vPortSetupTimerInterrupt
 .text.vPortEnableVFP
                0x0000000008009484       0x14 ./Middlewares/Third_Party/FreeRTOS/Source/portable/GCC/ARM_CM4F/port.o
 .text.vPortValidateInterruptPriority
                0x0000000008009498       0x80 ./Middlewares/Third_Party/FreeRTOS/Source/portable/GCC/ARM_CM4F/port.o
                0x0000000008009498                vPortValidateInterruptPriority
 .text.pvPortMalloc
                0x0000000008009518      0x198 ./Middlewares/Third_Party/FreeRTOS/Source/portable/MemMang/heap_4.o
                0x0000000008009518                pvPortMalloc
 .text.vPortFree
                0x00000000080096b0       0xc4 ./Middlewares/Third_Party/FreeRTOS/Source/portable/MemMang/heap_4.o
                0x00000000080096b0                vPortFree
 .text.prvHeapInit
                0x0000000008009774       0xc4 ./Middlewares/Third_Party/FreeRTOS/Source/portable/MemMang/heap_4.o
 .text.prvInsertBlockIntoFreeList
                0x0000000008009838       0xb4 ./Middlewares/Third_Party/FreeRTOS/Source/portable/MemMang/heap_4.o
 .text.__errno  0x00000000080098ec        0xc c:/st/stm32cubeide_1.9.0/stm32cubeide/plugins/com.st.stm32cube.ide.mcu.externaltools.gnu-tools-for-stm32.10.3-2021.10.win32_1.0.100.202210260954/tools/bin/../lib/gcc/arm-none-eabi/10.3.1/../../../../arm-none-eabi/lib/thumb/v7e-m+fp/hard\libc_nano.a(lib_a-errno.o)
                0x00000000080098ec                __errno
 .text.__libc_init_array
                0x00000000080098f8       0x48 c:/st/stm32cubeide_1.9.0/stm32cubeide/plugins/com.st.stm32cube.ide.mcu.externaltools.gnu-tools-for-stm32.10.3-2021.10.win32_1.0.100.202210260954/tools/bin/../lib/gcc/arm-none-eabi/10.3.1/../../../../arm-none-eabi/lib/thumb/v7e-m+fp/hard\libc_nano.a(lib_a-init.o)
                0x00000000080098f8                __libc_init_array
 .text.memcpy   0x0000000008009940       0x1c c:/st/stm32cubeide_1.9.0/stm32cubeide/plugins/com.st.stm32cube.ide.mcu.externaltools.gnu-tools-for-stm32.10.3-2021.10.win32_1.0.100.202210260954/tools/bin/../lib/gcc/arm-none-eabi/10.3.1/../../../../arm-none-eabi/lib/thumb/v7e-m+fp/hard\libc_nano.a(lib_a-memcpy-stub.o)
                0x0000000008009940                memcpy
 .text.memset   0x000000000800995c       0x10 c:/st/stm32cubeide_1.9.0/stm32cubeide/plugins/com.st.stm32cube.ide.mcu.externaltools.gnu-tools-for-stm32.10.3-2021.10.win32_1.0.100.202210260954/tools/bin/../lib/gcc/arm-none-eabi/10.3.1/../../../../arm-none-eabi/lib/thumb/v7e-m+fp/hard\libc_nano.a(lib_a-memset.o)
                0x000000000800995c                memset
 .text.sprintf  0x000000000800996c       0x40 c:/st/stm32cubeide_1.9.0/stm32cubeide/plugins/com.st.stm32cube.ide.mcu.externaltools.gnu-tools-for-stm32.10.3-2021.10.win32_1.0.100.202210260954/tools/bin/../lib/gcc/arm-none-eabi/10.3.1/../../../../arm-none-eabi/lib/thumb/v7e-m+fp/hard\libc_nano.a(lib_a-sprintf.o)
                0x000000000800996c                siprintf
                0x000000000800996c                sprintf
 .text.__ssputs_r
                0x00000000080099ac       0xb6 c:/st/stm32cubeide_1.9.0/stm32cubeide/plugins/com.st.stm32cube.ide.mcu.externaltools.gnu-tools-for-stm32.10.3-2021.10.win32_1.0.100.202210260954/tools/bin/../lib/gcc/arm-none-eabi/10.3.1/../../../../arm-none-eabi/lib/thumb/v7e-m+fp/hard\libc_nano.a(lib_a-nano-svfprintf.o)
                0x00000000080099ac                __ssputs_r
 *fill*         0x0000000008009a62        0x2 
 .text._svfprintf_r
                0x0000000008009a64      0x200 c:/st/stm32cubeide_1.9.0/stm32cubeide/plugins/com.st.stm32cube.ide.mcu.externaltools.gnu-tools-for-stm32.10.3-2021.10.win32_1.0.100.202210260954/tools/bin/../lib/gcc/arm-none-eabi/10.3.1/../../../../arm-none-eabi/lib/thumb/v7e-m+fp/hard\libc_nano.a(lib_a-nano-svfprintf.o)
                0x0000000008009a64                _svfiprintf_r
                0x0000000008009a64                _svfprintf_r
 .text._printf_common
                0x0000000008009c64       0xda c:/st/stm32cubeide_1.9.0/stm32cubeide/plugins/com.st.stm32cube.ide.mcu.externaltools.gnu-tools-for-stm32.10.3-2021.10.win32_1.0.100.202210260954/tools/bin/../lib/gcc/arm-none-eabi/10.3.1/../../../../arm-none-eabi/lib/thumb/v7e-m+fp/hard\libc_nano.a(lib_a-nano-vfprintf_i.o)
                0x0000000008009c64                _printf_common
 *fill*         0x0000000008009d3e        0x2 
 .text._printf_i
                0x0000000008009d40      0x24c c:/st/stm32cubeide_1.9.0/stm32cubeide/plugins/com.st.stm32cube.ide.mcu.externaltools.gnu-tools-for-stm32.10.3-2021.10.win32_1.0.100.202210260954/tools/bin/../lib/gcc/arm-none-eabi/10.3.1/../../../../arm-none-eabi/lib/thumb/v7e-m+fp/hard\libc_nano.a(lib_a-nano-vfprintf_i.o)
                0x0000000008009d40                _printf_i
 .text.memmove  0x0000000008009f8c       0x34 c:/st/stm32cubeide_1.9.0/stm32cubeide/plugins/com.st.stm32cube.ide.mcu.externaltools.gnu-tools-for-stm32.10.3-2021.10.win32_1.0.100.202210260954/tools/bin/../lib/gcc/arm-none-eabi/10.3.1/../../../../arm-none-eabi/lib/thumb/v7e-m+fp/hard\libc_nano.a(lib_a-memmove.o)
                0x0000000008009f8c                memmove
 .text._free_r  0x0000000008009fc0       0x98 c:/st/stm32cubeide_1.9.0/stm32cubeide/plugins/com.st.stm32cube.ide.mcu.externaltools.gnu-tools-for-stm32.10.3-2021.10.win32_1.0.100.202210260954/tools/bin/../lib/gcc/arm-none-eabi/10.3.1/../../../../arm-none-eabi/lib/thumb/v7e-m+fp/hard\libc_nano.a(lib_a-nano-freer.o)
                0x0000000008009fc0                _free_r
 .text.sbrk_aligned
                0x000000000800a058       0x40 c:/st/stm32cubeide_1.9.0/stm32cubeide/plugins/com.st.stm32cube.ide.mcu.externaltools.gnu-tools-for-stm32.10.3-2021.10.win32_1.0.100.202210260954/tools/bin/../lib/gcc/arm-none-eabi/10.3.1/../../../../arm-none-eabi/lib/thumb/v7e-m+fp/hard\libc_nano.a(lib_a-nano-mallocr.o)
 .text._malloc_r
                0x000000000800a098       0xe8 c:/st/stm32cubeide_1.9.0/stm32cubeide/plugins/com.st.stm32cube.ide.mcu.externaltools.gnu-tools-for-stm32.10.3-2021.10.win32_1.0.100.202210260954/tools/bin/../lib/gcc/arm-none-eabi/10.3.1/../../../../arm-none-eabi/lib/thumb/v7e-m+fp/hard\libc_nano.a(lib_a-nano-mallocr.o)
                0x000000000800a098                _malloc_r
 .text._realloc_r
                0x000000000800a180       0x5e c:/st/stm32cubeide_1.9.0/stm32cubeide/plugins/com.st.stm32cube.ide.mcu.externaltools.gnu-tools-for-stm32.10.3-2021.10.win32_1.0.100.202210260954/tools/bin/../lib/gcc/arm-none-eabi/10.3.1/../../../../arm-none-eabi/lib/thumb/v7e-m+fp/hard\libc_nano.a(lib_a-nano-reallocr.o)
                0x000000000800a180                _realloc_r
 *fill*         0x000000000800a1de        0x2 
 .text._sbrk_r  0x000000000800a1e0       0x20 c:/st/stm32cubeide_1.9.0/stm32cubeide/plugins/com.st.stm32cube.ide.mcu.externaltools.gnu-tools-for-stm32.10.3-2021.10.win32_1.0.100.202210260954/tools/bin/../lib/gcc/arm-none-eabi/10.3.1/../../../../arm-none-eabi/lib/thumb/v7e-m+fp/hard\libc_nano.a(lib_a-sbrkr.o)
                0x000000000800a1e0                _sbrk_r
 .text.__malloc_lock
                0x000000000800a200        0xc c:/st/stm32cubeide_1.9.0/stm32cubeide/plugins/com.st.stm32cube.ide.mcu.externaltools.gnu-tools-for-stm32.10.3-2021.10.win32_1.0.100.202210260954/tools/bin/../lib/gcc/arm-none-eabi/10.3.1/../../../../arm-none-eabi/lib/thumb/v7e-m+fp/hard\libc_nano.a(lib_a-mlock.o)
                0x000000000800a200                __malloc_lock
 .text.__malloc_unlock
                0x000000000800a20c        0xc c:/st/stm32cubeide_1.9.0/stm32cubeide/plugins/com.st.stm32cube.ide.mcu.externaltools.gnu-tools-for-stm32.10.3-2021.10.win32_1.0.100.202210260954/tools/bin/../lib/gcc/arm-none-eabi/10.3.1/../../../../arm-none-eabi/lib/thumb/v7e-m+fp/hard\libc_nano.a(lib_a-mlock.o)
                0x000000000800a20c                __malloc_unlock
 .text._malloc_usable_size_r
                0x000000000800a218       0x10 c:/st/stm32cubeide_1.9.0/stm32cubeide/plugins/com.st.stm32cube.ide.mcu.externaltools.gnu-tools-for-stm32.10.3-2021.10.win32_1.0.100.202210260954/tools/bin/../lib/gcc/arm-none-eabi/10.3.1/../../../../arm-none-eabi/lib/thumb/v7e-m+fp/hard\libc_nano.a(lib_a-nano-msizer.o)
                0x000000000800a218                _malloc_usable_size_r
 .text.__retarget_lock_acquire_recursive
                0x000000000800a228        0x2 c:/st/stm32cubeide_1.9.0/stm32cubeide/plugins/com.st.stm32cube.ide.mcu.externaltools.gnu-tools-for-stm32.10.3-2021.10.win32_1.0.100.202210260954/tools/bin/../lib/gcc/arm-none-eabi/10.3.1/../../../../arm-none-eabi/lib/thumb/v7e-m+fp/hard\libc_nano.a(lib_a-lock.o)
                0x000000000800a228                __retarget_lock_acquire_recursive
 .text.__retarget_lock_release_recursive
                0x000000000800a22a        0x2 c:/st/stm32cubeide_1.9.0/stm32cubeide/plugins/com.st.stm32cube.ide.mcu.externaltools.gnu-tools-for-stm32.10.3-2021.10.win32_1.0.100.202210260954/tools/bin/../lib/gcc/arm-none-eabi/10.3.1/../../../../arm-none-eabi/lib/thumb/v7e-m+fp/hard\libc_nano.a(lib_a-lock.o)
                0x000000000800a22a                __retarget_lock_release_recursive
 *(.glue_7)
 .glue_7        0x000000000800a22c        0x0 linker stubs
 *(.glue_7t)
 .glue_7t       0x000000000800a22c        0x0 linker stubs
 *(.eh_frame)
 .eh_frame      0x000000000800a22c        0x0 c:/st/stm32cubeide_1.9.0/stm32cubeide/plugins/com.st.stm32cube.ide.mcu.externaltools.gnu-tools-for-stm32.10.3-2021.10.win32_1.0.100.202210260954/tools/bin/../lib/gcc/arm-none-eabi/10.3.1/thumb/v7e-m+fp/hard/crtbegin.o
 *(.init)
 .init          0x000000000800a22c        0x4 c:/st/stm32cubeide_1.9.0/stm32cubeide/plugins/com.st.stm32cube.ide.mcu.externaltools.gnu-tools-for-stm32.10.3-2021.10.win32_1.0.100.202210260954/tools/bin/../lib/gcc/arm-none-eabi/10.3.1/thumb/v7e-m+fp/hard/crti.o
                0x000000000800a22c                _init
 .init          0x000000000800a230        0x8 c:/st/stm32cubeide_1.9.0/stm32cubeide/plugins/com.st.stm32cube.ide.mcu.externaltools.gnu-tools-for-stm32.10.3-2021.10.win32_1.0.100.202210260954/tools/bin/../lib/gcc/arm-none-eabi/10.3.1/thumb/v7e-m+fp/hard/crtn.o
 *(.fini)
 .fini          0x000000000800a238        0x4 c:/st/stm32cubeide_1.9.0/stm32cubeide/plugins/com.st.stm32cube.ide.mcu.externaltools.gnu-tools-for-stm32.10.3-2021.10.win32_1.0.100.202210260954/tools/bin/../lib/gcc/arm-none-eabi/10.3.1/thumb/v7e-m+fp/hard/crti.o
                0x000000000800a238                _fini
 .fini          0x000000000800a23c        0x8 c:/st/stm32cubeide_1.9.0/stm32cubeide/plugins/com.st.stm32cube.ide.mcu.externaltools.gnu-tools-for-stm32.10.3-2021.10.win32_1.0.100.202210260954/tools/bin/../lib/gcc/arm-none-eabi/10.3.1/thumb/v7e-m+fp/hard/crtn.o
                0x000000000800a244                . = ALIGN (0x4)
                0x000000000800a244                _etext = .

.vfp11_veneer   0x000000000800a244        0x0
 .vfp11_veneer  0x000000000800a244        0x0 linker stubs

.v4_bx          0x000000000800a244        0x0
 .v4_bx         0x000000000800a244        0x0 linker stubs

.iplt           0x000000000800a244        0x0
 .iplt          0x000000000800a244        0x0 c:/st/stm32cubeide_1.9.0/stm32cubeide/plugins/com.st.stm32cube.ide.mcu.externaltools.gnu-tools-for-stm32.10.3-2021.10.win32_1.0.100.202210260954/tools/bin/../lib/gcc/arm-none-eabi/10.3.1/thumb/v7e-m+fp/hard/crtbegin.o

.rodata         0x000000000800a244      0x234
                0x000000000800a244                . = ALIGN (0x4)
 *(.rodata)
 .rodata        0x000000000800a244       0x65 ./Core/Src/freertos.o
 *fill*         0x000000000800a2a9        0x3 
 .rodata        0x000000000800a2ac        0xf ./Core/cpp/Src/uart_wifi.o
 *fill*         0x000000000800a2bb        0x1 
 .rodata        0x000000000800a2bc        0x5 ./Middlewares/Third_Party/FreeRTOS/Source/tasks.o
 *fill*         0x000000000800a2c1        0x3 
 .rodata        0x000000000800a2c4        0xd ./Middlewares/Third_Party/FreeRTOS/Source/timers.o
 *(.rodata*)
 *fill*         0x000000000800a2d1        0x3 
 .rodata.defaultTask_attributes
                0x000000000800a2d4       0x24 ./Core/Src/freertos.o
                0x000000000800a2d4                defaultTask_attributes
 .rodata.OutputsTask_attributes
                0x000000000800a2f8       0x24 ./Core/Src/freertos.o
                0x000000000800a2f8                OutputsTask_attributes
 .rodata.InputsTask_attributes
                0x000000000800a31c       0x24 ./Core/Src/freertos.o
                0x000000000800a31c                InputsTask_attributes
 .rodata.ServoTask_attributes
                0x000000000800a340       0x24 ./Core/Src/freertos.o
                0x000000000800a340                ServoTask_attributes
 .rodata.UartWiFiTask_attributes
                0x000000000800a364       0x24 ./Core/Src/freertos.o
                0x000000000800a364                UartWiFiTask_attributes
 .rodata.CanDriversTask_attributes
                0x000000000800a388       0x24 ./Core/Src/freertos.o
                0x000000000800a388                CanDriversTask_attributes
 .rodata.CanTask_attributes
                0x000000000800a3ac       0x24 ./Core/Src/freertos.o
                0x000000000800a3ac                CanTask_attributes
 .rodata.MissionsTask_attributes
                0x000000000800a3d0       0x24 ./Core/Src/freertos.o
                0x000000000800a3d0                MissionsTask_attributes
 .rodata.AHBPrescTable
                0x000000000800a3f4       0x10 ./Core/Src/system_stm32f4xx.o
                0x000000000800a3f4                AHBPrescTable
 .rodata.APBPrescTable
                0x000000000800a404        0x8 ./Core/Src/system_stm32f4xx.o
                0x000000000800a404                APBPrescTable
 .rodata._ZZ8LedBlinkE9ledb_time
                0x000000000800a40c       0x18 ./Core/cpp/Src/outputs.o
 .rodata._ZZ8LedBlinkE8ledb_rep
                0x000000000800a424       0x18 ./Core/cpp/Src/outputs.o
 .rodata.flagBitshiftOffset.0
                0x000000000800a43c        0x8 ./Drivers/STM32F4xx_HAL_Driver/Src/stm32f4xx_hal_dma.o
 .rodata._svfprintf_r.str1.1
                0x000000000800a444       0x11 c:/st/stm32cubeide_1.9.0/stm32cubeide/plugins/com.st.stm32cube.ide.mcu.externaltools.gnu-tools-for-stm32.10.3-2021.10.win32_1.0.100.202210260954/tools/bin/../lib/gcc/arm-none-eabi/10.3.1/../../../../arm-none-eabi/lib/thumb/v7e-m+fp/hard\libc_nano.a(lib_a-nano-svfprintf.o)
 .rodata._printf_i.str1.1
                0x000000000800a455       0x22 c:/st/stm32cubeide_1.9.0/stm32cubeide/plugins/com.st.stm32cube.ide.mcu.externaltools.gnu-tools-for-stm32.10.3-2021.10.win32_1.0.100.202210260954/tools/bin/../lib/gcc/arm-none-eabi/10.3.1/../../../../arm-none-eabi/lib/thumb/v7e-m+fp/hard\libc_nano.a(lib_a-nano-vfprintf_i.o)
                0x000000000800a478                . = ALIGN (0x4)
 *fill*         0x000000000800a477        0x1 

.ARM.extab      0x000000000800a478        0x0
                0x000000000800a478                . = ALIGN (0x4)
 *(.ARM.extab* .gnu.linkonce.armextab.*)
                0x000000000800a478                . = ALIGN (0x4)

.ARM            0x000000000800a478        0x8
                0x000000000800a478                . = ALIGN (0x4)
                0x000000000800a478                __exidx_start = .
 *(.ARM.exidx*)
 .ARM.exidx     0x000000000800a478        0x8 c:/st/stm32cubeide_1.9.0/stm32cubeide/plugins/com.st.stm32cube.ide.mcu.externaltools.gnu-tools-for-stm32.10.3-2021.10.win32_1.0.100.202210260954/tools/bin/../lib/gcc/arm-none-eabi/10.3.1/thumb/v7e-m+fp/hard\libgcc.a(_udivmoddi4.o)
                0x000000000800a480                __exidx_end = .
                0x000000000800a480                . = ALIGN (0x4)

.rel.dyn        0x000000000800a480        0x0
 .rel.iplt      0x000000000800a480        0x0 c:/st/stm32cubeide_1.9.0/stm32cubeide/plugins/com.st.stm32cube.ide.mcu.externaltools.gnu-tools-for-stm32.10.3-2021.10.win32_1.0.100.202210260954/tools/bin/../lib/gcc/arm-none-eabi/10.3.1/thumb/v7e-m+fp/hard/crtbegin.o

.preinit_array  0x000000000800a480        0x0
                0x000000000800a480                . = ALIGN (0x4)
                0x000000000800a480                PROVIDE (__preinit_array_start = .)
 *(.preinit_array*)
                0x000000000800a480                PROVIDE (__preinit_array_end = .)
                0x000000000800a480                . = ALIGN (0x4)

.init_array     0x000000000800a480        0x8
                0x000000000800a480                . = ALIGN (0x4)
                0x000000000800a480                PROVIDE (__init_array_start = .)
 *(SORT_BY_NAME(.init_array.*))
 *(.init_array*)
 .init_array    0x000000000800a480        0x4 c:/st/stm32cubeide_1.9.0/stm32cubeide/plugins/com.st.stm32cube.ide.mcu.externaltools.gnu-tools-for-stm32.10.3-2021.10.win32_1.0.100.202210260954/tools/bin/../lib/gcc/arm-none-eabi/10.3.1/thumb/v7e-m+fp/hard/crtbegin.o
 .init_array    0x000000000800a484        0x4 ./Core/cpp/Src/drivers_control.o
                0x000000000800a488                PROVIDE (__init_array_end = .)
                0x000000000800a488                . = ALIGN (0x4)

.fini_array     0x000000000800a488        0x4
                0x000000000800a488                . = ALIGN (0x4)
                [!provide]                        PROVIDE (__fini_array_start = .)
 *(SORT_BY_NAME(.fini_array.*))
 *(.fini_array*)
 .fini_array    0x000000000800a488        0x4 c:/st/stm32cubeide_1.9.0/stm32cubeide/plugins/com.st.stm32cube.ide.mcu.externaltools.gnu-tools-for-stm32.10.3-2021.10.win32_1.0.100.202210260954/tools/bin/../lib/gcc/arm-none-eabi/10.3.1/thumb/v7e-m+fp/hard/crtbegin.o
                [!provide]                        PROVIDE (__fini_array_end = .)
                0x000000000800a48c                . = ALIGN (0x4)
                0x000000000800a48c                _sidata = LOADADDR (.data)

.data           0x0000000020000000       0x74 load address 0x000000000800a48c
                0x0000000020000000                . = ALIGN (0x4)
                0x0000000020000000                _sdata = .
 *(.data)
 *(.data*)
 .data.SystemCoreClock
                0x0000000020000000        0x4 ./Core/Src/system_stm32f4xx.o
                0x0000000020000000                SystemCoreClock
 .data.uwTickPrio
                0x0000000020000004        0x4 ./Drivers/STM32F4xx_HAL_Driver/Src/stm32f4xx_hal.o
                0x0000000020000004                uwTickPrio
 .data.uwTickFreq
                0x0000000020000008        0x1 ./Drivers/STM32F4xx_HAL_Driver/Src/stm32f4xx_hal.o
                0x0000000020000008                uwTickFreq
 *fill*         0x0000000020000009        0x3 
 .data.uxCriticalNesting
                0x000000002000000c        0x4 ./Middlewares/Third_Party/FreeRTOS/Source/portable/GCC/ARM_CM4F/port.o
 .data._impure_ptr
                0x0000000020000010        0x4 c:/st/stm32cubeide_1.9.0/stm32cubeide/plugins/com.st.stm32cube.ide.mcu.externaltools.gnu-tools-for-stm32.10.3-2021.10.win32_1.0.100.202210260954/tools/bin/../lib/gcc/arm-none-eabi/10.3.1/../../../../arm-none-eabi/lib/thumb/v7e-m+fp/hard\libc_nano.a(lib_a-impure.o)
                0x0000000020000010                _impure_ptr
 .data.impure_data
                0x0000000020000014       0x60 c:/st/stm32cubeide_1.9.0/stm32cubeide/plugins/com.st.stm32cube.ide.mcu.externaltools.gnu-tools-for-stm32.10.3-2021.10.win32_1.0.100.202210260954/tools/bin/../lib/gcc/arm-none-eabi/10.3.1/../../../../arm-none-eabi/lib/thumb/v7e-m+fp/hard\libc_nano.a(lib_a-impure.o)
 *(.RamFunc)
 *(.RamFunc*)
                0x0000000020000074                . = ALIGN (0x4)
                0x0000000020000074                _edata = .
                0x000000000800a500                _siccmram = LOADADDR (.ccmram)

.igot.plt       0x0000000020000074        0x0 load address 0x000000000800a500
 .igot.plt      0x0000000020000074        0x0 c:/st/stm32cubeide_1.9.0/stm32cubeide/plugins/com.st.stm32cube.ide.mcu.externaltools.gnu-tools-for-stm32.10.3-2021.10.win32_1.0.100.202210260954/tools/bin/../lib/gcc/arm-none-eabi/10.3.1/thumb/v7e-m+fp/hard/crtbegin.o

.ccmram         0x0000000010000000        0x0 load address 0x000000000800a500
                0x0000000010000000                . = ALIGN (0x4)
                0x0000000010000000                _sccmram = .
 *(.ccmram)
 *(.ccmram*)
                0x0000000010000000                . = ALIGN (0x4)
                0x0000000010000000                _eccmram = .
                0x0000000010000000                . = ALIGN (0x4)

.bss            0x0000000020000074     0x679c
                0x0000000020000074                _sbss = .
                0x0000000020000074                __bss_start__ = _sbss
 *(.bss)
 .bss           0x0000000020000074       0x1c c:/st/stm32cubeide_1.9.0/stm32cubeide/plugins/com.st.stm32cube.ide.mcu.externaltools.gnu-tools-for-stm32.10.3-2021.10.win32_1.0.100.202210260954/tools/bin/../lib/gcc/arm-none-eabi/10.3.1/thumb/v7e-m+fp/hard/crtbegin.o
 *(.bss*)
 .bss.hcan1     0x0000000020000090       0x28 ./Core/Src/can.o
                0x0000000020000090                hcan1
 .bss.globData  0x00000000200000b8       0x38 ./Core/Src/freertos.o
                0x00000000200000b8                globData
 .bss.defaultTaskHandle
                0x00000000200000f0        0x4 ./Core/Src/freertos.o
                0x00000000200000f0                defaultTaskHandle
 .bss.defaultTaskBuffer
                0x00000000200000f4      0x200 ./Core/Src/freertos.o
                0x00000000200000f4                defaultTaskBuffer
 .bss.defaultTaskControlBlock
                0x00000000200002f4       0x5c ./Core/Src/freertos.o
                0x00000000200002f4                defaultTaskControlBlock
 .bss.OutputsTaskHandle
                0x0000000020000350        0x4 ./Core/Src/freertos.o
                0x0000000020000350                OutputsTaskHandle
 .bss.OutputsTaskBuffer
                0x0000000020000354      0x200 ./Core/Src/freertos.o
                0x0000000020000354                OutputsTaskBuffer
 .bss.OutputsTaskControlBlock
                0x0000000020000554       0x5c ./Core/Src/freertos.o
                0x0000000020000554                OutputsTaskControlBlock
 .bss.InputsTaskHandle
                0x00000000200005b0        0x4 ./Core/Src/freertos.o
                0x00000000200005b0                InputsTaskHandle
 .bss.InputsTaskBuffer
                0x00000000200005b4      0x200 ./Core/Src/freertos.o
                0x00000000200005b4                InputsTaskBuffer
 .bss.InputsTaskControlBlock
                0x00000000200007b4       0x5c ./Core/Src/freertos.o
                0x00000000200007b4                InputsTaskControlBlock
 .bss.ServoTaskHandle
                0x0000000020000810        0x4 ./Core/Src/freertos.o
                0x0000000020000810                ServoTaskHandle
 .bss.ServoTaskBuffer
                0x0000000020000814      0x200 ./Core/Src/freertos.o
                0x0000000020000814                ServoTaskBuffer
 .bss.ServoTaskControlBlock
                0x0000000020000a14       0x5c ./Core/Src/freertos.o
                0x0000000020000a14                ServoTaskControlBlock
 .bss.UartWiFiTaskHandle
                0x0000000020000a70        0x4 ./Core/Src/freertos.o
                0x0000000020000a70                UartWiFiTaskHandle
 .bss.UartWiFiTaskBuffer
                0x0000000020000a74      0x400 ./Core/Src/freertos.o
                0x0000000020000a74                UartWiFiTaskBuffer
 .bss.UartWiFiTaskControlBlock
                0x0000000020000e74       0x5c ./Core/Src/freertos.o
                0x0000000020000e74                UartWiFiTaskControlBlock
 .bss.CanDriversTaskHandle
                0x0000000020000ed0        0x4 ./Core/Src/freertos.o
                0x0000000020000ed0                CanDriversTaskHandle
 .bss.CanDriversTaskBuffer
                0x0000000020000ed4      0x200 ./Core/Src/freertos.o
                0x0000000020000ed4                CanDriversTaskBuffer
 .bss.CanDriversTaskControlBlock
                0x00000000200010d4       0x5c ./Core/Src/freertos.o
                0x00000000200010d4                CanDriversTaskControlBlock
 .bss.CanTaskHandle
                0x0000000020001130        0x4 ./Core/Src/freertos.o
                0x0000000020001130                CanTaskHandle
 .bss.CanTaskBuffer
                0x0000000020001134      0x400 ./Core/Src/freertos.o
                0x0000000020001134                CanTaskBuffer
 .bss.CanTaskControlBlock
                0x0000000020001534       0x5c ./Core/Src/freertos.o
                0x0000000020001534                CanTaskControlBlock
 .bss.MissionsTaskHandle
                0x0000000020001590        0x4 ./Core/Src/freertos.o
                0x0000000020001590                MissionsTaskHandle
 .bss.MissionsTaskBuffer
                0x0000000020001594      0x400 ./Core/Src/freertos.o
                0x0000000020001594                MissionsTaskBuffer
 .bss.MissionsTaskControlBlock
                0x0000000020001994       0x5c ./Core/Src/freertos.o
                0x0000000020001994                MissionsTaskControlBlock
 .bss.hiwdg     0x00000000200019f0        0xc ./Core/Src/iwdg.o
                0x00000000200019f0                hiwdg
 .bss.htim6     0x00000000200019fc       0x48 ./Core/Src/stm32f4xx_hal_timebase_tim.o
                0x00000000200019fc                htim6
 .bss.__sbrk_heap_end
                0x0000000020001a44        0x4 ./Core/Src/sysmem.o
 .bss.htim3     0x0000000020001a48       0x48 ./Core/Src/tim.o
                0x0000000020001a48                htim3
 .bss.htim4     0x0000000020001a90       0x48 ./Core/Src/tim.o
                0x0000000020001a90                htim4
 .bss.huart1    0x0000000020001ad8       0x44 ./Core/Src/usart.o
                0x0000000020001ad8                huart1
 .bss.huart2    0x0000000020001b1c       0x44 ./Core/Src/usart.o
                0x0000000020001b1c                huart2
 .bss.huart3    0x0000000020001b60       0x44 ./Core/Src/usart.o
                0x0000000020001b60                huart3
 .bss.hdma_usart1_rx
                0x0000000020001ba4       0x60 ./Core/Src/usart.o
                0x0000000020001ba4                hdma_usart1_rx
 .bss.hdma_usart2_rx
                0x0000000020001c04       0x60 ./Core/Src/usart.o
                0x0000000020001c04                hdma_usart2_rx
 .bss.hdma_usart3_rx
                0x0000000020001c64       0x60 ./Core/Src/usart.o
                0x0000000020001c64                hdma_usart3_rx
 .bss.NewCanMsg
                0x0000000020001cc4        0x1 ./Core/cpp/Src/canbus.o
                0x0000000020001cc4                NewCanMsg
 *fill*         0x0000000020001cc5        0x3 
 .bss.RxHeader  0x0000000020001cc8       0x1c ./Core/cpp/Src/canbus.o
                0x0000000020001cc8                RxHeader
 .bss.RxData    0x0000000020001ce4        0x8 ./Core/cpp/Src/canbus.o
                0x0000000020001ce4                RxData
 .bss.TxMailbox
                0x0000000020001cec        0x4 ./Core/cpp/Src/canbus.o
                0x0000000020001cec                TxMailbox
 .bss.canDataRecv
                0x0000000020001cf0        0x8 ./Core/cpp/Src/canbus.o
                0x0000000020001cf0                canDataRecv
 .bss._ZZ12StartCanTaskE9err_count
                0x0000000020001cf8        0x4 ./Core/cpp/Src/canbus.o
 .bss.DriverFB  0x0000000020001cfc       0x34 ./Core/cpp/Src/drivers_control.o
                0x0000000020001cfc                DriverFB
 .bss.DriverLR  0x0000000020001d30       0x34 ./Core/cpp/Src/drivers_control.o
                0x0000000020001d30                DriverLR
 .bss.mdrivers  0x0000000020001d64       0x10 ./Core/cpp/Src/drivers_control.o
                0x0000000020001d64                mdrivers
 .bss._ZZ8LedBlinkE16ledb_active_time
                0x0000000020001d74        0x4 ./Core/cpp/Src/outputs.o
 .bss._ZZ8LedBlinkE12ledb_repeats
                0x0000000020001d78        0x4 ./Core/cpp/Src/outputs.o
 .bss.new_wifi_data
                0x0000000020001d7c        0x1 ./Core/cpp/Src/uart_wifi.o
                0x0000000020001d7c                new_wifi_data
 .bss.new_remote_data
                0x0000000020001d7d        0x1 ./Core/cpp/Src/uart_wifi.o
                0x0000000020001d7d                new_remote_data
 .bss.new_bms_data
                0x0000000020001d7e        0x1 ./Core/cpp/Src/uart_wifi.o
                0x0000000020001d7e                new_bms_data
 *fill*         0x0000000020001d7f        0x1 
 .bss.rc_uart_buff
                0x0000000020001d80       0x64 ./Core/cpp/Src/uart_wifi.o
                0x0000000020001d80                rc_uart_buff
 .bss.bms_uart_buff
                0x0000000020001de4       0x64 ./Core/cpp/Src/uart_wifi.o
                0x0000000020001de4                bms_uart_buff
 .bss.wifi_uart_buff
                0x0000000020001e48       0x64 ./Core/cpp/Src/uart_wifi.o
                0x0000000020001e48                wifi_uart_buff
 .bss.uwTick    0x0000000020001eac        0x4 ./Drivers/STM32F4xx_HAL_Driver/Src/stm32f4xx_hal.o
                0x0000000020001eac                uwTick
 .bss.KernelState
                0x0000000020001eb0        0x4 ./Middlewares/Third_Party/FreeRTOS/Source/CMSIS_RTOS_V2/cmsis_os2.o
 .bss.Idle_TCB.3
                0x0000000020001eb4       0x5c ./Middlewares/Third_Party/FreeRTOS/Source/CMSIS_RTOS_V2/cmsis_os2.o
 .bss.Idle_Stack.2
                0x0000000020001f10      0x200 ./Middlewares/Third_Party/FreeRTOS/Source/CMSIS_RTOS_V2/cmsis_os2.o
 .bss.Timer_TCB.1
                0x0000000020002110       0x5c ./Middlewares/Third_Party/FreeRTOS/Source/CMSIS_RTOS_V2/cmsis_os2.o
 .bss.Timer_Stack.0
                0x000000002000216c      0x400 ./Middlewares/Third_Party/FreeRTOS/Source/CMSIS_RTOS_V2/cmsis_os2.o
 .bss.xQueueRegistry
                0x000000002000256c       0x40 ./Middlewares/Third_Party/FreeRTOS/Source/queue.o
                0x000000002000256c                xQueueRegistry
 .bss.pxCurrentTCB
                0x00000000200025ac        0x4 ./Middlewares/Third_Party/FreeRTOS/Source/tasks.o
                0x00000000200025ac                pxCurrentTCB
 .bss.pxReadyTasksLists
                0x00000000200025b0      0x460 ./Middlewares/Third_Party/FreeRTOS/Source/tasks.o
 .bss.xDelayedTaskList1
                0x0000000020002a10       0x14 ./Middlewares/Third_Party/FreeRTOS/Source/tasks.o
 .bss.xDelayedTaskList2
                0x0000000020002a24       0x14 ./Middlewares/Third_Party/FreeRTOS/Source/tasks.o
 .bss.pxDelayedTaskList
                0x0000000020002a38        0x4 ./Middlewares/Third_Party/FreeRTOS/Source/tasks.o
 .bss.pxOverflowDelayedTaskList
                0x0000000020002a3c        0x4 ./Middlewares/Third_Party/FreeRTOS/Source/tasks.o
 .bss.xPendingReadyList
                0x0000000020002a40       0x14 ./Middlewares/Third_Party/FreeRTOS/Source/tasks.o
 .bss.xTasksWaitingTermination
                0x0000000020002a54       0x14 ./Middlewares/Third_Party/FreeRTOS/Source/tasks.o
 .bss.uxDeletedTasksWaitingCleanUp
                0x0000000020002a68        0x4 ./Middlewares/Third_Party/FreeRTOS/Source/tasks.o
 .bss.xSuspendedTaskList
                0x0000000020002a6c       0x14 ./Middlewares/Third_Party/FreeRTOS/Source/tasks.o
 .bss.uxCurrentNumberOfTasks
                0x0000000020002a80        0x4 ./Middlewares/Third_Party/FreeRTOS/Source/tasks.o
 .bss.xTickCount
                0x0000000020002a84        0x4 ./Middlewares/Third_Party/FreeRTOS/Source/tasks.o
 .bss.uxTopReadyPriority
                0x0000000020002a88        0x4 ./Middlewares/Third_Party/FreeRTOS/Source/tasks.o
 .bss.xSchedulerRunning
                0x0000000020002a8c        0x4 ./Middlewares/Third_Party/FreeRTOS/Source/tasks.o
 .bss.xPendedTicks
                0x0000000020002a90        0x4 ./Middlewares/Third_Party/FreeRTOS/Source/tasks.o
 .bss.xYieldPending
                0x0000000020002a94        0x4 ./Middlewares/Third_Party/FreeRTOS/Source/tasks.o
 .bss.xNumOfOverflows
                0x0000000020002a98        0x4 ./Middlewares/Third_Party/FreeRTOS/Source/tasks.o
 .bss.uxTaskNumber
                0x0000000020002a9c        0x4 ./Middlewares/Third_Party/FreeRTOS/Source/tasks.o
 .bss.xNextTaskUnblockTime
                0x0000000020002aa0        0x4 ./Middlewares/Third_Party/FreeRTOS/Source/tasks.o
 .bss.xIdleTaskHandle
                0x0000000020002aa4        0x4 ./Middlewares/Third_Party/FreeRTOS/Source/tasks.o
 .bss.uxSchedulerSuspended
                0x0000000020002aa8        0x4 ./Middlewares/Third_Party/FreeRTOS/Source/tasks.o
 .bss.xActiveTimerList1
                0x0000000020002aac       0x14 ./Middlewares/Third_Party/FreeRTOS/Source/timers.o
 .bss.xActiveTimerList2
                0x0000000020002ac0       0x14 ./Middlewares/Third_Party/FreeRTOS/Source/timers.o
 .bss.pxCurrentTimerList
                0x0000000020002ad4        0x4 ./Middlewares/Third_Party/FreeRTOS/Source/timers.o
 .bss.pxOverflowTimerList
                0x0000000020002ad8        0x4 ./Middlewares/Third_Party/FreeRTOS/Source/timers.o
 .bss.xTimerQueue
                0x0000000020002adc        0x4 ./Middlewares/Third_Party/FreeRTOS/Source/timers.o
 .bss.xTimerTaskHandle
                0x0000000020002ae0        0x4 ./Middlewares/Third_Party/FreeRTOS/Source/timers.o
 .bss.xLastTime.2
                0x0000000020002ae4        0x4 ./Middlewares/Third_Party/FreeRTOS/Source/timers.o
 .bss.ucStaticTimerQueueStorage.1
                0x0000000020002ae8       0xa0 ./Middlewares/Third_Party/FreeRTOS/Source/timers.o
 .bss.xStaticTimerQueue.0
                0x0000000020002b88       0x50 ./Middlewares/Third_Party/FreeRTOS/Source/timers.o
 .bss.ucMaxSysCallPriority
                0x0000000020002bd8        0x1 ./Middlewares/Third_Party/FreeRTOS/Source/portable/GCC/ARM_CM4F/port.o
 *fill*         0x0000000020002bd9        0x3 
 .bss.ulMaxPRIGROUPValue
                0x0000000020002bdc        0x4 ./Middlewares/Third_Party/FreeRTOS/Source/portable/GCC/ARM_CM4F/port.o
 .bss.ucHeap    0x0000000020002be0     0x3c00 ./Middlewares/Third_Party/FreeRTOS/Source/portable/MemMang/heap_4.o
 .bss.xStart    0x00000000200067e0        0x8 ./Middlewares/Third_Party/FreeRTOS/Source/portable/MemMang/heap_4.o
 .bss.pxEnd     0x00000000200067e8        0x4 ./Middlewares/Third_Party/FreeRTOS/Source/portable/MemMang/heap_4.o
 .bss.xFreeBytesRemaining
                0x00000000200067ec        0x4 ./Middlewares/Third_Party/FreeRTOS/Source/portable/MemMang/heap_4.o
 .bss.xMinimumEverFreeBytesRemaining
                0x00000000200067f0        0x4 ./Middlewares/Third_Party/FreeRTOS/Source/portable/MemMang/heap_4.o
 .bss.xNumberOfSuccessfulAllocations
                0x00000000200067f4        0x4 ./Middlewares/Third_Party/FreeRTOS/Source/portable/MemMang/heap_4.o
 .bss.xNumberOfSuccessfulFrees
                0x00000000200067f8        0x4 ./Middlewares/Third_Party/FreeRTOS/Source/portable/MemMang/heap_4.o
 .bss.xBlockAllocatedBit
                0x00000000200067fc        0x4 ./Middlewares/Third_Party/FreeRTOS/Source/portable/MemMang/heap_4.o
 .bss.__malloc_free_list
                0x0000000020006800        0x4 c:/st/stm32cubeide_1.9.0/stm32cubeide/plugins/com.st.stm32cube.ide.mcu.externaltools.gnu-tools-for-stm32.10.3-2021.10.win32_1.0.100.202210260954/tools/bin/../lib/gcc/arm-none-eabi/10.3.1/../../../../arm-none-eabi/lib/thumb/v7e-m+fp/hard\libc_nano.a(lib_a-nano-mallocr.o)
                0x0000000020006800                __malloc_free_list
 .bss.__malloc_sbrk_start
                0x0000000020006804        0x4 c:/st/stm32cubeide_1.9.0/stm32cubeide/plugins/com.st.stm32cube.ide.mcu.externaltools.gnu-tools-for-stm32.10.3-2021.10.win32_1.0.100.202210260954/tools/bin/../lib/gcc/arm-none-eabi/10.3.1/../../../../arm-none-eabi/lib/thumb/v7e-m+fp/hard\libc_nano.a(lib_a-nano-mallocr.o)
                0x0000000020006804                __malloc_sbrk_start