Archive member included to satisfy reference by file (symbol)

c:/st/stm32cubeide_1.9.0/stm32cubeide/plugins/com.st.stm32cube.ide.mcu.externaltools.gnu-tools-for-stm32.10.3-2021.10.win32_1.0.100.202210260954/tools/bin/../lib/gcc/arm-none-eabi/10.3.1/../../../../arm-none-eabi/lib/thumb/v7e-m+fp/hard\libc_nano.a(lib_a-errno.o)
                              ./Core/Src/syscalls.o (__errno)
c:/st/stm32cubeide_1.9.0/stm32cubeide/plugins/com.st.stm32cube.ide.mcu.externaltools.gnu-tools-for-stm32.10.3-2021.10.win32_1.0.100.202210260954/tools/bin/../lib/gcc/arm-none-eabi/10.3.1/../../../../arm-none-eabi/lib/thumb/v7e-m+fp/hard\libc_nano.a(lib_a-exit.o)
                              c:/st/stm32cubeide_1.9.0/stm32cubeide/plugins/com.st.stm32cube.ide.mcu.externaltools.gnu-tools-for-stm32.10.3-2021.10.win32_1.0.100.202210260954/tools/bin/../lib/gcc/arm-none-eabi/10.3.1/../../../../arm-none-eabi/lib/thumb/v7e-m+fp/hard/crt0.o (exit)
c:/st/stm32cubeide_1.9.0/stm32cubeide/plugins/com.st.stm32cube.ide.mcu.externaltools.gnu-tools-for-stm32.10.3-2021.10.win32_1.0.100.202210260954/tools/bin/../lib/gcc/arm-none-eabi/10.3.1/../../../../arm-none-eabi/lib/thumb/v7e-m+fp/hard\libc_nano.a(lib_a-impure.o)
                              c:/st/stm32cubeide_1.9.0/stm32cubeide/plugins/com.st.stm32cube.ide.mcu.externaltools.gnu-tools-for-stm32.10.3-2021.10.win32_1.0.100.202210260954/tools/bin/../lib/gcc/arm-none-eabi/10.3.1/../../../../arm-none-eabi/lib/thumb/v7e-m+fp/hard\libc_nano.a(lib_a-exit.o) (_global_impure_ptr)
c:/st/stm32cubeide_1.9.0/stm32cubeide/plugins/com.st.stm32cube.ide.mcu.externaltools.gnu-tools-for-stm32.10.3-2021.10.win32_1.0.100.202210260954/tools/bin/../lib/gcc/arm-none-eabi/10.3.1/../../../../arm-none-eabi/lib/thumb/v7e-m+fp/hard\libc_nano.a(lib_a-init.o)
                              c:/st/stm32cubeide_1.9.0/stm32cubeide/plugins/com.st.stm32cube.ide.mcu.externaltools.gnu-tools-for-stm32.10.3-2021.10.win32_1.0.100.202210260954/tools/bin/../lib/gcc/arm-none-eabi/10.3.1/../../../../arm-none-eabi/lib/thumb/v7e-m+fp/hard/crt0.o (__libc_init_array)
c:/st/stm32cubeide_1.9.0/stm32cubeide/plugins/com.st.stm32cube.ide.mcu.externaltools.gnu-tools-for-stm32.10.3-2021.10.win32_1.0.100.202210260954/tools/bin/../lib/gcc/arm-none-eabi/10.3.1/../../../../arm-none-eabi/lib/thumb/v7e-m+fp/hard\libc_nano.a(lib_a-memcpy-stub.o)
                              ./Middlewares/Third_Party/FreeRTOS/Source/CMSIS_RTOS_V2/cmsis_os2.o (memcpy)
c:/st/stm32cubeide_1.9.0/stm32cubeide/plugins/com.st.stm32cube.ide.mcu.externaltools.gnu-tools-for-stm32.10.3-2021.10.win32_1.0.100.202210260954/tools/bin/../lib/gcc/arm-none-eabi/10.3.1/../../../../arm-none-eabi/lib/thumb/v7e-m+fp/hard\libc_nano.a(lib_a-memset.o)
                              c:/st/stm32cubeide_1.9.0/stm32cubeide/plugins/com.st.stm32cube.ide.mcu.externaltools.gnu-tools-for-stm32.10.3-2021.10.win32_1.0.100.202210260954/tools/bin/../lib/gcc/arm-none-eabi/10.3.1/../../../../arm-none-eabi/lib/thumb/v7e-m+fp/hard/crt0.o (memset)
c:/st/stm32cubeide_1.9.0/stm32cubeide/plugins/com.st.stm32cube.ide.mcu.externaltools.gnu-tools-for-stm32.10.3-2021.10.win32_1.0.100.202210260954/tools/bin/../lib/gcc/arm-none-eabi/10.3.1/thumb/v7e-m+fp/hard\libgcc.a(_aeabi_uldivmod.o)
                              ./Drivers/STM32F4xx_HAL_Driver/Src/stm32f4xx_hal_rcc.o (__aeabi_uldivmod)
c:/st/stm32cubeide_1.9.0/stm32cubeide/plugins/com.st.stm32cube.ide.mcu.externaltools.gnu-tools-for-stm32.10.3-2021.10.win32_1.0.100.202210260954/tools/bin/../lib/gcc/arm-none-eabi/10.3.1/thumb/v7e-m+fp/hard\libgcc.a(_udivmoddi4.o)
                              c:/st/stm32cubeide_1.9.0/stm32cubeide/plugins/com.st.stm32cube.ide.mcu.externaltools.gnu-tools-for-stm32.10.3-2021.10.win32_1.0.100.202210260954/tools/bin/../lib/gcc/arm-none-eabi/10.3.1/thumb/v7e-m+fp/hard\libgcc.a(_aeabi_uldivmod.o) (__udivmoddi4)
c:/st/stm32cubeide_1.9.0/stm32cubeide/plugins/com.st.stm32cube.ide.mcu.externaltools.gnu-tools-for-stm32.10.3-2021.10.win32_1.0.100.202210260954/tools/bin/../lib/gcc/arm-none-eabi/10.3.1/thumb/v7e-m+fp/hard\libgcc.a(_dvmd_tls.o)
                              c:/st/stm32cubeide_1.9.0/stm32cubeide/plugins/com.st.stm32cube.ide.mcu.externaltools.gnu-tools-for-stm32.10.3-2021.10.win32_1.0.100.202210260954/tools/bin/../lib/gcc/arm-none-eabi/10.3.1/thumb/v7e-m+fp/hard\libgcc.a(_aeabi_uldivmod.o) (__aeabi_ldiv0)

Discarded input sections

 .text          0x0000000000000000        0x0 c:/st/stm32cubeide_1.9.0/stm32cubeide/plugins/com.st.stm32cube.ide.mcu.externaltools.gnu-tools-for-stm32.10.3-2021.10.win32_1.0.100.202210260954/tools/bin/../lib/gcc/arm-none-eabi/10.3.1/thumb/v7e-m+fp/hard/crti.o
 .data          0x0000000000000000        0x0 c:/st/stm32cubeide_1.9.0/stm32cubeide/plugins/com.st.stm32cube.ide.mcu.externaltools.gnu-tools-for-stm32.10.3-2021.10.win32_1.0.100.202210260954/tools/bin/../lib/gcc/arm-none-eabi/10.3.1/thumb/v7e-m+fp/hard/crti.o
[...]
Memory Configuration

Name             Origin             Length             Attributes
CCMRAM           0x0000000010000000 0x0000000000010000 xrw
RAM              0x0000000020000000 0x0000000000020000 xrw
FLASH            0x0000000008000000 0x0000000000080000 xr
*default*        0x0000000000000000 0xffffffffffffffff

Linker script and memory map

LOAD c:/st/stm32cubeide_1.9.0/stm32cubeide/plugins/com.st.stm32cube.ide.mcu.externaltools.gnu-tools-for-stm32.10.3-2021.10.win32_1.0.100.202210260954/tools/bin/../lib/gcc/arm-none-eabi/10.3.1/thumb/v7e-m+fp/hard/crti.o
LOAD c:/st/stm32cubeide_1.9.0/stm32cubeide/plugins/com.st.stm32cube.ide.mcu.externaltools.gnu-tools-for-stm32.10.3-2021.10.win32_1.0.100.202210260954/tools/bin/../lib/gcc/arm-none-eabi/10.3.1/thumb/v7e-m+fp/hard/crtbegin.o
LOAD c:/st/stm32cubeide_1.9.0/stm32cubeide/plugins/com.st.stm32cube.ide.mcu.externaltools.gnu-tools-for-stm32.10.3-2021.10.win32_1.0.100.202210260954/tools/bin/../lib/gcc/arm-none-eabi/10.3.1/../../../../arm-none-eabi/lib/thumb/v7e-m+fp/hard/crt0.o
LOAD ./Core/Src/can.o
LOAD ./Core/Src/dma.o
LOAD ./Core/Src/freertos.o
LOAD ./Core/Src/gpio.o
LOAD ./Core/Src/iwdg.o
LOAD ./Core/Src/main.o
LOAD ./Core/Src/stm32f4xx_hal_msp.o
LOAD ./Core/Src/stm32f4xx_hal_timebase_tim.o
LOAD ./Core/Src/stm32f4xx_it.o
LOAD ./Core/Src/syscalls.o
LOAD ./Core/Src/sysmem.o
LOAD ./Core/Src/system_stm32f4xx.o
LOAD ./Core/Src/tim.o
LOAD ./Core/Src/usart.o
LOAD ./Core/Startup/startup_stm32f407vetx.o
LOAD ./Core/cpp/Src/KeyaLKTechDriver.o
LOAD ./Core/cpp/Src/Servo.o
LOAD ./Core/cpp/Src/canbus.o
LOAD ./Core/cpp/Src/drivers_control.o
LOAD ./Core/cpp/Src/flash_data.o
LOAD ./Core/cpp/Src/inputs.o
LOAD ./Core/cpp/Src/mission.o
LOAD ./Core/cpp/Src/outputs.o
LOAD ./Core/cpp/Src/servo_control.o
LOAD ./Core/cpp/Src/uart_wifi.o
LOAD ./Drivers/STM32F4xx_HAL_Driver/Src/stm32f4xx_hal.o
LOAD ./Drivers/STM32F4xx_HAL_Driver/Src/stm32f4xx_hal_can.o
LOAD ./Drivers/STM32F4xx_HAL_Driver/Src/stm32f4xx_hal_cortex.o
LOAD ./Drivers/STM32F4xx_HAL_Driver/Src/stm32f4xx_hal_dma.o
LOAD ./Drivers/STM32F4xx_HAL_Driver/Src/stm32f4xx_hal_dma_ex.o
LOAD ./Drivers/STM32F4xx_HAL_Driver/Src/stm32f4xx_hal_exti.o
LOAD ./Drivers/STM32F4xx_HAL_Driver/Src/stm32f4xx_hal_flash.o
LOAD ./Drivers/STM32F4xx_HAL_Driver/Src/stm32f4xx_hal_flash_ex.o
LOAD ./Drivers/STM32F4xx_HAL_Driver/Src/stm32f4xx_hal_flash_ramfunc.o
LOAD ./Drivers/STM32F4xx_HAL_Driver/Src/stm32f4xx_hal_gpio.o
LOAD ./Drivers/STM32F4xx_HAL_Driver/Src/stm32f4xx_hal_iwdg.o
LOAD ./Drivers/STM32F4xx_HAL_Driver/Src/stm32f4xx_hal_pwr.o
LOAD ./Drivers/STM32F4xx_HAL_Driver/Src/stm32f4xx_hal_pwr_ex.o
LOAD ./Drivers/STM32F4xx_HAL_Driver/Src/stm32f4xx_hal_rcc.o
LOAD ./Drivers/STM32F4xx_HAL_Driver/Src/stm32f4xx_hal_rcc_ex.o
LOAD ./Drivers/STM32F4xx_HAL_Driver/Src/stm32f4xx_hal_tim.o
LOAD ./Drivers/STM32F4xx_HAL_Driver/Src/stm32f4xx_hal_tim_ex.o
LOAD ./Drivers/STM32F4xx_HAL_Driver/Src/stm32f4xx_hal_uart.o
LOAD ./Middlewares/Third_Party/FreeRTOS/Source/CMSIS_RTOS_V2/cmsis_os2.o
LOAD ./Middlewares/Third_Party/FreeRTOS/Source/croutine.o
LOAD ./Middlewares/Third_Party/FreeRTOS/Source/event_groups.o
LOAD ./Middlewares/Third_Party/FreeRTOS/Source/list.o
LOAD ./Middlewares/Third_Party/FreeRTOS/Source/queue.o
LOAD ./Middlewares/Third_Party/FreeRTOS/Source/stream_buffer.o
LOAD ./Middlewares/Third_Party/FreeRTOS/Source/tasks.o
LOAD ./Middlewares/Third_Party/FreeRTOS/Source/timers.o
LOAD ./Middlewares/Third_Party/FreeRTOS/Source/portable/GCC/ARM_CM4F/port.o
LOAD ./Middlewares/Third_Party/FreeRTOS/Source/portable/MemMang/heap_4.o
START GROUP
LOAD c:/st/stm32cubeide_1.9.0/stm32cubeide/plugins/com.st.stm32cube.ide.mcu.externaltools.gnu-tools-for-stm32.10.3-2021.10.win32_1.0.100.202210260954/tools/bin/../lib/gcc/arm-none-eabi/10.3.1/../../../../arm-none-eabi/lib/thumb/v7e-m+fp/hard\libstdc++_nano.a
LOAD c:/st/stm32cubeide_1.9.0/stm32cubeide/plugins/com.st.stm32cube.ide.mcu.externaltools.gnu-tools-for-stm32.10.3-2021.10.win32_1.0.100.202210260954/tools/bin/../lib/gcc/arm-none-eabi/10.3.1/../../../../arm-none-eabi/lib/thumb/v7e-m+fp/hard\libsupc++_nano.a
END GROUP
LOAD c:/st/stm32cubeide_1.9.0/stm32cubeide/plugins/com.st.stm32cube.ide.mcu.externaltools.gnu-tools-for-stm32.10.3-2021.10.win32_1.0.100.202210260954/tools/bin/../lib/gcc/arm-none-eabi/10.3.1/../../../../arm-none-eabi/lib/thumb/v7e-m+fp/hard\libstdc++_nano.a
LOAD c:/st/stm32cubeide_1.9.0/stm32cubeide/plugins/com.st.stm32cube.ide.mcu.externaltools.gnu-tools-for-stm32.10.3-2021.10.win32_1.0.100.202210260954/tools/bin/../lib/gcc/arm-none-eabi/10.3.1/../../../../arm-none-eabi/lib/thumb/v7e-m+fp/hard\libm.a
LOAD c:/st/stm32cubeide_1.9.0/stm32cubeide/plugins/com.st.stm32cube.ide.mcu.externaltools.gnu-tools-for-stm32.10.3-2021.10.win32_1.0.100.202210260954/tools/bin/../lib/gcc/arm-none-eabi/10.3.1/../../../../arm-none-eabi/lib/thumb/v7e-m+fp/hard\libc_nano.a
START GROUP
LOAD c:/st/stm32cubeide_1.9.0/stm32cubeide/plugins/com.st.stm32cube.ide.mcu.externaltools.gnu-tools-for-stm32.10.3-2021.10.win32_1.0.100.202210260954/tools/bin/../lib/gcc/arm-none-eabi/10.3.1/thumb/v7e-m+fp/hard\libgcc.a
LOAD c:/st/stm32cubeide_1.9.0/stm32cubeide/plugins/com.st.stm32cube.ide.mcu.externaltools.gnu-tools-for-stm32.10.3-2021.10.win32_1.0.100.202210260954/tools/bin/../lib/gcc/arm-none-eabi/10.3.1/../../../../arm-none-eabi/lib/thumb/v7e-m+fp/hard\libc_nano.a
END GROUP
START GROUP
LOAD c:/st/stm32cubeide_1.9.0/stm32cubeide/plugins/com.st.stm32cube.ide.mcu.externaltools.gnu-tools-for-stm32.10.3-2021.10.win32_1.0.100.202210260954/tools/bin/../lib/gcc/arm-none-eabi/10.3.1/thumb/v7e-m+fp/hard\libgcc.a
LOAD c:/st/stm32cubeide_1.9.0/stm32cubeide/plugins/com.st.stm32cube.ide.mcu.externaltools.gnu-tools-for-stm32.10.3-2021.10.win32_1.0.100.202210260954/tools/bin/../lib/gcc/arm-none-eabi/10.3.1/../../../../arm-none-eabi/lib/thumb/v7e-m+fp/hard\libc_nano.a
LOAD c:/st/stm32cubeide_1.9.0/stm32cubeide/plugins/com.st.stm32cube.ide.mcu.externaltools.gnu-tools-for-stm32.10.3-2021.10.win32_1.0.100.202210260954/tools/bin/../lib/gcc/arm-none-eabi/10.3.1/../../../../arm-none-eabi/lib/thumb/v7e-m+fp/hard\libnosys.a
END GROUP
START GROUP
LOAD c:/st/stm32cubeide_1.9.0/stm32cubeide/plugins/com.st.stm32cube.ide.mcu.externaltools.gnu-tools-for-stm32.10.3-2021.10.win32_1.0.100.202210260954/tools/bin/../lib/gcc/arm-none-eabi/10.3.1/thumb/v7e-m+fp/hard\libgcc.a
LOAD c:/st/stm32cubeide_1.9.0/stm32cubeide/plugins/com.st.stm32cube.ide.mcu.externaltools.gnu-tools-for-stm32.10.3-2021.10.win32_1.0.100.202210260954/tools/bin/../lib/gcc/arm-none-eabi/10.3.1/../../../../arm-none-eabi/lib/thumb/v7e-m+fp/hard\libc_nano.a
LOAD c:/st/stm32cubeide_1.9.0/stm32cubeide/plugins/com.st.stm32cube.ide.mcu.externaltools.gnu-tools-for-stm32.10.3-2021.10.win32_1.0.100.202210260954/tools/bin/../lib/gcc/arm-none-eabi/10.3.1/../../../../arm-none-eabi/lib/thumb/v7e-m+fp/hard\libnosys.a
END GROUP
LOAD c:/st/stm32cubeide_1.9.0/stm32cubeide/plugins/com.st.stm32cube.ide.mcu.externaltools.gnu-tools-for-stm32.10.3-2021.10.win32_1.0.100.202210260954/tools/bin/../lib/gcc/arm-none-eabi/10.3.1/thumb/v7e-m+fp/hard/crtend.o
LOAD c:/st/stm32cubeide_1.9.0/stm32cubeide/plugins/com.st.stm32cube.ide.mcu.externaltools.gnu-tools-for-stm32.10.3-2021.10.win32_1.0.100.202210260954/tools/bin/../lib/gcc/arm-none-eabi/10.3.1/thumb/v7e-m+fp/hard/crtn.o
                0x0000000020020000                _estack = (ORIGIN (RAM) + LENGTH (RAM))
                0x0000000000000200                _Min_Heap_Size = 0x200
                0x0000000000000400                _Min_Stack_Size = 0x400

.isr_vector     0x0000000008000000      0x188
                0x0000000008000000                . = ALIGN (0x4)
 *(.isr_vector)
 .isr_vector    0x0000000008000000      0x188 ./Core/Startup/startup_stm32f407vetx.o
                0x0000000008000000                g_pfnVectors
                0x0000000008000188                . = ALIGN (0x4)

.text           0x0000000008000190     0x9be8
                0x0000000008000190                . = ALIGN (0x4)
 *(.text)
 .text          0x0000000008000190       0x40 c:/st/stm32cubeide_1.9.0/stm32cubeide/plugins/com.st.stm32cube.ide.mcu.externaltools.gnu-tools-for-stm32.10.3-2021.10.win32_1.0.100.202210260954/tools/bin/../lib/gcc/arm-none-eabi/10.3.1/thumb/v7e-m+fp/hard/crtbegin.o
 .text          0x00000000080001d0       0x30 c:/st/stm32cubeide_1.9.0/stm32cubeide/plugins/com.st.stm32cube.ide.mcu.externaltools.gnu-tools-for-stm32.10.3-2021.10.win32_1.0.100.202210260954/tools/bin/../lib/gcc/arm-none-eabi/10.3.1/thumb/v7e-m+fp/hard\libgcc.a(_aeabi_uldivmod.o)
                0x00000000080001d0                __aeabi_uldivmod
 .text          0x0000000008000200      0x2d0 c:/st/stm32cubeide_1.9.0/stm32cubeide/plugins/com.st.stm32cube.ide.mcu.externaltools.gnu-tools-for-stm32.10.3-2021.10.win32_1.0.100.202210260954/tools/bin/../lib/gcc/arm-none-eabi/10.3.1/thumb/v7e-m+fp/hard\libgcc.a(_udivmoddi4.o)
                0x0000000008000200                __udivmoddi4
 .text          0x00000000080004d0        0x4 c:/st/stm32cubeide_1.9.0/stm32cubeide/plugins/com.st.stm32cube.ide.mcu.externaltools.gnu-tools-for-stm32.10.3-2021.10.win32_1.0.100.202210260954/tools/bin/../lib/gcc/arm-none-eabi/10.3.1/thumb/v7e-m+fp/hard\libgcc.a(_dvmd_tls.o)
                0x00000000080004d0                __aeabi_idiv0
                0x00000000080004d0                __aeabi_ldiv0
 *(.text*)
 .text.MX_CAN1_Init
                0x00000000080004d4       0xd0 ./Core/Src/can.o
                0x00000000080004d4                MX_CAN1_Init
 .text.HAL_CAN_MspInit
                0x00000000080005a4       0x90 ./Core/Src/can.o
                0x00000000080005a4                HAL_CAN_MspInit
 .text.MX_DMA_Init
                0x0000000008000634       0x7c ./Core/Src/dma.o
                0x0000000008000634                MX_DMA_Init
 .text.MX_FREERTOS_Init
                0x00000000080006b0       0xe8 ./Core/Src/freertos.o
                0x00000000080006b0                MX_FREERTOS_Init
 .text.StartDefaultTask
                0x0000000008000798       0x12 ./Core/Src/freertos.o
                0x0000000008000798                StartDefaultTask
 *fill*         0x00000000080007aa        0x2 
 .text.MX_GPIO_Init
                0x00000000080007ac      0x228 ./Core/Src/gpio.o
                0x00000000080007ac                MX_GPIO_Init
 .text.MX_IWDG_Init
                0x00000000080009d4       0x34 ./Core/Src/iwdg.o
                0x00000000080009d4                MX_IWDG_Init
 .text.main     0x0000000008000a08       0x3e ./Core/Src/main.o
                0x0000000008000a08                main
 *fill*         0x0000000008000a46        0x2 
 .text.SystemClock_Config
                0x0000000008000a48       0xd8 ./Core/Src/main.o
                0x0000000008000a48                SystemClock_Config
 .text.HAL_TIM_PeriodElapsedCallback
                0x0000000008000b20       0x24 ./Core/Src/main.o
                0x0000000008000b20                HAL_TIM_PeriodElapsedCallback
 .text.Error_Handler
                0x0000000008000b44        0xa ./Core/Src/main.o
                0x0000000008000b44                Error_Handler
 *fill*         0x0000000008000b4e        0x2 
 .text.HAL_MspInit
                0x0000000008000b50       0x58 ./Core/Src/stm32f4xx_hal_msp.o
                0x0000000008000b50                HAL_MspInit
 .text.HAL_InitTick
                0x0000000008000ba8       0xf8 ./Core/Src/stm32f4xx_hal_timebase_tim.o
                0x0000000008000ba8                HAL_InitTick
 .text.NMI_Handler
                0x0000000008000ca0        0x6 ./Core/Src/stm32f4xx_it.o
                0x0000000008000ca0                NMI_Handler
 .text.HardFault_Handler
                0x0000000008000ca6        0x6 ./Core/Src/stm32f4xx_it.o
                0x0000000008000ca6                HardFault_Handler
 .text.MemManage_Handler
                0x0000000008000cac        0x6 ./Core/Src/stm32f4xx_it.o
                0x0000000008000cac                MemManage_Handler
 .text.BusFault_Handler
                0x0000000008000cb2        0x6 ./Core/Src/stm32f4xx_it.o
                0x0000000008000cb2                BusFault_Handler
 .text.UsageFault_Handler
                0x0000000008000cb8        0x6 ./Core/Src/stm32f4xx_it.o
                0x0000000008000cb8                UsageFault_Handler
 .text.DebugMon_Handler
                0x0000000008000cbe        0xe ./Core/Src/stm32f4xx_it.o
                0x0000000008000cbe                DebugMon_Handler
 .text.DMA1_Stream1_IRQHandler
                0x0000000008000ccc       0x14 ./Core/Src/stm32f4xx_it.o
                0x0000000008000ccc                DMA1_Stream1_IRQHandler
 .text.DMA1_Stream5_IRQHandler
                0x0000000008000ce0       0x14 ./Core/Src/stm32f4xx_it.o
                0x0000000008000ce0                DMA1_Stream5_IRQHandler
 .text.USART1_IRQHandler
                0x0000000008000cf4       0x14 ./Core/Src/stm32f4xx_it.o
                0x0000000008000cf4                USART1_IRQHandler
 .text.USART2_IRQHandler
                0x0000000008000d08       0x14 ./Core/Src/stm32f4xx_it.o
                0x0000000008000d08                USART2_IRQHandler
 .text.USART3_IRQHandler
                0x0000000008000d1c       0x14 ./Core/Src/stm32f4xx_it.o
                0x0000000008000d1c                USART3_IRQHandler
 .text.TIM6_DAC_IRQHandler
                0x0000000008000d30       0x14 ./Core/Src/stm32f4xx_it.o
                0x0000000008000d30                TIM6_DAC_IRQHandler
 .text.DMA2_Stream2_IRQHandler
                0x0000000008000d44       0x14 ./Core/Src/stm32f4xx_it.o
                0x0000000008000d44                DMA2_Stream2_IRQHandler
 .text.SystemInit
                0x0000000008000d58       0x24 ./Core/Src/system_stm32f4xx.o
                0x0000000008000d58                SystemInit
 .text.MX_TIM3_Init
                0x0000000008000d7c      0x130 ./Core/Src/tim.o
                0x0000000008000d7c                MX_TIM3_Init
 .text.MX_TIM4_Init
                0x0000000008000eac       0xa8 ./Core/Src/tim.o
                0x0000000008000eac                MX_TIM4_Init
 .text.HAL_TIM_Base_MspInit
                0x0000000008000f54       0x44 ./Core/Src/tim.o
                0x0000000008000f54                HAL_TIM_Base_MspInit
 .text.HAL_TIM_Encoder_MspInit
                0x0000000008000f98       0x90 ./Core/Src/tim.o
                0x0000000008000f98                HAL_TIM_Encoder_MspInit
 .text.HAL_TIM_MspPostInit
                0x0000000008001028       0x74 ./Core/Src/tim.o
                0x0000000008001028                HAL_TIM_MspPostInit
 .text.MX_USART1_UART_Init
                0x000000000800109c       0x54 ./Core/Src/usart.o
                0x000000000800109c                MX_USART1_UART_Init
 .text.MX_USART2_UART_Init
                0x00000000080010f0       0x54 ./Core/Src/usart.o
                0x00000000080010f0                MX_USART2_UART_Init
 .text.MX_USART3_UART_Init
                0x0000000008001144       0x54 ./Core/Src/usart.o
                0x0000000008001144                MX_USART3_UART_Init
 .text.HAL_UART_MspInit
                0x0000000008001198      0x2c4 ./Core/Src/usart.o
                0x0000000008001198                HAL_UART_MspInit
 .text.Reset_Handler
                0x000000000800145c       0x50 ./Core/Startup/startup_stm32f407vetx.o
                0x000000000800145c                Reset_Handler
 .text.Default_Handler
                0x00000000080014ac        0x2 ./Core/Startup/startup_stm32f407vetx.o
                0x00000000080014ac                RTC_Alarm_IRQHandler
                0x00000000080014ac                HASH_RNG_IRQHandler
                0x00000000080014ac                EXTI2_IRQHandler
                0x00000000080014ac                TIM8_CC_IRQHandler
                0x00000000080014ac                TIM1_CC_IRQHandler
                0x00000000080014ac                DMA2_Stream5_IRQHandler
                0x00000000080014ac                PVD_IRQHandler
                0x00000000080014ac                SDIO_IRQHandler
                0x00000000080014ac                TAMP_STAMP_IRQHandler
                0x00000000080014ac                CAN2_RX1_IRQHandler
                0x00000000080014ac                EXTI3_IRQHandler
                0x00000000080014ac                TIM8_TRG_COM_TIM14_IRQHandler
                0x00000000080014ac                TIM1_UP_TIM10_IRQHandler
                0x00000000080014ac                TIM8_UP_TIM13_IRQHandler
                0x00000000080014ac                I2C3_ER_IRQHandler
                0x00000000080014ac                EXTI0_IRQHandler
                0x00000000080014ac                I2C2_EV_IRQHandler
                0x00000000080014ac                DMA1_Stream2_IRQHandler
                0x00000000080014ac                CAN1_RX0_IRQHandler
                0x00000000080014ac                FPU_IRQHandler
                0x00000000080014ac                OTG_HS_WKUP_IRQHandler
                0x00000000080014ac                CAN2_SCE_IRQHandler
                0x00000000080014ac                SPI1_IRQHandler
                0x00000000080014ac                TIM1_BRK_TIM9_IRQHandler
                0x00000000080014ac                DCMI_IRQHandler
                0x00000000080014ac                CAN2_RX0_IRQHandler
                0x00000000080014ac                DMA2_Stream3_IRQHandler
                0x00000000080014ac                USART6_IRQHandler
                0x00000000080014ac                CAN1_RX1_IRQHandler
                0x00000000080014ac                UART5_IRQHandler
                0x00000000080014ac                DMA2_Stream0_IRQHandler
                0x00000000080014ac                TIM4_IRQHandler
                0x00000000080014ac                I2C1_EV_IRQHandler
                0x00000000080014ac                DMA1_Stream6_IRQHandler
                0x00000000080014ac                UART4_IRQHandler
                0x00000000080014ac                TIM3_IRQHandler
                0x00000000080014ac                RCC_IRQHandler
                0x00000000080014ac                TIM8_BRK_TIM12_IRQHandler
                0x00000000080014ac                Default_Handler
                0x00000000080014ac                EXTI15_10_IRQHandler
                0x00000000080014ac                ADC_IRQHandler
                0x00000000080014ac                DMA1_Stream7_IRQHandler
                0x00000000080014ac                TIM7_IRQHandler
                0x00000000080014ac                CAN2_TX_IRQHandler
                0x00000000080014ac                TIM5_IRQHandler
                0x00000000080014ac                DMA2_Stream7_IRQHandler
                0x00000000080014ac                I2C3_EV_IRQHandler
                0x00000000080014ac                EXTI9_5_IRQHandler
                0x00000000080014ac                RTC_WKUP_IRQHandler
                0x00000000080014ac                ETH_WKUP_IRQHandler
                0x00000000080014ac                SPI2_IRQHandler
                0x00000000080014ac                OTG_HS_EP1_IN_IRQHandler
                0x00000000080014ac                DMA1_Stream0_IRQHandler
                0x00000000080014ac                CAN1_TX_IRQHandler
                0x00000000080014ac                EXTI4_IRQHandler
                0x00000000080014ac                FSMC_IRQHandler
                0x00000000080014ac                ETH_IRQHandler
                0x00000000080014ac                OTG_HS_EP1_OUT_IRQHandler
                0x00000000080014ac                WWDG_IRQHandler
                0x00000000080014ac                TIM2_IRQHandler
                0x00000000080014ac                OTG_FS_WKUP_IRQHandler
                0x00000000080014ac                TIM1_TRG_COM_TIM11_IRQHandler
                0x00000000080014ac                OTG_HS_IRQHandler
                0x00000000080014ac                EXTI1_IRQHandler
                0x00000000080014ac                I2C2_ER_IRQHandler
                0x00000000080014ac                DMA2_Stream1_IRQHandler
                0x00000000080014ac                CAN1_SCE_IRQHandler
                0x00000000080014ac                FLASH_IRQHandler
                0x00000000080014ac                DMA2_Stream4_IRQHandler
                0x00000000080014ac                OTG_FS_IRQHandler
                0x00000000080014ac                SPI3_IRQHandler
                0x00000000080014ac                DMA1_Stream4_IRQHandler
                0x00000000080014ac                I2C1_ER_IRQHandler
                0x00000000080014ac                DMA2_Stream6_IRQHandler
                0x00000000080014ac                DMA1_Stream3_IRQHandler
 .text._ZN16KeyaLKTechDriverC2Emmm
                0x00000000080014ae       0x54 ./Core/cpp/Src/KeyaLKTechDriver.o
                0x00000000080014ae                KeyaLKTechDriver::KeyaLKTechDriver(unsigned long, unsigned long, unsigned long)
                0x00000000080014ae                KeyaLKTechDriver::KeyaLKTechDriver(unsigned long, unsigned long, unsigned long)
 .text._ZN16KeyaLKTechDriverC2Em
                0x0000000008001502       0x20 ./Core/cpp/Src/KeyaLKTechDriver.o
                0x0000000008001502                KeyaLKTechDriver::KeyaLKTechDriver(unsigned long)
                0x0000000008001502                KeyaLKTechDriver::KeyaLKTechDriver(unsigned long)
 .text._ZN16KeyaLKTechDriver8setSpeedEl
                0x0000000008001522       0xa4 ./Core/cpp/Src/KeyaLKTechDriver.o
                0x0000000008001522                KeyaLKTechDriver::setSpeed(long)
 .text._ZN16KeyaLKTechDriver4stopEv
                0x00000000080015c6       0x86 ./Core/cpp/Src/KeyaLKTechDriver.o
                0x00000000080015c6                KeyaLKTechDriver::stop()
 .text._ZN16KeyaLKTechDriver6enableEv
                0x000000000800164c       0x86 ./Core/cpp/Src/KeyaLKTechDriver.o
                0x000000000800164c                KeyaLKTechDriver::enable()
 .text._ZN16KeyaLKTechDriver7disableEv
                0x00000000080016d2       0x86 ./Core/cpp/Src/KeyaLKTechDriver.o
                0x00000000080016d2                KeyaLKTechDriver::disable()
 .text._ZN16KeyaLKTechDriver8sendDataEv
                0x0000000008001758       0x20 ./Core/cpp/Src/KeyaLKTechDriver.o
                0x0000000008001758                KeyaLKTechDriver::sendData()
 .text._ZN5ServoC2EP17TIM_HandleTypeDefm
                0x0000000008001778       0x26 ./Core/cpp/Src/Servo.o
                0x0000000008001778                Servo::Servo(TIM_HandleTypeDef*, unsigned long)
                0x0000000008001778                Servo::Servo(TIM_HandleTypeDef*, unsigned long)
 *fill*         0x000000000800179e        0x2 
 .text._ZN5Servo8setAngleEl
                0x00000000080017a0       0x84 ./Core/cpp/Src/Servo.o
                0x00000000080017a0                Servo::setAngle(long)
 .text._ZN5Servo3mapEiiiii
                0x0000000008001824       0x38 ./Core/cpp/Src/Servo.o
                0x0000000008001824                Servo::map(int, int, int, int, int)
 .text.__NVIC_EnableIRQ
                0x000000000800185c       0x3c ./Core/cpp/Src/canbus.o
 .text.__NVIC_DisableIRQ
                0x0000000008001898       0x48 ./Core/cpp/Src/canbus.o
 .text.StartCanTask
                0x00000000080018e0       0x68 ./Core/cpp/Src/canbus.o
                0x00000000080018e0                StartCanTask
 .text.CanMsgRead
                0x0000000008001948       0x1e ./Core/cpp/Src/canbus.o
                0x0000000008001948                CanMsgRead
 *fill*         0x0000000008001966        0x2 
 .text.CanMsgSend
                0x0000000008001968       0x64 ./Core/cpp/Src/canbus.o
                0x0000000008001968                CanMsgSend
 .text.StartCanDriversTask
                0x00000000080019cc      0x140 ./Core/cpp/Src/drivers_control.o
                0x00000000080019cc                StartCanDriversTask
 .text.flashWriteData
                0x0000000008001b0c       0xd0 ./Core/cpp/Src/flash_data.o
                0x0000000008001b0c                flashWriteData
 .text.flashReadData
                0x0000000008001bdc       0x48 ./Core/cpp/Src/flash_data.o
                0x0000000008001bdc                flashReadData
 .text.StartInputsTask
                0x0000000008001c24      0x19c ./Core/cpp/Src/inputs.o
                0x0000000008001c24                StartInputsTask
 .text.StartMissionsTask
                0x0000000008001dc0        0xa ./Core/cpp/Src/mission.o
                0x0000000008001dc0                StartMissionsTask
 *fill*         0x0000000008001dca        0x2 
 .text.StartOutputsTask
                0x0000000008001dcc       0x30 ./Core/cpp/Src/outputs.o
                0x0000000008001dcc                StartOutputsTask
 .text.SetOutputs
                0x0000000008001dfc        0xe ./Core/cpp/Src/outputs.o
                0x0000000008001dfc                SetOutputs
 *fill*         0x0000000008001e0a        0x2 
 .text.LedBlink
                0x0000000008001e0c       0x88 ./Core/cpp/Src/outputs.o
                0x0000000008001e0c                LedBlink
 .text.StartServoTask
                0x0000000008001e94       0x10 ./Core/cpp/Src/servo_control.o
                0x0000000008001e94                StartServoTask
 .text.StartUartWiFiTask
                0x0000000008001ea4      0x1b8 ./Core/cpp/Src/uart_wifi.o
                0x0000000008001ea4                StartUartWiFiTask
 .text.SendStatus
                0x000000000800205c       0x80 ./Core/cpp/Src/uart_wifi.o
                0x000000000800205c                SendStatus
 .text.SetManual
                0x00000000080020dc        0xe ./Core/cpp/Src/uart_wifi.o
                0x00000000080020dc                SetManual
 *fill*         0x00000000080020ea        0x2 
 .text.SetJob   0x00000000080020ec       0x5c ./Core/cpp/Src/uart_wifi.o
                0x00000000080020ec                SetJob
 .text.GetSTMConfig
                0x0000000008002148       0x68 ./Core/cpp/Src/uart_wifi.o
                0x0000000008002148                GetSTMConfig
 .text.calculateCS
                0x00000000080021b0       0x3e ./Core/cpp/Src/uart_wifi.o
                0x00000000080021b0                calculateCS
 *fill*         0x00000000080021ee        0x2 
 .text.ConfigInit
                0x00000000080021f0       0x94 ./Core/cpp/Src/uart_wifi.o
                0x00000000080021f0                ConfigInit
 .text.ConfigUpdate
                0x0000000008002284      0x250 ./Core/cpp/Src/uart_wifi.o
                0x0000000008002284                ConfigUpdate
 .text.HAL_UART_ErrorCallback
                0x00000000080024d4      0x128 ./Core/cpp/Src/uart_wifi.o
                0x00000000080024d4                HAL_UART_ErrorCallback
 .text.HAL_UARTEx_RxEventCallback
                0x00000000080025fc       0x54 ./Core/cpp/Src/uart_wifi.o
                0x00000000080025fc                HAL_UARTEx_RxEventCallback
 .text.HAL_Init
                0x0000000008002650       0x44 ./Drivers/STM32F4xx_HAL_Driver/Src/stm32f4xx_hal.o
                0x0000000008002650                HAL_Init
 .text.HAL_IncTick
                0x0000000008002694       0x28 ./Drivers/STM32F4xx_HAL_Driver/Src/stm32f4xx_hal.o
                0x0000000008002694                HAL_IncTick
 .text.HAL_GetTick
                0x00000000080026bc       0x18 ./Drivers/STM32F4xx_HAL_Driver/Src/stm32f4xx_hal.o
                0x00000000080026bc                HAL_GetTick
 .text.HAL_CAN_Init
                0x00000000080026d4      0x1f6 ./Drivers/STM32F4xx_HAL_Driver/Src/stm32f4xx_hal_can.o
                0x00000000080026d4                HAL_CAN_Init
 *fill*         0x00000000080028ca        0x2 
 .text.HAL_CAN_ConfigFilter
                0x00000000080028cc      0x1c0 ./Drivers/STM32F4xx_HAL_Driver/Src/stm32f4xx_hal_can.o
                0x00000000080028cc                HAL_CAN_ConfigFilter
 .text.HAL_CAN_Start
                0x0000000008002a8c       0x88 ./Drivers/STM32F4xx_HAL_Driver/Src/stm32f4xx_hal_can.o
                0x0000000008002a8c                HAL_CAN_Start
 .text.HAL_CAN_AddTxMessage
                0x0000000008002b14      0x1b6 ./Drivers/STM32F4xx_HAL_Driver/Src/stm32f4xx_hal_can.o
                0x0000000008002b14                HAL_CAN_AddTxMessage
 .text.HAL_CAN_GetTxMailboxesFreeLevel
                0x0000000008002cca       0x6a ./Drivers/STM32F4xx_HAL_Driver/Src/stm32f4xx_hal_can.o
                0x0000000008002cca                HAL_CAN_GetTxMailboxesFreeLevel
 .text.HAL_CAN_ActivateNotification
                0x0000000008002d34       0x4c ./Drivers/STM32F4xx_HAL_Driver/Src/stm32f4xx_hal_can.o
                0x0000000008002d34                HAL_CAN_ActivateNotification
 .text.__NVIC_SetPriorityGrouping
                0x0000000008002d80       0x48 ./Drivers/STM32F4xx_HAL_Driver/Src/stm32f4xx_hal_cortex.o
 .text.__NVIC_GetPriorityGrouping
                0x0000000008002dc8       0x1c ./Drivers/STM32F4xx_HAL_Driver/Src/stm32f4xx_hal_cortex.o
 .text.__NVIC_EnableIRQ
                0x0000000008002de4       0x3c ./Drivers/STM32F4xx_HAL_Driver/Src/stm32f4xx_hal_cortex.o
 .text.__NVIC_SetPriority
                0x0000000008002e20       0x54 ./Drivers/STM32F4xx_HAL_Driver/Src/stm32f4xx_hal_cortex.o
 .text.NVIC_EncodePriority
                0x0000000008002e74       0x66 ./Drivers/STM32F4xx_HAL_Driver/Src/stm32f4xx_hal_cortex.o
 .text.HAL_NVIC_SetPriorityGrouping
                0x0000000008002eda       0x16 ./Drivers/STM32F4xx_HAL_Driver/Src/stm32f4xx_hal_cortex.o
                0x0000000008002eda                HAL_NVIC_SetPriorityGrouping
 .text.HAL_NVIC_SetPriority
                0x0000000008002ef0       0x38 ./Drivers/STM32F4xx_HAL_Driver/Src/stm32f4xx_hal_cortex.o
                0x0000000008002ef0                HAL_NVIC_SetPriority
 .text.HAL_NVIC_EnableIRQ
                0x0000000008002f28       0x1c ./Drivers/STM32F4xx_HAL_Driver/Src/stm32f4xx_hal_cortex.o
                0x0000000008002f28                HAL_NVIC_EnableIRQ
 .text.HAL_DMA_Init
                0x0000000008002f44      0x15c ./Drivers/STM32F4xx_HAL_Driver/Src/stm32f4xx_hal_dma.o
                0x0000000008002f44                HAL_DMA_Init
 .text.HAL_DMA_Start_IT
                0x00000000080030a0       0xb0 ./Drivers/STM32F4xx_HAL_Driver/Src/stm32f4xx_hal_dma.o
                0x00000000080030a0                HAL_DMA_Start_IT
 .text.HAL_DMA_Abort
                0x0000000008003150       0xe0 ./Drivers/STM32F4xx_HAL_Driver/Src/stm32f4xx_hal_dma.o
                0x0000000008003150                HAL_DMA_Abort
 .text.HAL_DMA_Abort_IT
                0x0000000008003230       0x44 ./Drivers/STM32F4xx_HAL_Driver/Src/stm32f4xx_hal_dma.o
                0x0000000008003230                HAL_DMA_Abort_IT
 .text.HAL_DMA_IRQHandler
                0x0000000008003274      0x314 ./Drivers/STM32F4xx_HAL_Driver/Src/stm32f4xx_hal_dma.o
                0x0000000008003274                HAL_DMA_IRQHandler
 .text.DMA_SetConfig
                0x0000000008003588       0x5c ./Drivers/STM32F4xx_HAL_Driver/Src/stm32f4xx_hal_dma.o
 .text.DMA_CalcBaseAndBitshift
                0x00000000080035e4       0x6c ./Drivers/STM32F4xx_HAL_Driver/Src/stm32f4xx_hal_dma.o
 .text.DMA_CheckFifoParam
                0x0000000008003650       0xf8 ./Drivers/STM32F4xx_HAL_Driver/Src/stm32f4xx_hal_dma.o
 .text.HAL_FLASH_Program
                0x0000000008003748       0xa8 ./Drivers/STM32F4xx_HAL_Driver/Src/stm32f4xx_hal_flash.o
                0x0000000008003748                HAL_FLASH_Program
 .text.HAL_FLASH_Unlock
                0x00000000080037f0       0x44 ./Drivers/STM32F4xx_HAL_Driver/Src/stm32f4xx_hal_flash.o
                0x00000000080037f0                HAL_FLASH_Unlock
 .text.HAL_FLASH_Lock
                0x0000000008003834       0x20 ./Drivers/STM32F4xx_HAL_Driver/Src/stm32f4xx_hal_flash.o
                0x0000000008003834                HAL_FLASH_Lock
 .text.HAL_FLASH_GetError
                0x0000000008003854       0x18 ./Drivers/STM32F4xx_HAL_Driver/Src/stm32f4xx_hal_flash.o
                0x0000000008003854                HAL_FLASH_GetError
 .text.FLASH_WaitForLastOperation
                0x000000000800386c       0x80 ./Drivers/STM32F4xx_HAL_Driver/Src/stm32f4xx_hal_flash.o
                0x000000000800386c                FLASH_WaitForLastOperation
 .text.FLASH_Program_DoubleWord
                0x00000000080038ec       0x64 ./Drivers/STM32F4xx_HAL_Driver/Src/stm32f4xx_hal_flash.o
 .text.FLASH_Program_Word
                0x0000000008003950       0x44 ./Drivers/STM32F4xx_HAL_Driver/Src/stm32f4xx_hal_flash.o
 .text.FLASH_Program_HalfWord
                0x0000000008003994       0x48 ./Drivers/STM32F4xx_HAL_Driver/Src/stm32f4xx_hal_flash.o
 .text.FLASH_Program_Byte
                0x00000000080039dc       0x44 ./Drivers/STM32F4xx_HAL_Driver/Src/stm32f4xx_hal_flash.o
 .text.FLASH_SetErrorCode
                0x0000000008003a20       0xac ./Drivers/STM32F4xx_HAL_Driver/Src/stm32f4xx_hal_flash.o
 .text.HAL_FLASHEx_Erase
                0x0000000008003acc       0xe0 ./Drivers/STM32F4xx_HAL_Driver/Src/stm32f4xx_hal_flash_ex.o
                0x0000000008003acc                HAL_FLASHEx_Erase
 .text.FLASH_MassErase
                0x0000000008003bac       0x48 ./Drivers/STM32F4xx_HAL_Driver/Src/stm32f4xx_hal_flash_ex.o
 .text.FLASH_Erase_Sector
                0x0000000008003bf4       0x90 ./Drivers/STM32F4xx_HAL_Driver/Src/stm32f4xx_hal_flash_ex.o
                0x0000000008003bf4                FLASH_Erase_Sector
 .text.FLASH_FlushCaches
                0x0000000008003c84       0x8c ./Drivers/STM32F4xx_HAL_Driver/Src/stm32f4xx_hal_flash_ex.o
                0x0000000008003c84                FLASH_FlushCaches
 .text.HAL_GPIO_Init
                0x0000000008003d10      0x338 ./Drivers/STM32F4xx_HAL_Driver/Src/stm32f4xx_hal_gpio.o
                0x0000000008003d10                HAL_GPIO_Init
 .text.HAL_GPIO_WritePin
                0x0000000008004048       0x32 ./Drivers/STM32F4xx_HAL_Driver/Src/stm32f4xx_hal_gpio.o
                0x0000000008004048                HAL_GPIO_WritePin
 .text.HAL_IWDG_Init
                0x000000000800407a       0x84 ./Drivers/STM32F4xx_HAL_Driver/Src/stm32f4xx_hal_iwdg.o
                0x000000000800407a                HAL_IWDG_Init
 .text.HAL_IWDG_Refresh
                0x00000000080040fe       0x20 ./Drivers/STM32F4xx_HAL_Driver/Src/stm32f4xx_hal_iwdg.o
                0x00000000080040fe                HAL_IWDG_Refresh
 *fill*         0x000000000800411e        0x2 
 .text.HAL_RCC_OscConfig
                0x0000000008004120      0x4f0 ./Drivers/STM32F4xx_HAL_Driver/Src/stm32f4xx_hal_rcc.o
                0x0000000008004120                HAL_RCC_OscConfig
 .text.HAL_RCC_ClockConfig
                0x0000000008004610      0x1cc ./Drivers/STM32F4xx_HAL_Driver/Src/stm32f4xx_hal_rcc.o
                0x0000000008004610                HAL_RCC_ClockConfig
 .text.HAL_RCC_GetSysClockFreq
                0x00000000080047dc      0x20c ./Drivers/STM32F4xx_HAL_Driver/Src/stm32f4xx_hal_rcc.o
                0x00000000080047dc                HAL_RCC_GetSysClockFreq
 .text.HAL_RCC_GetHCLKFreq
                0x00000000080049e8       0x18 ./Drivers/STM32F4xx_HAL_Driver/Src/stm32f4xx_hal_rcc.o
                0x00000000080049e8                HAL_RCC_GetHCLKFreq
 .text.HAL_RCC_GetPCLK1Freq
                0x0000000008004a00       0x28 ./Drivers/STM32F4xx_HAL_Driver/Src/stm32f4xx_hal_rcc.o
                0x0000000008004a00                HAL_RCC_GetPCLK1Freq
 .text.HAL_RCC_GetPCLK2Freq
                0x0000000008004a28       0x28 ./Drivers/STM32F4xx_HAL_Driver/Src/stm32f4xx_hal_rcc.o
                0x0000000008004a28                HAL_RCC_GetPCLK2Freq
 .text.HAL_RCC_GetClockConfig
                0x0000000008004a50       0x64 ./Drivers/STM32F4xx_HAL_Driver/Src/stm32f4xx_hal_rcc.o
                0x0000000008004a50                HAL_RCC_GetClockConfig
 .text.HAL_TIM_Base_Init
                0x0000000008004ab4       0x9e ./Drivers/STM32F4xx_HAL_Driver/Src/stm32f4xx_hal_tim.o
                0x0000000008004ab4                HAL_TIM_Base_Init
 *fill*         0x0000000008004b52        0x2 
 .text.HAL_TIM_Base_Start_IT
                0x0000000008004b54       0xe0 ./Drivers/STM32F4xx_HAL_Driver/Src/stm32f4xx_hal_tim.o
                0x0000000008004b54                HAL_TIM_Base_Start_IT
 .text.HAL_TIM_PWM_Init
                0x0000000008004c34       0x9e ./Drivers/STM32F4xx_HAL_Driver/Src/stm32f4xx_hal_tim.o
                0x0000000008004c34                HAL_TIM_PWM_Init
 .text.HAL_TIM_PWM_MspInit
                0x0000000008004cd2       0x14 ./Drivers/STM32F4xx_HAL_Driver/Src/stm32f4xx_hal_tim.o
                0x0000000008004cd2                HAL_TIM_PWM_MspInit
 *fill*         0x0000000008004ce6        0x2 
 .text.HAL_TIM_PWM_Start
                0x0000000008004ce8      0x190 ./Drivers/STM32F4xx_HAL_Driver/Src/stm32f4xx_hal_tim.o
                0x0000000008004ce8                HAL_TIM_PWM_Start
 .text.HAL_TIM_PWM_Stop
                0x0000000008004e78       0xe0 ./Drivers/STM32F4xx_HAL_Driver/Src/stm32f4xx_hal_tim.o
                0x0000000008004e78                HAL_TIM_PWM_Stop
 .text.HAL_TIM_Encoder_Init
                0x0000000008004f58      0x14c ./Drivers/STM32F4xx_HAL_Driver/Src/stm32f4xx_hal_tim.o
                0x0000000008004f58                HAL_TIM_Encoder_Init
 .text.HAL_TIM_IRQHandler
                0x00000000080050a4      0x210 ./Drivers/STM32F4xx_HAL_Driver/Src/stm32f4xx_hal_tim.o
                0x00000000080050a4                HAL_TIM_IRQHandler
 .text.HAL_TIM_PWM_ConfigChannel
                0x00000000080052b4      0x184 ./Drivers/STM32F4xx_HAL_Driver/Src/stm32f4xx_hal_tim.o
                0x00000000080052b4                HAL_TIM_PWM_ConfigChannel
 .text.HAL_TIM_ConfigClockSource
                0x0000000008005438      0x18e ./Drivers/STM32F4xx_HAL_Driver/Src/stm32f4xx_hal_tim.o
                0x0000000008005438                HAL_TIM_ConfigClockSource
 .text.HAL_TIM_OC_DelayElapsedCallback
                0x00000000080055c6       0x14 ./Drivers/STM32F4xx_HAL_Driver/Src/stm32f4xx_hal_tim.o
                0x00000000080055c6                HAL_TIM_OC_DelayElapsedCallback
 .text.HAL_TIM_IC_CaptureCallback
                0x00000000080055da       0x14 ./Drivers/STM32F4xx_HAL_Driver/Src/stm32f4xx_hal_tim.o
                0x00000000080055da                HAL_TIM_IC_CaptureCallback
 .text.HAL_TIM_PWM_PulseFinishedCallback
                0x00000000080055ee       0x14 ./Drivers/STM32F4xx_HAL_Driver/Src/stm32f4xx_hal_tim.o
                0x00000000080055ee                HAL_TIM_PWM_PulseFinishedCallback
 .text.HAL_TIM_TriggerCallback
                0x0000000008005602       0x14 ./Drivers/STM32F4xx_HAL_Driver/Src/stm32f4xx_hal_tim.o
                0x0000000008005602                HAL_TIM_TriggerCallback
 *fill*         0x0000000008005616        0x2 
 .text.TIM_Base_SetConfig
                0x0000000008005618      0x140 ./Drivers/STM32F4xx_HAL_Driver/Src/stm32f4xx_hal_tim.o
                0x0000000008005618                TIM_Base_SetConfig
 .text.TIM_OC1_SetConfig
                0x0000000008005758       0xe0 ./Drivers/STM32F4xx_HAL_Driver/Src/stm32f4xx_hal_tim.o
 .text.TIM_OC2_SetConfig
                0x0000000008005838       0xec ./Drivers/STM32F4xx_HAL_Driver/Src/stm32f4xx_hal_tim.o
                0x0000000008005838                TIM_OC2_SetConfig
 .text.TIM_OC3_SetConfig
                0x0000000008005924       0xe8 ./Drivers/STM32F4xx_HAL_Driver/Src/stm32f4xx_hal_tim.o
 .text.TIM_OC4_SetConfig
                0x0000000008005a0c       0xac ./Drivers/STM32F4xx_HAL_Driver/Src/stm32f4xx_hal_tim.o
 .text.TIM_TI1_ConfigInputStage
                0x0000000008005ab8       0x5e ./Drivers/STM32F4xx_HAL_Driver/Src/stm32f4xx_hal_tim.o
 .text.TIM_TI2_ConfigInputStage
                0x0000000008005b16       0x60 ./Drivers/STM32F4xx_HAL_Driver/Src/stm32f4xx_hal_tim.o
 .text.TIM_ITRx_SetConfig
                0x0000000008005b76       0x36 ./Drivers/STM32F4xx_HAL_Driver/Src/stm32f4xx_hal_tim.o
 .text.TIM_ETR_SetConfig
                0x0000000008005bac       0x40 ./Drivers/STM32F4xx_HAL_Driver/Src/stm32f4xx_hal_tim.o
                0x0000000008005bac                TIM_ETR_SetConfig
 .text.TIM_CCxChannelCmd
                0x0000000008005bec       0x4a ./Drivers/STM32F4xx_HAL_Driver/Src/stm32f4xx_hal_tim.o
                0x0000000008005bec                TIM_CCxChannelCmd
 *fill*         0x0000000008005c36        0x2 
 .text.HAL_TIMEx_MasterConfigSynchronization
                0x0000000008005c38       0xf8 ./Drivers/STM32F4xx_HAL_Driver/Src/stm32f4xx_hal_tim_ex.o
                0x0000000008005c38                HAL_TIMEx_MasterConfigSynchronization
 .text.HAL_TIMEx_CommutCallback
                0x0000000008005d30       0x14 ./Drivers/STM32F4xx_HAL_Driver/Src/stm32f4xx_hal_tim_ex.o
                0x0000000008005d30                HAL_TIMEx_CommutCallback
 .text.HAL_TIMEx_BreakCallback
                0x0000000008005d44       0x14 ./Drivers/STM32F4xx_HAL_Driver/Src/stm32f4xx_hal_tim_ex.o
                0x0000000008005d44                HAL_TIMEx_BreakCallback
 .text.HAL_UART_Init
                0x0000000008005d58       0x9a ./Drivers/STM32F4xx_HAL_Driver/Src/stm32f4xx_hal_uart.o
                0x0000000008005d58                HAL_UART_Init
 .text.HAL_UART_Transmit
                0x0000000008005df2      0x124 ./Drivers/STM32F4xx_HAL_Driver/Src/stm32f4xx_hal_uart.o
                0x0000000008005df2                HAL_UART_Transmit
 .text.HAL_UARTEx_ReceiveToIdle_DMA
                0x0000000008005f16       0xca ./Drivers/STM32F4xx_HAL_Driver/Src/stm32f4xx_hal_uart.o
                0x0000000008005f16                HAL_UARTEx_ReceiveToIdle_DMA
 .text.HAL_UART_IRQHandler
                0x0000000008005fe0      0x51c ./Drivers/STM32F4xx_HAL_Driver/Src/stm32f4xx_hal_uart.o
                0x0000000008005fe0                HAL_UART_IRQHandler
 .text.HAL_UART_TxCpltCallback
                0x00000000080064fc       0x14 ./Drivers/STM32F4xx_HAL_Driver/Src/stm32f4xx_hal_uart.o
                0x00000000080064fc                HAL_UART_TxCpltCallback
 .text.HAL_UART_RxCpltCallback
                0x0000000008006510       0x14 ./Drivers/STM32F4xx_HAL_Driver/Src/stm32f4xx_hal_uart.o
                0x0000000008006510                HAL_UART_RxCpltCallback
 .text.HAL_UART_RxHalfCpltCallback
                0x0000000008006524       0x14 ./Drivers/STM32F4xx_HAL_Driver/Src/stm32f4xx_hal_uart.o
                0x0000000008006524                HAL_UART_RxHalfCpltCallback
 .text.HAL_UART_GetError
                0x0000000008006538       0x18 ./Drivers/STM32F4xx_HAL_Driver/Src/stm32f4xx_hal_uart.o
                0x0000000008006538                HAL_UART_GetError
 .text.UART_DMAReceiveCplt
                0x0000000008006550      0x126 ./Drivers/STM32F4xx_HAL_Driver/Src/stm32f4xx_hal_uart.o
 .text.UART_DMARxHalfCplt
                0x0000000008006676       0x36 ./Drivers/STM32F4xx_HAL_Driver/Src/stm32f4xx_hal_uart.o
 .text.UART_DMAError
                0x00000000080066ac       0x94 ./Drivers/STM32F4xx_HAL_Driver/Src/stm32f4xx_hal_uart.o
 .text.UART_WaitOnFlagUntilTimeout
                0x0000000008006740       0xdc ./Drivers/STM32F4xx_HAL_Driver/Src/stm32f4xx_hal_uart.o
 .text.UART_Start_Receive_DMA
                0x000000000800681c      0x13c ./Drivers/STM32F4xx_HAL_Driver/Src/stm32f4xx_hal_uart.o
                0x000000000800681c                UART_Start_Receive_DMA
 .text.UART_EndTxTransfer
                0x0000000008006958       0x50 ./Drivers/STM32F4xx_HAL_Driver/Src/stm32f4xx_hal_uart.o
 .text.UART_EndRxTransfer
                0x00000000080069a8       0xc6 ./Drivers/STM32F4xx_HAL_Driver/Src/stm32f4xx_hal_uart.o
 .text.UART_DMAAbortOnError
                0x0000000008006a6e       0x28 ./Drivers/STM32F4xx_HAL_Driver/Src/stm32f4xx_hal_uart.o
 .text.UART_Transmit_IT
                0x0000000008006a96       0xa0 ./Drivers/STM32F4xx_HAL_Driver/Src/stm32f4xx_hal_uart.o
 .text.UART_EndTransmit_IT
                0x0000000008006b36       0x30 ./Drivers/STM32F4xx_HAL_Driver/Src/stm32f4xx_hal_uart.o
 .text.UART_Receive_IT
                0x0000000008006b66      0x176 ./Drivers/STM32F4xx_HAL_Driver/Src/stm32f4xx_hal_uart.o
 .text.UART_SetConfig
                0x0000000008006cdc      0x4e8 ./Drivers/STM32F4xx_HAL_Driver/Src/stm32f4xx_hal_uart.o
 .text.__NVIC_SetPriority
                0x00000000080071c4       0x54 ./Middlewares/Third_Party/FreeRTOS/Source/CMSIS_RTOS_V2/cmsis_os2.o
 .text.SysTick_Handler
                0x0000000008007218       0x20 ./Middlewares/Third_Party/FreeRTOS/Source/CMSIS_RTOS_V2/cmsis_os2.o
                0x0000000008007218                SysTick_Handler
 .text.SVC_Setup
                0x0000000008007238       0x12 ./Middlewares/Third_Party/FreeRTOS/Source/CMSIS_RTOS_V2/cmsis_os2.o
 *fill*         0x000000000800724a        0x2 
 .text.osKernelInitialize
                0x000000000800724c       0x48 ./Middlewares/Third_Party/FreeRTOS/Source/CMSIS_RTOS_V2/cmsis_os2.o
                0x000000000800724c                osKernelInitialize
 .text.osKernelStart
                0x0000000008007294       0x4c ./Middlewares/Third_Party/FreeRTOS/Source/CMSIS_RTOS_V2/cmsis_os2.o
                0x0000000008007294                osKernelStart
 .text.osThreadNew
                0x00000000080072e0      0x124 ./Middlewares/Third_Party/FreeRTOS/Source/CMSIS_RTOS_V2/cmsis_os2.o
                0x00000000080072e0                osThreadNew
 .text.osDelay  0x0000000008007404       0x36 ./Middlewares/Third_Party/FreeRTOS/Source/CMSIS_RTOS_V2/cmsis_os2.o
                0x0000000008007404                osDelay
 *fill*         0x000000000800743a        0x2 
 .text.vApplicationGetIdleTaskMemory
                0x000000000800743c       0x34 ./Middlewares/Third_Party/FreeRTOS/Source/CMSIS_RTOS_V2/cmsis_os2.o
                0x000000000800743c                vApplicationGetIdleTaskMemory
 .text.vApplicationGetTimerTaskMemory
                0x0000000008007470       0x34 ./Middlewares/Third_Party/FreeRTOS/Source/CMSIS_RTOS_V2/cmsis_os2.o
                0x0000000008007470                vApplicationGetTimerTaskMemory
 .text.vListInitialise
                0x00000000080074a4       0x40 ./Middlewares/Third_Party/FreeRTOS/Source/list.o
                0x00000000080074a4                vListInitialise
 .text.vListInitialiseItem
                0x00000000080074e4       0x1a ./Middlewares/Third_Party/FreeRTOS/Source/list.o
                0x00000000080074e4                vListInitialiseItem
 .text.vListInsertEnd
                0x00000000080074fe       0x48 ./Middlewares/Third_Party/FreeRTOS/Source/list.o
                0x00000000080074fe                vListInsertEnd
 .text.vListInsert
                0x0000000008007546       0x72 ./Middlewares/Third_Party/FreeRTOS/Source/list.o
                0x0000000008007546                vListInsert
 .text.uxListRemove
                0x00000000080075b8       0x54 ./Middlewares/Third_Party/FreeRTOS/Source/list.o
                0x00000000080075b8                uxListRemove
 .text.xQueueGenericReset
                0x000000000800760c       0xd0 ./Middlewares/Third_Party/FreeRTOS/Source/queue.o
                0x000000000800760c                xQueueGenericReset
 .text.xQueueGenericCreateStatic
                0x00000000080076dc       0xf0 ./Middlewares/Third_Party/FreeRTOS/Source/queue.o
                0x00000000080076dc                xQueueGenericCreateStatic
 .text.prvInitialiseNewQueue
                0x00000000080077cc       0x46 ./Middlewares/Third_Party/FreeRTOS/Source/queue.o
 *fill*         0x0000000008007812        0x2 
 .text.xQueueGenericSend
                0x0000000008007814      0x1fc ./Middlewares/Third_Party/FreeRTOS/Source/queue.o
                0x0000000008007814                xQueueGenericSend
 .text.xQueueGenericSendFromISR
                0x0000000008007a10      0x136 ./Middlewares/Third_Party/FreeRTOS/Source/queue.o
                0x0000000008007a10                xQueueGenericSendFromISR
 *fill*         0x0000000008007b46        0x2 
 .text.xQueueReceive
                0x0000000008007b48      0x1c0 ./Middlewares/Third_Party/FreeRTOS/Source/queue.o
                0x0000000008007b48                xQueueReceive
 .text.prvCopyDataToQueue
                0x0000000008007d08       0xd4 ./Middlewares/Third_Party/FreeRTOS/Source/queue.o
 .text.prvCopyDataFromQueue
                0x0000000008007ddc       0x4c ./Middlewares/Third_Party/FreeRTOS/Source/queue.o
 .text.prvUnlockQueue
                0x0000000008007e28       0xa4 ./Middlewares/Third_Party/FreeRTOS/Source/queue.o
 .text.prvIsQueueEmpty
                0x0000000008007ecc       0x2c ./Middlewares/Third_Party/FreeRTOS/Source/queue.o
 .text.prvIsQueueFull
                0x0000000008007ef8       0x30 ./Middlewares/Third_Party/FreeRTOS/Source/queue.o
 .text.vQueueAddToRegistry
                0x0000000008007f28       0x54 ./Middlewares/Third_Party/FreeRTOS/Source/queue.o
                0x0000000008007f28                vQueueAddToRegistry
 .text.vQueueWaitForMessageRestricted
                0x0000000008007f7c       0x68 ./Middlewares/Third_Party/FreeRTOS/Source/queue.o
                0x0000000008007f7c                vQueueWaitForMessageRestricted
 .text.xTaskCreateStatic
                0x0000000008007fe4       0xba ./Middlewares/Third_Party/FreeRTOS/Source/tasks.o
                0x0000000008007fe4                xTaskCreateStatic
 .text.xTaskCreate
                0x000000000800809e       0x8a ./Middlewares/Third_Party/FreeRTOS/Source/tasks.o
                0x000000000800809e                xTaskCreate
 .text.prvInitialiseNewTask
                0x0000000008008128      0x11e ./Middlewares/Third_Party/FreeRTOS/Source/tasks.o
 *fill*         0x0000000008008246        0x2 
 .text.prvAddNewTaskToReadyList
                0x0000000008008248       0xe0 ./Middlewares/Third_Party/FreeRTOS/Source/tasks.o
 .text.vTaskDelay
                0x0000000008008328       0x68 ./Middlewares/Third_Party/FreeRTOS/Source/tasks.o
                0x0000000008008328                vTaskDelay
 .text.vTaskStartScheduler
                0x0000000008008390       0xcc ./Middlewares/Third_Party/FreeRTOS/Source/tasks.o
                0x0000000008008390                vTaskStartScheduler
 .text.vTaskSuspendAll
                0x000000000800845c       0x1c ./Middlewares/Third_Party/FreeRTOS/Source/tasks.o
                0x000000000800845c                vTaskSuspendAll
 .text.xTaskResumeAll
                0x0000000008008478      0x13c ./Middlewares/Third_Party/FreeRTOS/Source/tasks.o
                0x0000000008008478                xTaskResumeAll
 .text.xTaskGetTickCount
                0x00000000080085b4       0x20 ./Middlewares/Third_Party/FreeRTOS/Source/tasks.o
                0x00000000080085b4                xTaskGetTickCount
 .text.xTaskIncrementTick
                0x00000000080085d4      0x174 ./Middlewares/Third_Party/FreeRTOS/Source/tasks.o
                0x00000000080085d4                xTaskIncrementTick
 .text.vTaskSwitchContext
                0x0000000008008748       0xbc ./Middlewares/Third_Party/FreeRTOS/Source/tasks.o
                0x0000000008008748                vTaskSwitchContext
 .text.vTaskPlaceOnEventList
                0x0000000008008804       0x48 ./Middlewares/Third_Party/FreeRTOS/Source/tasks.o
                0x0000000008008804                vTaskPlaceOnEventList
 .text.vTaskPlaceOnEventListRestricted
                0x000000000800884c       0x58 ./Middlewares/Third_Party/FreeRTOS/Source/tasks.o
                0x000000000800884c                vTaskPlaceOnEventListRestricted
 .text.xTaskRemoveFromEventList
                0x00000000080088a4       0xc8 ./Middlewares/Third_Party/FreeRTOS/Source/tasks.o
                0x00000000080088a4                xTaskRemoveFromEventList
 .text.vTaskInternalSetTimeOutState
                0x000000000800896c       0x2c ./Middlewares/Third_Party/FreeRTOS/Source/tasks.o
                0x000000000800896c                vTaskInternalSetTimeOutState
 .text.xTaskCheckForTimeOut
                0x0000000008008998       0xc4 ./Middlewares/Third_Party/FreeRTOS/Source/tasks.o
                0x0000000008008998                xTaskCheckForTimeOut
 .text.vTaskMissedYield
                0x0000000008008a5c       0x18 ./Middlewares/Third_Party/FreeRTOS/Source/tasks.o
                0x0000000008008a5c                vTaskMissedYield
 .text.prvIdleTask
                0x0000000008008a74       0x30 ./Middlewares/Third_Party/FreeRTOS/Source/tasks.o
 .text.prvInitialiseTaskLists
                0x0000000008008aa4       0x80 ./Middlewares/Third_Party/FreeRTOS/Source/tasks.o
 .text.prvCheckTasksWaitingTermination
                0x0000000008008b24       0x5c ./Middlewares/Third_Party/FreeRTOS/Source/tasks.o
 .text.prvDeleteTCB
                0x0000000008008b80       0x5e ./Middlewares/Third_Party/FreeRTOS/Source/tasks.o
 *fill*         0x0000000008008bde        0x2 
 .text.prvResetNextTaskUnblockTime
                0x0000000008008be0       0x40 ./Middlewares/Third_Party/FreeRTOS/Source/tasks.o
 .text.xTaskGetSchedulerState
                0x0000000008008c20       0x3c ./Middlewares/Third_Party/FreeRTOS/Source/tasks.o
                0x0000000008008c20                xTaskGetSchedulerState
 .text.xTaskPriorityDisinherit
                0x0000000008008c5c       0xdc ./Middlewares/Third_Party/FreeRTOS/Source/tasks.o
                0x0000000008008c5c                xTaskPriorityDisinherit
 .text.prvAddCurrentTaskToDelayedList
                0x0000000008008d38       0xa8 ./Middlewares/Third_Party/FreeRTOS/Source/tasks.o
 .text.xTimerCreateTimerTask
                0x0000000008008de0       0x90 ./Middlewares/Third_Party/FreeRTOS/Source/timers.o
                0x0000000008008de0                xTimerCreateTimerTask
 .text.xTimerGenericCommand
                0x0000000008008e70       0x9c ./Middlewares/Third_Party/FreeRTOS/Source/timers.o
                0x0000000008008e70                xTimerGenericCommand
 .text.prvProcessExpiredTimer
                0x0000000008008f0c       0x98 ./Middlewares/Third_Party/FreeRTOS/Source/timers.o
 .text.prvTimerTask
                0x0000000008008fa4       0x24 ./Middlewares/Third_Party/FreeRTOS/Source/timers.o
 .text.prvProcessTimerOrBlockTask
                0x0000000008008fc8       0x9c ./Middlewares/Third_Party/FreeRTOS/Source/timers.o
 .text.prvGetNextExpireTime
                0x0000000008009064       0x48 ./Middlewares/Third_Party/FreeRTOS/Source/timers.o
 .text.prvSampleTimeNow
                0x00000000080090ac       0x40 ./Middlewares/Third_Party/FreeRTOS/Source/timers.o
 .text.prvInsertTimerInActiveList
                0x00000000080090ec       0x84 ./Middlewares/Third_Party/FreeRTOS/Source/timers.o
 .text.prvProcessReceivedCommands
                0x0000000008009170      0x1c4 ./Middlewares/Third_Party/FreeRTOS/Source/timers.o
 .text.prvSwitchTimerLists
                0x0000000008009334       0xc8 ./Middlewares/Third_Party/FreeRTOS/Source/timers.o
 .text.prvCheckForValidListAndQueue
                0x00000000080093fc       0x80 ./Middlewares/Third_Party/FreeRTOS/Source/timers.o
 .text.pxPortInitialiseStack
                0x000000000800947c       0x68 ./Middlewares/Third_Party/FreeRTOS/Source/portable/GCC/ARM_CM4F/port.o
                0x000000000800947c                pxPortInitialiseStack
 .text.prvTaskExitError
                0x00000000080094e4       0x58 ./Middlewares/Third_Party/FreeRTOS/Source/portable/GCC/ARM_CM4F/port.o
 *fill*         0x000000000800953c        0x4 
 .text.SVC_Handler
                0x0000000008009540       0x28 ./Middlewares/Third_Party/FreeRTOS/Source/portable/GCC/ARM_CM4F/port.o
                0x0000000008009540                SVC_Handler
 .text.prvPortStartFirstTask
                0x0000000008009568       0x28 ./Middlewares/Third_Party/FreeRTOS/Source/portable/GCC/ARM_CM4F/port.o
 .text.xPortStartScheduler
                0x0000000008009590      0x144 ./Middlewares/Third_Party/FreeRTOS/Source/portable/GCC/ARM_CM4F/port.o
                0x0000000008009590                xPortStartScheduler
 .text.vPortEnterCritical
                0x00000000080096d4       0x60 ./Middlewares/Third_Party/FreeRTOS/Source/portable/GCC/ARM_CM4F/port.o
                0x00000000080096d4                vPortEnterCritical
 .text.vPortExitCritical
                0x0000000008009734       0x54 ./Middlewares/Third_Party/FreeRTOS/Source/portable/GCC/ARM_CM4F/port.o
                0x0000000008009734                vPortExitCritical
 *fill*         0x0000000008009788        0x8 
 .text.PendSV_Handler
                0x0000000008009790       0x68 ./Middlewares/Third_Party/FreeRTOS/Source/portable/GCC/ARM_CM4F/port.o
                0x0000000008009790                PendSV_Handler
 .text.xPortSysTickHandler
                0x00000000080097f8       0x44 ./Middlewares/Third_Party/FreeRTOS/Source/portable/GCC/ARM_CM4F/port.o
                0x00000000080097f8                xPortSysTickHandler
 .text.vPortSetupTimerInterrupt
                0x000000000800983c       0x48 ./Middlewares/Third_Party/FreeRTOS/Source/portable/GCC/ARM_CM4F/port.o
                0x000000000800983c                vPortSetupTimerInterrupt
 .text.vPortEnableVFP
                0x0000000008009884       0x14 ./Middlewares/Third_Party/FreeRTOS/Source/portable/GCC/ARM_CM4F/port.o
 .text.vPortValidateInterruptPriority
                0x0000000008009898       0x80 ./Middlewares/Third_Party/FreeRTOS/Source/portable/GCC/ARM_CM4F/port.o
                0x0000000008009898                vPortValidateInterruptPriority
 .text.pvPortMalloc
                0x0000000008009918      0x198 ./Middlewares/Third_Party/FreeRTOS/Source/portable/MemMang/heap_4.o
                0x0000000008009918                pvPortMalloc
 .text.vPortFree
                0x0000000008009ab0       0xc4 ./Middlewares/Third_Party/FreeRTOS/Source/portable/MemMang/heap_4.o
                0x0000000008009ab0                vPortFree
 .text.prvHeapInit
                0x0000000008009b74       0xc4 ./Middlewares/Third_Party/FreeRTOS/Source/portable/MemMang/heap_4.o
 .text.prvInsertBlockIntoFreeList
                0x0000000008009c38       0xb4 ./Middlewares/Third_Party/FreeRTOS/Source/portable/MemMang/heap_4.o
 .text.__libc_init_array
                0x0000000008009cec       0x48 c:/st/stm32cubeide_1.9.0/stm32cubeide/plugins/com.st.stm32cube.ide.mcu.externaltools.gnu-tools-for-stm32.10.3-2021.10.win32_1.0.100.202210260954/tools/bin/../lib/gcc/arm-none-eabi/10.3.1/../../../../arm-none-eabi/lib/thumb/v7e-m+fp/hard\libc_nano.a(lib_a-init.o)
                0x0000000008009cec                __libc_init_array
 .text.memcpy   0x0000000008009d34       0x1c c:/st/stm32cubeide_1.9.0/stm32cubeide/plugins/com.st.stm32cube.ide.mcu.externaltools.gnu-tools-for-stm32.10.3-2021.10.win32_1.0.100.202210260954/tools/bin/../lib/gcc/arm-none-eabi/10.3.1/../../../../arm-none-eabi/lib/thumb/v7e-m+fp/hard\libc_nano.a(lib_a-memcpy-stub.o)
                0x0000000008009d34                memcpy
 .text.memset   0x0000000008009d50       0x10 c:/st/stm32cubeide_1.9.0/stm32cubeide/plugins/com.st.stm32cube.ide.mcu.externaltools.gnu-tools-for-stm32.10.3-2021.10.win32_1.0.100.202210260954/tools/bin/../lib/gcc/arm-none-eabi/10.3.1/../../../../arm-none-eabi/lib/thumb/v7e-m+fp/hard\libc_nano.a(lib_a-memset.o)
                0x0000000008009d50                memset
 *(.glue_7)
 .glue_7        0x0000000008009d60        0x0 linker stubs
 *(.glue_7t)
 .glue_7t       0x0000000008009d60        0x0 linker stubs
 *(.eh_frame)
 .eh_frame      0x0000000008009d60        0x0 c:/st/stm32cubeide_1.9.0/stm32cubeide/plugins/com.st.stm32cube.ide.mcu.externaltools.gnu-tools-for-stm32.10.3-2021.10.win32_1.0.100.202210260954/tools/bin/../lib/gcc/arm-none-eabi/10.3.1/thumb/v7e-m+fp/hard/crtbegin.o
 *(.init)
 .init          0x0000000008009d60        0x4 c:/st/stm32cubeide_1.9.0/stm32cubeide/plugins/com.st.stm32cube.ide.mcu.externaltools.gnu-tools-for-stm32.10.3-2021.10.win32_1.0.100.202210260954/tools/bin/../lib/gcc/arm-none-eabi/10.3.1/thumb/v7e-m+fp/hard/crti.o
                0x0000000008009d60                _init
 .init          0x0000000008009d64        0x8 c:/st/stm32cubeide_1.9.0/stm32cubeide/plugins/com.st.stm32cube.ide.mcu.externaltools.gnu-tools-for-stm32.10.3-2021.10.win32_1.0.100.202210260954/tools/bin/../lib/gcc/arm-none-eabi/10.3.1/thumb/v7e-m+fp/hard/crtn.o
 *(.fini)
 .fini          0x0000000008009d6c        0x4 c:/st/stm32cubeide_1.9.0/stm32cubeide/plugins/com.st.stm32cube.ide.mcu.externaltools.gnu-tools-for-stm32.10.3-2021.10.win32_1.0.100.202210260954/tools/bin/../lib/gcc/arm-none-eabi/10.3.1/thumb/v7e-m+fp/hard/crti.o
                0x0000000008009d6c                _fini
 .fini          0x0000000008009d70        0x8 c:/st/stm32cubeide_1.9.0/stm32cubeide/plugins/com.st.stm32cube.ide.mcu.externaltools.gnu-tools-for-stm32.10.3-2021.10.win32_1.0.100.202210260954/tools/bin/../lib/gcc/arm-none-eabi/10.3.1/thumb/v7e-m+fp/hard/crtn.o
                0x0000000008009d78                . = ALIGN (0x4)
                0x0000000008009d78                _etext = .

.vfp11_veneer   0x0000000008009d78        0x0
 .vfp11_veneer  0x0000000008009d78        0x0 linker stubs

.v4_bx          0x0000000008009d78        0x0
 .v4_bx         0x0000000008009d78        0x0 linker stubs

.iplt           0x0000000008009d78        0x0
 .iplt          0x0000000008009d78        0x0 c:/st/stm32cubeide_1.9.0/stm32cubeide/plugins/com.st.stm32cube.ide.mcu.externaltools.gnu-tools-for-stm32.10.3-2021.10.win32_1.0.100.202210260954/tools/bin/../lib/gcc/arm-none-eabi/10.3.1/thumb/v7e-m+fp/hard/crtbegin.o

.rodata         0x0000000008009d78      0x1f0
                0x0000000008009d78                . = ALIGN (0x4)
 *(.rodata)
 .rodata        0x0000000008009d78       0x65 ./Core/Src/freertos.o
 *fill*         0x0000000008009ddd        0x3 
 .rodata        0x0000000008009de0        0x5 ./Middlewares/Third_Party/FreeRTOS/Source/tasks.o
 *fill*         0x0000000008009de5        0x3 
 .rodata        0x0000000008009de8        0xd ./Middlewares/Third_Party/FreeRTOS/Source/timers.o
 *(.rodata*)
 *fill*         0x0000000008009df5        0x3 
 .rodata.defaultTask_attributes
                0x0000000008009df8       0x24 ./Core/Src/freertos.o
                0x0000000008009df8                defaultTask_attributes
 .rodata.OutputsTask_attributes
                0x0000000008009e1c       0x24 ./Core/Src/freertos.o
                0x0000000008009e1c                OutputsTask_attributes
 .rodata.InputsTask_attributes
                0x0000000008009e40       0x24 ./Core/Src/freertos.o
                0x0000000008009e40                InputsTask_attributes
 .rodata.ServoTask_attributes
                0x0000000008009e64       0x24 ./Core/Src/freertos.o
                0x0000000008009e64                ServoTask_attributes
 .rodata.UartWiFiTask_attributes
                0x0000000008009e88       0x24 ./Core/Src/freertos.o
                0x0000000008009e88                UartWiFiTask_attributes
 .rodata.CanDriversTask_attributes
                0x0000000008009eac       0x24 ./Core/Src/freertos.o
                0x0000000008009eac                CanDriversTask_attributes
 .rodata.CanTask_attributes
                0x0000000008009ed0       0x24 ./Core/Src/freertos.o
                0x0000000008009ed0                CanTask_attributes
 .rodata.MissionsTask_attributes
                0x0000000008009ef4       0x24 ./Core/Src/freertos.o
                0x0000000008009ef4                MissionsTask_attributes
 .rodata.AHBPrescTable
                0x0000000008009f18       0x10 ./Core/Src/system_stm32f4xx.o
                0x0000000008009f18                AHBPrescTable
 .rodata.APBPrescTable
                0x0000000008009f28        0x8 ./Core/Src/system_stm32f4xx.o
                0x0000000008009f28                APBPrescTable
 .rodata._ZZ8LedBlinkE9ledb_time
                0x0000000008009f30       0x18 ./Core/cpp/Src/outputs.o
 .rodata._ZZ8LedBlinkE8ledb_rep
                0x0000000008009f48       0x18 ./Core/cpp/Src/outputs.o
 .rodata.flagBitshiftOffset.0
                0x0000000008009f60        0x8 ./Drivers/STM32F4xx_HAL_Driver/Src/stm32f4xx_hal_dma.o
                0x0000000008009f68                . = ALIGN (0x4)

.ARM.extab      0x0000000008009f68        0x0
                0x0000000008009f68                . = ALIGN (0x4)
 *(.ARM.extab* .gnu.linkonce.armextab.*)
                0x0000000008009f68                . = ALIGN (0x4)

.ARM            0x0000000008009f68        0x8
                0x0000000008009f68                . = ALIGN (0x4)
                0x0000000008009f68                __exidx_start = .
 *(.ARM.exidx*)
 .ARM.exidx     0x0000000008009f68        0x8 c:/st/stm32cubeide_1.9.0/stm32cubeide/plugins/com.st.stm32cube.ide.mcu.externaltools.gnu-tools-for-stm32.10.3-2021.10.win32_1.0.100.202210260954/tools/bin/../lib/gcc/arm-none-eabi/10.3.1/thumb/v7e-m+fp/hard\libgcc.a(_udivmoddi4.o)
                0x0000000008009f70                __exidx_end = .
                0x0000000008009f70                . = ALIGN (0x4)

.rel.dyn        0x0000000008009f70        0x0
 .rel.iplt      0x0000000008009f70        0x0 c:/st/stm32cubeide_1.9.0/stm32cubeide/plugins/com.st.stm32cube.ide.mcu.externaltools.gnu-tools-for-stm32.10.3-2021.10.win32_1.0.100.202210260954/tools/bin/../lib/gcc/arm-none-eabi/10.3.1/thumb/v7e-m+fp/hard/crtbegin.o

.preinit_array  0x0000000008009f70        0x0
                0x0000000008009f70                . = ALIGN (0x4)
                0x0000000008009f70                PROVIDE (__preinit_array_start = .)
 *(.preinit_array*)
                0x0000000008009f70                PROVIDE (__preinit_array_end = .)
                0x0000000008009f70                . = ALIGN (0x4)

.init_array     0x0000000008009f70        0x4
                0x0000000008009f70                . = ALIGN (0x4)
                0x0000000008009f70                PROVIDE (__init_array_start = .)
 *(SORT_BY_NAME(.init_array.*))
 *(.init_array*)
 .init_array    0x0000000008009f70        0x4 c:/st/stm32cubeide_1.9.0/stm32cubeide/plugins/com.st.stm32cube.ide.mcu.externaltools.gnu-tools-for-stm32.10.3-2021.10.win32_1.0.100.202210260954/tools/bin/../lib/gcc/arm-none-eabi/10.3.1/thumb/v7e-m+fp/hard/crtbegin.o
                0x0000000008009f74                PROVIDE (__init_array_end = .)
                0x0000000008009f74                . = ALIGN (0x4)

.fini_array     0x0000000008009f74        0x4
                0x0000000008009f74                . = ALIGN (0x4)
                [!provide]                        PROVIDE (__fini_array_start = .)
 *(SORT_BY_NAME(.fini_array.*))
 *(.fini_array*)
 .fini_array    0x0000000008009f74        0x4 c:/st/stm32cubeide_1.9.0/stm32cubeide/plugins/com.st.stm32cube.ide.mcu.externaltools.gnu-tools-for-stm32.10.3-2021.10.win32_1.0.100.202210260954/tools/bin/../lib/gcc/arm-none-eabi/10.3.1/thumb/v7e-m+fp/hard/crtbegin.o
                [!provide]                        PROVIDE (__fini_array_end = .)
                0x0000000008009f78                . = ALIGN (0x4)
                0x0000000008009f78                _sidata = LOADADDR (.data)

.data           0x0000000020000000       0x10 load address 0x0000000008009f78
                0x0000000020000000                . = ALIGN (0x4)
                0x0000000020000000                _sdata = .
 *(.data)
 *(.data*)
 .data.SystemCoreClock
                0x0000000020000000        0x4 ./Core/Src/system_stm32f4xx.o
                0x0000000020000000                SystemCoreClock
 .data.uwTickPrio
                0x0000000020000004        0x4 ./Drivers/STM32F4xx_HAL_Driver/Src/stm32f4xx_hal.o
                0x0000000020000004                uwTickPrio
 .data.uwTickFreq
                0x0000000020000008        0x1 ./Drivers/STM32F4xx_HAL_Driver/Src/stm32f4xx_hal.o
                0x0000000020000008                uwTickFreq
 *fill*         0x0000000020000009        0x3 
 .data.uxCriticalNesting
                0x000000002000000c        0x4 ./Middlewares/Third_Party/FreeRTOS/Source/portable/GCC/ARM_CM4F/port.o
 *(.RamFunc)
 *(.RamFunc*)
                0x0000000020000010                . = ALIGN (0x4)
                0x0000000020000010                _edata = .
                0x0000000008009f88                _siccmram = LOADADDR (.ccmram)

.igot.plt       0x0000000020000010        0x0 load address 0x0000000008009f88
 .igot.plt      0x0000000020000010        0x0 c:/st/stm32cubeide_1.9.0/stm32cubeide/plugins/com.st.stm32cube.ide.mcu.externaltools.gnu-tools-for-stm32.10.3-2021.10.win32_1.0.100.202210260954/tools/bin/../lib/gcc/arm-none-eabi/10.3.1/thumb/v7e-m+fp/hard/crtbegin.o

.ccmram         0x0000000010000000        0x0 load address 0x0000000008009f88
                0x0000000010000000                . = ALIGN (0x4)
                0x0000000010000000                _sccmram = .
 *(.ccmram)
 *(.ccmram*)
                0x0000000010000000                . = ALIGN (0x4)
                0x0000000010000000                _eccmram = .
                0x0000000010000000                . = ALIGN (0x4)

.bss            0x0000000020000010     0x6700
                0x0000000020000010                _sbss = .
                0x0000000020000010                __bss_start__ = _sbss
 *(.bss)
 .bss           0x0000000020000010       0x1c c:/st/stm32cubeide_1.9.0/stm32cubeide/plugins/com.st.stm32cube.ide.mcu.externaltools.gnu-tools-for-stm32.10.3-2021.10.win32_1.0.100.202210260954/tools/bin/../lib/gcc/arm-none-eabi/10.3.1/thumb/v7e-m+fp/hard/crtbegin.o
 *(.bss*)
 .bss.hcan1     0x000000002000002c       0x28 ./Core/Src/can.o
                0x000000002000002c                hcan1
 .bss.globData  0x0000000020000054       0x30 ./Core/Src/freertos.o
                0x0000000020000054                globData
 .bss.minibotConfig
                0x0000000020000084       0x38 ./Core/Src/freertos.o
                0x0000000020000084                minibotConfig
 .bss.defaultTaskHandle
                0x00000000200000bc        0x4 ./Core/Src/freertos.o
                0x00000000200000bc                defaultTaskHandle
 .bss.defaultTaskBuffer
                0x00000000200000c0      0x200 ./Core/Src/freertos.o
                0x00000000200000c0                defaultTaskBuffer
 .bss.defaultTaskControlBlock
                0x00000000200002c0       0x5c ./Core/Src/freertos.o
                0x00000000200002c0                defaultTaskControlBlock
 .bss.OutputsTaskHandle
                0x000000002000031c        0x4 ./Core/Src/freertos.o
                0x000000002000031c                OutputsTaskHandle
 .bss.OutputsTaskBuffer
                0x0000000020000320      0x200 ./Core/Src/freertos.o
                0x0000000020000320                OutputsTaskBuffer
 .bss.OutputsTaskControlBlock
                0x0000000020000520       0x5c ./Core/Src/freertos.o
                0x0000000020000520                OutputsTaskControlBlock
 .bss.InputsTaskHandle
                0x000000002000057c        0x4 ./Core/Src/freertos.o
                0x000000002000057c                InputsTaskHandle
 .bss.InputsTaskBuffer
                0x0000000020000580      0x200 ./Core/Src/freertos.o
                0x0000000020000580                InputsTaskBuffer
 .bss.InputsTaskControlBlock
                0x0000000020000780       0x5c ./Core/Src/freertos.o
                0x0000000020000780                InputsTaskControlBlock
 .bss.ServoTaskHandle
                0x00000000200007dc        0x4 ./Core/Src/freertos.o
                0x00000000200007dc                ServoTaskHandle
 .bss.ServoTaskBuffer
                0x00000000200007e0      0x200 ./Core/Src/freertos.o
                0x00000000200007e0                ServoTaskBuffer
 .bss.ServoTaskControlBlock
                0x00000000200009e0       0x5c ./Core/Src/freertos.o
                0x00000000200009e0                ServoTaskControlBlock
 .bss.UartWiFiTaskHandle
                0x0000000020000a3c        0x4 ./Core/Src/freertos.o
                0x0000000020000a3c                UartWiFiTaskHandle
 .bss.UartWiFiTaskBuffer
                0x0000000020000a40      0x400 ./Core/Src/freertos.o
                0x0000000020000a40                UartWiFiTaskBuffer
 .bss.UartWiFiTaskControlBlock
                0x0000000020000e40       0x5c ./Core/Src/freertos.o
                0x0000000020000e40                UartWiFiTaskControlBlock
 .bss.CanDriversTaskHandle
                0x0000000020000e9c        0x4 ./Core/Src/freertos.o
                0x0000000020000e9c                CanDriversTaskHandle
 .bss.CanDriversTaskBuffer
                0x0000000020000ea0      0x200 ./Core/Src/freertos.o
                0x0000000020000ea0                CanDriversTaskBuffer
 .bss.CanDriversTaskControlBlock
                0x00000000200010a0       0x5c ./Core/Src/freertos.o
                0x00000000200010a0                CanDriversTaskControlBlock
 .bss.CanTaskHandle
                0x00000000200010fc        0x4 ./Core/Src/freertos.o
                0x00000000200010fc                CanTaskHandle
 .bss.CanTaskBuffer
                0x0000000020001100      0x400 ./Core/Src/freertos.o
                0x0000000020001100                CanTaskBuffer
 .bss.CanTaskControlBlock
                0x0000000020001500       0x5c ./Core/Src/freertos.o
                0x0000000020001500                CanTaskControlBlock
 .bss.MissionsTaskHandle
                0x000000002000155c        0x4 ./Core/Src/freertos.o
                0x000000002000155c                MissionsTaskHandle
 .bss.MissionsTaskBuffer
                0x0000000020001560      0x400 ./Core/Src/freertos.o
                0x0000000020001560                MissionsTaskBuffer
 .bss.MissionsTaskControlBlock
                0x0000000020001960       0x5c ./Core/Src/freertos.o
                0x0000000020001960                MissionsTaskControlBlock
 .bss.hiwdg     0x00000000200019bc        0xc ./Core/Src/iwdg.o
                0x00000000200019bc                hiwdg
 .bss.htim6     0x00000000200019c8       0x48 ./Core/Src/stm32f4xx_hal_timebase_tim.o
                0x00000000200019c8                htim6
 .bss.htim3     0x0000000020001a10       0x48 ./Core/Src/tim.o
                0x0000000020001a10                htim3
 .bss.htim4     0x0000000020001a58       0x48 ./Core/Src/tim.o
                0x0000000020001a58                htim4
 .bss.huart1    0x0000000020001aa0       0x44 ./Core/Src/usart.o
                0x0000000020001aa0                huart1
 .bss.huart2    0x0000000020001ae4       0x44 ./Core/Src/usart.o
                0x0000000020001ae4                huart2
 .bss.huart3    0x0000000020001b28       0x44 ./Core/Src/usart.o
                0x0000000020001b28                huart3
 .bss.hdma_usart1_rx
                0x0000000020001b6c       0x60 ./Core/Src/usart.o
                0x0000000020001b6c                hdma_usart1_rx
 .bss.hdma_usart2_rx
                0x0000000020001bcc       0x60 ./Core/Src/usart.o
                0x0000000020001bcc                hdma_usart2_rx
 .bss.hdma_usart3_rx
                0x0000000020001c2c       0x60 ./Core/Src/usart.o
                0x0000000020001c2c                hdma_usart3_rx
 .bss.NewCanMsg
                0x0000000020001c8c        0x1 ./Core/cpp/Src/canbus.o
                0x0000000020001c8c                NewCanMsg
 *fill*         0x0000000020001c8d        0x3 
 .bss.TxMailbox
                0x0000000020001c90        0x4 ./Core/cpp/Src/canbus.o
                0x0000000020001c90                TxMailbox
 .bss.canDataRecv
                0x0000000020001c94        0x8 ./Core/cpp/Src/canbus.o
                0x0000000020001c94                canDataRecv
 .bss._ZZ12StartCanTaskE9err_count
                0x0000000020001c9c        0x4 ./Core/cpp/Src/canbus.o
 .bss._ZZ14flashWriteDataE15EraseInitStruct
                0x0000000020001ca0       0x14 ./Core/cpp/Src/flash_data.o
 .bss._ZZ8LedBlinkE16ledb_active_time
                0x0000000020001cb4        0x4 ./Core/cpp/Src/outputs.o
 .bss._ZZ8LedBlinkE12ledb_repeats
                0x0000000020001cb8        0x4 ./Core/cpp/Src/outputs.o
 .bss.new_wifi_data
                0x0000000020001cbc        0x1 ./Core/cpp/Src/uart_wifi.o
                0x0000000020001cbc                new_wifi_data
 *fill*         0x0000000020001cbd        0x3 
 .bss.wifi_uart_buff
                0x0000000020001cc0       0x64 ./Core/cpp/Src/uart_wifi.o
                0x0000000020001cc0                wifi_uart_buff
 .bss.statusMsg
                0x0000000020001d24       0x20 ./Core/cpp/Src/uart_wifi.o
                0x0000000020001d24                statusMsg
 .bss.jobMsg    0x0000000020001d44       0x18 ./Core/cpp/Src/uart_wifi.o
                0x0000000020001d44                jobMsg
 .bss.stmConf   0x0000000020001d5c       0x40 ./Core/cpp/Src/uart_wifi.o
                0x0000000020001d5c                stmConf
 .bss.uwTick    0x0000000020001d9c        0x4 ./Drivers/STM32F4xx_HAL_Driver/Src/stm32f4xx_hal.o
                0x0000000020001d9c                uwTick
 .bss.pFlash    0x0000000020001da0       0x20 ./Drivers/STM32F4xx_HAL_Driver/Src/stm32f4xx_hal_flash.o
                0x0000000020001da0                pFlash
 .bss.KernelState
                0x0000000020001dc0        0x4 ./Middlewares/Third_Party/FreeRTOS/Source/CMSIS_RTOS_V2/cmsis_os2.o
 .bss.Idle_TCB.3
                0x0000000020001dc4       0x5c ./Middlewares/Third_Party/FreeRTOS/Source/CMSIS_RTOS_V2/cmsis_os2.o
 .bss.Idle_Stack.2
                0x0000000020001e20      0x200 ./Middlewares/Third_Party/FreeRTOS/Source/CMSIS_RTOS_V2/cmsis_os2.o
 .bss.Timer_TCB.1
                0x0000000020002020       0x5c ./Middlewares/Third_Party/FreeRTOS/Source/CMSIS_RTOS_V2/cmsis_os2.o
 .bss.Timer_Stack.0
                0x000000002000207c      0x400 ./Middlewares/Third_Party/FreeRTOS/Source/CMSIS_RTOS_V2/cmsis_os2.o
 .bss.xQueueRegistry
                0x000000002000247c       0x40 ./Middlewares/Third_Party/FreeRTOS/Source/queue.o
                0x000000002000247c                xQueueRegistry
 .bss.pxCurrentTCB
                0x00000000200024bc        0x4 ./Middlewares/Third_Party/FreeRTOS/Source/tasks.o
                0x00000000200024bc                pxCurrentTCB
 .bss.pxReadyTasksLists
                0x00000000200024c0      0x460 ./Middlewares/Third_Party/FreeRTOS/Source/tasks.o
 .bss.xDelayedTaskList1
                0x0000000020002920       0x14 ./Middlewares/Third_Party/FreeRTOS/Source/tasks.o
 .bss.xDelayedTaskList2
                0x0000000020002934       0x14 ./Middlewares/Third_Party/FreeRTOS/Source/tasks.o
 .bss.pxDelayedTaskList
                0x0000000020002948        0x4 ./Middlewares/Third_Party/FreeRTOS/Source/tasks.o
 .bss.pxOverflowDelayedTaskList
                0x000000002000294c        0x4 ./Middlewares/Third_Party/FreeRTOS/Source/tasks.o
 .bss.xPendingReadyList
                0x0000000020002950       0x14 ./Middlewares/Third_Party/FreeRTOS/Source/tasks.o
 .bss.xTasksWaitingTermination
                0x0000000020002964       0x14 ./Middlewares/Third_Party/FreeRTOS/Source/tasks.o
 .bss.uxDeletedTasksWaitingCleanUp
                0x0000000020002978        0x4 ./Middlewares/Third_Party/FreeRTOS/Source/tasks.o
 .bss.xSuspendedTaskList
                0x000000002000297c       0x14 ./Middlewares/Third_Party/FreeRTOS/Source/tasks.o
 .bss.uxCurrentNumberOfTasks
                0x0000000020002990        0x4 ./Middlewares/Third_Party/FreeRTOS/Source/tasks.o
 .bss.xTickCount
                0x0000000020002994        0x4 ./Middlewares/Third_Party/FreeRTOS/Source/tasks.o
 .bss.uxTopReadyPriority
                0x0000000020002998        0x4 ./Middlewares/Third_Party/FreeRTOS/Source/tasks.o
 .bss.xSchedulerRunning
                0x000000002000299c        0x4 ./Middlewares/Third_Party/FreeRTOS/Source/tasks.o
 .bss.xPendedTicks
                0x00000000200029a0        0x4 ./Middlewares/Third_Party/FreeRTOS/Source/tasks.o
 .bss.xYieldPending
                0x00000000200029a4        0x4 ./Middlewares/Third_Party/FreeRTOS/Source/tasks.o
 .bss.xNumOfOverflows
                0x00000000200029a8        0x4 ./Middlewares/Third_Party/FreeRTOS/Source/tasks.o
 .bss.uxTaskNumber
                0x00000000200029ac        0x4 ./Middlewares/Third_Party/FreeRTOS/Source/tasks.o
 .bss.xNextTaskUnblockTime
                0x00000000200029b0        0x4 ./Middlewares/Third_Party/FreeRTOS/Source/tasks.o
 .bss.xIdleTaskHandle
                0x00000000200029b4        0x4 ./Middlewares/Third_Party/FreeRTOS/Source/tasks.o
 .bss.uxSchedulerSuspended
                0x00000000200029b8        0x4 ./Middlewares/Third_Party/FreeRTOS/Source/tasks.o
 .bss.xActiveTimerList1
                0x00000000200029bc       0x14 ./Middlewares/Third_Party/FreeRTOS/Source/timers.o
 .bss.xActiveTimerList2
                0x00000000200029d0       0x14 ./Middlewares/Third_Party/FreeRTOS/Source/timers.o
 .bss.pxCurrentTimerList
                0x00000000200029e4        0x4 ./Middlewares/Third_Party/FreeRTOS/Source/timers.o
 .bss.pxOverflowTimerList
                0x00000000200029e8        0x4 ./Middlewares/Third_Party/FreeRTOS/Source/timers.o
 .bss.xTimerQueue
                0x00000000200029ec        0x4 ./Middlewares/Third_Party/FreeRTOS/Source/timers.o
 .bss.xTimerTaskHandle
                0x00000000200029f0        0x4 ./Middlewares/Third_Party/FreeRTOS/Source/timers.o
 .bss.xLastTime.2
                0x00000000200029f4        0x4 ./Middlewares/Third_Party/FreeRTOS/Source/timers.o
 .bss.ucStaticTimerQueueStorage.1
                0x00000000200029f8       0xa0 ./Middlewares/Third_Party/FreeRTOS/Source/timers.o
 .bss.xStaticTimerQueue.0
                0x0000000020002a98       0x50 ./Middlewares/Third_Party/FreeRTOS/Source/timers.o
 .bss.ucMaxSysCallPriority
                0x0000000020002ae8        0x1 ./Middlewares/Third_Party/FreeRTOS/Source/portable/GCC/ARM_CM4F/port.o
 *fill*         0x0000000020002ae9        0x3 
 .bss.ulMaxPRIGROUPValue
                0x0000000020002aec        0x4 ./Middlewares/Third_Party/FreeRTOS/Source/portable/GCC/ARM_CM4F/port.o
 .bss.ucHeap    0x0000000020002af0     0x3c00 ./Middlewares/Third_Party/FreeRTOS/Source/portable/MemMang/heap_4.o
 .bss.xStart    0x00000000200066f0        0x8 ./Middlewares/Third_Party/FreeRTOS/Source/portable/MemMang/heap_4.o
 .bss.pxEnd     0x00000000200066f8        0x4 ./Middlewares/Third_Party/FreeRTOS/Source/portable/MemMang/heap_4.o
 .bss.xFreeBytesRemaining
                0x00000000200066fc        0x4 ./Middlewares/Third_Party/FreeRTOS/Source/portable/MemMang/heap_4.o
 .bss.xMinimumEverFreeBytesRemaining
                0x0000000020006700        0x4 ./Middlewares/Third_Party/FreeRTOS/Source/portable/MemMang/heap_4.o
 .bss.xNumberOfSuccessfulAllocations
                0x0000000020006704        0x4 ./Middlewares/Third_Party/FreeRTOS/Source/portable/MemMang/heap_4.o
 .bss.xNumberOfSuccessfulFrees
                0x0000000020006708        0x4 ./Middlewares/Third_Party/FreeRTOS/Source/portable/MemMang/heap_4.o
 .bss.xBlockAllocatedBit
                0x000000002000670c        0x4 ./Middlewares/Third_Party/FreeRTOS/Source/portable/MemMang/heap_4.o
 *(COMMON)
                0x0000000020006710                . = ALIGN (0x4)
                0x0000000020006710                _ebss = .
                0x0000000020006710                __bss_end__ = _ebss

._user_heap_stack
                0x0000000020006710      0x600
                0x0000000020006710                . = ALIGN (0x8)
                [!provide]                        PROVIDE (end = .)
                0x0000000020006710                PROVIDE (_end = .)
                0x0000000020006910                . = (. + _Min_Heap_Size)
 *fill*         0x0000000020006710      0x200 
                0x0000000020006d10                . = (. + _Min_Stack_Size)
 *fill*         0x0000000020006910      0x400 
                0x0000000020006d10                . = ALIGN (0x8)

/DISCARD/
 libc.a(*)
 libm.a(*)
 libgcc.a(*)

.ARM.attributes
                0x0000000000000000       0x30
 *(.ARM.attributes)
 .ARM.attributes
                0x0000000000000000       0x1e c:/st/stm32cubeide_1.9.0/stm32cubeide/plugins/com.st.stm32cube.ide.mcu.externaltools.gnu-tools-for-stm32.10.3-2021.10.win32_1.0.100.202210260954/tools/bin/../lib/gcc/arm-none-eabi/10.3.1/thumb/v7e-m+fp/hard/crti.o
 .ARM.attributes
                0x000000000000001e       0x34 c:/st/stm32cubeide_1.9.0/stm32cubeide/plugins/com.st.stm32cube.ide.mcu.externaltools.gnu-tools-for-stm32.10.3-2021.10.win32_1.0.100.202210260954/tools/bin/../lib/gcc/arm-none-eabi/10.3.1/thumb/v7e-m+fp/hard/crtbegin.o
 .ARM.attributes
                0x0000000000000052       0x34 ./Core/Src/can.o
 .ARM.attributes
                0x0000000000000086       0x34 ./Core/Src/dma.o
 .ARM.attributes
                0x00000000000000ba       0x34 ./Core/Src/freertos.o
 .ARM.attributes
                0x00000000000000ee       0x34 ./Core/Src/gpio.o
 .ARM.attributes
                0x0000000000000122       0x34 ./Core/Src/iwdg.o
 .ARM.attributes
                0x0000000000000156       0x34 ./Core/Src/main.o
 .ARM.attributes
                0x000000000000018a       0x34 ./Core/Src/stm32f4xx_hal_msp.o
 .ARM.attributes
                0x00000000000001be       0x34 ./Core/Src/stm32f4xx_hal_timebase_tim.o
 .ARM.attributes
                0x00000000000001f2       0x34 ./Core/Src/stm32f4xx_it.o
 .ARM.attributes
                0x0000000000000226       0x34 ./Core/Src/system_stm32f4xx.o
 .ARM.attributes
                0x000000000000025a       0x34 ./Core/Src/tim.o
 .ARM.attributes
                0x000000000000028e       0x34 ./Core/Src/usart.o
 .ARM.attributes
                0x00000000000002c2       0x21 ./Core/Startup/startup_stm32f407vetx.o
 .ARM.attributes
                0x00000000000002e3       0x34 ./Core/cpp/Src/KeyaLKTechDriver.o
 .ARM.attributes
                0x0000000000000317       0x34 ./Core/cpp/Src/Servo.o
 .ARM.attributes
                0x000000000000034b       0x34 ./Core/cpp/Src/canbus.o
 .ARM.attributes
                0x000000000000037f       0x34 ./Core/cpp/Src/drivers_control.o
 .ARM.attributes
                0x00000000000003b3       0x34 ./Core/cpp/Src/flash_data.o
 .ARM.attributes
                0x00000000000003e7       0x34 ./Core/cpp/Src/inputs.o
 .ARM.attributes
                0x000000000000041b       0x34 ./Core/cpp/Src/mission.o
 .ARM.attributes
                0x000000000000044f       0x34 ./Core/cpp/Src/outputs.o
 .ARM.attributes
                0x0000000000000483       0x34 ./Core/cpp/Src/servo_control.o
 .ARM.attributes
                0x00000000000004b7       0x34 ./Core/cpp/Src/uart_wifi.o
 .ARM.attributes
                0x00000000000004eb       0x34 ./Drivers/STM32F4xx_HAL_Driver/Src/stm32f4xx_hal.o
 .ARM.attributes
                0x000000000000051f       0x34 ./Drivers/STM32F4xx_HAL_Driver/Src/stm32f4xx_hal_can.o
 .ARM.attributes
                0x0000000000000553       0x34 ./Drivers/STM32F4xx_HAL_Driver/Src/stm32f4xx_hal_cortex.o
 .ARM.attributes
                0x0000000000000587       0x34 ./Drivers/STM32F4xx_HAL_Driver/Src/stm32f4xx_hal_dma.o
 .ARM.attributes
                0x00000000000005bb       0x34 ./Drivers/STM32F4xx_HAL_Driver/Src/stm32f4xx_hal_flash.o
 .ARM.attributes
                0x00000000000005ef       0x34 ./Drivers/STM32F4xx_HAL_Driver/Src/stm32f4xx_hal_flash_ex.o
 .ARM.attributes
                0x0000000000000623       0x34 ./Drivers/STM32F4xx_HAL_Driver/Src/stm32f4xx_hal_gpio.o
 .ARM.attributes
                0x0000000000000657       0x34 ./Drivers/STM32F4xx_HAL_Driver/Src/stm32f4xx_hal_iwdg.o
 .ARM.attributes
                0x000000000000068b       0x34 ./Drivers/STM32F4xx_HAL_Driver/Src/stm32f4xx_hal_rcc.o
 .ARM.attributes
                0x00000000000006bf       0x34 ./Drivers/STM32F4xx_HAL_Driver/Src/stm32f4xx_hal_tim.o
 .ARM.attributes
                0x00000000000006f3       0x34 ./Drivers/STM32F4xx_HAL_Driver/Src/stm32f4xx_hal_tim_ex.o
 .ARM.attributes
                0x0000000000000727       0x34 ./Drivers/STM32F4xx_HAL_Driver/Src/stm32f4xx_hal_uart.o
 .ARM.attributes
                0x000000000000075b       0x34 ./Middlewares/Third_Party/FreeRTOS/Source/CMSIS_RTOS_V2/cmsis_os2.o
 .ARM.attributes
                0x000000000000078f       0x34 ./Middlewares/Third_Party/FreeRTOS/Source/list.o
 .ARM.attributes
                0x00000000000007c3       0x34 ./Middlewares/Third_Party/FreeRTOS/Source/queue.o
 .ARM.attributes
                0x00000000000007f7       0x34 ./Middlewares/Third_Party/FreeRTOS/Source/tasks.o
 .ARM.attributes
                0x000000000000082b       0x34 ./Middlewares/Third_Party/FreeRTOS/Source/timers.o
 .ARM.attributes
                0x000000000000085f       0x34 ./Middlewares/Third_Party/FreeRTOS/Source/portable/GCC/ARM_CM4F/port.o
 .ARM.attributes
                0x0000000000000893       0x34 ./Middlewares/Third_Party/FreeRTOS/Source/portable/MemMang/heap_4.o
 .ARM.attributes
                0x00000000000008c7       0x34 c:/st/stm32cubeide_1.9.0/stm32cubeide/plugins/com.st.stm32cube.ide.mcu.externaltools.gnu-tools-for-stm32.10.3-2021.10.win32_1.0.100.202210260954/tools/bin/../lib/gcc/arm-none-eabi/10.3.1/../../../../arm-none-eabi/lib/thumb/v7e-m+fp/hard\libc_nano.a(lib_a-init.o)
 .ARM.attributes
                0x00000000000008fb       0x34 c:/st/stm32cubeide_1.9.0/stm32cubeide/plugins/com.st.stm32cube.ide.mcu.externaltools.gnu-tools-for-stm32.10.3-2021.10.win32_1.0.100.202210260954/tools/bin/../lib/gcc/arm-none-eabi/10.3.1/../../../../arm-none-eabi/lib/thumb/v7e-m+fp/hard\libc_nano.a(lib_a-memcpy-stub.o)
 .ARM.attributes
                0x000000000000092f       0x34 c:/st/stm32cubeide_1.9.0/stm32cubeide/plugins/com.st.stm32cube.ide.mcu.externaltools.gnu-tools-for-stm32.10.3-2021.10.win32_1.0.100.202210260954/tools/bin/../lib/gcc/arm-none-eabi/10.3.1/../../../../arm-none-eabi/lib/thumb/v7e-m+fp/hard\libc_nano.a(lib_a-memset.o)
 .ARM.attributes
                0x0000000000000963       0x1e c:/st/stm32cubeide_1.9.0/stm32cubeide/plugins/com.st.stm32cube.ide.mcu.externaltools.gnu-tools-for-stm32.10.3-2021.10.win32_1.0.100.202210260954/tools/bin/../lib/gcc/arm-none-eabi/10.3.1/thumb/v7e-m+fp/hard\libgcc.a(_aeabi_uldivmod.o)
 .ARM.attributes
                0x0000000000000981       0x34 c:/st/stm32cubeide_1.9.0/stm32cubeide/plugins/com.st.stm32cube.ide.mcu.externaltools.gnu-tools-for-stm32.10.3-2021.10.win32_1.0.100.202210260954/tools/bin/../lib/gcc/arm-none-eabi/10.3.1/thumb/v7e-m+fp/hard\libgcc.a(_udivmoddi4.o)
 .ARM.attributes
                0x00000000000009b5       0x1e c:/st/stm32cubeide_1.9.0/stm32cubeide/plugins/com.st.stm32cube.ide.mcu.externaltools.gnu-tools-for-stm32.10.3-2021.10.win32_1.0.100.202210260954/tools/bin/../lib/gcc/arm-none-eabi/10.3.1/thumb/v7e-m+fp/hard\libgcc.a(_dvmd_tls.o)
 .ARM.attributes
                0x00000000000009d3       0x1e c:/st/stm32cubeide_1.9.0/stm32cubeide/plugins/com.st.stm32cube.ide.mcu.externaltools.gnu-tools-for-stm32.10.3-2021.10.win32_1.0.100.202210260954/tools/bin/../lib/gcc/arm-none-eabi/10.3.1/thumb/v7e-m+fp/hard/crtn.o
OUTPUT(minibot32.elf elf32-littlearm)
LOAD linker stubs
LOAD c:/st/stm32cubeide_1.9.0/stm32cubeide/plugins/com.st.stm32cube.ide.mcu.externaltools.gnu-tools-for-stm32.10.3-2021.10.win32_1.0.100.202210260954/tools/bin/../lib/gcc/arm-none-eabi/10.3.1/../../../../arm-none-eabi/lib/thumb/v7e-m+fp/hard\libc.a
LOAD c:/st/stm32cubeide_1.9.0/stm32cubeide/plugins/com.st.stm32cube.ide.mcu.externaltools.gnu-tools-for-stm32.10.3-2021.10.win32_1.0.100.202210260954/tools/bin/../lib/gcc/arm-none-eabi/10.3.1/../../../../arm-none-eabi/lib/thumb/v7e-m+fp/hard\libm.a
LOAD c:/st/stm32cubeide_1.9.0/stm32cubeide/plugins/com.st.stm32cube.ide.mcu.externaltools.gnu-tools-for-stm32.10.3-2021.10.win32_1.0.100.202210260954/tools/bin/../lib/gcc/arm-none-eabi/10.3.1/thumb/v7e-m+fp/hard\libgcc.a

.comment        0x0000000000000000       0x50
 .comment       0x0000000000000000       0x50 ./Core/Src/can.o
                                         0x51 (size before relaxing)
 .comment       0x0000000000000050       0x51 ./Core/Src/dma.o
 .comment       0x0000000000000050       0x51 ./Core/Src/freertos.o
 .comment       0x0000000000000050       0x51 ./Core/Src/gpio.o
 .comment       0x0000000000000050       0x51 ./Core/Src/iwdg.o
 .comment       0x0000000000000050       0x51 ./Core/Src/main.o
 .comment       0x0000000000000050       0x51 ./Core/Src/stm32f4xx_hal_msp.o
 .comment       0x0000000000000050       0x51 ./Core/Src/stm32f4xx_hal_timebase_tim.o
 .comment       0x0000000000000050       0x51 ./Core/Src/stm32f4xx_it.o
 .comment       0x0000000000000050       0x51 ./Core/Src/system_stm32f4xx.o
 .comment       0x0000000000000050       0x51 ./Core/Src/tim.o
 .comment       0x0000000000000050       0x51 ./Core/Src/usart.o
 .comment       0x0000000000000050       0x51 ./Core/cpp/Src/KeyaLKTechDriver.o
 .comment       0x0000000000000050       0x51 ./Core/cpp/Src/Servo.o
 .comment       0x0000000000000050       0x51 ./Core/cpp/Src/canbus.o
 .comment       0x0000000000000050       0x51 ./Core/cpp/Src/drivers_control.o
 .comment       0x0000000000000050       0x51 ./Core/cpp/Src/flash_data.o
 .comment       0x0000000000000050       0x51 ./Core/cpp/Src/inputs.o
 .comment       0x0000000000000050       0x51 ./Core/cpp/Src/mission.o
 .comment       0x0000000000000050       0x51 ./Core/cpp/Src/outputs.o
 .comment       0x0000000000000050       0x51 ./Core/cpp/Src/servo_control.o
 .comment       0x0000000000000050       0x51 ./Core/cpp/Src/uart_wifi.o
 .comment       0x0000000000000050       0x51 ./Drivers/STM32F4xx_HAL_Driver/Src/stm32f4xx_hal.o
 .comment       0x0000000000000050       0x51 ./Drivers/STM32F4xx_HAL_Driver/Src/stm32f4xx_hal_can.o
 .comment       0x0000000000000050       0x51 ./Drivers/STM32F4xx_HAL_Driver/Src/stm32f4xx_hal_cortex.o
 .comment       0x0000000000000050       0x51 ./Drivers/STM32F4xx_HAL_Driver/Src/stm32f4xx_hal_dma.o
 .comment       0x0000000000000050       0x51 ./Drivers/STM32F4xx_HAL_Driver/Src/stm32f4xx_hal_flash.o
 .comment       0x0000000000000050       0x51 ./Drivers/STM32F4xx_HAL_Driver/Src/stm32f4xx_hal_flash_ex.o
 .comment       0x0000000000000050       0x51 ./Drivers/STM32F4xx_HAL_Driver/Src/stm32f4xx_hal_gpio.o
 .comment       0x0000000000000050       0x51 ./Drivers/STM32F4xx_HAL_Driver/Src/stm32f4xx_hal_iwdg.o
 .comment       0x0000000000000050       0x51 ./Drivers/STM32F4xx_HAL_Driver/Src/stm32f4xx_hal_rcc.o
 .comment       0x0000000000000050       0x51 ./Drivers/STM32F4xx_HAL_Driver/Src/stm32f4xx_hal_tim.o
 .comment       0x0000000000000050       0x51 ./Drivers/STM32F4xx_HAL_Driver/Src/stm32f4xx_hal_tim_ex.o
 .comment       0x0000000000000050       0x51 ./Drivers/STM32F4xx_HAL_Driver/Src/stm32f4xx_hal_uart.o