../Core/cpp/Src/KeyaLKTechDriver.cpp:10:1:KeyaLKTechDriver::KeyaLKTechDriver(uint32_t, uint32_t, uint32_t, GlobDataTypeDef&)	32	static
../Core/cpp/Src/KeyaLKTechDriver.cpp:28:1:KeyaLKTechDriver::KeyaLKTechDriver(uint32_t, uint32_t, GlobDataTypeDef&)	32	static
../Core/cpp/Src/KeyaLKTechDriver.cpp:29:1:KeyaLKTechDriver::KeyaLKTechDriver(uint32_t, GlobDataTypeDef&)	32	static
../Core/cpp/Src/KeyaLKTechDriver.cpp:31:9:uint8_t KeyaLKTechDriver::setSpeed(int32_t)	16	static
../Core/cpp/Src/KeyaLKTechDriver.cpp:66:9:uint8_t KeyaLKTechDriver::stop()	16	static
../Core/cpp/Src/KeyaLKTechDriver.cpp:90:9:uint8_t KeyaLKTechDriver::stopHold()	16	static
../Core/cpp/Src/KeyaLKTechDriver.cpp:97:9:uint8_t KeyaLKTechDriver::enable()	16	static
../Core/cpp/Src/KeyaLKTechDriver.cpp:122:9:uint8_t KeyaLKTechDriver::disable()	16	static
../Core/cpp/Src/KeyaLKTechDriver.cpp:147:10:uint32_t KeyaLKTechDriver::getId()	16	static
../Core/cpp/Src/KeyaLKTechDriver.cpp:157:9:uint8_t KeyaLKTechDriver::readEnc()	16	static
../Core/cpp/Src/KeyaLKTechDriver.cpp:181:9:uint8_t KeyaLKTechDriver::readError()	16	static
../Core/cpp/Src/KeyaLKTechDriver.cpp:205:9:uint8_t KeyaLKTechDriver::resetError()	16	static
../Core/cpp/Src/KeyaLKTechDriver.cpp:229:9:int32_t KeyaLKTechDriver::getPos()	16	static
../Core/cpp/Src/KeyaLKTechDriver.cpp:234:9:int32_t KeyaLKTechDriver::getSpeed()	16	static
../Core/cpp/Src/KeyaLKTechDriver.cpp:239:8:int8_t KeyaLKTechDriver::getTemp()	16	static
../Core/cpp/Src/KeyaLKTechDriver.cpp:244:8:int8_t KeyaLKTechDriver::getError()	16	static
../Core/cpp/Src/KeyaLKTechDriver.cpp:249:8:int8_t KeyaLKTechDriver::getHolding()	16	static
../Core/cpp/Src/KeyaLKTechDriver.cpp:254:6:void KeyaLKTechDriver::setTemp(int8_t)	16	static
../Core/cpp/Src/KeyaLKTechDriver.cpp:259:6:void KeyaLKTechDriver::setError(int8_t)	16	static
../Core/cpp/Src/KeyaLKTechDriver.cpp:264:6:void KeyaLKTechDriver::setHolding(int8_t)	16	static
../Core/cpp/Src/KeyaLKTechDriver.cpp:269:6:void KeyaLKTechDriver::setOffset()	16	static
../Core/cpp/Src/KeyaLKTechDriver.cpp:274:9:uint8_t KeyaLKTechDriver::setPos(int32_t)	48	static
../Core/cpp/Src/KeyaLKTechDriver.cpp:371:6:void KeyaLKTechDriver::setEnc(int32_t)	16	static
../Core/cpp/Src/KeyaLKTechDriver.cpp:380:9:int32_t KeyaLKTechDriver::UnwrapEncoder(uint16_t, int32_t*)	40	static
../Core/cpp/Src/KeyaLKTechDriver.cpp:395:9:uint8_t KeyaLKTechDriver::sendData()	16	static
